#   ncyc_cp         Intensity      Esd(Int.)
   0.000e+00    1.0004665e+06  5.0000000e+03
   1.000e+00    1.4349713e+05  7.0927165e+02
   3.000e+00    1.4603435e+05  7.2536781e+02
   5.000e+00    1.4797425e+05  7.4468025e+02
   7.000e+00    1.4912087e+05  7.4796432e+02
   9.000e+00    1.5287303e+05  7.6588746e+02
   1.100e+01    1.5564456e+05  7.7818040e+02
   1.300e+01    1.5560304e+05  7.8098850e+02
   1.500e+01    1.6134446e+05  8.0613113e+02
   1.700e+01    1.7297545e+05  8.6380989e+02
   1.900e+01    1.8882087e+05  9.5022078e+02
   2.100e+01    2.1218118e+05  1.0580749e+03
   2.300e+01    2.3576999e+05  1.1802378e+03
   2.500e+01    2.6100795e+05  1.3106421e+03
   2.700e+01    2.8972329e+05  1.4444454e+03
   2.900e+01    3.1377508e+05  1.5779661e+03
   3.100e+01    3.4481304e+05  1.7085376e+03
   3.300e+01    3.6623020e+05  1.8343318e+03
   3.500e+01    3.9226133e+05  1.9541828e+03
   3.700e+01    4.1710545e+05  2.0674290e+03
   3.900e+01    4.3228699e+05  2.1737781e+03
   4.100e+01    4.5394648e+05  2.2732004e+03
   4.300e+01    4.7404957e+05  2.3658453e+03
   4.500e+01    4.9075167e+05  2.4519789e+03
   4.700e+01    5.1105397e+05  2.5319380e+03
   4.900e+01    5.2130729e+05  2.6060975e+03
   5.100e+01    5.3565033e+05  2.6748475e+03
   5.300e+01    5.4651835e+05  2.7385776e+03
   5.500e+01    5.6156463e+05  2.7976664e+03
   5.700e+01    5.6716230e+05  2.8524756e+03
   5.900e+01    5.8293510e+05  2.9033458e+03
   6.100e+01    5.9070893e+05  2.9505948e+03
   6.300e+01    5.9505175e+05  2.9945172e+03
   6.500e+01    6.0588068e+05  3.0353847e+03
   6.700e+01    6.1540083e+05  3.0734467e+03
   6.900e+01    6.2256319e+05  3.1089316e+03
   7.100e+01    6.2465210e+05  3.1420482e+03
   7.300e+01    6.2715011e+05  3.1729873e+03
   7.500e+01    6.3564774e+05  3.2019226e+03
   7.700e+01    6.5036998e+05  3.2290129e+03
   7.900e+01    6.4906011e+05  3.2544027e+03
   6.100e+01    5.8400594e+05  2.9505948e+03
   1.100e+01    1.5611361e+05  7.7818040e+02
   1.700e+01    1.7258582e+05  8.6380989e+02
