#   ncyc_cp         Intensity      Esd(Int.)
   0.000e+00    9.9987910e+05  5.0000000e+03
   1.000e+00    1.1258881e+05  5.6079663e+02
   3.000e+00    1.1721603e+05  5.9202215e+02
   5.000e+00    1.2525728e+05  6.2496401e+02
   7.000e+00    1.3118413e+05  6.5833938e+02
   9.000e+00    1.3881061e+05  6.9642196e+02
   1.100e+01    1.4770068e+05  7.3553758e+02
   1.300e+01    1.5583341e+05  7.8241316e+02
   1.500e+01    1.6978316e+05  8.4523330e+02
   1.700e+01    1.8597371e+05  9.2628114e+02
   1.900e+01    2.0506082e+05  1.0235878e+03
   2.100e+01    2.2514036e+05  1.1334490e+03
   2.300e+01    2.4947356e+05  1.2518287e+03
   2.500e+01    2.7529944e+05  1.3749978e+03
   2.700e+01    2.9997019e+05  1.4997922e+03
   2.900e+01    3.2392903e+05  1.6236853e+03
   3.100e+01    3.4718718e+05  1.7447638e+03
   3.300e+01    3.7272135e+05  1.8616558e+03
   3.500e+01    3.9201256e+05  1.9734422e+03
   3.700e+01    4.1785234e+05  2.0795646e+03
   3.900e+01    4.3837686e+05  2.1797431e+03
   4.100e+01    4.5665350e+05  2.2739046e+03
   4.300e+01    4.7334281e+05  2.3621252e+03
   4.500e+01    4.8773087e+05  2.4445836e+03
   4.700e+01    5.0408486e+05  2.5215264e+03
   4.900e+01    5.1753275e+05  2.5932408e+03
   5.100e+01    5.3028365e+05  2.6600360e+03
   5.300e+01    5.4634907e+05  2.7222284e+03
   5.500e+01    5.5674852e+05  2.7801321e+03
   5.700e+01    5.6765279e+05  2.8340524e+03
   5.900e+01    5.7808593e+05  2.8842815e+03
   6.100e+01    5.8913683e+05  2.9310954e+03
   6.300e+01    5.9640079e+05  2.9747536e+03
   6.500e+01    5.9985530e+05  3.0154975e+03
   6.700e+01    6.1727572e+05  3.0535513e+03
   6.900e+01    6.1567298e+05  3.0891222e+03
   7.100e+01    6.2194825e+05  3.1224011e+03
   7.300e+01    6.2606324e+05  3.1535637e+03
   7.500e+01    6.3749953e+05  3.1827713e+03
   7.700e+01    6.4203178e+05  3.2101721e+03
   7.900e+01    6.4570722e+05  3.2359018e+03
   3.500e+01    3.9426675e+05  1.9734422e+03
   3.000e+00    1.1972744e+05  5.9202215e+02
   1.300e+01    1.5829220e+05  7.8241316e+02
