#   ncyc_cp         Intensity      Esd(Int.)
   0.000e+00    1.0023119e+06  5.0000000e+03
   1.000e+00    1.2253229e+05  6.1255878e+02
   2.000e+00    1.2744473e+05  6.3628750e+02
   3.000e+00    1.3136036e+05  6.6041123e+02
   4.000e+00    1.3646152e+05  6.8288551e+02
   5.000e+00    1.4189895e+05  7.1030240e+02
   6.000e+00    1.4556776e+05  7.3295119e+02
   7.000e+00    1.5228084e+05  7.6312322e+02
   8.000e+00    1.6368432e+05  8.1269601e+02
   9.000e+00    1.7719883e+05  8.8418707e+02
   1.000e+01    1.9530171e+05  9.7487586e+02
   1.100e+01    2.1568619e+05  1.0803460e+03
   1.200e+01    2.3882635e+05  1.1960430e+03
   1.300e+01    2.6401185e+05  1.3178635e+03
   1.400e+01    2.8683889e+05  1.4423599e+03
   1.500e+01    3.1366054e+05  1.5667807e+03
   1.600e+01    3.3876191e+05  1.6890288e+03
   1.700e+01    3.6173666e+05  1.8075819e+03
   1.800e+01    3.8531312e+05  1.9213964e+03
   1.900e+01    4.0818995e+05  2.0298130e+03
   2.000e+01    4.2426820e+05  2.1324696e+03
   2.100e+01    4.4330586e+05  2.2292272e+03
   2.200e+01    4.6403505e+05  2.3201095e+03
   2.300e+01    4.8105771e+05  2.4052541e+03
   2.400e+01    5.0085235e+05  2.4848755e+03
   2.500e+01    5.1230890e+05  2.5592368e+03
   2.600e+01    5.2489761e+05  2.6286284e+03
   2.700e+01    5.4232901e+05  2.6933534e+03
   2.800e+01    5.4822087e+05  2.7537162e+03
   2.900e+01    5.5947070e+05  2.8100157e+03
   3.000e+01    5.7256508e+05  2.8625398e+03
   3.100e+01    5.8738908e+05  2.9115625e+03
   3.200e+01    5.9197812e+05  2.9573424e+03
   3.300e+01    6.0295995e+05  3.0001214e+03
   3.400e+01    6.0406444e+05  3.0401250e+03
   3.500e+01    6.1899993e+05  3.0775621e+03
   3.600e+01    6.2358081e+05  3.1126261e+03
   3.700e+01    6.3193277e+05  3.1454953e+03
   3.800e+01    6.3912111e+05  3.1763339e+03
   3.900e+01    6.4429398e+05  3.2052930e+03
   4.000e+01    6.4857640e+05  3.2325115e+03
   2.900e+01    5.6070630e+05  2.8100157e+03
   1.000e+00    1.2224845e+05  6.1255878e+02
   4.000e+01    6.4921814e+05  3.2325115e+03
