#   ncyc_cp         Intensity      Esd(Int.)
   0.000e+00    9.9011291e+05  5.0000000e+03
   1.000e+00    3.5137381e+05  1.7540836e+03
   2.000e+00    3.5637826e+05  1.7889594e+03
   3.000e+00    3.5246753e+05  1.7559852e+03
   4.000e+00    3.5732530e+05  1.7875529e+03
   5.000e+00    3.5724384e+05  1.7901797e+03
   6.000e+00    3.6283219e+05  1.8226620e+03
   7.000e+00    3.8254072e+05  1.9150663e+03
   8.000e+00    4.1054802e+05  2.0459957e+03
   9.000e+00    4.3520198e+05  2.1941137e+03
   1.000e+01    4.6690578e+05  2.3434994e+03
   1.100e+01    4.9652929e+05  2.4859777e+03
   1.200e+01    5.2292794e+05  2.6174335e+03
   1.300e+01    5.4592365e+05  2.7362548e+03
   1.400e+01    5.6904820e+05  2.8427003e+03
   1.500e+01    5.8761978e+05  2.9371865e+03
   1.600e+01    5.9783104e+05  3.0211098e+03
   1.700e+01    6.2217030e+05  3.0952813e+03
   1.800e+01    6.2768749e+05  3.1611593e+03
   1.900e+01    6.4760635e+05  3.2194705e+03
   2.000e+01    6.5677533e+05  3.2714499e+03
   2.100e+01    6.5763362e+05  3.3176441e+03
   2.200e+01    6.7211904e+05  3.3590338e+03
   2.300e+01    6.8378440e+05  3.3960011e+03
   2.400e+01    6.9058096e+05  3.4293101e+03
   2.500e+01    6.9243467e+05  3.4592167e+03
   2.600e+01    6.9452754e+05  3.4863157e+03
   2.700e+01    7.0636362e+05  3.5107723e+03
   2.800e+01    7.0126223e+05  3.5330533e+03
   2.900e+01    7.0530734e+05  3.5532604e+03
   3.000e+01    7.1708789e+05  3.5717643e+03
   3.100e+01    7.1333040e+05  3.5886228e+03
   3.200e+01    7.2278413e+05  3.6041340e+03
   3.300e+01    7.1975386e+05  3.6183260e+03
   3.400e+01    7.2396091e+05  3.6314417e+03
   3.500e+01    7.3290221e+05  3.6434890e+03
   3.600e+01    7.3062780e+05  3.6546682e+03
   3.700e+01    7.3532175e+05  3.6649738e+03
   3.800e+01    7.3419543e+05  3.6745731e+03
   3.900e+01    7.3498614e+05  3.6834517e+03
   4.000e+01    7.3577200e+05  3.6917508e+03
   3.100e+01    7.1438426e+05  3.5886228e+03
   4.000e+01    7.3980377e+05  3.6917508e+03
   4.000e+00    3.5830775e+05  1.7875529e+03
