#   ncyc_cp         Intensity      Esd(Int.)
   0.000e+00    1.0047208e+06  5.0000000e+03
   1.000e+00    1.1092312e+05  5.5002467e+02
   2.000e+00    1.1557107e+05  5.8241281e+02
   3.000e+00    1.2287853e+05  6.1629247e+02
   4.000e+00    1.3104517e+05  6.5272278e+02
   5.000e+00    1.3947001e+05  6.9373334e+02
   6.000e+00    1.4845302e+05  7.3771695e+02
   7.000e+00    1.5685943e+05  7.8483115e+02
   8.000e+00    1.6817083e+05  8.3737196e+02
   9.000e+00    1.7930374e+05  8.9747345e+02
   1.000e+01    1.9144410e+05  9.6596507e+02
   1.100e+01    2.0867112e+05  1.0425005e+03
   1.200e+01    2.2599016e+05  1.1260355e+03
   1.300e+01    2.4278374e+05  1.2150856e+03
   1.400e+01    2.6287296e+05  1.3081733e+03
   1.500e+01    2.7932804e+05  1.4037216e+03
   1.600e+01    2.9915656e+05  1.5004647e+03
   1.700e+01    3.1933535e+05  1.5971165e+03
   1.800e+01    3.4152939e+05  1.6928019e+03
   1.900e+01    3.5696455e+05  1.7866058e+03
   2.000e+01    3.7469561e+05  1.8780293e+03
   2.100e+01    3.9397909e+05  1.9664858e+03
   2.200e+01    4.1060794e+05  2.0517710e+03
   2.300e+01    4.2698043e+05  2.1335470e+03
   2.400e+01    4.4481685e+05  2.2118137e+03
   2.500e+01    4.5864717e+05  2.2864042e+03
   2.600e+01    4.7253824e+05  2.3574463e+03
   2.700e+01    4.8185088e+05  2.4248816e+03
   2.800e+01    4.9538165e+05  2.4889097e+03
   2.900e+01    5.1098250e+05  2.5495361e+03
   3.000e+01    5.2411459e+05  2.6069940e+03
   3.100e+01    5.2912445e+05  2.6613229e+03
   3.200e+01    5.4855553e+05  2.7127651e+03
   3.300e+01    5.5468802e+05  2.7613754e+03
   3.400e+01    5.6394905e+05  2.8073910e+03
   3.500e+01    5.6910089e+05  2.8508703e+03
   3.600e+01    5.8145165e+05  2.8920373e+03
   3.700e+01    5.8836300e+05  2.9309480e+03
   3.800e+01    5.8892663e+05  2.9678094e+03
   3.900e+01    6.0072043e+05  3.0026716e+03
   4.000e+01    6.0976604e+05  3.0357234e+03
   2.900e+01    5.0599903e+05  2.5495361e+03
   1.500e+01    2.8039615e+05  1.4037216e+03
   3.600e+01    5.7254549e+05  2.8920373e+03
