#   ncyc_cp         Intensity      Esd(Int.)
   0.000e+00    1.0025059e+06  5.0000000e+03
   1.000e+00    5.4897749e+05  2.7347035e+03
   2.000e+00    5.6561977e+05  2.8085569e+03
   3.000e+00    5.7833608e+05  2.8847074e+03
   4.000e+00    5.9532745e+05  2.9626137e+03
   5.000e+00    6.0961604e+05  3.0415407e+03
   6.000e+00    6.2783757e+05  3.1194887e+03
   7.000e+00    6.3721854e+05  3.1940165e+03
   8.000e+00    6.4957251e+05  3.2632429e+03
   9.000e+00    6.6359562e+05  3.3261399e+03
   1.000e+01    6.7781352e+05  3.3824066e+03
   1.100e+01    6.8702122e+05  3.4322313e+03
   1.200e+01    6.9472359e+05  3.4760801e+03
   1.300e+01    7.0135099e+05  3.5145443e+03
   1.400e+01    7.1342579e+05  3.5482465e+03
   1.500e+01    7.2067970e+05  3.5777859e+03
   1.600e+01    7.2520100e+05  3.6037117e+03
   1.700e+01    7.2250734e+05  3.6265128e+03
   1.800e+01    7.2418740e+05  3.6466163e+03
   1.900e+01    7.3553386e+05  3.6643913e+03
   2.000e+01    7.3887540e+05  3.6801543e+03
   2.100e+01    7.4347756e+05  3.6941761e+03
   2.200e+01    7.3817246e+05  3.7066875e+03
   2.300e+01    7.3863758e+05  3.7178856e+03
   2.400e+01    7.4483014e+05  3.7279384e+03
   2.500e+01    7.4821743e+05  3.7369897e+03
   2.600e+01    7.4865544e+05  3.7451627e+03
   2.700e+01    7.4891160e+05  3.7525630e+03
   2.800e+01    7.5253632e+05  3.7592816e+03
   2.900e+01    7.5748603e+05  3.7653969e+03
   3.000e+01    7.5050631e+05  3.7709770e+03
   3.100e+01    7.4868229e+05  3.7760808e+03
   3.200e+01    7.5581592e+05  3.7807596e+03
   3.300e+01    7.6635983e+05  3.7850581e+03
   3.400e+01    7.5956704e+05  3.7890156e+03
   3.500e+01    7.5441993e+05  3.7926665e+03
   3.600e+01    7.5328476e+05  3.7960410e+03
   3.700e+01    7.5870282e+05  3.7991659e+03
   3.800e+01    7.6506283e+05  3.8020647e+03
   3.900e+01    7.5768683e+05  3.8047584e+03
   4.000e+01    7.5568698e+05  3.8072656e+03
   1.400e+01    7.0697938e+05  3.5482465e+03
   1.600e+01    7.1901256e+05  3.6037117e+03
   2.600e+01    7.4494056e+05  3.7451627e+03
