#   ncyc_cp         Intensity      Esd(Int.)
   0.000e+00    9.9723158e+05  5.0000000e+03
   1.000e+00    1.7556365e+05  8.8350827e+02
   2.000e+00    1.8857422e+05  9.3594311e+02
   3.000e+00    1.9961392e+05  9.9092471e+02
   4.000e+00    2.1103602e+05  1.0531599e+03
   5.000e+00    2.2474965e+05  1.1239593e+03
   6.000e+00    2.4364007e+05  1.2162631e+03
   7.000e+00    2.6534631e+05  1.3334008e+03
   8.000e+00    2.9592585e+05  1.4697533e+03
   9.000e+00    3.2302892e+05  1.6172461e+03
   1.000e+01    3.5343013e+05  1.7685671e+03
   1.100e+01    3.9005097e+05  1.9181301e+03
   1.200e+01    4.1525098e+05  2.0621040e+03
   1.300e+01    4.3845130e+05  2.1981227e+03
   1.400e+01    4.7119793e+05  2.3249273e+03
   1.500e+01    4.9110356e+05  2.4420404e+03
   1.600e+01    5.0921328e+05  2.5495052e+03
   1.700e+01    5.3294408e+05  2.6476905e+03
   1.800e+01    5.4509851e+05  2.7371520e+03
   1.900e+01    5.6598593e+05  2.8185382e+03
   2.000e+01    5.7729170e+05  2.8925288e+03
   2.100e+01    5.9463800e+05  2.9597956e+03
   2.200e+01    6.0673197e+05  3.0209795e+03
   2.300e+01    6.1331550e+05  3.0766784e+03
   2.400e+01    6.2405778e+05  3.1274408e+03
   2.500e+01    6.3282245e+05  3.1737652e+03
   2.600e+01    6.4091935e+05  3.2161010e+03
   2.700e+01    6.5080992e+05  3.2548515e+03
   2.800e+01    6.5766584e+05  3.2903773e+03
   2.900e+01    6.6375598e+05  3.3230000e+03
   3.000e+01    6.7358297e+05  3.3530065e+03
   3.100e+01    6.7280782e+05  3.3806520e+03
   3.200e+01    6.7660333e+05  3.4061642e+03
   3.300e+01    6.8344217e+05  3.4297458e+03
   3.400e+01    6.9229656e+05  3.4515775e+03
   3.500e+01    6.9542439e+05  3.4718207e+03
   3.600e+01    6.9141837e+05  3.4906195e+03
   3.700e+01    7.0217492e+05  3.5081031e+03
   3.800e+01    7.0554184e+05  3.5243871e+03
   3.900e+01    7.0896618e+05  3.5395750e+03
   4.000e+01    7.0741616e+05  3.5537600e+03
   1.200e+01    4.1254738e+05  2.0621040e+03
   5.000e+00    2.2452930e+05  1.1239593e+03
   2.600e+01    6.4748865e+05  3.2161010e+03
