#   ncyc_cp         Intensity      Esd(Int.)
   0.000e+00    9.9220022e+05  5.0000000e+03
   1.000e+00    1.7532587e+05  8.7214884e+02
   3.000e+00    1.8249966e+05  9.1937092e+02
   5.000e+00    1.9504202e+05  9.6463690e+02
   7.000e+00    2.0353637e+05  1.0191497e+03
   9.000e+00    2.1481265e+05  1.0776407e+03
   1.100e+01    2.3175967e+05  1.1609190e+03
   1.300e+01    2.5495559e+05  1.2796931e+03
   1.500e+01    2.8584104e+05  1.4261181e+03
   1.700e+01    3.1573320e+05  1.5878647e+03
   1.900e+01    3.5076017e+05  1.7543109e+03
   2.100e+01    3.8271671e+05  1.9178648e+03
   2.300e+01    4.1819008e+05  2.0737101e+03
   2.500e+01    4.4826343e+05  2.2191625e+03
   2.700e+01    4.6798307e+05  2.3530290e+03
   2.900e+01    4.9397955e+05  2.4750896e+03
   3.100e+01    5.2054403e+05  2.5857164e+03
   3.300e+01    5.4035373e+05  2.6856118e+03
   3.500e+01    5.5498030e+05  2.7756365e+03
   3.700e+01    5.6802709e+05  2.8567023e+03
   3.900e+01    5.8987928e+05  2.9297074e+03
   4.100e+01    5.9809245e+05  2.9955006e+03
   4.300e+01    6.0903229e+05  3.0548637e+03
   4.500e+01    6.1921191e+05  3.1085045e+03
   4.700e+01    6.3274321e+05  3.1570573e+03
   4.900e+01    6.4267484e+05  3.2010858e+03
   5.100e+01    6.5004113e+05  3.2410888e+03
   5.300e+01    6.5922406e+05  3.2775067e+03
   5.500e+01    6.6245386e+05  3.3107273e+03
   5.700e+01    6.7115608e+05  3.3410919e+03
   5.900e+01    6.7444307e+05  3.3689011e+03
   6.100e+01    6.7258809e+05  3.3944198e+03
   6.300e+01    6.7589830e+05  3.4178815e+03
   6.500e+01    6.8180142e+05  3.4394922e+03
   6.700e+01    6.9471000e+05  3.4594342e+03
   6.900e+01    7.0015633e+05  3.4778690e+03
   7.100e+01    6.9501248e+05  3.4949397e+03
   7.300e+01    7.0308901e+05  3.5107736e+03
   7.500e+01    7.1068759e+05  3.5254839e+03
   7.700e+01    7.1201193e+05  3.5391717e+03
   7.900e+01    7.1033727e+05  3.5519272e+03
   5.500e+01    6.6252606e+05  3.3107273e+03
   1.000e+00    1.7458200e+05  8.7214884e+02
   6.500e+01    6.8815941e+05  3.4394922e+03
