#   ncyc_cp         Intensity      Esd(Int.)
   0.000e+00    9.9577823e+05  5.0000000e+03
   1.000e+00    4.7644588e+05  2.4047363e+03
   2.000e+00    4.9978727e+05  2.5145447e+03
   3.000e+00    5.2963726e+05  2.6278592e+03
   4.000e+00    5.5438328e+05  2.7402918e+03
   5.000e+00    5.7221908e+05  2.8516424e+03
   6.000e+00    5.9050983e+05  2.9593644e+03
   7.000e+00    6.1235016e+05  3.0601392e+03
   8.000e+00    6.2455443e+05  3.1517290e+03
   9.000e+00    6.4375573e+05  3.2332352e+03
   1.000e+01    6.6233155e+05  3.3047858e+03
   1.100e+01    6.7138367e+05  3.3670764e+03
   1.200e+01    6.8150040e+05  3.4210843e+03
   1.300e+01    6.9057715e+05  3.4678382e+03
   1.400e+01    6.9770786e+05  3.5083377e+03
   1.500e+01    7.0835591e+05  3.5434767e+03
   1.600e+01    7.1587060e+05  3.5740489e+03
   1.700e+01    7.2043626e+05  3.6007271e+03
   1.800e+01    7.2943918e+05  3.6240917e+03
   1.900e+01    7.2540580e+05  3.6446247e+03
   2.000e+01    7.2860523e+05  3.6627390e+03
   2.100e+01    7.3743254e+05  3.6787750e+03
   2.200e+01    7.4167227e+05  3.6930253e+03
   2.300e+01    7.3993858e+05  3.7057306e+03
   2.400e+01    7.4383282e+05  3.7170994e+03
   2.500e+01    7.4367590e+05  3.7273037e+03
   2.600e+01    7.4317347e+05  3.7364935e+03
   2.700e+01    7.4336273e+05  3.7447930e+03
   2.800e+01    7.4849176e+05  3.7523119e+03
   2.900e+01    7.5864243e+05  3.7591409e+03
   3.000e+01    7.5103135e+05  3.7653612e+03
   3.100e+01    7.5878654e+05  3.7710401e+03
   3.200e+01    7.5529700e+05  3.7762385e+03
   3.300e+01    7.5475868e+05  3.7810068e+03
   3.400e+01    7.5832176e+05  3.7853915e+03
   3.500e+01    7.5748550e+05  3.7894308e+03
   3.600e+01    7.5749794e+05  3.7931606e+03
   3.700e+01    7.6166711e+05  3.7966101e+03
   3.800e+01    7.5322965e+05  3.7998073e+03
   3.900e+01    7.5767408e+05  3.8027750e+03
   4.000e+01    7.6172628e+05  3.8055351e+03
   3.000e+00    5.2605735e+05  2.6278592e+03
   1.800e+01    7.2470670e+05  3.6240917e+03
   3.000e+01    7.5568993e+05  3.7653612e+03
