#   ncyc_cp         Intensity      Esd(Int.)
   0.000e+00    1.0045782e+06  5.0000000e+03
   1.000e+00    4.0309592e+05  2.0262443e+03
   2.000e+00    4.2312506e+05  2.1272339e+03
   3.000e+00    4.4341052e+05  2.2346658e+03
   4.000e+00    4.7050865e+05  2.3445769e+03
   5.000e+00    4.8885258e+05  2.4565110e+03
   6.000e+00    5.1042727e+05  2.5696633e+03
   7.000e+00    5.3600150e+05  2.6813425e+03
   8.000e+00    5.5445918e+05  2.7885490e+03
   9.000e+00    5.7955338e+05  2.8889817e+03
   1.000e+01    5.9657420e+05  2.9813375e+03
   1.100e+01    6.1105297e+05  3.0651116e+03
   1.200e+01    6.2476508e+05  3.1404122e+03
   1.300e+01    6.4052861e+05  3.2076778e+03
   1.400e+01    6.5173331e+05  3.2675633e+03
   1.500e+01    6.6395576e+05  3.3207743e+03
   1.600e+01    6.7393371e+05  3.3680444e+03
   1.700e+01    6.8226221e+05  3.4100499e+03
   1.800e+01    6.8759081e+05  3.4474313e+03
   1.900e+01    7.0255249e+05  3.4807459e+03
   2.000e+01    7.0946966e+05  3.5105041e+03
   2.100e+01    7.0899015e+05  3.5371382e+03
   2.200e+01    7.1035980e+05  3.5610395e+03
   2.300e+01    7.0742520e+05  3.5825353e+03
   2.400e+01    7.1578531e+05  3.6019213e+03
   2.500e+01    7.2854436e+05  3.6194428e+03
   2.600e+01    7.3084969e+05  3.6353230e+03
   2.700e+01    7.3309744e+05  3.6497459e+03
   2.800e+01    7.3422262e+05  3.6628804e+03
   2.900e+01    7.4175435e+05  3.6748651e+03
   3.000e+01    7.3855514e+05  3.6858288e+03
   3.100e+01    7.3772626e+05  3.6958767e+03
   3.200e+01    7.3900605e+05  3.7051078e+03
   3.300e+01    7.3851270e+05  3.7136024e+03
   3.400e+01    7.4714772e+05  3.7214375e+03
   3.500e+01    7.4191603e+05  3.7286750e+03
   3.600e+01    7.4702002e+05  3.7353753e+03
   3.700e+01    7.4661535e+05  3.7415864e+03
   3.800e+01    7.4935882e+05  3.7473562e+03
   3.900e+01    7.5414454e+05  3.7527224e+03
   4.000e+01    7.5507915e+05  3.7577231e+03
   1.200e+01    6.2370124e+05  3.1404122e+03
   1.100e+01    6.1491609e+05  3.0651116e+03
   2.200e+01    7.1508041e+05  3.5610395e+03
