#   ncyc_cp         Intensity      Esd(Int.)
   0.000e+00    1.0074051e+06  5.0000000e+03
   1.000e+00    3.7703099e+05  1.8915463e+03
   2.000e+00    3.8090161e+05  1.9028620e+03
   3.000e+00    3.8132696e+05  1.9177979e+03
   4.000e+00    3.9316027e+05  1.9564658e+03
   5.000e+00    4.1960571e+05  2.0907044e+03
   6.000e+00    4.5685899e+05  2.2828499e+03
   7.000e+00    4.9474872e+05  2.4835892e+03
   8.000e+00    5.3582183e+05  2.6686947e+03
   9.000e+00    5.6781061e+05  2.8301116e+03
   1.000e+01    5.9297611e+05  2.9673169e+03
   1.100e+01    6.1886092e+05  3.0827061e+03
   1.200e+01    6.3166994e+05  3.1794751e+03
   1.300e+01    6.5024618e+05  3.2607449e+03
   1.400e+01    6.6273350e+05  3.3292530e+03
   1.500e+01    6.7789397e+05  3.3872893e+03
   1.600e+01    6.9312764e+05  3.4367263e+03
   1.700e+01    6.9603496e+05  3.4790796e+03
   1.800e+01    7.0716202e+05  3.5155720e+03
   1.900e+01    7.0937577e+05  3.5471899e+03
   2.000e+01    7.1354278e+05  3.5747319e+03
   2.100e+01    7.2346255e+05  3.5988464e+03
   2.200e+01    7.2602292e+05  3.6200630e+03
   2.300e+01    7.3297139e+05  3.6388159e+03
   2.400e+01    7.3469675e+05  3.6554636e+03
   2.500e+01    7.3112004e+05  3.6703030e+03
   2.600e+01    7.2737196e+05  3.6835820e+03
   2.700e+01    7.3964737e+05  3.6955080e+03
   2.800e+01    7.3692768e+05  3.7062560e+03
   2.900e+01    7.3799314e+05  3.7159739e+03
   3.000e+01    7.3947540e+05  3.7247875e+03
   3.100e+01    7.4419988e+05  3.7328042e+03
   3.200e+01    7.4730684e+05  3.7401163e+03
   3.300e+01    7.4941072e+05  3.7468031e+03
   3.400e+01    7.5828903e+05  3.7529333e+03
   3.500e+01    7.4718484e+05  3.7585664e+03
   3.600e+01    7.5273843e+05  3.7637543e+03
   3.700e+01    7.4904626e+05  3.7685425e+03
   3.800e+01    7.5086426e+05  3.7729706e+03
   3.900e+01    7.5569085e+05  3.7770738e+03
   4.000e+01    7.5778233e+05  3.7808828e+03
   1.000e+00    3.7588899e+05  1.8915463e+03
   2.100e+01    7.2390683e+05  3.5988464e+03
   1.800e+01    6.9986380e+05  3.5155720e+03
