#   ncyc_cp         Intensity      Esd(Int.)
   0.000e+00    1.0027521e+06  5.0000000e+03
   1.000e+00    2.6688509e+05  1.3360324e+03
   2.000e+00    2.7230100e+05  1.3605669e+03
   3.000e+00    2.7201019e+05  1.3570159e+03
   4.000e+00    2.7603385e+05  1.3835679e+03
   5.000e+00    2.8135495e+05  1.4041648e+03
   6.000e+00    2.8206407e+05  1.4163226e+03
   7.000e+00    2.9365805e+05  1.4690725e+03
   8.000e+00    3.1100768e+05  1.5657095e+03
   9.000e+00    3.3741955e+05  1.6919719e+03
   1.000e+01    3.6596885e+05  1.8333757e+03
   1.100e+01    3.9166254e+05  1.9791446e+03
   1.200e+01    4.2454517e+05  2.1224697e+03
   1.300e+01    4.5243593e+05  2.2589187e+03
   1.400e+01    4.7891218e+05  2.3865569e+03
   1.500e+01    5.0214552e+05  2.5041219e+03
   1.600e+01    5.2236121e+05  2.6117967e+03
   1.700e+01    5.3860374e+05  2.7095913e+03
   1.800e+01    5.6300027e+05  2.7984127e+03
   1.900e+01    5.7487387e+05  2.8786756e+03
   2.000e+01    5.8482396e+05  2.9514192e+03
   2.100e+01    6.0049522e+05  3.0171153e+03
   2.200e+01    6.1460674e+05  3.0767189e+03
   2.300e+01    6.2707615e+05  3.1306405e+03
   2.400e+01    6.3617284e+05  3.1796912e+03
   2.500e+01    6.4920316e+05  3.2241933e+03
   2.600e+01    6.4787334e+05  3.2648140e+03
   2.700e+01    6.5945369e+05  3.3017929e+03
   2.800e+01    6.6235859e+05  3.3356733e+03
   2.900e+01    6.6938664e+05  3.3666266e+03
   3.000e+01    6.8228369e+05  3.3950945e+03
   3.100e+01    6.8418736e+05  3.4211961e+03
   3.200e+01    6.9518767e+05  3.4452920e+03
   3.300e+01    6.9769535e+05  3.4674616e+03
   3.400e+01    7.0062267e+05  3.4880017e+03
   3.500e+01    7.0382244e+05  3.5069624e+03
   3.600e+01    7.0210809e+05  3.5245898e+03
   3.700e+01    7.0606679e+05  3.5409129e+03
   3.800e+01    7.1018090e+05  3.5561374e+03
   3.900e+01    7.1162074e+05  3.5702770e+03
   4.000e+01    7.1620211e+05  3.5835052e+03
   1.800e+01    5.6466950e+05  2.7984127e+03
   2.500e+01    6.4600210e+05  3.2241933e+03
   3.500e+01    7.0026508e+05  3.5069624e+03
