#   ncyc_cp         Intensity      Esd(Int.)
   0.000e+00    9.8953395e+05  5.0000000e+03
   1.000e+00    1.0464271e+05  5.2221205e+02
   3.000e+00    1.0810534e+05  5.4084622e+02
   5.000e+00    1.1247691e+05  5.6243162e+02
   7.000e+00    1.1420359e+05  5.7448148e+02
   9.000e+00    1.1947563e+05  5.9752099e+02
   1.100e+01    1.2236506e+05  6.1364188e+02
   1.300e+01    1.2696623e+05  6.3017943e+02
   1.500e+01    1.3317713e+05  6.6749813e+02
   1.700e+01    1.4757024e+05  7.3153222e+02
   1.900e+01    1.6247015e+05  8.1952823e+02
   2.100e+01    1.8505803e+05  9.2620329e+02
   2.300e+01    2.0968937e+05  1.0460558e+03
   2.500e+01    2.3511370e+05  1.1741052e+03
   2.700e+01    2.6177263e+05  1.3061423e+03
   2.900e+01    2.8766672e+05  1.4387919e+03
   3.100e+01    3.1529869e+05  1.5694777e+03
   3.300e+01    3.4004671e+05  1.6963310e+03
   3.500e+01    3.6411666e+05  1.8180757e+03
   3.700e+01    3.8513611e+05  1.9339092e+03
   3.900e+01    4.0971201e+05  2.0433938e+03
   4.100e+01    4.3191023e+05  2.1463628e+03
   4.300e+01    4.5013312e+05  2.2428446e+03
   4.500e+01    4.6594418e+05  2.3330025e+03
   4.700e+01    4.8215837e+05  2.4170887e+03
   4.900e+01    4.9867957e+05  2.4954103e+03
   5.100e+01    5.1459578e+05  2.5683041e+03
   5.300e+01    5.2726528e+05  2.6361189e+03
   5.500e+01    5.3789601e+05  2.6992029e+03
   5.700e+01    5.5115657e+05  2.7578958e+03
   5.900e+01    5.6365003e+05  2.8125227e+03
   6.100e+01    5.7202533e+05  2.8633917e+03
   6.300e+01    5.8950134e+05  2.9107915e+03
   6.500e+01    5.9314593e+05  2.9549912e+03
   6.700e+01    5.9348514e+05  2.9962400e+03
   6.900e+01    6.0893748e+05  3.0347681e+03
   7.100e+01    6.1539286e+05  3.0707875e+03
   7.300e+01    6.1903877e+05  3.1044928e+03
   7.500e+01    6.2565539e+05  3.1360627e+03
   7.700e+01    6.3697783e+05  3.1656609e+03
   7.900e+01    6.3687499e+05  3.1934374e+03
   2.300e+01    2.1043828e+05  1.0460558e+03
   7.100e+01    6.1600489e+05  3.0707875e+03
   7.300e+01    6.2180731e+05  3.1044928e+03
