#   ncyc_cp         Intensity      Esd(Int.)
   0.000e+00    1.0016169e+06  5.0000000e+03
   1.000e+00    9.5844546e+04  4.8162522e+02
   2.000e+00    1.0344591e+05  5.1482873e+02
   3.000e+00    1.1020233e+05  5.5010830e+02
   4.000e+00    1.1738823e+05  5.8846319e+02
   5.000e+00    1.2602059e+05  6.3093866e+02
   6.000e+00    1.3407162e+05  6.7681466e+02
   7.000e+00    1.4465571e+05  7.2640894e+02
   8.000e+00    1.5578701e+05  7.8113505e+02
   9.000e+00    1.7050273e+05  8.4231418e+02
   1.000e+01    1.8133763e+05  9.1048716e+02
   1.100e+01    1.9797130e+05  9.8540190e+02
   1.200e+01    2.1236163e+05  1.0663163e+03
   1.300e+01    2.3136801e+05  1.1520931e+03
   1.400e+01    2.4817157e+05  1.2415860e+03
   1.500e+01    2.6651533e+05  1.3334948e+03
   1.600e+01    2.8666674e+05  1.4267640e+03
   1.700e+01    3.0582291e+05  1.5202626e+03
   1.800e+01    3.2235502e+05  1.6132082e+03
   1.900e+01    3.4304363e+05  1.7047443e+03
   2.000e+01    3.6089374e+05  1.7943852e+03
   2.100e+01    3.7397012e+05  1.8815439e+03
   2.200e+01    3.9048273e+05  1.9659866e+03
   2.300e+01    4.0873386e+05  2.0473463e+03
   2.400e+01    4.2061603e+05  2.1255760e+03
   2.500e+01    4.3708924e+05  2.2004700e+03
   2.600e+01    4.5541915e+05  2.2721071e+03
   2.700e+01    4.6580436e+05  2.3403908e+03
   2.800e+01    4.8196910e+05  2.4054767e+03
   2.900e+01    4.8864413e+05  2.4673375e+03
   3.000e+01    5.0412276e+05  2.5261698e+03
   3.100e+01    5.1407739e+05  2.5819874e+03
   3.200e+01    5.2785583e+05  2.6350037e+03
   3.300e+01    5.3798265e+05  2.6852540e+03
   3.400e+01    5.4454882e+05  2.7329536e+03
   3.500e+01    5.5201364e+05  2.7781470e+03
   3.600e+01    5.6297267e+05  2.8210421e+03
   3.700e+01    5.7051850e+05  2.8616852e+03
   3.800e+01    5.8181376e+05  2.9002716e+03
   3.900e+01    5.8971623e+05  2.9368451e+03
   4.000e+01    5.8993353e+05  2.9715864e+03
   3.900e+01    5.8557509e+05  2.9368451e+03
   2.000e+01    3.5892245e+05  1.7943852e+03
   1.000e+01    1.8080920e+05  9.1048716e+02
