#   ncyc_cp         Intensity      Esd(Int.)
   0.000e+00    1.0066644e+06  5.0000000e+03
   1.000e+00    2.3191888e+05  1.1591028e+03
   2.000e+00    2.4447611e+05  1.2242689e+03
   3.000e+00    2.5768405e+05  1.3002766e+03
   4.000e+00    2.7870265e+05  1.3878301e+03
   5.000e+00    2.9256837e+05  1.4823232e+03
   6.000e+00    3.1850566e+05  1.5932691e+03
   7.000e+00    3.4438020e+05  1.7218254e+03
   8.000e+00    3.7058490e+05  1.8620822e+03
   9.000e+00    4.0134748e+05  2.0067197e+03
   1.000e+01    4.2937473e+05  2.1497536e+03
   1.100e+01    4.5715245e+05  2.2869437e+03
   1.200e+01    4.7945545e+05  2.4158288e+03
   1.300e+01    5.0730825e+05  2.5350754e+03
   1.400e+01    5.2985023e+05  2.6443535e+03
   1.500e+01    5.4893945e+05  2.7437589e+03
   1.600e+01    5.6844779e+05  2.8338475e+03
   1.700e+01    5.7723822e+05  2.9152274e+03
   1.800e+01    6.0003857e+05  2.9886974e+03
   1.900e+01    6.0905762e+05  3.0549562e+03
   2.000e+01    6.2300529e+05  3.1147786e+03
   2.100e+01    6.3035872e+05  3.1687944e+03
   2.200e+01    6.4108342e+05  3.2176672e+03
   2.300e+01    6.4945834e+05  3.2619156e+03
   2.400e+01    6.5808782e+05  3.3020788e+03
   2.500e+01    6.7456067e+05  3.3385668e+03
   2.600e+01    6.8307439e+05  3.3718082e+03
   2.700e+01    6.8355903e+05  3.4021208e+03
   2.800e+01    6.8582424e+05  3.4298427e+03
   2.900e+01    6.9310831e+05  3.4552184e+03
   3.000e+01    6.9850436e+05  3.4785144e+03
   3.100e+01    7.0321544e+05  3.4999184e+03
   3.200e+01    7.0687844e+05  3.5196413e+03
   3.300e+01    7.0627079e+05  3.5378276e+03
   3.400e+01    7.1124639e+05  3.5546450e+03
   3.500e+01    7.0843241e+05  3.5702051e+03
   3.600e+01    7.1568168e+05  3.5846424e+03
   3.700e+01    7.1864769e+05  3.5980433e+03
   3.800e+01    7.1848489e+05  3.6105166e+03
   3.900e+01    7.3369757e+05  3.6221294e+03
   4.000e+01    7.2442704e+05  3.6329706e+03
   1.600e+01    5.6458752e+05  2.8338475e+03
   2.400e+01    6.5721225e+05  3.3020788e+03
   1.100e+01    4.5624824e+05  2.2869437e+03
