#   ncyc_cp         Intensity      Esd(Int.)
   0.000e+00    9.9542715e+05  5.0000000e+03
   1.000e+00    1.0618464e+05  5.3378648e+02
   2.000e+00    1.1268856e+05  5.6415164e+02
   3.000e+00    1.1886023e+05  5.9475541e+02
   4.000e+00    1.2406507e+05  6.2897665e+02
   5.000e+00    1.3395728e+05  6.6945366e+02
   6.000e+00    1.4083672e+05  7.1142655e+02
   7.000e+00    1.5118631e+05  7.5782672e+02
   8.000e+00    1.6281700e+05  8.1414788e+02
   9.000e+00    1.7553621e+05  8.8319844e+02
   1.000e+01    1.9215483e+05  9.6485931e+02
   1.100e+01    2.1229054e+05  1.0573277e+03
   1.200e+01    2.3386465e+05  1.1582028e+03
   1.300e+01    2.5036966e+05  1.2648312e+03
   1.400e+01    2.7710413e+05  1.3749143e+03
   1.500e+01    2.9301226e+05  1.4862296e+03
   1.600e+01    3.1879243e+05  1.5971757e+03
   1.700e+01    3.4203713e+05  1.7062159e+03
   1.800e+01    3.5972803e+05  1.8124547e+03
   1.900e+01    3.8362295e+05  1.9149617e+03
   2.000e+01    4.0176977e+05  2.0133800e+03
   2.100e+01    4.2097536e+05  2.1072188e+03
   2.200e+01    4.3613582e+05  2.1964737e+03
   2.300e+01    4.5784407e+05  2.2809364e+03
   2.400e+01    4.7184490e+05  2.3608073e+03
   2.500e+01    4.8702919e+05  2.4360430e+03
   2.600e+01    5.0205602e+05  2.5069468e+03
   2.700e+01    5.1917717e+05  2.5735624e+03
   2.800e+01    5.2714541e+05  2.6362318e+03
   2.900e+01    5.3688634e+05  2.6950382e+03
   3.000e+01    5.5420483e+05  2.7503259e+03
   3.100e+01    5.6217708e+05  2.8021895e+03
   3.200e+01    5.7312080e+05  2.8509558e+03
   3.300e+01    5.8179074e+05  2.8967168e+03
   3.400e+01    5.8964997e+05  2.9397728e+03
   3.500e+01    5.9416577e+05  2.9802055e+03
   3.600e+01    5.9941176e+05  3.0182858e+03
   3.700e+01    6.0600228e+05  3.0540828e+03
   3.800e+01    6.2013545e+05  3.0878380e+03
   3.900e+01    6.2798848e+05  3.1196077e+03
   4.000e+01    6.3066245e+05  3.1496060e+03
   2.900e+01    5.3640570e+05  2.6950382e+03
   2.500e+01    4.8447756e+05  2.4360430e+03
   1.900e+01    3.8182606e+05  1.9149617e+03
