#   ncyc_cp         Intensity      Esd(Int.)
   0.000e+00    9.9544046e+05  5.0000000e+03
   1.000e+00    6.8324699e+04  3.4413145e+02
   2.000e+00    7.1562056e+04  3.5813009e+02
   3.000e+00    7.4965028e+04  3.7424348e+02
   4.000e+00    7.6225035e+04  3.8344267e+02
   5.000e+00    8.1379377e+04  4.0443846e+02
   6.000e+00    8.4942046e+04  4.2386408e+02
   7.000e+00    8.7726200e+04  4.3898972e+02
   8.000e+00    9.1795783e+04  4.6122339e+02
   9.000e+00    9.9223140e+04  4.9822641e+02
   1.000e+01    1.1010544e+05  5.5183330e+02
   1.100e+01    1.2408949e+05  6.2102507e+02
   1.200e+01    1.4017641e+05  7.0367092e+02
   1.300e+01    1.5905129e+05  7.9713127e+02
   1.400e+01    1.7934634e+05  8.9898152e+02
   1.500e+01    2.0222028e+05  1.0065030e+03
   1.600e+01    2.2342398e+05  1.1177446e+03
   1.700e+01    2.4690804e+05  1.2303958e+03
   1.800e+01    2.6443069e+05  1.3431992e+03
   1.900e+01    2.9055592e+05  1.4544101e+03
   2.000e+01    3.1302256e+05  1.5634237e+03
   2.100e+01    3.3557078e+05  1.6690203e+03
   2.200e+01    3.5308072e+05  1.7710921e+03
   2.300e+01    3.7425018e+05  1.8688243e+03
   2.400e+01    3.9390762e+05  1.9624369e+03
   2.500e+01    4.0771184e+05  2.0513964e+03
   2.600e+01    4.2574915e+05  2.1361129e+03
   2.700e+01    4.4280405e+05  2.2162351e+03
   2.800e+01    4.6114798e+05  2.2922668e+03
   2.900e+01    4.7395516e+05  2.3639690e+03
   3.000e+01    4.8663662e+05  2.4318770e+03
   3.100e+01    4.9956553e+05  2.4958183e+03
   3.200e+01    5.1148742e+05  2.5563227e+03
   3.300e+01    5.2397646e+05  2.6132559e+03
   3.400e+01    5.3248080e+05  2.6671219e+03
   3.500e+01    5.4095676e+05  2.7178075e+03
   3.600e+01    5.5613636e+05  2.7657812e+03
   3.700e+01    5.6281597e+05  2.8109409e+03
   3.800e+01    5.7493217e+05  2.8537162e+03
   3.900e+01    5.7863280e+05  2.8940110e+03
   4.000e+01    5.8853082e+05  2.9322160e+03
   1.100e+01    1.2316353e+05  6.2102507e+02
   1.000e+01    1.1001968e+05  5.5183330e+02
   1.800e+01    2.6720638e+05  1.3431992e+03
