#   ncyc_cp         Intensity      Esd(Int.)
   0.000e+00    1.0007484e+06  5.0000000e+03
   1.000e+00    8.5691636e+04  4.2618718e+02
   3.000e+00    8.9909813e+04  4.5211955e+02
   5.000e+00    9.5951836e+04  4.7975959e+02
   7.000e+00    1.0144179e+05  5.0795448e+02
   9.000e+00    1.0693903e+05  5.3965015e+02
   1.100e+01    1.1525238e+05  5.7300005e+02
   1.300e+01    1.2135167e+05  6.0944510e+02
   1.500e+01    1.3136867e+05  6.5487400e+02
   1.700e+01    1.4211445e+05  7.1328088e+02
   1.900e+01    1.5818814e+05  7.8546524e+02
   2.100e+01    1.7582670e+05  8.7017486e+02
   2.300e+01    1.9178126e+05  9.6519450e+02
   2.500e+01    2.1464366e+05  1.0679901e+03
   2.700e+01    2.3783126e+05  1.1760572e+03
   2.900e+01    2.5713095e+05  1.2871066e+03
   3.100e+01    2.8085502e+05  1.3991566e+03
   3.300e+01    3.0256234e+05  1.5105663e+03
   3.500e+01    3.2370658e+05  1.6200316e+03
   3.700e+01    3.4486401e+05  1.7265581e+03
   3.900e+01    3.6731725e+05  1.8294233e+03
   4.100e+01    3.8410526e+05  1.9281332e+03
   4.300e+01    4.0214974e+05  2.0223811e+03
   4.500e+01    4.2452739e+05  2.1120086e+03
   4.700e+01    4.4200370e+05  2.1969721e+03
   4.900e+01    4.5473075e+05  2.2773147e+03
   5.100e+01    4.7073276e+05  2.3531426e+03
   5.300e+01    4.8598981e+05  2.4246065e+03
   5.500e+01    5.0083857e+05  2.4918871e+03
   5.700e+01    5.1346368e+05  2.5551836e+03
   5.900e+01    5.2407445e+05  2.6147046e+03
   6.100e+01    5.3401302e+05  2.6706625e+03
   6.300e+01    5.4733313e+05  2.7232681e+03
   6.500e+01    5.5616723e+05  2.7727272e+03
   6.700e+01    5.6337025e+05  2.8192387e+03
   6.900e+01    5.7422093e+05  2.8629928e+03
   7.100e+01    5.7896592e+05  2.9041701e+03
   7.300e+01    5.8491710e+05  2.9429411e+03
   7.500e+01    5.9511887e+05  2.9794662e+03
   7.700e+01    5.9922496e+05  3.0138955e+03
   7.900e+01    6.1203704e+05  3.0463693e+03
   5.300e+01    4.8131630e+05  2.4246065e+03
   3.500e+01    3.2544076e+05  1.6200316e+03
   7.000e+00    1.0128119e+05  5.0795448e+02
