#   ncyc_cp         Intensity      Esd(Int.)
   0.000e+00    1.0048375e+06  5.0000000e+03
   1.000e+00    9.9570698e+04  4.9769321e+02
   2.000e+00    1.0409399e+05  5.2677104e+02
   3.000e+00    1.1059278e+05  5.5174397e+02
   4.000e+00    1.1792027e+05  5.8845249e+02
   5.000e+00    1.2679161e+05  6.2844702e+02
   6.000e+00    1.3369724e+05  6.6981653e+02
   7.000e+00    1.4485573e+05  7.2609268e+02
   8.000e+00    1.6025551e+05  8.0371574e+02
   9.000e+00    1.8003232e+05  9.0169680e+02
   1.000e+01    2.0311697e+05  1.0159389e+03
   1.100e+01    2.2891224e+05  1.1414822e+03
   1.200e+01    2.5545842e+05  1.2738434e+03
   1.300e+01    2.8021052e+05  1.4089014e+03
   1.400e+01    3.0775140e+05  1.5436851e+03
   1.500e+01    3.3715469e+05  1.6755728e+03
   1.600e+01    3.6120947e+05  1.8030805e+03
   1.700e+01    3.8496355e+05  1.9248215e+03
   1.800e+01    4.0913596e+05  2.0403464e+03
   1.900e+01    4.2805484e+05  2.1490694e+03
   2.000e+01    4.4838350e+05  2.2511371e+03
   2.100e+01    4.7052499e+05  2.3464121e+03
   2.200e+01    4.8538672e+05  2.4353307e+03
   2.300e+01    5.0348547e+05  2.5179745e+03
   2.400e+01    5.1474261e+05  2.5948878e+03
   2.500e+01    5.3395683e+05  2.6662400e+03
   2.600e+01    5.4290389e+05  2.7325862e+03
   2.700e+01    5.5726919e+05  2.7941153e+03
   2.800e+01    5.6799519e+05  2.8513471e+03
   2.900e+01    5.8084631e+05  2.9044577e+03
   3.000e+01    5.8636438e+05  2.9539138e+03
   3.100e+01    6.0351460e+05  2.9998658e+03
   3.200e+01    6.0763408e+05  3.0427232e+03
   3.300e+01    6.1925887e+05  3.0826083e+03
   3.400e+01    6.2121589e+05  3.1198761e+03
   3.500e+01    6.3024725e+05  3.1546223e+03
   3.600e+01    6.3767178e+05  3.1871532e+03
   3.700e+01    6.4318871e+05  3.2175411e+03
   3.800e+01    6.4575853e+05  3.2460503e+03
   3.900e+01    6.5739268e+05  3.2727334e+03
   4.000e+01    6.5703163e+05  3.2978187e+03
   3.800e+01    6.5257738e+05  3.2460503e+03
   1.600e+01    3.5981624e+05  1.8030805e+03
   1.900e+01    4.3242640e+05  2.1490694e+03
