#   ncyc_cp         Intensity      Esd(Int.)
   0.000e+00    1.0080018e+06  5.0000000e+03
   1.000e+00    4.2696674e+05  2.1594608e+03
   2.000e+00    4.3483463e+05  2.1713401e+03
   3.000e+00    4.3531184e+05  2.1885868e+03
   4.000e+00    4.4362982e+05  2.2116006e+03
   5.000e+00    4.5204787e+05  2.2751795e+03
   6.000e+00    4.7932284e+05  2.4025654e+03
   7.000e+00    5.1222574e+05  2.5585352e+03
   8.000e+00    5.4446781e+05  2.7140137e+03
   9.000e+00    5.7156654e+05  2.8567644e+03
   1.000e+01    5.9405102e+05  2.9820765e+03
   1.100e+01    6.1630433e+05  3.0900739e+03
   1.200e+01    6.3926300e+05  3.1822415e+03
   1.300e+01    6.5212432e+05  3.2607113e+03
   1.400e+01    6.5991440e+05  3.3275872e+03
   1.500e+01    6.7979748e+05  3.3847096e+03
   1.600e+01    6.8817662e+05  3.4337367e+03
   1.700e+01    6.9822707e+05  3.4759556e+03
   1.800e+01    7.0132487e+05  3.5125364e+03
   1.900e+01    7.1180193e+05  3.5443333e+03
   2.000e+01    7.1064054e+05  3.5721541e+03
   2.100e+01    7.2136202e+05  3.5965599e+03
   2.200e+01    7.2184819e+05  3.6181122e+03
   2.300e+01    7.2988901e+05  3.6371814e+03
   2.400e+01    7.3450767e+05  3.6541644e+03
   2.500e+01    7.3116105e+05  3.6693081e+03
   2.600e+01    7.3639113e+05  3.6828990e+03
   2.700e+01    7.3916456e+05  3.6951031e+03
   2.800e+01    7.4563541e+05  3.7061318e+03
   2.900e+01    7.4586001e+05  3.7160976e+03
   3.000e+01    7.4048992e+05  3.7251596e+03
   3.100e+01    7.4838737e+05  3.7333947e+03
   3.200e+01    7.5097234e+05  3.7409251e+03
   3.300e+01    7.5752022e+05  3.7478031e+03
   3.400e+01    7.4452115e+05  3.7541244e+03
   3.500e+01    7.4996827e+05  3.7599246e+03
   3.600e+01    7.5807649e+05  3.7652799e+03
   3.700e+01    7.4893389e+05  3.7702140e+03
   3.800e+01    7.5043003e+05  3.7747887e+03
   3.900e+01    7.5775796e+05  3.7790195e+03
   4.000e+01    7.6044401e+05  3.7829571e+03
   8.000e+00    5.4098793e+05  2.7140137e+03
   3.200e+01    7.5020559e+05  3.7409251e+03
   2.500e+01    7.3429077e+05  3.6693081e+03
