#   ncyc_cp         Intensity      Esd(Int.)
   0.000e+00    1.0059546e+06  5.0000000e+03
   1.000e+00    5.7656980e+04  2.8955063e+02
   3.000e+00    6.1585738e+04  3.0843207e+02
   5.000e+00    6.5647029e+04  3.2874281e+02
   7.000e+00    7.0334962e+04  3.4920415e+02
   9.000e+00    7.3929603e+04  3.7232318e+02
   1.100e+01    8.0518742e+04  3.9695639e+02
   1.300e+01    8.5007834e+04  4.2269407e+02
   1.500e+01    9.0678633e+04  4.5457344e+02
   1.700e+01    9.9786298e+04  4.9718425e+02
   1.900e+01    1.1125496e+05  5.5241807e+02
   2.100e+01    1.2377130e+05  6.2014603e+02
   2.300e+01    1.3934571e+05  6.9913653e+02
   2.500e+01    1.5840065e+05  7.8762080e+02
   2.700e+01    1.7773941e+05  8.8361236e+02
   2.900e+01    1.9786487e+05  9.8510277e+02
   3.100e+01    2.1801070e+05  1.0901892e+03
   3.300e+01    2.3917485e+05  1.1971550e+03
   3.500e+01    2.6108269e+05  1.3045140e+03
   3.700e+01    2.8168488e+05  1.4110259e+03
   3.900e+01    3.0650422e+05  1.5156915e+03
   4.100e+01    3.2119466e+05  1.6177350e+03
   4.300e+01    3.4323348e+05  1.7165784e+03
   4.500e+01    3.6556331e+05  1.8118131e+03
   4.700e+01    3.8055695e+05  1.9031720e+03
   4.900e+01    4.0221910e+05  1.9905026e+03
   5.100e+01    4.1467017e+05  2.0737437e+03
   5.300e+01    4.3078449e+05  2.1529052e+03
   5.500e+01    4.4670670e+05  2.2280505e+03
   5.700e+01    4.6067260e+05  2.2992826e+03
   5.900e+01    4.7629927e+05  2.3667328e+03
   6.100e+01    4.8537895e+05  2.4305514e+03
   6.300e+01    4.9570377e+05  2.4909007e+03
   6.500e+01    5.1099597e+05  2.5479492e+03
   6.700e+01    5.2061303e+05  2.6018676e+03
   6.900e+01    5.3646116e+05  2.6528256e+03
   7.100e+01    5.3543038e+05  2.7009895e+03
   7.300e+01    5.4916819e+05  2.7465205e+03
   7.500e+01    5.6011864e+05  2.7895737e+03
   7.700e+01    5.6546970e+05  2.8302974e+03
   7.900e+01    5.7388012e+05  2.8688324e+03
   6.300e+01    4.9938364e+05  2.4909007e+03
   9.000e+00    7.5564669e+04  3.7232318e+02
   7.900e+01    5.7055012e+05  2.8688324e+03
