#   ncyc_cp         Intensity      Esd(Int.)
   0.000e+00    9.9883998e+05  5.0000000e+03
   1.000e+00    5.8250536e+05  2.9426799e+03
   2.000e+00    6.0319518e+05  2.9919692e+03
   3.000e+00    6.0760714e+05  3.0421564e+03
   4.000e+00    6.1966094e+05  3.0930338e+03
   5.000e+00    6.2510485e+05  3.1443888e+03
   6.000e+00    6.3703854e+05  3.1957974e+03
   7.000e+00    6.4567409e+05  3.2464750e+03
   8.000e+00    6.6172769e+05  3.2955059e+03
   9.000e+00    6.7517374e+05  3.3420933e+03
   1.000e+01    6.7248824e+05  3.3856794e+03
   1.100e+01    6.8258809e+05  3.4259585e+03
   1.200e+01    6.9004689e+05  3.4628355e+03
   1.300e+01    6.9348487e+05  3.4963696e+03
   1.400e+01    7.0144075e+05  3.5267210e+03
   1.500e+01    7.1271153e+05  3.5541086e+03
   1.600e+01    7.1491867e+05  3.5787790e+03
   1.700e+01    7.1756479e+05  3.6009853e+03
   1.800e+01    7.3078230e+05  3.6209740e+03
   1.900e+01    7.3422100e+05  3.6389775e+03
   2.000e+01    7.2865441e+05  3.6552097e+03
   2.100e+01    7.3803298e+05  3.6698645e+03
   2.200e+01    7.3587401e+05  3.6831160e+03
   2.300e+01    7.3862877e+05  3.6951194e+03
   2.400e+01    7.4009569e+05  3.7060123e+03
   2.500e+01    7.4686037e+05  3.7159164e+03
   2.600e+01    7.4591960e+05  3.7249388e+03
   2.700e+01    7.4273534e+05  3.7331741e+03
   2.800e+01    7.4001546e+05  3.7407058e+03
   2.900e+01    7.4394136e+05  3.7476071e+03
   3.000e+01    7.4350529e+05  3.7539429e+03
   3.100e+01    7.5261644e+05  3.7597704e+03
   3.200e+01    7.5152266e+05  3.7651400e+03
   3.300e+01    7.5446875e+05  3.7700967e+03
   3.400e+01    7.5486371e+05  3.7746800e+03
   3.500e+01    7.6534014e+05  3.7789252e+03
   3.600e+01    7.5288182e+05  3.7828636e+03
   3.700e+01    7.5694094e+05  3.7865232e+03
   3.800e+01    7.5958613e+05  3.7899290e+03
   3.900e+01    7.5684679e+05  3.7931031e+03
   4.000e+01    7.6012409e+05  3.7960658e+03
   2.000e+01    7.3098510e+05  3.6552097e+03
   3.500e+01    7.5579073e+05  3.7789252e+03
   4.000e+01    7.6050446e+05  3.7960658e+03
