#   ncyc_cp         Intensity      Esd(Int.)
   0.000e+00    9.8932521e+05  5.0000000e+03
   1.000e+00    2.2786920e+05  1.1456056e+03
   2.000e+00    2.3507726e+05  1.1769491e+03
   3.000e+00    2.3286537e+05  1.1658232e+03
   4.000e+00    2.4157574e+05  1.2057946e+03
   5.000e+00    2.4401513e+05  1.2217544e+03
   6.000e+00    2.5169924e+05  1.2527113e+03
   7.000e+00    2.6888748e+05  1.3348246e+03
   8.000e+00    2.9092590e+05  1.4595975e+03
   9.000e+00    3.1947838e+05  1.6094937e+03
   1.000e+01    3.5285313e+05  1.7699391e+03
   1.100e+01    3.8734711e+05  1.9307023e+03
   1.200e+01    4.1950231e+05  2.0857727e+03
   1.300e+01    4.4579068e+05  2.2313190e+03
   1.400e+01    4.7446268e+05  2.3660204e+03
   1.500e+01    4.9709547e+05  2.4890264e+03
   1.600e+01    5.1375022e+05  2.6009160e+03
   1.700e+01    5.3717500e+05  2.7019536e+03
   1.800e+01    5.5755343e+05  2.7932872e+03
   1.900e+01    5.7928467e+05  2.8754822e+03
   2.000e+01    5.8669098e+05  2.9497217e+03
   2.100e+01    6.0209857e+05  3.0165655e+03
   2.200e+01    6.1500365e+05  3.0770545e+03
   2.300e+01    6.2522440e+05  3.1316503e+03
   2.400e+01    6.3615278e+05  3.1812163e+03
   2.500e+01    6.5082470e+05  3.2261042e+03
   2.600e+01    6.4878210e+05  3.2670138e+03
   2.700e+01    6.6325420e+05  3.3042016e+03
   2.800e+01    6.6861984e+05  3.3382314e+03
   2.900e+01    6.7350815e+05  3.3692844e+03
   3.000e+01    6.7735358e+05  3.3978158e+03
   3.100e+01    6.8270663e+05  3.4239498e+03
   3.200e+01    6.9489288e+05  3.4480562e+03
   3.300e+01    6.9878297e+05  3.4702172e+03
   3.400e+01    6.9634959e+05  3.4907357e+03
   3.500e+01    6.9965125e+05  3.5096632e+03
   3.600e+01    7.0572138e+05  3.5272500e+03
   3.700e+01    7.1019081e+05  3.5435257e+03
   3.800e+01    7.1351279e+05  3.5586990e+03
   3.900e+01    7.1272350e+05  3.5727836e+03
   4.000e+01    7.1238649e+05  3.5859554e+03
   7.000e+00    2.6489098e+05  1.3348246e+03
   3.900e+01    7.1246420e+05  3.5727836e+03
   2.700e+01    6.6486292e+05  3.3042016e+03
