#   ncyc_cp         Intensity      Esd(Int.)
   0.000e+00    9.9268986e+05  5.0000000e+03
   1.000e+00    5.3480065e+05  2.6750498e+03
   2.000e+00    5.5429508e+05  2.7679711e+03
   3.000e+00    5.6890702e+05  2.8631956e+03
   4.000e+00    5.9941866e+05  2.9569125e+03
   5.000e+00    6.1182540e+05  3.0490850e+03
   6.000e+00    6.2824127e+05  3.1377552e+03
   7.000e+00    6.4595729e+05  3.2202897e+03
   8.000e+00    6.5600349e+05  3.2949477e+03
   9.000e+00    6.6828173e+05  3.3610987e+03
   1.000e+01    6.8919864e+05  3.4189416e+03
   1.100e+01    6.8747435e+05  3.4691242e+03
   1.200e+01    7.0919681e+05  3.5125008e+03
   1.300e+01    7.0742254e+05  3.5499521e+03
   1.400e+01    7.0702263e+05  3.5823179e+03
   1.500e+01    7.1695833e+05  3.6103436e+03
   1.600e+01    7.3339849e+05  3.6346839e+03
   1.700e+01    7.2980328e+05  3.6558918e+03
   1.800e+01    7.3384261e+05  3.6744404e+03
   1.900e+01    7.3564206e+05  3.6907222e+03
   2.000e+01    7.4226901e+05  3.7050709e+03
   2.100e+01    7.4489857e+05  3.7177621e+03
   2.200e+01    7.4571680e+05  3.7290305e+03
   2.300e+01    7.4412921e+05  3.7390702e+03
   2.400e+01    7.4894683e+05  3.7480479e+03
   2.500e+01    7.5215610e+05  3.7561014e+03
   2.600e+01    7.5463683e+05  3.7633504e+03
   2.700e+01    7.5291217e+05  3.7698942e+03
   2.800e+01    7.5903904e+05  3.7758198e+03
   2.900e+01    7.5229096e+05  3.7811998e+03
   3.000e+01    7.5781452e+05  3.7860985e+03
   3.100e+01    7.5545916e+05  3.7905694e+03
   3.200e+01    7.5389514e+05  3.7946607e+03
   3.300e+01    7.6057449e+05  3.7984127e+03
   3.400e+01    7.5832074e+05  3.8018618e+03
   3.500e+01    7.6505689e+05  3.8050386e+03
   3.600e+01    7.5966784e+05  3.8079713e+03
   3.700e+01    7.6087709e+05  3.8106831e+03
   3.800e+01    7.5756656e+05  3.8131961e+03
   3.900e+01    7.5856072e+05  3.8155284e+03
   4.000e+01    7.5828727e+05  3.8176972e+03
   1.900e+01    7.4739772e+05  3.6907222e+03
   2.600e+01    7.5189640e+05  3.7633504e+03
   2.000e+00    5.5520726e+05  2.7679711e+03
