#   ncyc_cp         Intensity      Esd(Int.)
   0.000e+00    9.9763647e+05  5.0000000e+03
   1.000e+00    1.2526529e+05  6.2996483e+02
   2.000e+00    1.3272799e+05  6.6658179e+02
   3.000e+00    1.4035631e+05  7.0260769e+02
   4.000e+00    1.5138755e+05  7.5778811e+02
   5.000e+00    1.6252937e+05  8.1202947e+02
   6.000e+00    1.7635273e+05  8.8652733e+02
   7.000e+00    1.9936027e+05  9.9227427e+02
   8.000e+00    2.2424849e+05  1.1249110e+03
   9.000e+00    2.5276648e+05  1.2753837e+03
   1.000e+01    2.8858820e+05  1.4350378e+03
   1.100e+01    3.2009181e+05  1.5966622e+03
   1.200e+01    3.5092343e+05  1.7552856e+03
   1.300e+01    3.8351414e+05  1.9072647e+03
   1.400e+01    4.0960592e+05  2.0507266e+03
   1.500e+01    4.3436861e+05  2.1843865e+03
   1.600e+01    4.6222953e+05  2.3080935e+03
   1.700e+01    4.8252908e+05  2.4217503e+03
   1.800e+01    5.0216236e+05  2.5259579e+03
   1.900e+01    5.2214475e+05  2.6210997e+03
   2.000e+01    5.3711100e+05  2.7080100e+03
   2.100e+01    5.5693299e+05  2.7872023e+03
   2.200e+01    5.7414129e+05  2.8595092e+03
   2.300e+01    5.8293653e+05  2.9254243e+03
   2.400e+01    5.9420072e+05  2.9856893e+03
   2.500e+01    6.0980432e+05  3.0407258e+03
   2.600e+01    6.1715986e+05  3.0911627e+03
   2.700e+01    6.3080654e+05  3.1373401e+03
   2.800e+01    6.3932889e+05  3.1797792e+03
   2.900e+01    6.4293702e+05  3.2187464e+03
   3.000e+01    6.5162480e+05  3.2546698e+03
   3.100e+01    6.5357078e+05  3.2877539e+03
   3.200e+01    6.6559262e+05  3.3183500e+03
   3.300e+01    6.7284895e+05  3.3466132e+03
   3.400e+01    6.7712823e+05  3.3728324e+03
   3.500e+01    6.7409112e+05  3.3971242e+03
   3.600e+01    6.7965308e+05  3.4197274e+03
   3.700e+01    6.8451346e+05  3.4407286e+03
   3.800e+01    6.9208909e+05  3.4603267e+03
   3.900e+01    6.9560949e+05  3.4785853e+03
   4.000e+01    6.9497884e+05  3.4956711e+03
   1.700e+01    4.8602105e+05  2.4217503e+03
   1.100e+01    3.2126212e+05  1.5966622e+03
   6.000e+00    1.7917667e+05  8.8652733e+02
