#   ncyc_cp         Intensity      Esd(Int.)
   0.000e+00    1.0020568e+06  5.0000000e+03
   1.000e+00    2.6633767e+05  1.3292738e+03
   3.000e+00    2.7578128e+05  1.3823743e+03
   5.000e+00    2.8578665e+05  1.4282449e+03
   7.000e+00    2.9729991e+05  1.4878365e+03
   9.000e+00    3.1429061e+05  1.5626232e+03
   1.100e+01    3.3580243e+05  1.6856969e+03
   1.300e+01    3.6723208e+05  1.8473654e+03
   1.500e+01    4.0340325e+05  2.0252492e+03
   1.700e+01    4.4346181e+05  2.2024419e+03
   1.900e+01    4.7515078e+05  2.3692401e+03
   2.100e+01    5.0581718e+05  2.5211453e+03
   2.300e+01    5.3010773e+05  2.6568228e+03
   2.500e+01    5.5754125e+05  2.7766634e+03
   2.700e+01    5.7738774e+05  2.8818921e+03
   2.900e+01    5.9061427e+05  2.9740560e+03
   3.100e+01    6.0967828e+05  3.0547486e+03
   3.300e+01    6.2608990e+05  3.1254734e+03
   3.500e+01    6.3899814e+05  3.1875852e+03
   3.700e+01    6.4525394e+05  3.2422734e+03
   3.900e+01    6.5309982e+05  3.2905661e+03
   4.100e+01    6.6768570e+05  3.3333446e+03
   4.300e+01    6.7878880e+05  3.3713604e+03
   4.500e+01    6.7981948e+05  3.4052531e+03
   4.700e+01    6.8886175e+05  3.4355666e+03
   4.900e+01    6.9718137e+05  3.4627641e+03
   5.100e+01    6.9466949e+05  3.4872405e+03
   5.300e+01    7.0096712e+05  3.5093333e+03
   5.500e+01    7.0823348e+05  3.5293315e+03
   5.700e+01    7.1113980e+05  3.5474834e+03
   5.900e+01    7.1178383e+05  3.5640030e+03
   6.100e+01    7.1618155e+05  3.5790751e+03
   6.300e+01    7.1880998e+05  3.5928599e+03
   6.500e+01    7.1482183e+05  3.6054965e+03
   6.700e+01    7.2111370e+05  3.6171064e+03
   6.900e+01    7.3150965e+05  3.6277958e+03
   7.100e+01    7.2846000e+05  3.6376577e+03
   7.300e+01    7.2694793e+05  3.6467739e+03
   7.500e+01    7.2941992e+05  3.6552166e+03
   7.700e+01    7.3543843e+05  3.6630496e+03
   7.900e+01    7.3569359e+05  3.6703294e+03
   3.100e+01    6.1069284e+05  3.0547486e+03
   1.900e+01    4.7523447e+05  2.3692401e+03
   6.500e+01    7.2024316e+05  3.6054965e+03
