#   ncyc_cp         Intensity      Esd(Int.)
   0.000e+00    9.9433691e+05  5.0000000e+03
   1.000e+00    2.5216621e+05  1.2659314e+03
   3.000e+00    2.5918056e+05  1.3029431e+03
   5.000e+00    2.6311451e+05  1.3159258e+03
   7.000e+00    2.6893113e+05  1.3519083e+03
   9.000e+00    2.7757012e+05  1.3902298e+03
   1.100e+01    3.0004669e+05  1.4958780e+03
   1.300e+01    3.3372181e+05  1.6596842e+03
   1.500e+01    3.7220045e+05  1.8500141e+03
   1.700e+01    4.0743124e+05  2.0436632e+03
   1.900e+01    4.4614578e+05  2.2275554e+03
   2.100e+01    4.7605058e+05  2.3955842e+03
   2.300e+01    5.0999636e+05  2.5457704e+03
   2.500e+01    5.3549710e+05  2.6783517e+03
   2.700e+01    5.5790833e+05  2.7946310e+03
   2.900e+01    5.8189341e+05  2.8963271e+03
   3.100e+01    6.0051020e+05  2.9852304e+03
   3.300e+01    6.0805056e+05  3.0630353e+03
   3.500e+01    6.2715347e+05  3.1312675e+03
   3.700e+01    6.3682875e+05  3.1912647e+03
   3.900e+01    6.5019611e+05  3.2441807e+03
   4.100e+01    6.5672720e+05  3.2910018e+03
   4.300e+01    6.6703847e+05  3.3325675e+03
   4.500e+01    6.7931563e+05  3.3695903e+03
   4.700e+01    6.8324643e+05  3.4026752e+03
   4.900e+01    6.8168526e+05  3.4323363e+03
   5.100e+01    6.9744558e+05  3.4590109e+03
   5.300e+01    6.8994204e+05  3.4830723e+03
   5.500e+01    6.9729776e+05  3.5048396e+03
   5.700e+01    7.0251147e+05  3.5245867e+03
   5.900e+01    7.0835957e+05  3.5425492e+03
   6.100e+01    7.1348968e+05  3.5589302e+03
   6.300e+01    7.1555587e+05  3.5739059e+03
   6.500e+01    7.1771229e+05  3.5876290e+03
   6.700e+01    7.1980063e+05  3.6002327e+03
   6.900e+01    7.2082521e+05  3.6118332e+03
   7.100e+01    7.2604761e+05  3.6225324e+03
   7.300e+01    7.2352169e+05  3.6324199e+03
   7.500e+01    7.3441200e+05  3.6415745e+03
   7.700e+01    7.2520003e+05  3.6500659e+03
   7.900e+01    7.2933978e+05  3.6579558e+03
   1.500e+01    3.7311582e+05  1.8500141e+03
   4.100e+01    6.5925304e+05  3.2910018e+03
   6.100e+01    7.0824472e+05  3.5589302e+03
