#   ncyc_cp         Intensity      Esd(Int.)
   0.000e+00    9.8972551e+05  5.0000000e+03
   1.000e+00    3.2209277e+05  1.6099171e+03
   3.000e+00    3.4274876e+05  1.7204681e+03
   5.000e+00    3.7504894e+05  1.8757637e+03
   7.000e+00    4.1959334e+05  2.0981317e+03
   9.000e+00    4.7108692e+05  2.3602838e+03
   1.100e+01    5.2597083e+05  2.6071890e+03
   1.300e+01    5.6182002e+05  2.8166455e+03
   1.500e+01    5.9778460e+05  2.9866984e+03
   1.700e+01    6.2659289e+05  3.1226062e+03
   1.900e+01    6.4676761e+05  3.2309909e+03
   2.100e+01    6.7145687e+05  3.3178121e+03
   2.300e+01    6.7584484e+05  3.3878891e+03
   2.500e+01    6.8817610e+05  3.4449575e+03
   2.700e+01    6.9751560e+05  3.4918658e+03
   2.900e+01    7.0913977e+05  3.5307783e+03
   3.100e+01    7.0961191e+05  3.5633437e+03
   3.300e+01    7.1653816e+05  3.5908252e+03
   3.500e+01    7.2116572e+05  3.6141982e+03
   3.700e+01    7.2916223e+05  3.6342223e+03
   3.900e+01    7.3207031e+05  3.6514937e+03
   4.100e+01    7.3427812e+05  3.6664850e+03
   4.300e+01    7.3841515e+05  3.6795733e+03
   4.500e+01    7.4103124e+05  3.6910627e+03
   4.700e+01    7.3904649e+05  3.7011995e+03
   4.900e+01    7.4202289e+05  3.7101853e+03
   5.100e+01    7.4561558e+05  3.7181859e+03
   5.300e+01    7.5181990e+05  3.7253386e+03
   5.500e+01    7.4346966e+05  3.7317580e+03
   5.700e+01    7.4814553e+05  3.7375401e+03
   5.900e+01    7.4624996e+05  3.7427659e+03
   6.100e+01    7.4965455e+05  3.7475039e+03
   6.300e+01    7.5177602e+05  3.7518126e+03
   6.500e+01    7.5065709e+05  3.7557420e+03
   6.700e+01    7.6061034e+05  3.7593351e+03
   6.900e+01    7.5436760e+05  3.7626291e+03
   7.100e+01    7.4460107e+05  3.7656560e+03
   7.300e+01    7.5247941e+05  3.7684439e+03
   7.500e+01    7.5103755e+05  3.7710172e+03
   7.700e+01    7.6404586e+05  3.7733973e+03
   7.900e+01    7.5314890e+05  3.7756030e+03
   7.000e+00    4.2040460e+05  2.0981317e+03
   2.500e+01    6.8691360e+05  3.4449575e+03
   4.700e+01    7.3982904e+05  3.7011995e+03
