#   ncyc_cp         Intensity      Esd(Int.)
   0.000e+00    9.8941987e+05  5.0000000e+03
   1.000e+00    3.4677991e+05  1.7357123e+03
   3.000e+00    3.4984825e+05  1.7490790e+03
   5.000e+00    3.4704111e+05  1.7453494e+03
   7.000e+00    3.4999955e+05  1.7590394e+03
   9.000e+00    3.5516439e+05  1.7701905e+03
   1.100e+01    3.7012730e+05  1.8483908e+03
   1.300e+01    3.9662886e+05  1.9922015e+03
   1.500e+01    4.3418062e+05  2.1648239e+03
   1.700e+01    4.6832298e+05  2.3400618e+03
   1.900e+01    4.9763466e+05  2.5044105e+03
   2.100e+01    5.2973857e+05  2.6523664e+03
   2.300e+01    5.5287222e+05  2.7827055e+03
   2.500e+01    5.7673744e+05  2.8962542e+03
   2.700e+01    5.9983350e+05  2.9946827e+03
   2.900e+01    6.1219257e+05  3.0798915e+03
   3.100e+01    6.2679865e+05  3.1537232e+03
   3.300e+01    6.4477676e+05  3.2178418e+03
   3.500e+01    6.5142479e+05  3.2736963e+03
   3.700e+01    6.6358814e+05  3.3225237e+03
   3.900e+01    6.7221680e+05  3.3653688e+03
   4.100e+01    6.8006348e+05  3.4031095e+03
   4.300e+01    6.8860076e+05  3.4364819e+03
   4.500e+01    6.9171016e+05  3.4661034e+03
   4.700e+01    6.9577886e+05  3.4924922e+03
   4.900e+01    7.0158235e+05  3.5160848e+03
   5.100e+01    7.1157052e+05  3.5372496e+03
   5.300e+01    7.1457545e+05  3.5562987e+03
   5.500e+01    7.1450320e+05  3.5734972e+03
   5.700e+01    7.2223727e+05  3.5890715e+03
   5.900e+01    7.2320396e+05  3.6032152e+03
   6.100e+01    7.1932937e+05  3.6160945e+03
   6.300e+01    7.3106802e+05  3.6278531e+03
   6.500e+01    7.3793742e+05  3.6386149e+03
   6.700e+01    7.3102555e+05  3.6484878e+03
   6.900e+01    7.2557421e+05  3.6575655e+03
   7.100e+01    7.3870018e+05  3.6659299e+03
   7.300e+01    7.3697562e+05  3.6736531e+03
   7.500e+01    7.3576467e+05  3.6807981e+03
   7.700e+01    7.2996853e+05  3.6874205e+03
   7.900e+01    7.3832987e+05  3.6935697e+03
   7.000e+00    3.5127835e+05  1.7590394e+03
   5.100e+01    7.0632948e+05  3.5372496e+03
   6.300e+01    7.2403798e+05  3.6278531e+03
