#   ncyc_cp         Intensity      Esd(Int.)
   0.000e+00    1.0016133e+06  5.0000000e+03
   1.000e+00    1.1266946e+05  5.6315520e+02
   2.000e+00    1.1828803e+05  5.9294699e+02
   3.000e+00    1.2364083e+05  6.2093450e+02
   4.000e+00    1.3124797e+05  6.5363490e+02
   5.000e+00    1.3739277e+05  6.8668472e+02
   6.000e+00    1.4413771e+05  7.2422715e+02
   7.000e+00    1.5602331e+05  7.8059090e+02
   8.000e+00    1.7058385e+05  8.6079569e+02
   9.000e+00    1.9271677e+05  9.6246376e+02
   1.000e+01    2.1553338e+05  1.0805252e+03
   1.100e+01    2.4164329e+05  1.2095308e+03
   1.200e+01    2.7108811e+05  1.3445540e+03
   1.300e+01    2.9518540e+05  1.4815108e+03
   1.400e+01    3.2273366e+05  1.6172223e+03
   1.500e+01    3.5278506e+05  1.7493524e+03
   1.600e+01    3.7361618e+05  1.8762888e+03
   1.700e+01    3.9865722e+05  1.9970050e+03
   1.800e+01    4.2067690e+05  2.1109281e+03
   1.900e+01    4.4221482e+05  2.2178224e+03
   2.000e+01    4.6406659e+05  2.3176941e+03
   2.100e+01    4.8198215e+05  2.4107153e+03
   2.200e+01    4.9746026e+05  2.4971670e+03
   2.300e+01    5.1922449e+05  2.5773959e+03
   2.400e+01    5.3400680e+05  2.6517840e+03
   2.500e+01    5.4649266e+05  2.7207264e+03
   2.600e+01    5.6076266e+05  2.7846169e+03
   2.700e+01    5.7032883e+05  2.8438375e+03
   2.800e+01    5.7852473e+05  2.8987528e+03
   2.900e+01    5.8926949e+05  2.9497060e+03
   3.000e+01    5.9480306e+05  2.9970175e+03
   3.100e+01    6.0818591e+05  3.0409841e+03
   3.200e+01    6.1734145e+05  3.0818792e+03
   3.300e+01    6.2519614e+05  3.1199543e+03
   3.400e+01    6.3054339e+05  3.1554394e+03
   3.500e+01    6.4012892e+05  3.1885450e+03
   3.600e+01    6.4494823e+05  3.2194631e+03
   3.700e+01    6.5190265e+05  3.2483690e+03
   3.800e+01    6.5298179e+05  3.2754222e+03
   3.900e+01    6.5659132e+05  3.3007685e+03
   4.000e+01    6.6642351e+05  3.3245406e+03
   2.500e+01    5.4914335e+05  2.7207264e+03
   3.600e+01    6.4886792e+05  3.2194631e+03
   1.400e+01    3.2340737e+05  1.6172223e+03
