#   ncyc_cp         Intensity      Esd(Int.)
   0.000e+00    9.9512392e+05  5.0000000e+03
   1.000e+00    8.1421262e+04  4.0982385e+02
   2.000e+00    8.6229293e+04  4.3150633e+02
   3.000e+00    9.0514613e+04  4.5431607e+02
   4.000e+00    9.5217894e+04  4.7727733e+02
   5.000e+00    1.0071459e+05  5.0337775e+02
   6.000e+00    1.0654576e+05  5.3251138e+02
   7.000e+00    1.1290489e+05  5.6268310e+02
   8.000e+00    1.1882266e+05  5.9484075e+02
   9.000e+00    1.2714520e+05  6.3177259e+02
   1.000e+01    1.3537821e+05  6.7574295e+02
   1.100e+01    1.4572085e+05  7.2784303e+02
   1.200e+01    1.5706251e+05  7.8811666e+02
   1.300e+01    1.6918754e+05  8.5590814e+02
   1.400e+01    1.8573463e+05  9.3026514e+02
   1.500e+01    2.0162009e+05  1.0099387e+03
   1.600e+01    2.1901559e+05  1.0938053e+03
   1.700e+01    2.3597038e+05  1.1805604e+03
   1.800e+01    2.5276154e+05  1.2692375e+03
   1.900e+01    2.7205422e+05  1.3586967e+03
   2.000e+01    2.9111460e+05  1.4482382e+03
   2.100e+01    3.0737407e+05  1.5369592e+03
   2.200e+01    3.2871780e+05  1.6244331e+03
   2.300e+01    3.4042449e+05  1.7099913e+03
   2.400e+01    3.5561248e+05  1.7934384e+03
   2.500e+01    3.7222367e+05  1.8743038e+03
   2.600e+01    3.9051113e+05  1.9525670e+03
   2.700e+01    4.0298626e+05  2.0279090e+03
   2.800e+01    4.1793382e+05  2.1004305e+03
   2.900e+01    4.3326719e+05  2.1699218e+03
   3.000e+01    4.4882817e+05  2.2365604e+03
   3.100e+01    4.6343750e+05  2.3002114e+03
   3.200e+01    4.7316640e+05  2.3610963e+03
   3.300e+01    4.8442451e+05  2.4191293e+03
   3.400e+01    4.9505968e+05  2.4745522e+03
   3.500e+01    5.0763434e+05  2.5273104e+03
   3.600e+01    5.1392751e+05  2.5776505e+03
   3.700e+01    5.2589233e+05  2.6255364e+03
   3.800e+01    5.3667423e+05  2.6712101e+03
   3.900e+01    5.4376244e+05  2.7146456e+03
   4.000e+01    5.5092425e+05  2.7560742e+03
   1.900e+01    2.7221860e+05  1.3586967e+03
   6.000e+00    1.0577044e+05  5.3251138e+02
   2.500e+01    3.7614435e+05  1.8743038e+03
