#   ncyc_cp         Intensity      Esd(Int.)
   0.000e+00    9.9536259e+05  5.0000000e+03
   1.000e+00    6.7460172e+04  3.3680976e+02
   3.000e+00    7.1543568e+04  3.5823379e+02
   5.000e+00    7.5637816e+04  3.8127431e+02
   7.000e+00    8.0675984e+04  4.0380311e+02
   9.000e+00    8.6267866e+04  4.3055152e+02
   1.100e+01    9.1562696e+04  4.5743219e+02
   1.300e+01    9.8048442e+04  4.8817124e+02
   1.500e+01    1.0538235e+05  5.3111274e+02
   1.700e+01    1.1860866e+05  5.9037872e+02
   1.900e+01    1.3379171e+05  6.6605062e+02
   2.100e+01    1.5136185e+05  7.5616687e+02
   2.300e+01    1.7046612e+05  8.5793984e+02
   2.500e+01    1.9434106e+05  9.6836077e+02
   2.700e+01    2.1941458e+05  1.0845220e+03
   2.900e+01    2.4140042e+05  1.2037996e+03
   3.100e+01    2.6576816e+05  1.3239475e+03
   3.300e+01    2.8851354e+05  1.4431298e+03
   3.500e+01    3.1178897e+05  1.5599103e+03
   3.700e+01    3.3200662e+05  1.6732159e+03
   3.900e+01    3.5702549e+05  1.7822864e+03
   4.100e+01    3.7889266e+05  1.8866217e+03
   4.300e+01    3.9278581e+05  1.9859304e+03
   4.500e+01    4.1499734e+05  2.0800832e+03
   4.700e+01    4.3557007e+05  2.1690745e+03
   4.900e+01    4.5110963e+05  2.2529888e+03
   5.100e+01    4.7099713e+05  2.3319753e+03
   5.300e+01    4.7856173e+05  2.4062265e+03
   5.500e+01    4.9317454e+05  2.4759631e+03
   5.700e+01    5.0718627e+05  2.5414209e+03
   5.900e+01    5.2063351e+05  2.6028429e+03
   6.100e+01    5.3049813e+05  2.6604716e+03
   6.300e+01    5.4169748e+05  2.7145454e+03
   6.500e+01    5.5452155e+05  2.7652944e+03
   6.700e+01    5.5814266e+05  2.8129393e+03
   6.900e+01    5.7098859e+05  2.8576891e+03
   7.100e+01    5.8114451e+05  2.8997414e+03
   7.300e+01    5.8334385e+05  2.9392813e+03
   7.500e+01    5.9718828e+05  2.9764820e+03
   7.700e+01    6.0316595e+05  3.0115052e+03
   7.900e+01    6.1089071e+05  3.0445009e+03
   2.300e+01    1.7253470e+05  8.5793984e+02
   4.500e+01    4.1729105e+05  2.0800832e+03
   7.900e+01    6.0904755e+05  3.0445009e+03
