#   ncyc_cp         Intensity      Esd(Int.)
   0.000e+00    9.8983845e+05  5.0000000e+03
   1.000e+00    3.3969679e+05  1.6932553e+03
   2.000e+00    3.4562020e+05  1.7321403e+03
   3.000e+00    3.5967309e+05  1.7874093e+03
   4.000e+00    3.7238764e+05  1.8693038e+03
   5.000e+00    4.0343565e+05  2.0255093e+03
   6.000e+00    4.4447744e+05  2.2231177e+03
   7.000e+00    4.8393474e+05  2.4246130e+03
   8.000e+00    5.1905957e+05  2.6104887e+03
   9.000e+00    5.4905667e+05  2.7737607e+03
   1.000e+01    5.8024062e+05  2.9137666e+03
   1.100e+01    6.0455140e+05  3.0325156e+03
   1.200e+01    6.2871844e+05  3.1328669e+03
   1.300e+01    6.4589569e+05  3.2177104e+03
   1.400e+01    6.5451824e+05  3.2896452e+03
   1.500e+01    6.7273913e+05  3.3508878e+03
   1.600e+01    6.7710970e+05  3.4032794e+03
   1.700e+01    6.8724337e+05  3.4483297e+03
   1.800e+01    6.9589685e+05  3.4872697e+03
   1.900e+01    7.0102876e+05  3.5211020e+03
   2.000e+01    7.1276839e+05  3.5506443e+03
   2.100e+01    7.2083324e+05  3.5765652e+03
   2.200e+01    7.1615529e+05  3.5994136e+03
   2.300e+01    7.2530038e+05  3.6196423e+03
   2.400e+01    7.2745099e+05  3.6376263e+03
   2.500e+01    7.3248900e+05  3.6536780e+03
   2.600e+01    7.3148746e+05  3.6680585e+03
   2.700e+01    7.4080216e+05  3.6809874e+03
   2.800e+01    7.4096638e+05  3.6926502e+03
   2.900e+01    7.4264870e+05  3.7032042e+03
   3.000e+01    7.5024590e+05  3.7127835e+03
   3.100e+01    7.4171480e+05  3.7215028e+03
   3.200e+01    7.4570373e+05  3.7294608e+03
   3.300e+01    7.5001192e+05  3.7367425e+03
   3.400e+01    7.5256678e+05  3.7434216e+03
   3.500e+01    7.5024668e+05  3.7495621e+03
   3.600e+01    7.5358714e+05  3.7552200e+03
   3.700e+01    7.5764693e+05  3.7604439e+03
   3.800e+01    7.5240320e+05  3.7652769e+03
   3.900e+01    7.5303863e+05  3.7697568e+03
   4.000e+01    7.5509516e+05  3.7739168e+03
   3.100e+01    7.3515853e+05  3.7215028e+03
   2.100e+01    7.1743676e+05  3.5765652e+03
   1.000e+00    3.3959796e+05  1.6932553e+03
