#   ncyc_cp         Intensity      Esd(Int.)
   0.000e+00    9.9991836e+05  5.0000000e+03
   1.000e+00    2.4991848e+05  1.2501504e+03
   2.000e+00    2.5460813e+05  1.2693459e+03
   3.000e+00    2.5521030e+05  1.2756762e+03
   4.000e+00    2.5899687e+05  1.2907319e+03
   5.000e+00    2.5845698e+05  1.2982166e+03
   6.000e+00    2.6382632e+05  1.3079613e+03
   7.000e+00    2.7828360e+05  1.3645798e+03
   8.000e+00    2.9371977e+05  1.4668680e+03
   9.000e+00    3.1949244e+05  1.5989960e+03
   1.000e+01    3.4666918e+05  1.7461606e+03
   1.100e+01    3.8159392e+05  1.8975951e+03
   1.200e+01    4.0726886e+05  2.0462507e+03
   1.300e+01    4.3969860e+05  2.1878932e+03
   1.400e+01    4.6779814e+05  2.3202543e+03
   1.500e+01    4.9121750e+05  2.4423659e+03
   1.600e+01    5.1503541e+05  2.5540793e+03
   1.700e+01    5.2783832e+05  2.6557337e+03
   1.800e+01    5.4497465e+05  2.7479370e+03
   1.900e+01    5.7035267e+05  2.8314251e+03
   2.000e+01    5.8184956e+05  2.9069742e+03
   2.100e+01    5.9614919e+05  2.9753495e+03
   2.200e+01    6.0495153e+05  3.0372758e+03
   2.300e+01    6.1597997e+05  3.0934233e+03
   2.400e+01    6.2566786e+05  3.1444016e+03
   2.500e+01    6.3263062e+05  3.1907595e+03
   2.600e+01    6.4906456e+05  3.2329874e+03
   2.700e+01    6.5754339e+05  3.2715220e+03
   2.800e+01    6.6292852e+05  3.3067506e+03
   2.900e+01    6.7066353e+05  3.3390161e+03
   3.000e+01    6.7236125e+05  3.3686225e+03
   3.100e+01    6.7253087e+05  3.3958384e+03
   3.200e+01    6.8121778e+05  3.4209021e+03
   3.300e+01    6.9284777e+05  3.4440244e+03
   3.400e+01    6.9646761e+05  3.4653927e+03
   3.500e+01    6.9522092e+05  3.4851734e+03
   3.600e+01    7.0073361e+05  3.5035143e+03
   3.700e+01    7.0755611e+05  3.5205475e+03
   3.800e+01    7.0744085e+05  3.5363905e+03
   3.900e+01    7.0713276e+05  3.5511488e+03
   4.000e+01    7.1055815e+05  3.5649164e+03
   3.900e+01    7.1130105e+05  3.5511488e+03
   3.400e+01    6.9094620e+05  3.4653927e+03
   1.800e+01    5.5128903e+05  2.7479370e+03
