#   ncyc_cp         Intensity      Esd(Int.)
   0.000e+00    1.0014250e+06  5.0000000e+03
   1.000e+00    4.4539637e+05  2.2132885e+03
   2.000e+00    4.9256700e+05  2.4529417e+03
   3.000e+00    5.4158215e+05  2.7012499e+03
   4.000e+00    5.9037328e+05  2.9606636e+03
   5.000e+00    6.3330438e+05  3.1714247e+03
   6.000e+00    6.6855879e+05  3.3268160e+03
   7.000e+00    6.8884490e+05  3.4401455e+03
   8.000e+00    7.0949951e+05  3.5230934e+03
   9.000e+00    7.1500593e+05  3.5850184e+03
   1.000e+01    7.3011295e+05  3.6319747e+03
   1.100e+01    7.3323590e+05  3.6683191e+03
   1.200e+01    7.4117052e+05  3.6968716e+03
   1.300e+01    7.3780212e+05  3.7196924e+03
   1.400e+01    7.5043867e+05  3.7381601e+03
   1.500e+01    7.4752537e+05  3.7533150e+03
   1.600e+01    7.5787740e+05  3.7658783e+03
   1.700e+01    7.5876875e+05  3.7764112e+03
   1.800e+01    7.5492468e+05  3.7853160e+03
   1.900e+01    7.6441926e+05  3.7929138e+03
   2.000e+01    7.6588621e+05  3.7994417e+03
   2.100e+01    7.6791047e+05  3.8050931e+03
   2.200e+01    7.6698676e+05  3.8100145e+03
   2.300e+01    7.6180122e+05  3.8143272e+03
   2.400e+01    7.6944990e+05  3.8181258e+03
   2.500e+01    7.5988421e+05  3.8214893e+03
   2.600e+01    7.6400188e+05  3.8244806e+03
   2.700e+01    7.6705830e+05  3.8271528e+03
   2.800e+01    7.6011804e+05  3.8295494e+03
   2.900e+01    7.7127798e+05  3.8317068e+03
   3.000e+01    7.6946582e+05  3.8336559e+03
   3.100e+01    7.6693853e+05  3.8354222e+03
   3.200e+01    7.5958527e+05  3.8370282e+03
   3.300e+01    7.6549216e+05  3.8384923e+03
   3.400e+01    7.7138822e+05  3.8398310e+03
   3.500e+01    7.7104313e+05  3.8410579e+03
   3.600e+01    7.6533310e+05  3.8421854e+03
   3.700e+01    7.6401690e+05  3.8432236e+03
   3.800e+01    7.6927041e+05  3.8441819e+03
   3.900e+01    7.6489036e+05  3.8450681e+03
   4.000e+01    7.6328838e+05  3.8458895e+03
   3.100e+01    7.7292936e+05  3.8354222e+03
   3.000e+01    7.6706213e+05  3.8336559e+03
   1.500e+01    7.5233149e+05  3.7533150e+03
