#   ncyc_cp         Intensity      Esd(Int.)
   0.000e+00    1.0046856e+06  5.0000000e+03
   1.000e+00    1.7057016e+05  8.6349918e+02
   2.000e+00    1.8029217e+05  9.0277560e+02
   3.000e+00    1.8781456e+05  9.4001122e+02
   4.000e+00    1.9674144e+05  9.8309135e+02
   5.000e+00    2.1029600e+05  1.0496360e+03
   6.000e+00    2.3376788e+05  1.1683653e+03
   7.000e+00    2.6591476e+05  1.3289421e+03
   8.000e+00    3.0222713e+05  1.5121680e+03
   9.000e+00    3.3781075e+05  1.7022183e+03
   1.000e+01    3.7860283e+05  1.8883963e+03
   1.100e+01    4.1269724e+05  2.0643405e+03
   1.200e+01    4.4711986e+05  2.2268136e+03
   1.300e+01    4.7567845e+05  2.3746309e+03
   1.400e+01    4.9863511e+05  2.5078561e+03
   1.500e+01    5.2861105e+05  2.6272508e+03
   1.600e+01    5.4115254e+05  2.7339198e+03
   1.700e+01    5.6283918e+05  2.8290943e+03
   1.800e+01    5.8334291e+05  2.9140073e+03
   1.900e+01    5.9742776e+05  2.9898253e+03
   2.000e+01    6.0972115e+05  3.0576170e+03
   2.100e+01    6.2053321e+05  3.1183409e+03
   2.200e+01    6.3659743e+05  3.1728463e+03
   2.300e+01    6.4196561e+05  3.2218792e+03
   2.400e+01    6.5337766e+05  3.2660921e+03
   2.500e+01    6.6441026e+05  3.3060534e+03
   2.600e+01    6.7173241e+05  3.3422583e+03
   2.700e+01    6.7986492e+05  3.3751374e+03
   2.800e+01    6.7873183e+05  3.4050659e+03
   2.900e+01    6.8605259e+05  3.4323708e+03
   3.000e+01    6.9752110e+05  3.4573375e+03
   3.100e+01    6.9838372e+05  3.4802156e+03
   3.200e+01    7.0038548e+05  3.5012235e+03
   3.300e+01    6.9918853e+05  3.5205534e+03
   3.400e+01    7.0688473e+05  3.5383740e+03
   3.500e+01    7.0768067e+05  3.5548341e+03
   3.600e+01    7.1733927e+05  3.5700654e+03
   3.700e+01    7.1771725e+05  3.5841842e+03
   3.800e+01    7.1169608e+05  3.5972940e+03
   3.900e+01    7.1754241e+05  3.6094867e+03
   4.000e+01    7.2211173e+05  3.6208442e+03
   4.000e+01    7.2644328e+05  3.6208442e+03
   2.600e+01    6.6934122e+05  3.3422583e+03
   2.900e+01    6.8611759e+05  3.4323708e+03
