#   ncyc_cp         Intensity      Esd(Int.)
   0.000e+00    1.0092965e+06  5.0000000e+03
   1.000e+00    4.1894234e+05  2.0971168e+03
   2.000e+00    4.4318558e+05  2.2104772e+03
   3.000e+00    4.6890835e+05  2.3357318e+03
   4.000e+00    4.9623973e+05  2.4744839e+03
   5.000e+00    5.2122600e+05  2.6233411e+03
   6.000e+00    5.5348117e+05  2.7709327e+03
   7.000e+00    5.8136006e+05  2.9079775e+03
   8.000e+00    6.0567388e+05  3.0299418e+03
   9.000e+00    6.2734864e+05  3.1358036e+03
   1.000e+01    6.4361313e+05  3.2264486e+03
   1.100e+01    6.6940016e+05  3.3035738e+03
   1.200e+01    6.7268909e+05  3.3690787e+03
   1.300e+01    6.8419750e+05  3.4247727e+03
   1.400e+01    6.8869619e+05  3.4722571e+03
   1.500e+01    7.0125613e+05  3.5128971e+03
   1.600e+01    7.0619421e+05  3.5478321e+03
   1.700e+01    7.1642269e+05  3.5780039e+03
   1.800e+01    7.1712558e+05  3.6041863e+03
   1.900e+01    7.2931790e+05  3.6270148e+03
   2.000e+01    7.2669497e+05  3.6470116e+03
   2.100e+01    7.2894451e+05  3.6646067e+03
   2.200e+01    7.3319015e+05  3.6801554e+03
   2.300e+01    7.3304417e+05  3.6939527e+03
   2.400e+01    7.3919032e+05  3.7062440e+03
   2.500e+01    7.4635866e+05  3.7172347e+03
   2.600e+01    7.3876182e+05  3.7270975e+03
   2.700e+01    7.4592106e+05  3.7359780e+03
   2.800e+01    7.4837042e+05  3.7439998e+03
   2.900e+01    7.4056895e+05  3.7512679e+03
   3.000e+01    7.4778382e+05  3.7578722e+03
   3.100e+01    7.5182877e+05  3.7638898e+03
   3.200e+01    7.5613255e+05  3.7693872e+03
   3.300e+01    7.5849690e+05  3.7744217e+03
   3.400e+01    7.5446639e+05  3.7790433e+03
   3.500e+01    7.5437775e+05  3.7832952e+03
   3.600e+01    7.5917325e+05  3.7872156e+03
   3.700e+01    7.6477110e+05  3.7908376e+03
   3.800e+01    7.5647007e+05  3.7941905e+03
   3.900e+01    7.6233124e+05  3.7973000e+03
   4.000e+01    7.5918868e+05  3.8001890e+03
   2.000e+01    7.2671615e+05  3.6470116e+03
   1.200e+01    6.8017663e+05  3.3690787e+03
   3.300e+01    7.5159466e+05  3.7744217e+03
