#   ncyc_cp         Intensity      Esd(Int.)
   0.000e+00    1.0009660e+06  5.0000000e+03
   1.000e+00    4.5262936e+05  2.2609722e+03
   3.000e+00    4.7519603e+05  2.3699151e+03
   5.000e+00    5.1513722e+05  2.5882374e+03
   7.000e+00    5.7076971e+05  2.8702121e+03
   9.000e+00    6.2606163e+05  3.1066109e+03
   1.100e+01    6.5639759e+05  3.2790011e+03
   1.300e+01    6.8621493e+05  3.4013805e+03
   1.500e+01    6.9932922e+05  3.4889800e+03
   1.700e+01    7.0538506e+05  3.5528918e+03
   1.900e+01    7.2300661e+05  3.6005334e+03
   2.100e+01    7.3185104e+05  3.6367956e+03
   2.300e+01    7.3133461e+05  3.6649324e+03
   2.500e+01    7.3033286e+05  3.6871468e+03
   2.700e+01    7.4345669e+05  3.7049600e+03
   2.900e+01    7.4336672e+05  3.7194438e+03
   3.100e+01    7.4730932e+05  3.7313676e+03
   3.300e+01    7.3820774e+05  3.7412938e+03
   3.500e+01    7.5164212e+05  3.7496403e+03
   3.700e+01    7.4101152e+05  3.7567222e+03
   3.900e+01    7.4929226e+05  3.7627806e+03
   4.100e+01    7.5693851e+05  3.7680022e+03
   4.300e+01    7.4762375e+05  3.7725332e+03
   4.500e+01    7.4825930e+05  3.7764897e+03
   4.700e+01    7.5429269e+05  3.7799642e+03
   4.900e+01    7.6283570e+05  3.7830317e+03
   5.100e+01    7.6326707e+05  3.7857530e+03
   5.300e+01    7.5533137e+05  3.7881782e+03
   5.500e+01    7.6185827e+05  3.7903487e+03
   5.700e+01    7.6065516e+05  3.7922987e+03
   5.900e+01    7.5980159e+05  3.7940571e+03
   6.100e+01    7.6047476e+05  3.7956481e+03
   6.300e+01    7.5666138e+05  3.7970924e+03
   6.500e+01    7.6272036e+05  3.7984074e+03
   6.700e+01    7.6394907e+05  3.7996080e+03
   6.900e+01    7.7040302e+05  3.8007072e+03
   7.100e+01    7.6382254e+05  3.8017161e+03
   7.300e+01    7.5119445e+05  3.8026444e+03
   7.500e+01    7.5610885e+05  3.8035003e+03
   7.700e+01    7.6211407e+05  3.8042913e+03
   7.900e+01    7.6125233e+05  3.8050237e+03
   6.300e+01    7.5233914e+05  3.7970924e+03
   5.300e+01    7.5709028e+05  3.7881782e+03
   3.000e+00    4.7312342e+05  2.3699151e+03
