#   ncyc_cp         Intensity      Esd(Int.)
   0.000e+00    1.0006200e+06  5.0000000e+03
   1.000e+00    2.2705022e+05  1.1305473e+03
   2.000e+00    2.4031602e+05  1.2052501e+03
   3.000e+00    2.5831636e+05  1.2881492e+03
   4.000e+00    2.7401988e+05  1.3811022e+03
   5.000e+00    2.9769952e+05  1.4913594e+03
   6.000e+00    3.2248104e+05  1.6237205e+03
   7.000e+00    3.5194724e+05  1.7727695e+03
   8.000e+00    3.8364601e+05  1.9295323e+03
   9.000e+00    4.1773387e+05  2.0860342e+03
   1.000e+01    4.4463526e+05  2.2366229e+03
   1.100e+01    4.7259724e+05  2.3778717e+03
   1.200e+01    5.0170537e+05  2.5080657e+03
   1.300e+01    5.2317662e+05  2.6266648e+03
   1.400e+01    5.4720708e+05  2.7338699e+03
   1.500e+01    5.6522654e+05  2.8303087e+03
   1.600e+01    5.8407751e+05  2.9168243e+03
   1.700e+01    5.9505727e+05  2.9943411e+03
   1.800e+01    6.0747640e+05  3.0637834e+03
   1.900e+01    6.2350777e+05  3.1260300e+03
   2.000e+01    6.3173451e+05  3.1818911e+03
   2.100e+01    6.4558424e+05  3.2320994e+03
   2.200e+01    6.5556269e+05  3.2773085e+03
   2.300e+01    6.6287947e+05  3.3180973e+03
   2.400e+01    6.7004993e+05  3.3549751e+03
   2.500e+01    6.7907097e+05  3.3883889e+03
   2.600e+01    6.8326651e+05  3.4187305e+03
   2.700e+01    6.9580956e+05  3.4463423e+03
   2.800e+01    6.8827139e+05  3.4715244e+03
   2.900e+01    6.9702478e+05  3.4945396e+03
   3.000e+01    7.0389930e+05  3.5156180e+03
   3.100e+01    7.0371509e+05  3.5349621e+03
   3.200e+01    7.0867519e+05  3.5527496e+03
   3.300e+01    7.1554789e+05  3.5691372e+03
   3.400e+01    7.1515747e+05  3.5842631e+03
   3.500e+01    7.1891589e+05  3.5982497e+03
   3.600e+01    7.2280345e+05  3.6112053e+03
   3.700e+01    7.2344915e+05  3.6232260e+03
   3.800e+01    7.2550529e+05  3.6343975e+03
   3.900e+01    7.3066197e+05  3.6447961e+03
   4.000e+01    7.2554584e+05  3.6544899e+03
   1.900e+01    6.2731902e+05  3.1260300e+03
   3.000e+01    7.0613453e+05  3.5156180e+03
   6.000e+00    3.2661560e+05  1.6237205e+03
