#   ncyc_cp         Intensity      Esd(Int.)
   0.000e+00    9.9744392e+05  5.0000000e+03
   1.000e+00    4.1750660e+05  2.0893089e+03
   2.000e+00    4.3327349e+05  2.1634793e+03
   3.000e+00    4.4810077e+05  2.2411141e+03
   4.000e+00    4.6556796e+05  2.3214859e+03
   5.000e+00    4.7952311e+05  2.4034769e+03
   6.000e+00    5.0078768e+05  2.4870638e+03
   7.000e+00    5.1030642e+05  2.5718617e+03
   8.000e+00    5.3060550e+05  2.6567318e+03
   9.000e+00    5.4653831e+05  2.7401867e+03
   1.000e+01    5.6653989e+05  2.8208492e+03
   1.100e+01    5.7584309e+05  2.8976333e+03
   1.200e+01    5.9404377e+05  2.9698408e+03
   1.300e+01    6.0518174e+05  3.0370802e+03
   1.400e+01    6.2056147e+05  3.0992467e+03
   1.500e+01    6.2898984e+05  3.1564020e+03
   1.600e+01    6.4193887e+05  3.2087588e+03
   1.700e+01    6.5113262e+05  3.2565858e+03
   1.800e+01    6.5868733e+05  3.3002144e+03
   1.900e+01    6.6607218e+05  3.3399711e+03
   2.000e+01    6.7390710e+05  3.3762000e+03
   2.100e+01    6.7564239e+05  3.4092142e+03
   2.200e+01    6.8791584e+05  3.4393251e+03
   2.300e+01    6.9466444e+05  3.4668050e+03
   2.400e+01    7.0009587e+05  3.4919181e+03
   2.500e+01    6.9945877e+05  3.5148905e+03
   2.600e+01    7.0252434e+05  3.5359393e+03
   2.700e+01    7.1400538e+05  3.5552476e+03
   2.800e+01    7.1160515e+05  3.5729911e+03
   2.900e+01    7.1485254e+05  3.5893163e+03
   3.000e+01    7.1431656e+05  3.6043645e+03
   3.100e+01    7.1898320e+05  3.6182522e+03
   3.200e+01    7.2414623e+05  3.6310929e+03
   3.300e+01    7.3328199e+05  3.6429794e+03
   3.400e+01    7.2830374e+05  3.6540028e+03
   3.500e+01    7.3593415e+05  3.6642372e+03
   3.600e+01    7.3191885e+05  3.6737560e+03
   3.700e+01    7.3443251e+05  3.6826184e+03
   3.800e+01    7.3695047e+05  3.6908842e+03
   3.900e+01    7.4231581e+05  3.6986008e+03
   4.000e+01    7.3982537e+05  3.7058169e+03
   2.100e+01    6.8401034e+05  3.4092142e+03
   1.600e+01    6.4215858e+05  3.2087588e+03
   1.500e+01    6.3647666e+05  3.1564020e+03
