#   ncyc_cp         Intensity      Esd(Int.)
   0.000e+00    9.9746600e+05  5.0000000e+03
   1.000e+00    7.5207103e+04  3.7360906e+02
   2.000e+00    7.9065491e+04  3.9556046e+02
   3.000e+00    8.3886022e+04  4.1881595e+02
   4.000e+00    8.8543598e+04  4.4296207e+02
   5.000e+00    9.4162954e+04  4.6929879e+02
   6.000e+00    9.9329859e+04  4.9733437e+02
   7.000e+00    1.0461138e+05  5.2693965e+02
   8.000e+00    1.1314388e+05  5.6043060e+02
   9.000e+00    1.2061625e+05  6.0057907e+02
   1.000e+01    1.2979904e+05  6.4909878e+02
   1.100e+01    1.4172144e+05  7.0648055e+02
   1.200e+01    1.5435525e+05  7.7233623e+02
   1.300e+01    1.6849986e+05  8.4575252e+02
   1.400e+01    1.8404380e+05  9.2554162e+02
   1.500e+01    2.0103927e+05  1.0104048e+03
   1.600e+01    2.1906786e+05  1.0990385e+03
   1.700e+01    2.3837815e+05  1.1902037e+03
   1.800e+01    2.5498858e+05  1.2827692e+03
   1.900e+01    2.7738669e+05  1.3757356e+03
   2.000e+01    2.9333161e+05  1.4682459e+03
   2.100e+01    3.1259625e+05  1.5595853e+03
   2.200e+01    3.2925937e+05  1.6491737e+03
   2.300e+01    3.4828687e+05  1.7365551e+03
   2.400e+01    3.6670300e+05  1.8213827e+03
   2.500e+01    3.8109029e+05  1.9034054e+03
   2.600e+01    3.9672436e+05  1.9824525e+03
   2.700e+01    4.1038275e+05  2.0584207e+03
   2.800e+01    4.2483123e+05  2.1312619e+03
   2.900e+01    4.4022016e+05  2.2009721e+03
   3.000e+01    4.5284634e+05  2.2675822e+03
   3.100e+01    4.7106000e+05  2.3311501e+03
   3.200e+01    4.7810353e+05  2.3917541e+03
   3.300e+01    4.9468105e+05  2.4494871e+03
   3.400e+01    5.0472851e+05  2.5044528e+03
   3.500e+01    5.1213723e+05  2.5567611e+03
   3.600e+01    5.1991708e+05  2.6065262e+03
   3.700e+01    5.3078475e+05  2.6538636e+03
   3.800e+01    5.3820295e+05  2.6988887e+03
   3.900e+01    5.4629440e+05  2.7417153e+03
   4.000e+01    5.5233630e+05  2.7824547e+03
   6.000e+00    9.8676462e+04  4.9733437e+02
   3.100e+01    4.6880512e+05  2.3311501e+03
   2.100e+01    3.1235804e+05  1.5595853e+03
