#   ncyc_cp         Intensity      Esd(Int.)
   0.000e+00    9.9979480e+05  5.0000000e+03
   1.000e+00    1.8570907e+05  9.3333091e+02
   2.000e+00    1.9512738e+05  9.7948374e+02
   3.000e+00    2.0734852e+05  1.0324527e+03
   4.000e+00    2.1907045e+05  1.0933403e+03
   5.000e+00    2.3927325e+05  1.1960768e+03
   6.000e+00    2.7136023e+05  1.3515776e+03
   7.000e+00    3.0891966e+05  1.5400039e+03
   8.000e+00    3.4830327e+05  1.7403798e+03
   9.000e+00    3.8831828e+05  1.9380421e+03
   1.000e+01    4.2386083e+05  2.1243994e+03
   1.100e+01    4.5984422e+05  2.2952495e+03
   1.200e+01    4.8793457e+05  2.4491908e+03
   1.300e+01    5.1719668e+05  2.5864494e+03
   1.400e+01    5.4135930e+05  2.7081038e+03
   1.500e+01    5.6306342e+05  2.8156096e+03
   1.600e+01    5.8202623e+05  2.9105248e+03
   1.700e+01    6.0058252e+05  2.9943617e+03
   1.800e+01    6.1386196e+05  3.0685152e+03
   1.900e+01    6.2285401e+05  3.1342340e+03
   2.000e+01    6.3514213e+05  3.1926163e+03
   2.100e+01    6.5022068e+05  3.2446171e+03
   2.200e+01    6.5773304e+05  3.2910619e+03
   2.300e+01    6.6515636e+05  3.3326614e+03
   2.400e+01    6.7622307e+05  3.3700266e+03
   2.500e+01    6.8029441e+05  3.4036827e+03
   2.600e+01    6.8561840e+05  3.4340814e+03
   2.700e+01    6.9244519e+05  3.4616118e+03
   2.800e+01    7.0098983e+05  3.4866096e+03
   2.900e+01    7.0467184e+05  3.5093650e+03
   3.000e+01    7.0992421e+05  3.5301297e+03
   3.100e+01    7.0729930e+05  3.5491223e+03
   3.200e+01    7.1200347e+05  3.5665332e+03
   3.300e+01    7.1914587e+05  3.5825288e+03
   3.400e+01    7.1074328e+05  3.5972549e+03
   3.500e+01    7.2638909e+05  3.6108392e+03
   3.600e+01    7.1857551e+05  3.6233946e+03
   3.700e+01    7.2163085e+05  3.6350202e+03
   3.800e+01    7.2447617e+05  3.6458042e+03
   3.900e+01    7.2792850e+05  3.6558244e+03
   4.000e+01    7.3168642e+05  3.6651502e+03
   3.800e+01    7.3612401e+05  3.6458042e+03
   3.000e+01    7.0490850e+05  3.5301297e+03
   2.500e+01    6.8064611e+05  3.4036827e+03
