#   ncyc_cp         Intensity      Esd(Int.)
   0.000e+00    9.9582535e+05  5.0000000e+03
   1.000e+00    3.3795091e+05  1.6819949e+03
   2.000e+00    3.5117225e+05  1.7629527e+03
   3.000e+00    3.7695143e+05  1.8854303e+03
   4.000e+00    4.1737462e+05  2.0825063e+03
   5.000e+00    4.6377264e+05  2.3226716e+03
   6.000e+00    5.0972377e+05  2.5559751e+03
   7.000e+00    5.5454385e+05  2.7602265e+03
   8.000e+00    5.8996824e+05  2.9309455e+03
   9.000e+00    6.1013061e+05  3.0709283e+03
   1.000e+01    6.3520986e+05  3.1850653e+03
   1.100e+01    6.5691574e+05  3.2782529e+03
   1.200e+01    6.7583374e+05  3.3547102e+03
   1.300e+01    6.9071022e+05  3.4178593e+03
   1.400e+01    6.9338273e+05  3.4704043e+03
   1.500e+01    7.0674709e+05  3.5144592e+03
   1.600e+01    7.1490289e+05  3.5516736e+03
   1.700e+01    7.1451074e+05  3.5833375e+03
   1.800e+01    7.2202768e+05  3.6104645e+03
   1.900e+01    7.2489958e+05  3.6338556e+03
   2.000e+01    7.3340364e+05  3.6541488e+03
   2.100e+01    7.3360434e+05  3.6718549e+03
   2.200e+01    7.3952339e+05  3.6873866e+03
   2.300e+01    7.3737247e+05  3.7010791e+03
   2.400e+01    7.3854428e+05  3.7132068e+03
   2.500e+01    7.4549930e+05  3.7239957e+03
   2.600e+01    7.4625631e+05  3.7336331e+03
   2.700e+01    7.5445678e+05  3.7422750e+03
   2.800e+01    7.5228089e+05  3.7500524e+03
   2.900e+01    7.5664913e+05  3.7570757e+03
   3.000e+01    7.5584889e+05  3.7634382e+03
   3.100e+01    7.5730336e+05  3.7692196e+03
   3.200e+01    7.4674649e+05  3.7744879e+03
   3.300e+01    7.5283122e+05  3.7793018e+03
   3.400e+01    7.5368384e+05  3.7837115e+03
   3.500e+01    7.5715578e+05  3.7877609e+03
   3.600e+01    7.5912812e+05  3.7914879e+03
   3.700e+01    7.6196119e+05  3.7949257e+03
   3.800e+01    7.6029299e+05  3.7981033e+03
   3.900e+01    7.5145612e+05  3.8010462e+03
   4.000e+01    7.6701865e+05  3.8037769e+03
   3.900e+01    7.6010436e+05  3.8010462e+03
   1.300e+01    6.8463025e+05  3.4178593e+03
   5.000e+00    4.6371728e+05  2.3226716e+03
