#   ncyc_cp         Intensity      Esd(Int.)
   0.000e+00    1.0084028e+06  5.0000000e+03
   1.000e+00    5.6743448e+05  2.8205293e+03
   3.000e+00    5.7193479e+05  2.8628953e+03
   5.000e+00    5.7910157e+05  2.9060490e+03
   7.000e+00    5.9181506e+05  2.9498578e+03
   9.000e+00    5.9508641e+05  2.9941911e+03
   1.100e+01    6.0619649e+05  3.0389177e+03
   1.300e+01    6.1585185e+05  3.0838153e+03
   1.500e+01    6.2423441e+05  3.1284888e+03
   1.700e+01    6.4116945e+05  3.1724253e+03
   1.900e+01    6.4292786e+05  3.2151003e+03
   2.100e+01    6.5044252e+05  3.2560602e+03
   2.300e+01    6.5894910e+05  3.2949631e+03
   2.500e+01    6.6871051e+05  3.3315868e+03
   2.700e+01    6.7319857e+05  3.3658176e+03
   2.900e+01    6.7887097e+05  3.3976306e+03
   3.100e+01    6.8425872e+05  3.4270677e+03
   3.300e+01    6.9528182e+05  3.4542182e+03
   3.500e+01    6.9133842e+05  3.4792017e+03
   3.700e+01    7.0029472e+05  3.5021558e+03
   3.900e+01    7.0314000e+05  3.5232260e+03
   4.100e+01    7.1160101e+05  3.5425589e+03
   4.300e+01    7.1287566e+05  3.5602977e+03
   4.500e+01    7.1500054e+05  3.5765791e+03
   4.700e+01    7.2365834e+05  3.5915313e+03
   4.900e+01    7.1871327e+05  3.6052736e+03
   5.100e+01    7.2124355e+05  3.6179157e+03
   5.300e+01    7.2971576e+05  3.6295580e+03
   5.500e+01    7.3219181e+05  3.6402917e+03
   5.700e+01    7.2858363e+05  3.6501997e+03
   5.900e+01    7.2129247e+05  3.6593570e+03
   6.100e+01    7.3827354e+05  3.6678314e+03
   6.300e+01    7.3098722e+05  3.6756839e+03
   6.500e+01    7.3979109e+05  3.6829698e+03
   6.700e+01    7.4084245e+05  3.6897387e+03
   6.900e+01    7.3826018e+05  3.6960355e+03
   7.100e+01    7.3770584e+05  3.7019007e+03
   7.300e+01    7.4406294e+05  3.7073706e+03
   7.500e+01    7.4466041e+05  3.7124784e+03
   7.700e+01    7.4957861e+05  3.7172539e+03
   7.900e+01    7.4310022e+05  3.7217240e+03
   3.100e+01    6.9401787e+05  3.4270677e+03
   6.300e+01    7.3315005e+05  3.6756839e+03
   4.500e+01    7.1232705e+05  3.5765791e+03
