#   ncyc_cp         Intensity      Esd(Int.)
   0.000e+00    1.0037567e+06  5.0000000e+03
   1.000e+00    1.4907751e+05  7.4399777e+02
   2.000e+00    1.5939487e+05  7.9152995e+02
   3.000e+00    1.6974029e+05  8.4205775e+02
   4.000e+00    1.7869259e+05  8.9767495e+02
   5.000e+00    1.8890483e+05  9.5822334e+02
   6.000e+00    2.0453059e+05  1.0230194e+03
   7.000e+00    2.1954527e+05  1.0934179e+03
   8.000e+00    2.3191069e+05  1.1709166e+03
   9.000e+00    2.5120104e+05  1.2558906e+03
   1.000e+01    2.6882022e+05  1.3475924e+03
   1.100e+01    2.8973793e+05  1.4445355e+03
   1.200e+01    3.0892564e+05  1.5450283e+03
   1.300e+01    3.2797042e+05  1.6472882e+03
   1.400e+01    3.4847587e+05  1.7498116e+03
   1.500e+01    3.6994975e+05  1.8512013e+03
   1.600e+01    3.8980371e+05  1.9504631e+03
   1.700e+01    4.1161675e+05  2.0467028e+03
   1.800e+01    4.3115898e+05  2.1394077e+03
   1.900e+01    4.4299520e+05  2.2281003e+03
   2.000e+01    4.6002964e+05  2.3126204e+03
   2.100e+01    4.7867156e+05  2.3927783e+03
   2.200e+01    4.9965281e+05  2.4686368e+03
   2.300e+01    5.0444175e+05  2.5401828e+03
   2.400e+01    5.1935004e+05  2.6076033e+03
   2.500e+01    5.3707660e+05  2.6709814e+03
   2.600e+01    5.5047145e+05  2.7305618e+03
   2.700e+01    5.5708184e+05  2.7864723e+03
   2.800e+01    5.6455290e+05  2.8389747e+03
   2.900e+01    5.7979763e+05  2.8882107e+03
   3.000e+01    5.8810301e+05  2.9344358e+03
   3.100e+01    5.9425589e+05  2.9777888e+03
   3.200e+01    6.0234654e+05  3.0185074e+03
   3.300e+01    6.1390418e+05  3.0567189e+03
   3.400e+01    6.1764791e+05  3.0926383e+03
   3.500e+01    6.2696534e+05  3.1263778e+03
   3.600e+01    6.3013777e+05  3.1581288e+03
   3.700e+01    6.3711459e+05  3.1879875e+03
   3.800e+01    6.4202889e+05  3.2161230e+03
   3.900e+01    6.4707884e+05  3.2426164e+03
   4.000e+01    6.5372599e+05  3.2676157e+03
   4.000e+00    1.7885680e+05  8.9767495e+02
   2.500e+01    5.3109557e+05  2.6709814e+03
   5.000e+00    1.9220644e+05  9.5822334e+02
