#   ncyc_cp         Intensity      Esd(Int.)
   0.000e+00    9.9832044e+05  5.0000000e+03
   1.000e+00    6.0724364e+04  3.0386201e+02
   3.000e+00    6.3964066e+04  3.2188628e+02
   5.000e+00    6.8826878e+04  3.4138694e+02
   7.000e+00    7.2116231e+04  3.5974047e+02
   9.000e+00    7.6364725e+04  3.8168787e+02
   1.100e+01    8.1630736e+04  4.0391694e+02
   1.300e+01    8.5411616e+04  4.2669570e+02
   1.500e+01    9.2188647e+04  4.5817399e+02
   1.700e+01    1.0045377e+05  5.0390973e+02
   1.900e+01    1.1248815e+05  5.6527754e+02
   2.100e+01    1.2936284e+05  6.4127638e+02
   2.300e+01    1.4626103e+05  7.2984082e+02
   2.500e+01    1.6645351e+05  8.2848390e+02
   2.700e+01    1.8541903e+05  9.3462912e+02
   2.900e+01    2.0872507e+05  1.0458102e+03
   3.100e+01    2.3312211e+05  1.1597960e+03
   3.300e+01    2.5688677e+05  1.2746602e+03
   3.500e+01    2.7644215e+05  1.3888074e+03
   3.700e+01    2.9922134e+05  1.5009673e+03
   3.900e+01    3.2063665e+05  1.6101688e+03
   4.100e+01    3.4284915e+05  1.7157033e+03
   4.300e+01    3.6422863e+05  1.8170840e+03
   4.500e+01    3.8539381e+05  1.9140054e+03
   4.700e+01    4.0327067e+05  2.0063064e+03
   4.900e+01    4.1858786e+05  2.0939385e+03
   5.100e+01    4.4006273e+05  2.1769381e+03
   5.300e+01    4.5151254e+05  2.2554041e+03
   5.500e+01    4.6396827e+05  2.3294799e+03
   5.700e+01    4.7696710e+05  2.3993390e+03
   5.900e+01    4.8861939e+05  2.4651742e+03
   6.100e+01    5.0719200e+05  2.5271886e+03
   6.300e+01    5.1522108e+05  2.5855894e+03
   6.500e+01    5.3079365e+05  2.6405835e+03
   6.700e+01    5.3615997e+05  2.6923734e+03
   6.900e+01    5.4865468e+05  2.7411556e+03
   7.100e+01    5.6450283e+05  2.7871186e+03
   7.300e+01    5.6607316e+05  2.8304416e+03
   7.500e+01    5.8111496e+05  2.8712946e+03
   7.700e+01    5.7927671e+05  2.9098377e+03
   7.900e+01    5.8791465e+05  2.9462215e+03
   7.100e+01    5.5528519e+05  2.7871186e+03
   6.700e+01    5.4026467e+05  2.6923734e+03
   5.000e+00    6.8315511e+04  3.4138694e+02
