#   ncyc_cp         Intensity      Esd(Int.)
   0.000e+00    9.9788206e+05  5.0000000e+03
   1.000e+00    1.0120696e+05  5.0484153e+02
   2.000e+00    1.0407645e+05  5.1866861e+02
   3.000e+00    1.0718421e+05  5.3739400e+02
   4.000e+00    1.0853707e+05  5.4151291e+02
   5.000e+00    1.1207050e+05  5.6606762e+02
   6.000e+00    1.1639989e+05  5.8424667e+02
   7.000e+00    1.1952890e+05  5.9553305e+02
   8.000e+00    1.2350673e+05  6.1896037e+02
   9.000e+00    1.3209012e+05  6.6365573e+02
   1.000e+01    1.4577787e+05  7.2981458e+02
   1.100e+01    1.6176257e+05  8.1430658e+02
   1.200e+01    1.8189112e+05  9.1316624e+02
   1.300e+01    2.0549667e+05  1.0223189e+03
   1.400e+01    2.2888651e+05  1.1383846e+03
   1.500e+01    2.5248745e+05  1.2579841e+03
   1.600e+01    2.7644666e+05  1.3789080e+03
   1.700e+01    2.9976021e+05  1.4987213e+03
   1.800e+01    3.2061891e+05  1.6163038e+03
   1.900e+01    3.4807905e+05  1.7300600e+03
   2.000e+01    3.6700744e+05  1.8396733e+03
   2.100e+01    3.8835423e+05  1.9441636e+03
   2.200e+01    4.0567863e+05  2.0437209e+03
   2.300e+01    4.2914201e+05  2.1377660e+03
   2.400e+01    4.4449833e+05  2.2267670e+03
   2.500e+01    4.5859549e+05  2.3103854e+03
   2.600e+01    4.7922094e+05  2.3892158e+03
   2.700e+01    4.9859316e+05  2.4630554e+03
   2.800e+01    5.0371034e+05  2.5325341e+03
   2.900e+01    5.2033459e+05  2.5975211e+03
   3.000e+01    5.2995048e+05  2.6586318e+03
   3.100e+01    5.4455624e+05  2.7157701e+03
   3.200e+01    5.4824893e+05  2.7695120e+03
   3.300e+01    5.6485492e+05  2.8197768e+03
   3.400e+01    5.8140847e+05  2.8670908e+03
   3.500e+01    5.7927698e+05  2.9113779e+03
   3.600e+01    5.9309116e+05  2.9531130e+03
   3.700e+01    5.9732628e+05  2.9922201e+03
   3.800e+01    6.0827320e+05  3.0291244e+03
   3.900e+01    6.1242861e+05  3.0637485e+03
   4.000e+01    6.2080954e+05  3.0964719e+03
   4.000e+00    1.0839258e+05  5.4151291e+02
   2.900e+01    5.1628981e+05  2.5975211e+03
   3.900e+01    6.1230717e+05  3.0637485e+03
