#   ncyc_cp         Intensity      Esd(Int.)
   0.000e+00    1.0046299e+06  5.0000000e+03
   1.000e+00    7.9174737e+04  3.9719212e+02
   3.000e+00    8.4451430e+04  4.1943007e+02
   5.000e+00    8.7727273e+04  4.4301108e+02
   7.000e+00    9.3729234e+04  4.6757132e+02
   9.000e+00    9.8031149e+04  4.9362989e+02
   1.100e+01    1.0466796e+05  5.2194584e+02
   1.300e+01    1.1003231e+05  5.5151808e+02
   1.500e+01    1.1703813e+05  5.8351959e+02
   1.700e+01    1.2390261e+05  6.2082752e+02
   1.900e+01    1.3394940e+05  6.6581239e+02
   2.100e+01    1.4471587e+05  7.1954049e+02
   2.300e+01    1.5687726e+05  7.8196778e+02
   2.500e+01    1.7121705e+05  8.5234251e+02
   2.700e+01    1.8738015e+05  9.2952806e+02
   2.900e+01    2.0187583e+05  1.0122171e+03
   3.100e+01    2.2076687e+05  1.0990673e+03
   3.300e+01    2.3585681e+05  1.1887879e+03
   3.500e+01    2.5477025e+05  1.2801914e+03
   3.700e+01    2.7325335e+05  1.3722245e+03
   3.900e+01    2.9121746e+05  1.4639804e+03
   4.100e+01    3.0839218e+05  1.5547007e+03
   4.300e+01    3.3004303e+05  1.6437688e+03
   4.500e+01    3.4476870e+05  1.7306982e+03
   4.700e+01    3.6185085e+05  1.8151183e+03
   4.900e+01    3.7686968e+05  1.8967593e+03
   5.100e+01    3.9321621e+05  1.9754364e+03
   5.300e+01    4.0911763e+05  2.0510363e+03
   5.500e+01    4.3001535e+05  2.1235037e+03
   5.700e+01    4.3497296e+05  2.1928300e+03
   5.900e+01    4.5453097e+05  2.2590436e+03
   6.100e+01    4.6142134e+05  2.3222011e+03
   6.300e+01    4.7616624e+05  2.3823808e+03
   6.500e+01    4.8854280e+05  2.4396762e+03
   6.700e+01    4.9822417e+05  2.4941921e+03
   6.900e+01    5.1168077e+05  2.5460400e+03
   7.100e+01    5.1955673e+05  2.5953356e+03
   7.300e+01    5.2809118e+05  2.6421964e+03
   7.500e+01    5.3252143e+05  2.6867394e+03
   7.700e+01    5.4846886e+05  2.7290802e+03
   7.900e+01    5.5445636e+05  2.7693317e+03
   5.900e+01    4.4998014e+05  2.2590436e+03
   9.000e+00    9.8162429e+04  4.9362989e+02
   2.700e+01    1.8523879e+05  9.2952806e+02
