#   ncyc_cp         Intensity      Esd(Int.)
   0.000e+00    9.9543784e+05  5.0000000e+03
   1.000e+00    7.0658812e+04  3.5315737e+02
   3.000e+00    7.5371691e+04  3.7531004e+02
   5.000e+00    8.0052550e+04  3.9897464e+02
   7.000e+00    8.3919995e+04  4.2346559e+02
   9.000e+00    9.1108528e+04  4.5024888e+02
   1.100e+01    9.5545066e+04  4.7919529e+02
   1.300e+01    1.0137080e+05  5.0968794e+02
   1.500e+01    1.0915127e+05  5.4487073e+02
   1.700e+01    1.1833854e+05  5.8848085e+02
   1.900e+01    1.2736328e+05  6.4253761e+02
   2.100e+01    1.4164302e+05  7.0732457e+02
   2.300e+01    1.5550331e+05  7.8201628e+02
   2.500e+01    1.7235605e+05  8.6519908e+02
   2.700e+01    1.8909171e+05  9.5520122e+02
   2.900e+01    2.0963485e+05  1.0502944e+03
   3.100e+01    2.2984855e+05  1.1488190e+03
   3.300e+01    2.5005199e+05  1.2492599e+03
   3.500e+01    2.7229249e+05  1.3502884e+03
   3.700e+01    2.9015720e+05  1.4507799e+03
   3.900e+01    3.1031635e+05  1.5498128e+03
   4.100e+01    3.3092000e+05  1.6466571e+03
   4.300e+01    3.4562224e+05  1.7407548e+03
   4.500e+01    3.6396850e+05  1.8316987e+03
   4.700e+01    3.8263388e+05  1.9192088e+03
   4.900e+01    4.0022238e+05  2.0031104e+03
   5.100e+01    4.1825649e+05  2.0833147e+03
   5.300e+01    4.3411482e+05  2.1598004e+03
   5.500e+01    4.4559543e+05  2.2325990e+03
   5.700e+01    4.6441948e+05  2.3017818e+03
   5.900e+01    4.7597986e+05  2.3674497e+03
   6.100e+01    4.8783154e+05  2.4297243e+03
   6.300e+01    4.9812040e+05  2.4887412e+03
   6.500e+01    5.0996139e+05  2.5446447e+03
   6.700e+01    5.1660939e+05  2.5975834e+03
   6.900e+01    5.2838219e+05  2.6477072e+03
   7.100e+01    5.3867585e+05  2.6951647e+03
   7.300e+01    5.4688004e+05  2.7401012e+03
   7.500e+01    5.5059782e+05  2.7826578e+03
   7.700e+01    5.6522755e+05  2.8229706e+03
   7.900e+01    5.7850499e+05  2.8611693e+03
   1.300e+01    1.0223963e+05  5.0968794e+02
   7.000e+00    8.4507403e+04  4.2346559e+02
   7.900e+01    5.7352231e+05  2.8611693e+03
