#   ncyc_cp         Intensity      Esd(Int.)
   0.000e+00    9.9299173e+05  5.0000000e+03
   1.000e+00    3.5575280e+04  1.7793661e+02
   3.000e+00    3.8545899e+04  1.9178528e+02
   5.000e+00    4.1239821e+04  2.0678769e+02
   7.000e+00    4.4487948e+04  2.2271194e+02
   9.000e+00    4.8148797e+04  2.4004582e+02
   1.100e+01    5.2089614e+04  2.5924925e+02
   1.300e+01    5.5717762e+04  2.7970266e+02
   1.500e+01    6.0407560e+04  3.0252172e+02
   1.700e+01    6.6510261e+04  3.3001895e+02
   1.900e+01    7.3205806e+04  3.6415599e+02
   2.100e+01    8.0827890e+04  4.0602547e+02
   2.300e+01    9.1232936e+04  4.5596270e+02
   2.500e+01    1.0250588e+05  5.1376833e+02
   2.700e+01    1.1618141e+05  5.7888218e+02
   2.900e+01    1.3067773e+05  6.5050481e+02
   3.100e+01    1.4512269e+05  7.2768824e+02
   3.300e+01    1.6138600e+05  8.0940881e+02
   3.500e+01    1.7933867e+05  8.9462662e+02
   3.700e+01    1.9588358e+05  9.8233244e+02
   3.900e+01    2.1474821e+05  1.0715823e+03
   4.100e+01    2.3329154e+05  1.1615207e+03
   4.300e+01    2.5069155e+05  1.2513932e+03
   4.500e+01    2.6805417e+05  1.3405520e+03
   4.700e+01    2.8467081e+05  1.4284541e+03
   4.900e+01    3.0311847e+05  1.5146558e+03
   5.100e+01    3.2265985e+05  1.5988048e+03
   5.300e+01    3.3664421e+05  1.6806301e+03
   5.500e+01    3.5076526e+05  1.7599322e+03
   5.700e+01    3.6866417e+05  1.8365723e+03
   5.900e+01    3.8275635e+05  1.9104634e+03
   6.100e+01    3.9577685e+05  1.9815615e+03
   6.300e+01    4.1438907e+05  2.0498574e+03
   6.500e+01    4.2124572e+05  2.1153702e+03
   6.700e+01    4.4204453e+05  2.1781413e+03
   6.900e+01    4.4564487e+05  2.2382294e+03
   7.100e+01    4.6138634e+05  2.2957064e+03
   7.300e+01    4.6807212e+05  2.3506535e+03
   7.500e+01    4.7675944e+05  2.4031589e+03
   7.700e+01    4.9107855e+05  2.4533148e+03
   7.900e+01    4.9946657e+05  2.5012161e+03
   7.500e+01    4.8315587e+05  2.4031589e+03
   2.900e+01    1.2989530e+05  6.5050481e+02
   6.500e+01    4.1966504e+05  2.1153702e+03
