#   ncyc_cp         Intensity      Esd(Int.)
   0.000e+00    1.0092233e+06  5.0000000e+03
   1.000e+00    4.8194078e+05  2.4269665e+03
   2.000e+00    5.0741255e+05  2.5441068e+03
   3.000e+00    5.3580464e+05  2.6693496e+03
   4.000e+00    5.5824385e+05  2.8014198e+03
   5.000e+00    5.8332376e+05  2.9338674e+03
   6.000e+00    6.1124211e+05  3.0579230e+03
   7.000e+00    6.3066323e+05  3.1683147e+03
   8.000e+00    6.5292508e+05  3.2634939e+03
   9.000e+00    6.6839517e+05  3.3441427e+03
   1.000e+01    6.8370151e+05  3.4119234e+03
   1.100e+01    6.8987006e+05  3.4687529e+03
   1.200e+01    7.0005150e+05  3.5164553e+03
   1.300e+01    7.1626351e+05  3.5566276e+03
   1.400e+01    7.1255771e+05  3.5906108e+03
   1.500e+01    7.2101300e+05  3.6195070e+03
   1.600e+01    7.3316907e+05  3.6442119e+03
   1.700e+01    7.3428483e+05  3.6654504e+03
   1.800e+01    7.3205658e+05  3.6838085e+03
   1.900e+01    7.3415526e+05  3.6997613e+03
   2.000e+01    7.4586234e+05  3.7136947e+03
   2.100e+01    7.4459914e+05  3.7259237e+03
   2.200e+01    7.5269693e+05  3.7367067e+03
   2.300e+01    7.6168617e+05  3.7462565e+03
   2.400e+01    7.4806661e+05  3.7547494e+03
   2.500e+01    7.5444370e+05  3.7623321e+03
   2.600e+01    7.6374461e+05  3.7691274e+03
   2.700e+01    7.5540123e+05  3.7752386e+03
   2.800e+01    7.5997084e+05  3.7807529e+03
   2.900e+01    7.5547910e+05  3.7857442e+03
   3.000e+01    7.6036163e+05  3.7902756e+03
   3.100e+01    7.6103660e+05  3.7944012e+03
   3.200e+01    7.5877332e+05  3.7981674e+03
   3.300e+01    7.6099010e+05  3.8016142e+03
   3.400e+01    7.6147601e+05  3.8047764e+03
   3.500e+01    7.6156735e+05  3.8076841e+03
   3.600e+01    7.5976425e+05  3.8103637e+03
   3.700e+01    7.6466056e+05  3.8128382e+03
   3.800e+01    7.5906145e+05  3.8151278e+03
   3.900e+01    7.6970485e+05  3.8172505e+03
   4.000e+01    7.5932470e+05  3.8192219e+03
   1.200e+01    7.0656408e+05  3.5164553e+03
   5.000e+00    5.8707973e+05  2.9338674e+03
   1.400e+01    7.1905772e+05  3.5906108e+03
