#   ncyc_cp         Intensity      Esd(Int.)
   0.000e+00    9.9446159e+05  5.0000000e+03
   1.000e+00    6.6019403e+05  3.2939987e+03
   3.000e+00    6.6152098e+05  3.3211147e+03
   5.000e+00    6.6809152e+05  3.3485169e+03
   7.000e+00    6.8002725e+05  3.3760934e+03
   9.000e+00    6.8008253e+05  3.4037209e+03
   1.100e+01    6.8591148e+05  3.4312580e+03
   1.300e+01    6.9275062e+05  3.4584596e+03
   1.500e+01    7.0080550e+05  3.4849850e+03
   1.700e+01    7.0000443e+05  3.5104800e+03
   1.900e+01    7.0303538e+05  3.5346487e+03
   2.100e+01    7.1277953e+05  3.5572866e+03
   2.300e+01    7.1514326e+05  3.5782836e+03
   2.500e+01    7.1658208e+05  3.5976095e+03
   2.700e+01    7.2799402e+05  3.6152949e+03
   2.900e+01    7.2547702e+05  3.6314118e+03
   3.100e+01    7.3783615e+05  3.6460579e+03
   3.300e+01    7.3191104e+05  3.6593442e+03
   3.500e+01    7.3592500e+05  3.6713860e+03
   3.700e+01    7.4309085e+05  3.6822976e+03
   3.900e+01    7.4026045e+05  3.6921879e+03
   4.100e+01    7.3657558e+05  3.7011588e+03
   4.300e+01    7.4417871e+05  3.7093040e+03
   4.500e+01    7.4542578e+05  3.7167086e+03
   4.700e+01    7.4875360e+05  3.7234495e+03
   4.900e+01    7.4702364e+05  3.7295956e+03
   5.100e+01    7.4590792e+05  3.7352084e+03
   5.300e+01    7.4438694e+05  3.7403427e+03
   5.500e+01    7.5204687e+05  3.7450472e+03
   5.700e+01    7.4266922e+05  3.7493653e+03
   5.900e+01    7.4403511e+05  3.7533356e+03
   6.100e+01    7.4664118e+05  3.7569921e+03
   6.300e+01    7.5288510e+05  3.7603654e+03
   6.500e+01    7.4818377e+05  3.7634824e+03
   6.700e+01    7.5146354e+05  3.7663673e+03
   6.900e+01    7.5821927e+05  3.7690416e+03
   7.100e+01    7.5532163e+05  3.7715245e+03
   7.300e+01    7.5837503e+05  3.7738330e+03
   7.500e+01    7.5500313e+05  3.7759827e+03
   7.700e+01    7.5147177e+05  3.7779872e+03
   7.900e+01    7.5747739e+05  3.7798590e+03
   5.300e+01    7.4877432e+05  3.7403427e+03
   1.300e+01    6.9005284e+05  3.4584596e+03
   5.000e+00    6.7030811e+05  3.3485169e+03
