#   ncyc_cp         Intensity      Esd(Int.)
   0.000e+00    9.9536357e+05  5.0000000e+03
   1.000e+00    1.8858458e+05  9.4292014e+02
   2.000e+00    2.0041326e+05  1.0059137e+03
   3.000e+00    2.1442550e+05  1.0736368e+03
   4.000e+00    2.2944848e+05  1.1477761e+03
   5.000e+00    2.4473432e+05  1.2291654e+03
   6.000e+00    2.6198604e+05  1.3213359e+03
   7.000e+00    2.8564607e+05  1.4260327e+03
   8.000e+00    3.0699833e+05  1.5416580e+03
   9.000e+00    3.3365672e+05  1.6647399e+03
   1.000e+01    3.5824070e+05  1.7914093e+03
   1.100e+01    3.8291665e+05  1.9182052e+03
   1.200e+01    4.0902758e+05  2.0423835e+03
   1.300e+01    4.3162565e+05  2.1619568e+03
   1.400e+01    4.5691300e+05  2.2756120e+03
   1.500e+01    4.7729115e+05  2.3825829e+03
   1.600e+01    4.9493164e+05  2.4825202e+03
   1.700e+01    5.1145102e+05  2.5753766e+03
   1.800e+01    5.3295582e+05  2.6613124e+03
   1.900e+01    5.5265738e+05  2.7406224e+03
   2.000e+01    5.6140448e+05  2.8136826e+03
   2.100e+01    5.7364957e+05  2.8809103e+03
   2.200e+01    5.8773257e+05  2.9427377e+03
   2.300e+01    5.9809886e+05  2.9995932e+03
   2.400e+01    6.1137712e+05  3.0518902e+03
   2.500e+01    6.1741132e+05  3.1000197e+03
   2.600e+01    6.2835299e+05  3.1443464e+03
   2.700e+01    6.3974340e+05  3.1852078e+03
   2.800e+01    6.4455826e+05  3.2229131e+03
   2.900e+01    6.5428015e+05  3.2577448e+03
   3.000e+01    6.5750213e+05  3.2899597e+03
   3.100e+01    6.6060358e+05  3.3197908e+03
   3.200e+01    6.7023859e+05  3.3474490e+03
   3.300e+01    6.7424189e+05  3.3731248e+03
   3.400e+01    6.8190427e+05  3.3969907e+03
   3.500e+01    6.8687156e+05  3.4192024e+03
   3.600e+01    6.8600944e+05  3.4399005e+03
   3.700e+01    6.9088327e+05  3.4592121e+03
   3.800e+01    6.9717851e+05  3.4772524e+03
   3.900e+01    6.8994313e+05  3.4941252e+03
   4.000e+01    7.0230199e+05  3.5099249e+03
   3.800e+01    6.9823979e+05  3.4772524e+03
   2.500e+01    6.2101682e+05  3.1000197e+03
   2.400e+01    6.0713069e+05  3.0518902e+03
