#   ncyc_cp         Intensity      Esd(Int.)
   0.000e+00    9.9599836e+05  5.0000000e+03
   1.000e+00    4.9839911e+04  2.4782190e+02
   2.000e+00    5.3398589e+04  2.6746723e+02
   3.000e+00    5.7458996e+04  2.8835466e+02
   4.000e+00    6.1830806e+04  3.1092099e+02
   5.000e+00    6.6949477e+04  3.3716508e+02
   6.000e+00    7.3093198e+04  3.6598255e+02
   7.000e+00    8.0303874e+04  3.9721550e+02
   8.000e+00    8.5973413e+04  4.3278053e+02
   9.000e+00    9.4581740e+04  4.7490693e+02
   1.000e+01    1.0480731e+05  5.2494626e+02
   1.100e+01    1.1615588e+05  5.8329512e+02
   1.200e+01    1.3055333e+05  6.4970212e+02
   1.300e+01    1.4424405e+05  7.2335360e+02
   1.400e+01    1.5883187e+05  8.0333249e+02
   1.500e+01    1.7712157e+05  8.8836563e+02
   1.600e+01    1.9627087e+05  9.7740823e+02
   1.700e+01    2.1393581e+05  1.0691290e+03
   1.800e+01    2.3223447e+05  1.1626225e+03
   1.900e+01    2.4992305e+05  1.2567083e+03
   2.000e+01    2.6967920e+05  1.3507322e+03
   2.100e+01    2.8997484e+05  1.4437476e+03
   2.200e+01    3.0530773e+05  1.5353658e+03
   2.300e+01    3.2480051e+05  1.6248786e+03
   2.400e+01    3.4214411e+05  1.7121257e+03
   2.500e+01    3.6110471e+05  1.7966030e+03
   2.600e+01    3.7526898e+05  1.8783238e+03
   2.700e+01    3.9616586e+05  1.9569421e+03
   2.800e+01    4.0680813e+05  2.0325910e+03
   2.900e+01    4.2062827e+05  2.1050390e+03
   3.000e+01    4.3357364e+05  2.1744946e+03
   3.100e+01    4.4688762e+05  2.2408050e+03
   3.200e+01    4.5822968e+05  2.3042206e+03
   3.300e+01    4.7195853e+05  2.3646407e+03
   3.400e+01    4.7999589e+05  2.4223342e+03
   3.500e+01    4.9434279e+05  2.4772335e+03
   3.600e+01    5.0297645e+05  2.5296101e+03
   3.700e+01    5.1130152e+05  2.5794166e+03
   3.800e+01    5.2832678e+05  2.6269175e+03
   3.900e+01    5.3733746e+05  2.6720770e+03
   4.000e+01    5.3806280e+05  2.7151470e+03
   3.000e+01    4.3448180e+05  2.1744946e+03
   3.700e+01    5.1699541e+05  2.5794166e+03
   1.600e+01    1.9712895e+05  9.7740823e+02
