#   ncyc_cp         Intensity      Esd(Int.)
   0.000e+00    9.9251682e+05  5.0000000e+03
   1.000e+00    9.7011470e+04  4.8562653e+02
   2.000e+00    1.0212462e+05  5.0689055e+02
   3.000e+00    1.0576021e+05  5.2853339e+02
   4.000e+00    1.0915935e+05  5.4886983e+02
   5.000e+00    1.1440128e+05  5.7370093e+02
   6.000e+00    1.1884994e+05  5.9417742e+02
   7.000e+00    1.2464814e+05  6.2214028e+02
   8.000e+00    1.3357271e+05  6.6872696e+02
   9.000e+00    1.4673016e+05  7.3648560e+02
   1.000e+01    1.6418418e+05  8.2323222e+02
   1.100e+01    1.8569208e+05  9.2515901e+02
   1.200e+01    2.0648547e+05  1.0381722e+03
   1.300e+01    2.3074041e+05  1.1584280e+03
   1.400e+01    2.5650860e+05  1.2825621e+03
   1.500e+01    2.8591495e+05  1.4077790e+03
   1.600e+01    3.0890641e+05  1.5318600e+03
   1.700e+01    3.2943890e+05  1.6531222e+03
   1.800e+01    3.5453547e+05  1.7703512e+03
   1.900e+01    3.7631054e+05  1.8827226e+03
   2.000e+01    3.9814410e+05  1.9897256e+03
   2.100e+01    4.2060551e+05  2.0910929e+03
   2.200e+01    4.3484627e+05  2.1867408e+03
   2.300e+01    4.5485096e+05  2.2767201e+03
   2.400e+01    4.7369948e+05  2.3611760e+03
   2.500e+01    4.9077086e+05  2.4403183e+03
   2.600e+01    4.9864587e+05  2.5143971e+03
   2.700e+01    5.1947375e+05  2.5836858e+03
   2.800e+01    5.2646650e+05  2.6484680e+03
   2.900e+01    5.4125031e+05  2.7090286e+03
   3.000e+01    5.5308026e+05  2.7656470e+03
   3.100e+01    5.6422393e+05  2.8185932e+03
   3.200e+01    5.7183647e+05  2.8681245e+03
   3.300e+01    5.8432314e+05  2.9144844e+03
   3.400e+01    5.8959588e+05  2.9579016e+03
   3.500e+01    5.9738475e+05  2.9985897e+03
   3.600e+01    6.1076309e+05  3.0367473e+03
   3.700e+01    6.1587522e+05  3.0725589e+03
   3.800e+01    6.2439397e+05  3.1061951e+03
   3.900e+01    6.2983767e+05  3.1378136e+03
   4.000e+01    6.3388967e+05  3.1675600e+03
   1.300e+01    2.3430321e+05  1.1584280e+03
   6.000e+00    1.1831983e+05  5.9417742e+02
   1.500e+01    2.7941283e+05  1.4077790e+03
