#   ncyc_cp         Intensity      Esd(Int.)
   0.000e+00    1.0007991e+06  5.0000000e+03
   1.000e+00    7.4905269e+04  3.7943254e+02
   2.000e+00    7.9075799e+04  3.9852547e+02
   3.000e+00    8.3732052e+04  4.1805869e+02
   4.000e+00    8.6269582e+04  4.3608372e+02
   5.000e+00    9.2584969e+04  4.6254444e+02
   6.000e+00    9.7473887e+04  4.8850874e+02
   7.000e+00    1.0345565e+05  5.1414362e+02
   8.000e+00    1.0969459e+05  5.4761734e+02
   9.000e+00    1.1910620e+05  5.9447441e+02
   1.000e+01    1.3143596e+05  6.5608409e+02
   1.100e+01    1.4653204e+05  7.3144739e+02
   1.200e+01    1.6179917e+05  8.1856364e+02
   1.300e+01    1.8346406e+05  9.1492357e+02
   1.400e+01    2.0342090e+05  1.0182138e+03
   1.500e+01    2.2488063e+05  1.1259453e+03
   1.600e+01    2.4513670e+05  1.2362755e+03
   1.700e+01    2.6865048e+05  1.3471906e+03
   1.800e+01    2.9334006e+05  1.4575030e+03
   1.900e+01    3.1318225e+05  1.5657672e+03
   2.000e+01    3.3320569e+05  1.6713894e+03
   2.100e+01    3.5348864e+05  1.7734168e+03
   2.200e+01    3.7535431e+05  1.8716987e+03
   2.300e+01    3.9403643e+05  1.9656470e+03
   2.400e+01    4.1190383e+05  2.0554006e+03
   2.500e+01    4.3159301e+05  2.1406159e+03
   2.600e+01    4.4517970e+05  2.2216003e+03
   2.700e+01    4.6247291e+05  2.2981624e+03
   2.800e+01    4.7553596e+05  2.3706933e+03
   2.900e+01    4.8696874e+05  2.4390908e+03
   3.000e+01    4.9969220e+05  2.5037756e+03
   3.100e+01    5.0938950e+05  2.5646943e+03
   3.200e+01    5.2470568e+05  2.6222649e+03
   3.300e+01    5.3822160e+05  2.6764581e+03
   3.400e+01    5.4274480e+05  2.7276718e+03
   3.500e+01    5.4996735e+05  2.7758864e+03
   3.600e+01    5.6528604e+05  2.8214713e+03
   3.700e+01    5.7594010e+05  2.8644087e+03
   3.800e+01    5.8051122e+05  2.9050364e+03
   3.900e+01    5.8946578e+05  2.9433346e+03
   4.000e+01    5.9560369e+05  2.9796095e+03
   1.300e+01    1.8313203e+05  9.1492357e+02
   3.300e+01    5.3893500e+05  2.6764581e+03
   1.800e+01    2.8892554e+05  1.4575030e+03
