#   ncyc_cp         Intensity      Esd(Int.)
   0.000e+00    9.9852718e+05  5.0000000e+03
   1.000e+00    1.3946937e+05  6.9715701e+02
   2.000e+00    1.4590307e+05  7.3495051e+02
   3.000e+00    1.5429571e+05  7.7473437e+02
   4.000e+00    1.6151065e+05  8.1683645e+02
   5.000e+00    1.7204690e+05  8.6188557e+02
   6.000e+00    1.8308578e+05  9.0982370e+02
   7.000e+00    1.9255739e+05  9.6161774e+02
   8.000e+00    2.0354474e+05  1.0190299e+03
   9.000e+00    2.1780417e+05  1.0833476e+03
   1.000e+01    2.2962772e+05  1.1548664e+03
   1.100e+01    2.4470155e+05  1.2330255e+03
   1.200e+01    2.6535477e+05  1.3167309e+03
   1.300e+01    2.8230195e+05  1.4046411e+03
   1.400e+01    3.0028751e+05  1.4953662e+03
   1.500e+01    3.1784631e+05  1.5875902e+03
   1.600e+01    3.3700942e+05  1.6801381e+03
   1.700e+01    3.5330958e+05  1.7720069e+03
   1.800e+01    3.7105156e+05  1.8623726e+03
   1.900e+01    3.9033441e+05  1.9505827e+03
   2.000e+01    4.0867482e+05  2.0361413e+03
   2.100e+01    4.1964197e+05  2.1186888e+03
   2.200e+01    4.3908110e+05  2.1979818e+03
   2.300e+01    4.5517610e+05  2.2738734e+03
   2.400e+01    4.6811298e+05  2.3462941e+03
   2.500e+01    4.8403062e+05  2.4152363e+03
   2.600e+01    4.9341729e+05  2.4807399e+03
   2.700e+01    5.0717762e+05  2.5428808e+03
   2.800e+01    5.1915169e+05  2.6017611e+03
   2.900e+01    5.3369325e+05  2.6575011e+03
   3.000e+01    5.3661340e+05  2.7102335e+03
   3.100e+01    5.5417317e+05  2.7600977e+03
   3.200e+01    5.5879603e+05  2.8072366e+03
   3.300e+01    5.7149528e+05  2.8517934e+03
   3.400e+01    5.8027720e+05  2.8939095e+03
   3.500e+01    5.9185438e+05  2.9337226e+03
   3.600e+01    5.9307044e+05  2.9713661e+03
   3.700e+01    6.0258139e+05  3.0069677e+03
   3.800e+01    6.0919556e+05  3.0406494e+03
   3.900e+01    6.1584930e+05  3.0725271e+03
   4.000e+01    6.2217445e+05  3.1027104e+03
   3.600e+01    5.9318126e+05  2.9713661e+03
   2.400e+01    4.6835326e+05  2.3462941e+03
   1.300e+01    2.8061129e+05  1.4046411e+03
