#   ncyc_cp         Intensity      Esd(Int.)
   0.000e+00    9.9955095e+05  5.0000000e+03
   1.000e+00    1.3606322e+05  6.7767401e+02
   2.000e+00    1.4363879e+05  7.1518956e+02
   3.000e+00    1.5066380e+05  7.4996944e+02
   4.000e+00    1.5967413e+05  7.9950028e+02
   5.000e+00    1.6975243e+05  8.5095599e+02
   6.000e+00    1.8293057e+05  9.0864595e+02
   7.000e+00    1.9560491e+05  9.8541121e+02
   8.000e+00    2.1636095e+05  1.0843510e+03
   9.000e+00    2.3943611e+05  1.2017969e+03
   1.000e+01    2.6567273e+05  1.3320048e+03
   1.100e+01    2.9229341e+05  1.4691969e+03
   1.200e+01    3.2290850e+05  1.6086939e+03
   1.300e+01    3.4917225e+05  1.7466654e+03
   1.400e+01    3.7684034e+05  1.8806108e+03
   1.500e+01    4.0187543e+05  2.0085937e+03
   1.600e+01    4.2656532e+05  2.1297084e+03
   1.700e+01    4.4729338e+05  2.2432374e+03
   1.800e+01    4.7085728e+05  2.3491792e+03
   1.900e+01    4.8811410e+05  2.4474642e+03
   2.000e+01    5.0695222e+05  2.5385162e+03
   2.100e+01    5.2298734e+05  2.6225557e+03
   2.200e+01    5.4043834e+05  2.7001581e+03
   2.300e+01    5.5502330e+05  2.7716417e+03
   2.400e+01    5.7196438e+05  2.8375964e+03
   2.500e+01    5.7658183e+05  2.8983451e+03
   2.600e+01    5.9339847e+05  2.9544320e+03
   2.700e+01    5.9910430e+05  3.0061461e+03
   2.800e+01    6.0962630e+05  3.0539648e+03
   2.900e+01    6.1725844e+05  3.0981314e+03
   3.000e+01    6.2154734e+05  3.1390543e+03
   3.100e+01    6.3932338e+05  3.1769311e+03
   3.200e+01    6.3910373e+05  3.2121075e+03
   3.300e+01    6.4797039e+05  3.2447400e+03
   3.400e+01    6.5933155e+05  3.2751198e+03
   3.500e+01    6.6822717e+05  3.3033694e+03
   3.600e+01    6.6721018e+05  3.3297339e+03
   3.700e+01    6.7502253e+05  3.3543076e+03
   3.800e+01    6.7379340e+05  3.3772976e+03
   3.900e+01    6.7957364e+05  3.3987759e+03
   4.000e+01    6.8378183e+05  3.4189178e+03
   1.000e+01    2.6638161e+05  1.3320048e+03
   1.200e+01    3.1939729e+05  1.6086939e+03
   3.100e+01    6.2985881e+05  3.1769311e+03
