#   ncyc_cp         Intensity      Esd(Int.)
   0.000e+00    9.9244316e+05  5.0000000e+03
   1.000e+00    2.5611829e+05  1.2682410e+03
   3.000e+00    2.6692188e+05  1.3320461e+03
   5.000e+00    2.7887217e+05  1.3992277e+03
   7.000e+00    2.9576185e+05  1.4703078e+03
   9.000e+00    3.0731825e+05  1.5455534e+03
   1.100e+01    3.2664202e+05  1.6253949e+03
   1.300e+01    3.4434655e+05  1.7106187e+03
   1.500e+01    3.6042975e+05  1.8012629e+03
   1.700e+01    3.8121516e+05  1.8963156e+03
   1.900e+01    3.9952477e+05  1.9941062e+03
   2.100e+01    4.1819252e+05  2.0927781e+03
   2.300e+01    4.3865482e+05  2.1906081e+03
   2.500e+01    4.5657594e+05  2.2861646e+03
   2.700e+01    4.7185249e+05  2.3783562e+03
   2.900e+01    4.9572246e+05  2.4664179e+03
   3.100e+01    5.0525134e+05  2.5498673e+03
   3.300e+01    5.2676949e+05  2.6284516e+03
   3.500e+01    5.3799378e+05  2.7020951e+03
   3.700e+01    5.5507166e+05  2.7708524e+03
   3.900e+01    5.6428701e+05  2.8348698e+03
   4.100e+01    5.7947929e+05  2.8943548e+03
   4.300e+01    5.8666472e+05  2.9495522e+03
   4.500e+01    6.0056817e+05  3.0007264e+03
   4.700e+01    6.0710110e+05  3.0481491e+03
   4.900e+01    6.1963718e+05  3.0920897e+03
   5.100e+01    6.3084426e+05  3.1328098e+03
   5.300e+01    6.3033726e+05  3.1705589e+03
   5.500e+01    6.3784477e+05  3.2055723e+03
   5.700e+01    6.4814508e+05  3.2380699e+03
   5.900e+01    6.5509479e+05  3.2682557e+03
   6.100e+01    6.5767535e+05  3.2963182e+03
   6.300e+01    6.6299371e+05  3.3224306e+03
   6.500e+01    6.6742605e+05  3.3467519e+03
   6.700e+01    6.7464094e+05  3.3694275e+03
   6.900e+01    6.7985122e+05  3.3905904e+03
   7.100e+01    6.7895048e+05  3.4103620e+03
   7.300e+01    6.8672584e+05  3.4288529e+03
   7.500e+01    6.9043549e+05  3.4461642e+03
   7.700e+01    6.9247233e+05  3.4623879e+03
   7.900e+01    6.8969737e+05  3.4776080e+03
   1.700e+01    3.7781707e+05  1.8963156e+03
   6.100e+01    6.5973300e+05  3.2963182e+03
   6.500e+01    6.6391688e+05  3.3467519e+03
