#   ncyc_cp         Intensity      Esd(Int.)
   0.000e+00    9.9552834e+05  5.0000000e+03
   1.000e+00    2.9437137e+05  1.4770210e+03
   2.000e+00    3.1077006e+05  1.5621574e+03
   3.000e+00    3.2882230e+05  1.6541968e+03
   4.000e+00    3.5089381e+05  1.7540178e+03
   5.000e+00    3.6767931e+05  1.8641147e+03
   6.000e+00    3.9749426e+05  1.9856275e+03
   7.000e+00    4.2197176e+05  2.1151399e+03
   8.000e+00    4.5233950e+05  2.2473086e+03
   9.000e+00    4.7210624e+05  2.3772310e+03
   1.000e+01    5.0227795e+05  2.5013362e+03
   1.100e+01    5.2079157e+05  2.6174294e+03
   1.200e+01    5.4655483e+05  2.7244241e+03
   1.300e+01    5.6528018e+05  2.8220204e+03
   1.400e+01    5.9159262e+05  2.9104277e+03
   1.500e+01    5.9974801e+05  2.9901557e+03
   1.600e+01    6.0603232e+05  3.0618696e+03
   1.700e+01    6.2368852e+05  3.1262948e+03
   1.800e+01    6.3610654e+05  3.1841575e+03
   1.900e+01    6.5106619e+05  3.2361513e+03
   2.000e+01    6.5396230e+05  3.2829186e+03
   2.100e+01    6.6759433e+05  3.3250431e+03
   2.200e+01    6.7208341e+05  3.3630487e+03
   2.300e+01    6.7475057e+05  3.3974010e+03
   2.400e+01    6.9374526e+05  3.4285119e+03
   2.500e+01    6.8756546e+05  3.4567444e+03
   2.600e+01    6.9469228e+05  3.4824177e+03
   2.700e+01    7.0464144e+05  3.5058120e+03
   2.800e+01    7.0183812e+05  3.5271737e+03
   2.900e+01    7.1044392e+05  3.5467190e+03
   3.000e+01    7.1857582e+05  3.5646381e+03
   3.100e+01    7.0920598e+05  3.5810984e+03
   3.200e+01    7.1952491e+05  3.5962476e+03
   3.300e+01    7.2360430e+05  3.6102159e+03
   3.400e+01    7.2115960e+05  3.6231186e+03
   3.500e+01    7.3514245e+05  3.6350578e+03
   3.600e+01    7.3532402e+05  3.6461242e+03
   3.700e+01    7.3158613e+05  3.6563983e+03
   3.800e+01    7.3587766e+05  3.6659520e+03
   3.900e+01    7.3188692e+05  3.6748494e+03
   4.000e+01    7.3660759e+05  3.6831478e+03
   4.000e+00    3.5203709e+05  1.7540178e+03
   3.200e+01    7.1817031e+05  3.5962476e+03
   1.600e+01    6.0778991e+05  3.0618696e+03
