#   ncyc_cp         Intensity      Esd(Int.)
   0.000e+00    1.0020157e+06  5.0000000e+03
   1.000e+00    1.6603603e+05  8.3066345e+02
   2.000e+00    1.7534956e+05  8.7854889e+02
   3.000e+00    1.8615015e+05  9.2917533e+02
   4.000e+00    1.9697706e+05  9.8384518e+02
   5.000e+00    2.0771657e+05  1.0427978e+03
   6.000e+00    2.2213923e+05  1.1054143e+03
   7.000e+00    2.3368097e+05  1.1723023e+03
   8.000e+00    2.4838047e+05  1.2445024e+03
   9.000e+00    2.6210201e+05  1.3225019e+03
   1.000e+01    2.7972716e+05  1.4059838e+03
   1.100e+01    2.9970489e+05  1.4939942e+03
   1.200e+01    3.1584576e+05  1.5853107e+03
   1.300e+01    3.3480125e+05  1.6785508e+03
   1.400e+01    3.5924673e+05  1.7724813e+03
   1.500e+01    3.7056377e+05  1.8659102e+03
   1.600e+01    3.9093149e+05  1.9579407e+03
   1.700e+01    4.0731048e+05  2.0477440e+03
   1.800e+01    4.2887023e+05  2.1347981e+03
   1.900e+01    4.4397078e+05  2.2186129e+03
   2.000e+01    4.5964740e+05  2.2989677e+03
   2.100e+01    4.7516439e+05  2.3756263e+03
   2.200e+01    4.9277539e+05  2.4485753e+03
   2.300e+01    5.0178605e+05  2.5177466e+03
   2.400e+01    5.1740645e+05  2.5832531e+03
   2.500e+01    5.3387107e+05  2.6451275e+03
   2.600e+01    5.4022776e+05  2.7035502e+03
   2.700e+01    5.5090964e+05  2.7586077e+03
   2.800e+01    5.6217841e+05  2.8105091e+03
   2.900e+01    5.6696942e+05  2.8593645e+03
   3.000e+01    5.7698190e+05  2.9053882e+03
   3.100e+01    5.8935336e+05  2.9486953e+03
   3.200e+01    6.0083416e+05  2.9894921e+03
   3.300e+01    6.0640421e+05  3.0278889e+03
   3.400e+01    6.0766513e+05  3.0640768e+03
   3.500e+01    6.1648777e+05  3.0981566e+03
   3.600e+01    6.2781425e+05  3.1303013e+03
   3.700e+01    6.3046842e+05  3.1605998e+03
   3.800e+01    6.4002913e+05  3.1892071e+03
   3.900e+01    6.4564272e+05  3.2162000e+03
   4.000e+01    6.4819551e+05  3.2417158e+03
   1.200e+01    3.1801930e+05  1.5853107e+03
   1.900e+01    4.4517382e+05  2.2186129e+03
   2.200e+01    4.8998487e+05  2.4485753e+03
