#   ncyc_cp         Intensity      Esd(Int.)
   0.000e+00    9.9256493e+05  5.0000000e+03
   1.000e+00    2.4494218e+05  1.2278969e+03
   2.000e+00    2.5227338e+05  1.2523777e+03
   3.000e+00    2.4985786e+05  1.2484208e+03
   4.000e+00    2.5358458e+05  1.2750428e+03
   5.000e+00    2.5801013e+05  1.2952930e+03
   6.000e+00    2.5901240e+05  1.3073376e+03
   7.000e+00    2.7236297e+05  1.3605256e+03
   8.000e+00    2.9308443e+05  1.4582311e+03
   9.000e+00    3.1573824e+05  1.5863930e+03
   1.000e+01    3.4457885e+05  1.7306099e+03
   1.100e+01    3.7559727e+05  1.8800013e+03
   1.200e+01    4.0643420e+05  2.0275883e+03
   1.300e+01    4.3453525e+05  2.1686811e+03
   1.400e+01    4.6019486e+05  2.3011823e+03
   1.500e+01    4.8622595e+05  2.4236220e+03
   1.600e+01    5.0659607e+05  2.5361079e+03
   1.700e+01    5.2834962e+05  2.6385220e+03
   1.800e+01    5.5041488e+05  2.7317640e+03
   1.900e+01    5.6201742e+05  2.8161762e+03
   2.000e+01    5.7753035e+05  2.8928267e+03
   2.100e+01    5.9535816e+05  2.9621471e+03
   2.200e+01    6.0403831e+05  3.0251355e+03
   2.300e+01    6.1647534e+05  3.0821790e+03
   2.400e+01    6.2204823e+05  3.1341350e+03
   2.500e+01    6.3429314e+05  3.1813102e+03
   2.600e+01    6.4492446e+05  3.2244165e+03
   2.700e+01    6.5379558e+05  3.2636816e+03
   2.800e+01    6.6232184e+05  3.2996889e+03
   2.900e+01    6.6933435e+05  3.3326001e+03
   3.000e+01    6.7413436e+05  3.3628924e+03
   3.100e+01    6.7869489e+05  3.3906759e+03
   3.200e+01    6.8534990e+05  3.4163421e+03
   3.300e+01    6.9013237e+05  3.4399622e+03
   3.400e+01    6.9744633e+05  3.4618595e+03
   3.500e+01    6.9618941e+05  3.4820765e+03
   3.600e+01    7.0078917e+05  3.5008823e+03
   3.700e+01    7.0931903e+05  3.5182983e+03
   3.800e+01    7.1006486e+05  3.5345506e+03
   3.900e+01    7.0611622e+05  3.5496454e+03
   4.000e+01    7.1196451e+05  3.5637742e+03
   1.700e+01    5.2763438e+05  2.6385220e+03
   3.300e+01    6.8844003e+05  3.4399622e+03
   1.400e+01    4.5763492e+05  2.3011823e+03
