#   ncyc_cp         Intensity      Esd(Int.)
   0.000e+00    1.0068602e+06  5.0000000e+03
   1.000e+00    1.4744677e+05  7.3825595e+02
   2.000e+00    1.5374519e+05  7.6956742e+02
   3.000e+00    1.5878221e+05  7.8996411e+02
   4.000e+00    1.6458772e+05  8.3009671e+02
   5.000e+00    1.7434918e+05  8.6923035e+02
   6.000e+00    1.8139220e+05  9.0951768e+02
   7.000e+00    1.9699010e+05  9.7328079e+02
   8.000e+00    2.1374903e+05  1.0659486e+03
   9.000e+00    2.3540604e+05  1.1823887e+03
   1.000e+01    2.6367312e+05  1.3149003e+03
   1.100e+01    2.8997352e+05  1.4561551e+03
   1.200e+01    3.1976684e+05  1.6004440e+03
   1.300e+01    3.4867592e+05  1.7432266e+03
   1.400e+01    3.7425217e+05  1.8816677e+03
   1.500e+01    3.9993486e+05  2.0135785e+03
   1.600e+01    4.2804495e+05  2.1380452e+03
   1.700e+01    4.5234288e+05  2.2542901e+03
   1.800e+01    4.7203280e+05  2.3624202e+03
   1.900e+01    4.9110137e+05  2.4623670e+03
   2.000e+01    5.0919171e+05  2.5546840e+03
   2.100e+01    5.2970031e+05  2.6396017e+03
   2.200e+01    5.4006608e+05  2.7178124e+03
   2.300e+01    5.6023749e+05  2.7896374e+03
   2.400e+01    5.7392625e+05  2.8557623e+03
   2.500e+01    5.8549709e+05  2.9165040e+03
   2.600e+01    5.9617676e+05  2.9724830e+03
   2.700e+01    6.0507563e+05  3.0239748e+03
   2.800e+01    6.1524212e+05  3.0715176e+03
   2.900e+01    6.2576855e+05  3.1153366e+03
   3.000e+01    6.3011844e+05  3.1558890e+03
   3.100e+01    6.3695281e+05  3.1933520e+03
   3.200e+01    6.4391023e+05  3.2281108e+03
   3.300e+01    6.4677613e+05  3.2603013e+03
   3.400e+01    6.5891222e+05  3.2902472e+03
   3.500e+01    6.5996219e+05  3.3180502e+03
   3.600e+01    6.7154790e+05  3.3439830e+03
   3.700e+01    6.7225005e+05  3.3681203e+03
   3.800e+01    6.7982537e+05  3.3906923e+03
   3.900e+01    6.8850040e+05  3.4117525e+03
   4.000e+01    6.8708855e+05  3.4314965e+03
   2.000e+00    1.5331069e+05  7.6956742e+02
   3.300e+01    6.4362426e+05  3.2603013e+03
   3.700e+01    6.7497674e+05  3.3681203e+03
