#   ncyc_cp         Intensity      Esd(Int.)
   0.000e+00    9.9835561e+05  5.0000000e+03
   1.000e+00    1.7965073e+05  9.0549041e+02
   3.000e+00    1.9311321e+05  9.6418757e+02
   5.000e+00    2.0541306e+05  1.0267606e+03
   7.000e+00    2.2089057e+05  1.0942834e+03
   9.000e+00    2.3373742e+05  1.1672923e+03
   1.100e+01    2.4928430e+05  1.2468901e+03
   1.300e+01    2.6667021e+05  1.3351678e+03
   1.500e+01    2.8798701e+05  1.4327549e+03
   1.700e+01    3.0565873e+05  1.5383563e+03
   1.900e+01    3.2833871e+05  1.6495609e+03
   2.100e+01    3.5630929e+05  1.7636557e+03
   2.300e+01    3.7731410e+05  1.8781222e+03
   2.500e+01    3.9631530e+05  1.9908651e+03
   2.700e+01    4.1713186e+05  2.1002763e+03
   2.900e+01    4.4338414e+05  2.2052114e+03
   3.100e+01    4.6028600e+05  2.3049254e+03
   3.300e+01    4.7727767e+05  2.3989966e+03
   3.500e+01    4.9645109e+05  2.4872522e+03
   3.700e+01    5.1414600e+05  2.5697026e+03
   3.900e+01    5.3601597e+05  2.6464881e+03
   4.100e+01    5.4272122e+05  2.7178356e+03
   4.300e+01    5.5471113e+05  2.7840263e+03
   4.500e+01    5.6581415e+05  2.8453713e+03
   4.700e+01    5.7939690e+05  2.9021940e+03
   4.900e+01    5.9038711e+05  2.9548179e+03
   5.100e+01    5.9910359e+05  3.0035586e+03
   5.300e+01    6.1234246e+05  3.0487176e+03
   5.500e+01    6.1634175e+05  3.0905802e+03
   5.700e+01    6.1984452e+05  3.1294126e+03
   5.900e+01    6.3486272e+05  3.1654625e+03
   6.100e+01    6.3793402e+05  3.1989581e+03
   6.300e+01    6.5175981e+05  3.2301096e+03
   6.500e+01    6.4886848e+05  3.2591094e+03
   6.700e+01    6.5797687e+05  3.2861336e+03
   6.900e+01    6.6661925e+05  3.3113431e+03
   7.100e+01    6.7111580e+05  3.3348844e+03
   7.300e+01    6.7558721e+05  3.3568914e+03
   7.500e+01    6.7675720e+05  3.3774859e+03
   7.700e+01    6.8485134e+05  3.3967789e+03
   7.900e+01    6.8380471e+05  3.4148717e+03
   3.700e+01    5.1790162e+05  2.5697026e+03
   1.100e+01    2.4910474e+05  1.2468901e+03
   7.700e+01    6.8141021e+05  3.3967789e+03
