#   ncyc_cp         Intensity      Esd(Int.)
   0.000e+00    9.8821239e+05  5.0000000e+03
   1.000e+00    6.4462984e+05  3.2293658e+03
   3.000e+00    6.4241464e+05  3.2567439e+03
   5.000e+00    6.5164846e+05  3.2844493e+03
   7.000e+00    6.6131844e+05  3.3123651e+03
   9.000e+00    6.7016978e+05  3.3403913e+03
   1.100e+01    6.7577875e+05  3.3684217e+03
   1.300e+01    6.7608267e+05  3.3962864e+03
   1.500e+01    6.8855864e+05  3.4237263e+03
   1.700e+01    6.8967164e+05  3.4504376e+03
   1.900e+01    6.9563207e+05  3.4761305e+03
   2.100e+01    6.9869528e+05  3.5005705e+03
   2.300e+01    7.0197811e+05  3.5235944e+03
   2.500e+01    7.1860121e+05  3.5451107e+03
   2.700e+01    7.1491906e+05  3.5650886e+03
   2.900e+01    7.1608255e+05  3.5835456e+03
   3.100e+01    7.1913174e+05  3.6005333e+03
   3.300e+01    7.1838164e+05  3.6161266e+03
   3.500e+01    7.2434119e+05  3.6304138e+03
   3.700e+01    7.3539893e+05  3.6434895e+03
   3.900e+01    7.3494771e+05  3.6554501e+03
   4.100e+01    7.3250876e+05  3.6663898e+03
   4.300e+01    7.3803873e+05  3.6763988e+03
   4.500e+01    7.3846788e+05  3.6855616e+03
   4.700e+01    7.3662600e+05  3.6939566e+03
   4.900e+01    7.4063903e+05  3.7016557e+03
   5.100e+01    7.3160568e+05  3.7087246e+03
   5.300e+01    7.3979202e+05  3.7152228e+03
   5.500e+01    7.4312358e+05  3.7212040e+03
   5.700e+01    7.4371217e+05  3.7267169e+03
   5.900e+01    7.5039611e+05  3.7318051e+03
   6.100e+01    7.4925506e+05  3.7365079e+03
   6.300e+01    7.4399103e+05  3.7408605e+03
   6.500e+01    7.5391520e+05  3.7448946e+03
   6.700e+01    7.4978281e+05  3.7486388e+03
   6.900e+01    7.5240560e+05  3.7521186e+03
   7.100e+01    7.4684146e+05  3.7553571e+03
   7.300e+01    7.5152853e+05  3.7583751e+03
   7.500e+01    7.5632779e+05  3.7611911e+03
   7.700e+01    7.5645069e+05  3.7638221e+03
   7.900e+01    7.5692258e+05  3.7662834e+03
   1.300e+01    6.7782754e+05  3.3962864e+03
   3.000e+00    6.5062082e+05  3.2567439e+03
   7.700e+01    7.4762931e+05  3.7638221e+03
