#   ncyc_cp         Intensity      Esd(Int.)
   0.000e+00    1.0047599e+06  5.0000000e+03
   1.000e+00    2.8094563e+05  1.4041096e+03
   2.000e+00    2.8732814e+05  1.4361516e+03
   3.000e+00    2.8969991e+05  1.4584501e+03
   4.000e+00    2.9797513e+05  1.4867832e+03
   5.000e+00    3.1291830e+05  1.5560564e+03
   6.000e+00    3.3812744e+05  1.6944574e+03
   7.000e+00    3.7401738e+05  1.8734019e+03
   8.000e+00    4.1055993e+05  2.0644216e+03
   9.000e+00    4.5118024e+05  2.2500868e+03
   1.000e+01    4.8198648e+05  2.4216781e+03
   1.100e+01    5.1585362e+05  2.5758352e+03
   1.200e+01    5.3927744e+05  2.7121429e+03
   1.300e+01    5.6495749e+05  2.8316446e+03
   1.400e+01    5.8817011e+05  2.9359984e+03
   1.500e+01    6.0437567e+05  3.0270260e+03
   1.600e+01    6.2127514e+05  3.1064883e+03
   1.700e+01    6.3361297e+05  3.1759869e+03
   1.800e+01    6.4271818e+05  3.2369309e+03
   1.900e+01    6.6075951e+05  3.2905369e+03
   2.000e+01    6.6103816e+05  3.3378439e+03
   2.100e+01    6.7441372e+05  3.3797347e+03
   2.200e+01    6.8537875e+05  3.4169568e+03
   2.300e+01    6.8869768e+05  3.4501432e+03
   2.400e+01    6.9687541e+05  3.4798300e+03
   2.500e+01    6.9711388e+05  3.5064725e+03
   2.600e+01    7.0773724e+05  3.5304576e+03
   2.700e+01    7.1476813e+05  3.5521156e+03
   2.800e+01    7.1486663e+05  3.5717290e+03
   2.900e+01    7.1294065e+05  3.5895400e+03
   3.000e+01    7.1820894e+05  3.6057574e+03
   3.100e+01    7.2974763e+05  3.6205613e+03
   3.200e+01    7.2921576e+05  3.6341078e+03
   3.300e+01    7.2773161e+05  3.6465326e+03
   3.400e+01    7.2956549e+05  3.6579538e+03
   3.500e+01    7.3421747e+05  3.6684749e+03
   3.600e+01    7.3558517e+05  3.6781865e+03
   3.700e+01    7.4024224e+05  3.6871684e+03
   3.800e+01    7.4027479e+05  3.6954909e+03
   3.900e+01    7.4253020e+05  3.7032162e+03
   4.000e+01    7.4804532e+05  3.7103995e+03
   3.700e+01    7.3590190e+05  3.6871684e+03
   2.300e+01    6.8514262e+05  3.4501432e+03
   1.200e+01    5.4087903e+05  2.7121429e+03
