#   ncyc_cp         Intensity      Esd(Int.)
   0.000e+00    9.9680286e+05  5.0000000e+03
   1.000e+00    2.4732091e+05  1.2433315e+03
   2.000e+00    2.6466863e+05  1.3185362e+03
   3.000e+00    2.7942541e+05  1.4014628e+03
   4.000e+00    3.0004937e+05  1.4938815e+03
   5.000e+00    3.2124876e+05  1.6026979e+03
   6.000e+00    3.4752752e+05  1.7326056e+03
   7.000e+00    3.7702089e+05  1.8782009e+03
   8.000e+00    4.1154811e+05  2.0306204e+03
   9.000e+00    4.3848062e+05  2.1820971e+03
   1.000e+01    4.6415034e+05  2.3272307e+03
   1.100e+01    4.9028564e+05  2.4628354e+03
   1.200e+01    5.2111414e+05  2.5873942e+03
   1.300e+01    5.3714144e+05  2.7005132e+03
   1.400e+01    5.5677873e+05  2.8024903e+03
   1.500e+01    5.7447388e+05  2.8940107e+03
   1.600e+01    6.0142549e+05  2.9759453e+03
   1.700e+01    6.1459703e+05  3.0492253e+03
   1.800e+01    6.2561132e+05  3.1147684e+03
   1.900e+01    6.3990982e+05  3.1734381e+03
   2.000e+01    6.4207946e+05  3.2260246e+03
   2.100e+01    6.5780362e+05  3.2732382e+03
   2.200e+01    6.6762167e+05  3.3157099e+03
   2.300e+01    6.7430883e+05  3.3539958e+03
   2.400e+01    6.8215993e+05  3.3885841e+03
   2.500e+01    6.8469477e+05  3.4199019e+03
   2.600e+01    6.9277215e+05  3.4483224e+03
   2.700e+01    6.9344426e+05  3.4741716e+03
   2.800e+01    7.0220655e+05  3.4977342e+03
   2.900e+01    7.0032365e+05  3.5192593e+03
   3.000e+01    7.0671924e+05  3.5389649e+03
   3.100e+01    7.1524107e+05  3.5570422e+03
   3.200e+01    7.1169240e+05  3.5736590e+03
   3.300e+01    7.1942915e+05  3.5889632e+03
   3.400e+01    7.2345213e+05  3.6030850e+03
   3.500e+01    7.2657084e+05  3.6161396e+03
   3.600e+01    7.2185471e+05  3.6282289e+03
   3.700e+01    7.4392533e+05  3.6394433e+03
   3.800e+01    7.3132422e+05  3.6498632e+03
   3.900e+01    7.2916915e+05  3.6595603e+03
   4.000e+01    7.3325326e+05  3.6685985e+03
   1.400e+01    5.5654895e+05  2.8024903e+03
   2.500e+01    6.8411118e+05  3.4199019e+03
   6.000e+00    3.4549138e+05  1.7326056e+03
