#   ncyc_cp         Intensity      Esd(Int.)
   0.000e+00    1.0085723e+06  5.0000000e+03
   1.000e+00    3.3921372e+05  1.6917217e+03
   3.000e+00    3.5464625e+05  1.7807462e+03
   5.000e+00    3.7529168e+05  1.8754656e+03
   7.000e+00    3.9987048e+05  1.9769856e+03
   9.000e+00    4.1863081e+05  2.0860398e+03
   1.100e+01    4.4211784e+05  2.2033294e+03
   1.300e+01    4.6499886e+05  2.3259949e+03
   1.500e+01    4.8978015e+05  2.4493060e+03
   1.700e+01    5.1026735e+05  2.5689114e+03
   1.900e+01    5.3825049e+05  2.6817433e+03
   2.100e+01    5.5393874e+05  2.7860526e+03
   2.300e+01    5.7746926e+05  2.8811239e+03
   2.500e+01    5.9415831e+05  2.9669463e+03
   2.700e+01    6.1461064e+05  3.0439390e+03
   2.900e+01    6.2895028e+05  3.1127534e+03
   3.100e+01    6.3519872e+05  3.1741407e+03
   3.300e+01    6.4837190e+05  3.2288702e+03
   3.500e+01    6.5769214e+05  3.2776816e+03
   3.700e+01    6.6555940e+05  3.3212602e+03
   3.900e+01    6.7194003e+05  3.3602265e+03
   4.100e+01    6.8271654e+05  3.3951334e+03
   4.300e+01    6.8368152e+05  3.4264689e+03
   4.500e+01    6.9225999e+05  3.4546611e+03
   4.700e+01    6.9451787e+05  3.4800839e+03
   4.900e+01    6.9825888e+05  3.5030632e+03
   5.100e+01    7.0226636e+05  3.5238826e+03
   5.300e+01    7.1076454e+05  3.5427893e+03
   5.500e+01    7.0924983e+05  3.5599984e+03
   5.700e+01    7.1111805e+05  3.5756976e+03
   5.900e+01    7.1353336e+05  3.5900510e+03
   6.100e+01    7.1515070e+05  3.6032019e+03
   6.300e+01    7.2223824e+05  3.6152760e+03
   6.500e+01    7.2581325e+05  3.6263838e+03
   6.700e+01    7.2938379e+05  3.6366224e+03
   6.900e+01    7.2397162e+05  3.6460776e+03
   7.100e+01    7.2872638e+05  3.6548250e+03
   7.300e+01    7.3815953e+05  3.6629318e+03
   7.500e+01    7.4255676e+05  3.6704575e+03
   7.700e+01    7.3497793e+05  3.6774551e+03
   7.900e+01    7.3621370e+05  3.6839719e+03
   4.300e+01    6.8509696e+05  3.4264689e+03
   2.100e+01    5.5586744e+05  2.7860526e+03
   5.000e+00    3.7489725e+05  1.8754656e+03
