#   ncyc_cp         Intensity      Esd(Int.)
   0.000e+00    1.0038358e+06  5.0000000e+03
   1.000e+00    5.5382235e+05  2.7651565e+03
   2.000e+00    5.6178800e+05  2.8185292e+03
   3.000e+00    5.7797309e+05  2.8729466e+03
   4.000e+00    5.8763435e+05  2.9278190e+03
   5.000e+00    5.9389114e+05  2.9826098e+03
   6.000e+00    6.0659171e+05  3.0370776e+03
   7.000e+00    6.1573153e+05  3.0908845e+03
   8.000e+00    6.3440476e+05  3.1435039e+03
   9.000e+00    6.3911865e+05  3.1943339e+03
   1.000e+01    6.4536351e+05  3.2428416e+03
   1.100e+01    6.5421053e+05  3.2886230e+03
   1.200e+01    6.6531312e+05  3.3314360e+03
   1.300e+01    6.7917511e+05  3.3711713e+03
   1.400e+01    6.8542069e+05  3.4078401e+03
   1.500e+01    6.8122627e+05  3.4415289e+03
   1.600e+01    6.8965753e+05  3.4723863e+03
   1.700e+01    7.0281918e+05  3.5005878e+03
   1.800e+01    7.0294654e+05  3.5263313e+03
   1.900e+01    7.0631553e+05  3.5498137e+03
   2.000e+01    7.1028724e+05  3.5712336e+03
   2.100e+01    7.2117245e+05  3.5907757e+03
   2.200e+01    7.2181258e+05  3.6086181e+03
   2.300e+01    7.2184450e+05  3.6249209e+03
   2.400e+01    7.2538113e+05  3.6398347e+03
   2.500e+01    7.2540786e+05  3.6534925e+03
   2.600e+01    7.3320462e+05  3.6660184e+03
   2.700e+01    7.3155419e+05  3.6775204e+03
   2.800e+01    7.3219642e+05  3.6880990e+03
   2.900e+01    7.4563611e+05  3.6978412e+03
   3.000e+01    7.4272217e+05  3.7068278e+03
   3.100e+01    7.3941528e+05  3.7151285e+03
   3.200e+01    7.4779256e+05  3.7228082e+03
   3.300e+01    7.5363566e+05  3.7299226e+03
   3.400e+01    7.5162636e+05  3.7365241e+03
   3.500e+01    7.4953533e+05  3.7426572e+03
   3.600e+01    7.5021339e+05  3.7483642e+03
   3.700e+01    7.5129641e+05  3.7536810e+03
   3.800e+01    7.5202800e+05  3.7586418e+03
   3.900e+01    7.4735812e+05  3.7632756e+03
   4.000e+01    7.5364069e+05  3.7676103e+03
   4.000e+00    5.9048045e+05  2.9278190e+03
   3.200e+01    7.4712109e+05  3.7228082e+03
   2.200e+01    7.2298375e+05  3.6086181e+03
