#   ncyc_cp         Intensity      Esd(Int.)
   0.000e+00    1.0026047e+06  5.0000000e+03
   1.000e+00    2.5909722e+05  1.2961318e+03
   2.000e+00    2.7883126e+05  1.3888946e+03
   3.000e+00    2.9881427e+05  1.4982365e+03
   4.000e+00    3.2388088e+05  1.6162117e+03
   5.000e+00    3.4907064e+05  1.7451629e+03
   6.000e+00    3.7555702e+05  1.8876209e+03
   7.000e+00    4.0404817e+05  2.0385585e+03
   8.000e+00    4.3755565e+05  2.1907484e+03
   9.000e+00    4.6648295e+05  2.3381121e+03
   1.000e+01    4.9847095e+05  2.4767296e+03
   1.100e+01    5.1818721e+05  2.6044431e+03
   1.200e+01    5.4612284e+05  2.7205338e+03
   1.300e+01    5.6502009e+05  2.8250610e+03
   1.400e+01    5.8258764e+05  2.9186802e+03
   1.500e+01    6.0126714e+05  3.0022199e+03
   1.600e+01    6.1393377e+05  3.0766878e+03
   1.700e+01    6.3378809e+05  3.1430202e+03
   1.800e+01    6.3493654e+05  3.2021734e+03
   1.900e+01    6.5465552e+05  3.2549639e+03
   2.000e+01    6.6138126e+05  3.3021820e+03
   2.100e+01    6.6907832e+05  3.3444767e+03
   2.200e+01    6.7646067e+05  3.3824666e+03
   2.300e+01    6.8247653e+05  3.4166482e+03
   2.400e+01    6.8922977e+05  3.4474954e+03
   2.500e+01    6.9939348e+05  3.4753823e+03
   2.600e+01    7.0677506e+05  3.5006699e+03
   2.700e+01    7.0355690e+05  3.5236390e+03
   2.800e+01    7.0961181e+05  3.5445650e+03
   2.900e+01    7.1181900e+05  3.5636590e+03
   3.000e+01    7.1514481e+05  3.5811328e+03
   3.100e+01    7.1315662e+05  3.5971457e+03
   3.200e+01    7.2163921e+05  3.6118617e+03
   3.300e+01    7.2764141e+05  3.6254021e+03
   3.400e+01    7.2979214e+05  3.6378950e+03
   3.500e+01    7.2923180e+05  3.6494333e+03
   3.600e+01    7.3231559e+05  3.6601182e+03
   3.700e+01    7.4357310e+05  3.6700214e+03
   3.800e+01    7.3734165e+05  3.6792234e+03
   3.900e+01    7.3750163e+05  3.6877800e+03
   4.000e+01    7.4397913e+05  3.6957560e+03
   3.000e+00    2.9807848e+05  1.4982365e+03
   3.400e+01    7.3526822e+05  3.6378950e+03
   3.600e+01    7.3593504e+05  3.6601182e+03
