#   ncyc_cp         Intensity      Esd(Int.)
   0.000e+00    9.9967536e+05  5.0000000e+03
   1.000e+00    1.0525799e+05  5.2937131e+02
   2.000e+00    1.1107261e+05  5.5571555e+02
   3.000e+00    1.1615777e+05  5.7811226e+02
   4.000e+00    1.2125892e+05  6.0789846e+02
   5.000e+00    1.2915889e+05  6.4437373e+02
   6.000e+00    1.3598407e+05  6.7799752e+02
   7.000e+00    1.4450530e+05  7.2141166e+02
   8.000e+00    1.5651717e+05  7.8422184e+02
   9.000e+00    1.7406903e+05  8.6767382e+02
   1.000e+01    1.9421996e+05  9.6871398e+02
   1.100e+01    2.1640576e+05  1.0828885e+03
   1.200e+01    2.4091131e+05  1.2058653e+03
   1.300e+01    2.6659437e+05  1.3335374e+03
   1.400e+01    2.9390832e+05  1.4627976e+03
   1.500e+01    3.1784480e+05  1.5908361e+03
   1.600e+01    3.4535076e+05  1.7159427e+03
   1.700e+01    3.6946372e+05  1.8364901e+03
   1.800e+01    3.9230249e+05  1.9518178e+03
   1.900e+01    4.1495150e+05  2.0611242e+03
   2.000e+01    4.3590432e+05  2.1643980e+03
   2.100e+01    4.5110157e+05  2.2613341e+03
   2.200e+01    4.6916845e+05  2.3522663e+03
   2.300e+01    4.8528451e+05  2.4371544e+03
   2.400e+01    5.0746585e+05  2.5164840e+03
   2.500e+01    5.2020207e+05  2.5903386e+03
   2.600e+01    5.3096416e+05  2.6592452e+03
   2.700e+01    5.4403753e+05  2.7233327e+03
   2.800e+01    5.5843053e+05  2.7831125e+03
   2.900e+01    5.6423954e+05  2.8387184e+03
   3.000e+01    5.7525921e+05  2.8906208e+03
   3.100e+01    5.8255510e+05  2.9389397e+03
   3.200e+01    5.9779280e+05  2.9840953e+03
   3.300e+01    6.0546383e+05  3.0261871e+03
   3.400e+01    6.1546609e+05  3.0655848e+03
   3.500e+01    6.2295460e+05  3.1023663e+03
   3.600e+01    6.2313262e+05  3.1368544e+03
   3.700e+01    6.3442874e+05  3.1691071e+03
   3.800e+01    6.3869858e+05  3.1994053e+03
   3.900e+01    6.4692734e+05  3.2277901e+03
   4.000e+01    6.4889946e+05  3.2545058e+03
   3.700e+01    6.3351216e+05  3.1691071e+03
   2.700e+01    5.4024157e+05  2.7233327e+03
   8.000e+00    1.5638346e+05  7.8422184e+02
