#   ncyc_cp         Intensity      Esd(Int.)
   0.000e+00    9.9761611e+05  5.0000000e+03
   1.000e+00    4.8263136e+04  2.4136435e+02
   2.000e+00    5.1533840e+04  2.5701886e+02
   3.000e+00    5.4379554e+04  2.7376112e+02
   4.000e+00    5.8471578e+04  2.9108213e+02
   5.000e+00    6.2167184e+04  3.1005998e+02
   6.000e+00    6.6247741e+04  3.3053497e+02
   7.000e+00    7.0780904e+04  3.5186736e+02
   8.000e+00    7.5110098e+04  3.7570138e+02
   9.000e+00    8.0938844e+04  4.0462823e+02
   1.000e+01    8.8916429e+04  4.4060240e+02
   1.100e+01    9.7217021e+04  4.8457441e+02
   1.200e+01    1.0622369e+05  5.3669809e+02
   1.300e+01    1.1954138e+05  5.9660023e+02
   1.400e+01    1.3127229e+05  6.6357715e+02
   1.500e+01    1.4723724e+05  7.3672572e+02
   1.600e+01    1.6253147e+05  8.1503510e+02
   1.700e+01    1.7941718e+05  8.9745529e+02
   1.800e+01    1.9558863e+05  9.8294969e+02
   1.900e+01    2.1419235e+05  1.0705342e+03
   2.000e+01    2.3036295e+05  1.1593044e+03
   2.100e+01    2.4983040e+05  1.2484522e+03
   2.200e+01    2.6867333e+05  1.3372743e+03
   2.300e+01    2.8399052e+05  1.4251728e+03
   2.400e+01    3.0297731e+05  1.5116521e+03
   2.500e+01    3.2102247e+05  1.5963115e+03
   2.600e+01    3.3383707e+05  1.6788363e+03
   2.700e+01    3.5062515e+05  1.7589881e+03
   2.800e+01    3.7019428e+05  1.8365943e+03
   2.900e+01    3.8363193e+05  1.9115385e+03
   3.000e+01    3.9539743e+05  1.9837518e+03
   3.100e+01    4.0669501e+05  2.0532040e+03
   3.200e+01    4.2144668e+05  2.1198969e+03
   3.300e+01    4.3699217e+05  2.1838575e+03
   3.400e+01    4.5028369e+05  2.2451330e+03
   3.500e+01    4.6116288e+05  2.3037858e+03
   3.600e+01    4.7366205e+05  2.3598899e+03
   3.700e+01    4.8596595e+05  2.4135277e+03
   3.800e+01    4.9275186e+05  2.4647873e+03
   3.900e+01    5.0418160e+05  2.5137601e+03
   4.000e+01    5.1634119e+05  2.5605396e+03
   9.000e+00    8.0516437e+04  4.0462823e+02
   3.600e+01    4.7683405e+05  2.3598899e+03
   3.000e+01    3.9418398e+05  1.9837518e+03
