#   ncyc_cp         Intensity      Esd(Int.)
   0.000e+00    1.0066093e+06  5.0000000e+03
   1.000e+00    2.8525577e+05  1.4279830e+03
   2.000e+00    2.9093249e+05  1.4618584e+03
   3.000e+00    2.9311698e+05  1.4679967e+03
   4.000e+00    2.9980003e+05  1.4924972e+03
   5.000e+00    3.0326728e+05  1.5264737e+03
   6.000e+00    3.2662592e+05  1.6239173e+03
   7.000e+00    3.5565376e+05  1.7721280e+03
   8.000e+00    3.8414664e+05  1.9442305e+03
   9.000e+00    4.2469985e+05  2.1205123e+03
   1.000e+01    4.6069847e+05  2.2894968e+03
   1.100e+01    4.8724818e+05  2.4454983e+03
   1.200e+01    5.1023717e+05  2.5863722e+03
   1.300e+01    5.4462665e+05  2.7119611e+03
   1.400e+01    5.6762075e+05  2.8231263e+03
   1.500e+01    5.8878559e+05  2.9211809e+03
   1.600e+01    5.9849797e+05  3.0075737e+03
   1.700e+01    6.1331974e+05  3.0837240e+03
   1.800e+01    6.2828963e+05  3.1509431e+03
   1.900e+01    6.4619482e+05  3.2104032e+03
   2.000e+01    6.4933474e+05  3.2631322e+03
   2.100e+01    6.6216169e+05  3.3100213e+03
   2.200e+01    6.6456316e+05  3.3518383e+03
   2.300e+01    6.8294286e+05  3.3892417e+03
   2.400e+01    6.8443601e+05  3.4227964e+03
   2.500e+01    6.9096288e+05  3.4529860e+03
   2.600e+01    7.0815550e+05  3.4802256e+03
   2.700e+01    7.0467166e+05  3.5048718e+03
   2.800e+01    7.0751606e+05  3.5272314e+03
   2.900e+01    7.0951626e+05  3.5475693e+03
   3.000e+01    7.1249264e+05  3.5661147e+03
   3.100e+01    7.1098772e+05  3.5830661e+03
   3.200e+01    7.2299515e+05  3.5985965e+03
   3.300e+01    7.2170952e+05  3.6128566e+03
   3.400e+01    7.2443196e+05  3.6259781e+03
   3.500e+01    7.2164571e+05  3.6380766e+03
   3.600e+01    7.3455800e+05  3.6492538e+03
   3.700e+01    7.3249081e+05  3.6595992e+03
   3.800e+01    7.3450126e+05  3.6691921e+03
   3.900e+01    7.3376793e+05  3.6781025e+03
   4.000e+01    7.3943885e+05  3.6863928e+03
   5.000e+00    3.0670445e+05  1.5264737e+03
   3.800e+01    7.3611002e+05  3.6691921e+03
   2.500e+01    6.8679069e+05  3.4529860e+03
