#   ncyc_cp         Intensity      Esd(Int.)
   0.000e+00    9.9695129e+05  5.0000000e+03
   1.000e+00    4.6590511e+05  2.3295950e+03
   3.000e+00    4.7762581e+05  2.3903021e+03
   5.000e+00    4.8910452e+05  2.4527974e+03
   7.000e+00    5.0377997e+05  2.5170372e+03
   9.000e+00    5.1766486e+05  2.5828597e+03
   1.100e+01    5.3152756e+05  2.6501494e+03
   1.300e+01    5.3654734e+05  2.7185486e+03
   1.500e+01    5.5838058e+05  2.7872566e+03
   1.700e+01    5.6627047e+05  2.8552110e+03
   1.900e+01    5.8695861e+05  2.9213522e+03
   2.100e+01    5.9324012e+05  2.9847971e+03
   2.300e+01    6.0686881e+05  3.0449081e+03
   2.500e+01    6.2320587e+05  3.1012920e+03
   2.700e+01    6.3232599e+05  3.1537646e+03
   2.900e+01    6.3898145e+05  3.2023038e+03
   3.100e+01    6.5645952e+05  3.2470041e+03
   3.300e+01    6.5713686e+05  3.2880376e+03
   3.500e+01    6.6128557e+05  3.3256235e+03
   3.700e+01    6.7116699e+05  3.3600053e+03
   3.900e+01    6.7581045e+05  3.3914347e+03
   4.100e+01    6.8825204e+05  3.4201606e+03
   4.300e+01    6.8696699e+05  3.4464220e+03
   4.500e+01    6.9731631e+05  3.4704440e+03
   4.700e+01    7.0279065e+05  3.4924355e+03
   4.900e+01    6.9553561e+05  3.5125883e+03
   5.100e+01    7.0468385e+05  3.5310773e+03
   5.300e+01    7.0994640e+05  3.5480611e+03
   5.500e+01    7.0910401e+05  3.5636828e+03
   5.700e+01    7.1674581e+05  3.5780717e+03
   5.900e+01    7.1577631e+05  3.5913435e+03
   6.100e+01    7.1962468e+05  3.6036025e+03
   6.300e+01    7.1724043e+05  3.6149423e+03
   6.500e+01    7.2290911e+05  3.6254467e+03
   6.700e+01    7.2356900e+05  3.6351910e+03
   6.900e+01    7.3407700e+05  3.6442430e+03
   7.100e+01    7.2480885e+05  3.6526633e+03
   7.300e+01    7.2930101e+05  3.6605067e+03
   7.500e+01    7.3122669e+05  3.6678224e+03
   7.700e+01    7.3856652e+05  3.6746547e+03
   7.900e+01    7.3973323e+05  3.6810437e+03
   5.000e+00    4.9189595e+05  2.4527974e+03
   5.500e+01    7.0778046e+05  3.5636828e+03
   9.000e+00    5.2234484e+05  2.5828597e+03
