#   ncyc_cp         Intensity      Esd(Int.)
   0.000e+00    9.9536030e+05  5.0000000e+03
   1.000e+00    7.4869399e+04  3.7404950e+02
   2.000e+00    7.9723093e+04  3.9884094e+02
   3.000e+00    8.5451520e+04  4.2472848e+02
   4.000e+00    9.0996969e+04  4.5244904e+02
   5.000e+00    9.5345418e+04  4.8315546e+02
   6.000e+00    1.0323855e+05  5.1545675e+02
   7.000e+00    1.1106391e+05  5.5386563e+02
   8.000e+00    1.2154808e+05  6.0359988e+02
   9.000e+00    1.3284570e+05  6.6694247e+02
   1.000e+01    1.4900723e+05  7.4365835e+02
   1.100e+01    1.6601981e+05  8.3212678e+02
   1.200e+01    1.8455752e+05  9.3011021e+02
   1.300e+01    2.0755095e+05  1.0351902e+03
   1.400e+01    2.2901209e+05  1.1450165e+03
   1.500e+01    2.5139241e+05  1.2574500e+03
   1.600e+01    2.7471262e+05  1.3706380e+03
   1.700e+01    2.9634232e+05  1.4830426e+03
   1.800e+01    3.1809419e+05  1.5934368e+03
   1.900e+01    3.4019866e+05  1.7008812e+03
   2.000e+01    3.5886744e+05  1.8046889e+03
   2.100e+01    3.7812485e+05  1.9043874e+03
   2.200e+01    4.0164201e+05  1.9996800e+03
   2.300e+01    4.1659903e+05  2.0904109e+03
   2.400e+01    4.3986178e+05  2.1765335e+03
   2.500e+01    4.5311559e+05  2.2580847e+03
   2.600e+01    4.6826486e+05  2.3351626e+03
   2.700e+01    4.8071386e+05  2.4079090e+03
   2.800e+01    4.9531263e+05  2.4764956e+03
   2.900e+01    5.1468878e+05  2.5411126e+03
   3.000e+01    5.1580173e+05  2.6019609e+03
   3.100e+01    5.2795985e+05  2.6592455e+03
   3.200e+01    5.3975918e+05  2.7131707e+03
   3.300e+01    5.5183556e+05  2.7639370e+03
   3.400e+01    5.6696890e+05  2.8117387e+03
   3.500e+01    5.7429131e+05  2.8567621e+03
   3.600e+01    5.7771946e+05  2.8991846e+03
   3.700e+01    5.8434151e+05  2.9391743e+03
   3.800e+01    5.9004291e+05  2.9768895e+03
   3.900e+01    5.9758434e+05  3.0124791e+03
   4.000e+01    6.1421753e+05  3.0460823e+03
   1.600e+01    2.7380436e+05  1.3706380e+03
   1.800e+01    3.1877289e+05  1.5934368e+03
   3.800e+01    5.9344142e+05  2.9768895e+03
