#   ncyc_cp         Intensity      Esd(Int.)
   0.000e+00    1.0069433e+06  5.0000000e+03
   1.000e+00    4.4275187e+04  2.2114013e+02
   2.000e+00    4.7293000e+04  2.3486264e+02
   3.000e+00    4.9798543e+04  2.4952248e+02
   4.000e+00    5.2599725e+04  2.6293575e+02
   5.000e+00    5.5751397e+04  2.8105836e+02
   6.000e+00    6.0087714e+04  3.0103852e+02
   7.000e+00    6.4408519e+04  3.2037798e+02
   8.000e+00    6.8338265e+04  3.4271299e+02
   9.000e+00    7.4350643e+04  3.7250953e+02
   1.000e+01    8.2192602e+04  4.1221945e+02
   1.100e+01    9.2186977e+04  4.6257769e+02
   1.200e+01    1.0415114e+05  5.2329023e+02
   1.300e+01    1.1879100e+05  5.9339438e+02
   1.400e+01    1.3516318e+05  6.7178544e+02
   1.500e+01    1.5077653e+05  7.5691227e+02
   1.600e+01    1.7125034e+05  8.4753119e+02
   1.700e+01    1.8811741e+05  9.4196778e+02
   1.800e+01    2.1057117e+05  1.0391558e+03
   1.900e+01    2.2867877e+05  1.1375697e+03
   2.000e+01    2.4679365e+05  1.2364650e+03
   2.100e+01    2.6813348e+05  1.3345890e+03
   2.200e+01    2.8795067e+05  1.4315377e+03
   2.300e+01    3.0544434e+05  1.5263485e+03
   2.400e+01    3.2403288e+05  1.6189069e+03
   2.500e+01    3.4393607e+05  1.7085018e+03
   2.600e+01    3.6050471e+05  1.7952342e+03
   2.700e+01    3.7332781e+05  1.8785885e+03
   2.800e+01    3.9147911e+05  1.9588095e+03
   2.900e+01    4.0676759e+05  2.0355241e+03
   3.000e+01    4.1899942e+05  2.1090632e+03
   3.100e+01    4.3326705e+05  2.1791527e+03
   3.200e+01    4.5077164e+05  2.2461674e+03
   3.300e+01    4.6224170e+05  2.3098999e+03
   3.400e+01    4.7297663e+05  2.3707402e+03
   3.500e+01    4.8769597e+05  2.4285250e+03
   3.600e+01    5.0100335e+05  2.4836409e+03
   3.700e+01    5.0832362e+05  2.5359533e+03
   3.800e+01    5.1421557e+05  2.5858344e+03
   3.900e+01    5.2406336e+05  2.6331680e+03
   4.000e+01    5.3861409e+05  2.6783056e+03
   1.800e+01    2.0892793e+05  1.0391558e+03
   2.100e+01    2.6579719e+05  1.3345890e+03
   3.200e+01    4.5052580e+05  2.2461674e+03
