#   ncyc_cp         Intensity      Esd(Int.)
   0.000e+00    9.9571160e+05  5.0000000e+03
   1.000e+00    1.3143119e+05  6.6367936e+02
   3.000e+00    1.4103632e+05  7.0339326e+02
   5.000e+00    1.4958629e+05  7.4551646e+02
   7.000e+00    1.5789340e+05  7.9018390e+02
   9.000e+00    1.6720412e+05  8.3841696e+02
   1.100e+01    1.8008296e+05  8.9015091e+02
   1.300e+01    1.8913250e+05  9.4657807e+02
   1.500e+01    2.0114465e+05  1.0100286e+03
   1.700e+01    2.1563681e+05  1.0820154e+03
   1.900e+01    2.3351393e+05  1.1625997e+03
   2.100e+01    2.4751781e+05  1.2507323e+03
   2.300e+01    2.6775663e+05  1.3447714e+03
   2.500e+01    2.8717541e+05  1.4428784e+03
   2.700e+01    3.0954915e+05  1.5432646e+03
   2.900e+01    3.2565931e+05  1.6443247e+03
   3.100e+01    3.4798199e+05  1.7446978e+03
   3.300e+01    3.6974725e+05  1.8432834e+03
   3.500e+01    3.9111692e+05  1.9392296e+03
   3.700e+01    4.0859230e+05  2.0319086e+03
   3.900e+01    4.2199904e+05  2.1208850e+03
   4.100e+01    4.4061896e+05  2.2058828e+03
   4.300e+01    4.5850766e+05  2.2867550e+03
   4.500e+01    4.7049836e+05  2.3634551e+03
   4.700e+01    4.8229912e+05  2.4360139e+03
   4.900e+01    4.9983846e+05  2.5045193e+03
   5.100e+01    5.1524752e+05  2.5690998e+03
   5.300e+01    5.2662663e+05  2.6299122e+03
   5.500e+01    5.3685823e+05  2.6871306e+03
   5.700e+01    5.5059748e+05  2.7409393e+03
   5.900e+01    5.6455449e+05  2.7915265e+03
   6.100e+01    5.6590895e+05  2.8390799e+03
   6.300e+01    5.6951499e+05  2.8837836e+03
   6.500e+01    5.8298479e+05  2.9258161e+03
   6.700e+01    5.9426111e+05  2.9653484e+03
   6.900e+01    6.0290463e+05  3.0025432e+03
   7.100e+01    6.0917010e+05  3.0375545e+03
   7.300e+01    6.1543863e+05  3.0705274e+03
   7.500e+01    6.1810102e+05  3.1015978e+03
   7.700e+01    6.3010665e+05  3.1308930e+03
   7.900e+01    6.3771701e+05  3.1585317e+03
   9.000e+00    1.6757453e+05  8.3841696e+02
   4.300e+01    4.5643142e+05  2.2867550e+03
   5.100e+01    5.1035064e+05  2.5690998e+03
