#   ncyc_cp         Intensity      Esd(Int.)
   0.000e+00    1.0033705e+06  5.0000000e+03
   1.000e+00    6.2914003e+05  3.1510524e+03
   2.000e+00    6.3492231e+05  3.1921575e+03
   3.000e+00    6.4623730e+05  3.2337723e+03
   4.000e+00    6.5647542e+05  3.2756542e+03
   5.000e+00    6.6242354e+05  3.3175408e+03
   6.000e+00    6.7675077e+05  3.3589792e+03
   7.000e+00    6.8402328e+05  3.3993143e+03
   8.000e+00    6.8408982e+05  3.4378754e+03
   9.000e+00    6.9787238e+05  3.4741306e+03
   1.000e+01    7.0410351e+05  3.5077450e+03
   1.100e+01    7.0597600e+05  3.5385713e+03
   1.200e+01    7.1217213e+05  3.5666108e+03
   1.300e+01    7.1996168e+05  3.5919675e+03
   1.400e+01    7.2168033e+05  3.6148090e+03
   1.500e+01    7.2942522e+05  3.6353361e+03
   1.600e+01    7.2751261e+05  3.6537615e+03
   1.700e+01    7.2881214e+05  3.6702957e+03
   1.800e+01    7.3682276e+05  3.6851390e+03
   1.900e+01    7.4235062e+05  3.6984767e+03
   2.000e+01    7.4628976e+05  3.7104772e+03
   2.100e+01    7.4537740e+05  3.7212916e+03
   2.200e+01    7.5096267e+05  3.7310546e+03
   2.300e+01    7.4381143e+05  3.7398851e+03
   2.400e+01    7.4357394e+05  3.7478883e+03
   2.500e+01    7.5309227e+05  3.7551563e+03
   2.600e+01    7.5631538e+05  3.7617704e+03
   2.700e+01    7.4865007e+05  3.7678018e+03
   2.800e+01    7.5562516e+05  3.7733130e+03
   2.900e+01    7.5974927e+05  3.7783591e+03
   3.000e+01    7.5420187e+05  3.7829883e+03
   3.100e+01    7.5557353e+05  3.7872433e+03
   3.200e+01    7.6489166e+05  3.7911616e+03
   3.300e+01    7.5431287e+05  3.7947766e+03
   3.400e+01    7.6337139e+05  3.7981177e+03
   3.500e+01    7.5430228e+05  3.8012108e+03
   3.600e+01    7.6255138e+05  3.8040791e+03
   3.700e+01    7.5758949e+05  3.8067433e+03
   3.800e+01    7.6179179e+05  3.8092218e+03
   3.900e+01    7.6247440e+05  3.8115310e+03
   4.000e+01    7.5672696e+05  3.8136856e+03
   1.900e+01    7.4224268e+05  3.6984767e+03
   2.000e+00    6.3860990e+05  3.1921575e+03
   3.800e+01    7.6452147e+05  3.8092218e+03
