#   ncyc_cp         Intensity      Esd(Int.)
   0.000e+00    1.0075007e+06  5.0000000e+03
   1.000e+00    2.5108064e+05  1.2615106e+03
   2.000e+00    2.5947663e+05  1.2952307e+03
   3.000e+00    2.6023039e+05  1.3008542e+03
   4.000e+00    2.6248867e+05  1.3248379e+03
   5.000e+00    2.7178170e+05  1.3592173e+03
   6.000e+00    2.9037736e+05  1.4588688e+03
   7.000e+00    3.2300936e+05  1.6112477e+03
   8.000e+00    3.5920246e+05  1.7895656e+03
   9.000e+00    3.9808769e+05  1.9737519e+03
   1.000e+01    4.2858808e+05  2.1517179e+03
   1.100e+01    4.6652612e+05  2.3171720e+03
   1.200e+01    4.8891958e+05  2.4674943e+03
   1.300e+01    5.1718100e+05  2.6022052e+03
   1.400e+01    5.4878976e+05  2.7219738e+03
   1.500e+01    5.6441207e+05  2.8280161e+03
   1.600e+01    5.8533148e+05  2.9217478e+03
   1.700e+01    5.9908921e+05  3.0045953e+03
   1.800e+01    6.1004178e+05  3.0779001e+03
   1.900e+01    6.3149893e+05  3.1428770e+03
   2.000e+01    6.3821424e+05  3.2006015e+03
   2.100e+01    6.5362903e+05  3.2520133e+03
   2.200e+01    6.5924296e+05  3.2979267e+03
   2.300e+01    6.7060322e+05  3.3390440e+03
   2.400e+01    6.8352780e+05  3.3759700e+03
   2.500e+01    6.8278530e+05  3.4092246e+03
   2.600e+01    6.8917458e+05  3.4392553e+03
   2.700e+01    6.8847414e+05  3.4664475e+03
   2.800e+01    7.0052632e+05  3.4911340e+03
   2.900e+01    6.9772172e+05  3.5136023e+03
   3.000e+01    7.0382817e+05  3.5341016e+03
   3.100e+01    7.0829885e+05  3.5528487e+03
   3.200e+01    7.1419965e+05  3.5700322e+03
   3.300e+01    7.1253526e+05  3.5858167e+03
   3.400e+01    7.2231116e+05  3.6003465e+03
   3.500e+01    7.1765444e+05  3.6137483e+03
   3.600e+01    7.3113921e+05  3.6261336e+03
   3.700e+01    7.2816482e+05  3.6376005e+03
   3.800e+01    7.2914470e+05  3.6482362e+03
   3.900e+01    7.3179882e+05  3.6581178e+03
   4.000e+01    7.3245979e+05  3.6673138e+03
   1.000e+00    2.5247478e+05  1.2615106e+03
   2.400e+01    6.7083885e+05  3.3759700e+03
   3.000e+00    2.6051342e+05  1.3008542e+03
