#   ncyc_cp         Intensity      Esd(Int.)
   0.000e+00    1.0020664e+06  5.0000000e+03
   1.000e+00    4.4959140e+05  2.2581507e+03
   2.000e+00    4.7629565e+05  2.3858264e+03
   3.000e+00    5.0489410e+05  2.5232574e+03
   4.000e+00    5.3314802e+05  2.6690082e+03
   5.000e+00    5.6301058e+05  2.8157875e+03
   6.000e+00    5.9148247e+05  2.9537984e+03
   7.000e+00    6.1404958e+05  3.0770648e+03
   8.000e+00    6.3692777e+05  3.1837062e+03
   9.000e+00    6.5375644e+05  3.2743378e+03
   1.000e+01    6.6424379e+05  3.3507045e+03
   1.100e+01    6.8250695e+05  3.4148723e+03
   1.200e+01    6.9576159e+05  3.4688337e+03
   1.300e+01    6.9965257e+05  3.5143475e+03
   1.400e+01    7.1351231e+05  3.5529000e+03
   1.500e+01    7.2237129e+05  3.5857182e+03
   1.600e+01    7.2584872e+05  3.6138028e+03
   1.700e+01    7.3120162e+05  3.6379665e+03
   1.800e+01    7.2622172e+05  3.6588679e+03
   1.900e+01    7.3863090e+05  3.6770418e+03
   2.000e+01    7.4011754e+05  3.6929235e+03
   2.100e+01    7.4101993e+05  3.7068690e+03
   2.200e+01    7.4494646e+05  3.7191705e+03
   2.300e+01    7.4367473e+05  3.7300690e+03
   2.400e+01    7.4905439e+05  3.7397644e+03
   2.500e+01    7.4494114e+05  3.7484233e+03
   2.600e+01    7.5523895e+05  3.7561849e+03
   2.700e+01    7.6384054e+05  3.7631667e+03
   2.800e+01    7.5544649e+05  3.7694678e+03
   2.900e+01    7.5943419e+05  3.7751723e+03
   3.000e+01    7.5407733e+05  3.7803521e+03
   3.100e+01    7.6360952e+05  3.7850686e+03
   3.200e+01    7.5469613e+05  3.7893749e+03
   3.300e+01    7.5873862e+05  3.7933164e+03
   3.400e+01    7.6214551e+05  3.7969329e+03
   3.500e+01    7.5730775e+05  3.8002586e+03
   3.600e+01    7.6096743e+05  3.8033237e+03
   3.700e+01    7.6454763e+05  3.8061544e+03
   3.800e+01    7.7460076e+05  3.8087739e+03
   3.900e+01    7.6565040e+05  3.8112025e+03
   4.000e+01    7.6662484e+05  3.8134581e+03
   2.900e+01    7.5268909e+05  3.7751723e+03
   4.000e+01    7.6957527e+05  3.8134581e+03
   2.200e+01    7.3953191e+05  3.7191705e+03
