#   ncyc_cp         Intensity      Esd(Int.)
   0.000e+00    1.0021126e+06  5.0000000e+03
   1.000e+00    3.0054180e+05  1.4980675e+03
   2.000e+00    3.2208963e+05  1.6070637e+03
   3.000e+00    3.5171803e+05  1.7596039e+03
   4.000e+00    3.9469028e+05  1.9531648e+03
   5.000e+00    4.3599182e+05  2.1903508e+03
   6.000e+00    4.8058172e+05  2.4275898e+03
   7.000e+00    5.3431595e+05  2.6406350e+03
   8.000e+00    5.6264247e+05  2.8223411e+03
   9.000e+00    5.9146449e+05  2.9736756e+03
   1.000e+01    6.2332538e+05  3.0986230e+03
   1.100e+01    6.4379035e+05  3.2016178e+03
   1.200e+01    6.5925106e+05  3.2868034e+03
   1.300e+01    6.7228479e+05  3.3575899e+03
   1.400e+01    6.8076935e+05  3.4168099e+03
   1.500e+01    6.9634609e+05  3.4666587e+03
   1.600e+01    7.0316462e+05  3.5089296e+03
   1.700e+01    7.0521213e+05  3.5449912e+03
   1.800e+01    7.1389502e+05  3.5759741e+03
   1.900e+01    7.1929741e+05  3.6027378e+03
   2.000e+01    7.2321933e+05  3.6260083e+03
   2.100e+01    7.2236154e+05  3.6463364e+03
   2.200e+01    7.2596514e+05  3.6641998e+03
   2.300e+01    7.3554324e+05  3.6799601e+03
   2.400e+01    7.3991959e+05  3.6939400e+03
   2.500e+01    7.3966074e+05  3.7063823e+03
   2.600e+01    7.4731753e+05  3.7175108e+03
   2.700e+01    7.3873627e+05  3.7274920e+03
   2.800e+01    7.4639917e+05  3.7364849e+03
   2.900e+01    7.5138415e+05  3.7446058e+03
   3.000e+01    7.4934941e+05  3.7519704e+03
   3.100e+01    7.4693520e+05  3.7586614e+03
   3.200e+01    7.5600283e+05  3.7647645e+03
   3.300e+01    7.5466641e+05  3.7703396e+03
   3.400e+01    7.5411578e+05  3.7754512e+03
   3.500e+01    7.6182483e+05  3.7801434e+03
   3.600e+01    7.5080003e+05  3.7844657e+03
   3.700e+01    7.5493645e+05  3.7884507e+03
   3.800e+01    7.5706725e+05  3.7921371e+03
   3.900e+01    7.6208327e+05  3.7955493e+03
   4.000e+01    7.5659642e+05  3.7987180e+03
   4.000e+00    3.9060000e+05  1.9531648e+03
   1.400e+01    6.7727103e+05  3.4168099e+03
   1.200e+01    6.5721246e+05  3.2868034e+03
