#   ncyc_cp         Intensity      Esd(Int.)
   0.000e+00    9.9095751e+05  5.0000000e+03
   1.000e+00    1.3811511e+05  6.9259077e+02
   2.000e+00    1.4555901e+05  7.2935681e+02
   3.000e+00    1.5281550e+05  7.6726820e+02
   4.000e+00    1.6200338e+05  8.0803915e+02
   5.000e+00    1.6904196e+05  8.5202122e+02
   6.000e+00    1.8121763e+05  8.9902829e+02
   7.000e+00    1.9121424e+05  9.5470533e+02
   8.000e+00    2.0573386e+05  1.0236871e+03
   9.000e+00    2.2148142e+05  1.1068108e+03
   1.000e+01    2.3872212e+05  1.2022732e+03
   1.100e+01    2.6167833e+05  1.3071293e+03
   1.200e+01    2.8584000e+05  1.4182152e+03
   1.300e+01    3.0749268e+05  1.5326079e+03
   1.400e+01    3.3101500e+05  1.6478209e+03
   1.500e+01    3.5050446e+05  1.7618596e+03
   1.600e+01    3.7389876e+05  1.8732033e+03
   1.700e+01    3.9770641e+05  1.9807513e+03
   1.800e+01    4.1608913e+05  2.0837569e+03
   1.900e+01    4.3326008e+05  2.1817583e+03
   2.000e+01    4.5350245e+05  2.2745165e+03
   2.100e+01    4.7204814e+05  2.3619606e+03
   2.200e+01    4.8708881e+05  2.4441433e+03
   2.300e+01    5.0763900e+05  2.5212041e+03
   2.400e+01    5.1456518e+05  2.5933417e+03
   2.500e+01    5.2928182e+05  2.6607920e+03
   2.600e+01    5.4944193e+05  2.7238122e+03
   2.700e+01    5.6047943e+05  2.7826685e+03
   2.800e+01    5.6330498e+05  2.8376278e+03
   2.900e+01    5.7786663e+05  2.8889518e+03
   3.000e+01    5.8294538e+05  2.9368928e+03
   3.100e+01    6.0034737e+05  2.9816915e+03
   3.200e+01    6.0320208e+05  3.0235749e+03
   3.300e+01    6.1010577e+05  3.0627563e+03
   3.400e+01    6.2406829e+05  3.0994345e+03
   3.500e+01    6.2532387e+05  3.1337944e+03
   3.600e+01    6.3290699e+05  3.1660074e+03
   3.700e+01    6.4319381e+05  3.1962319e+03
   3.800e+01    6.5031377e+05  3.2246140e+03
   3.900e+01    6.4599120e+05  3.2512885e+03
   4.000e+01    6.5455549e+05  3.2763796e+03
   7.000e+00    1.9084368e+05  9.5470533e+02
   1.700e+01    3.9616137e+05  1.9807513e+03
   3.200e+01    6.0559849e+05  3.0235749e+03
