#   ncyc_cp         Intensity      Esd(Int.)
   0.000e+00    9.9889563e+05  5.0000000e+03
   1.000e+00    4.1721155e+04  2.0908479e+02
   2.000e+00    4.4549132e+04  2.2436555e+02
   3.000e+00    4.8228687e+04  2.4068802e+02
   4.000e+00    5.1552913e+04  2.5771921e+02
   5.000e+00    5.5494867e+04  2.7695304e+02
   6.000e+00    5.9398086e+04  2.9857814e+02
   7.000e+00    6.4141291e+04  3.2170418e+02
   8.000e+00    6.9394809e+04  3.4675015e+02
   9.000e+00    7.5411482e+04  3.7532393e+02
   1.000e+01    8.1124521e+04  4.0899550e+02
   1.100e+01    8.9968911e+04  4.4881618e+02
   1.200e+01    9.9509391e+04  4.9524791e+02
   1.300e+01    1.0997400e+05  5.4824263e+02
   1.400e+01    1.2186781e+05  6.0752015e+02
   1.500e+01    1.3457714e+05  6.7243143e+02
   1.600e+01    1.4756256e+05  7.4238916e+02
   1.700e+01    1.6361512e+05  8.1647188e+02
   1.800e+01    1.7959209e+05  8.9402713e+02
   1.900e+01    1.9405811e+05  9.7406418e+02
   2.000e+01    2.1010264e+05  1.0560051e+03
   2.100e+01    2.2759823e+05  1.1389168e+03
   2.200e+01    2.4554946e+05  1.2223666e+03
   2.300e+01    2.6067199e+05  1.3055452e+03
   2.400e+01    2.7978787e+05  1.3881853e+03
   2.500e+01    2.9254098e+05  1.4696222e+03
   2.600e+01    3.0998613e+05  1.5497421e+03
   2.700e+01    3.2578229e+05  1.6280183e+03
   2.800e+01    3.4051785e+05  1.7044634e+03
   2.900e+01    3.5243268e+05  1.7786688e+03
   3.000e+01    3.6475232e+05  1.8507422e+03
   3.100e+01    3.8576307e+05  1.9203694e+03
   3.200e+01    4.0093022e+05  1.9877244e+03
   3.300e+01    4.1353788e+05  2.0525653e+03
   3.400e+01    4.2195147e+05  2.1151083e+03
   3.500e+01    4.3666244e+05  2.1751651e+03
   3.600e+01    4.4609547e+05  2.2329753e+03
   3.700e+01    4.6011913e+05  2.2883897e+03
   3.800e+01    4.6529779e+05  2.3416581e+03
   3.900e+01    4.7950467e+05  2.3926587e+03
   4.000e+01    4.8905504e+05  2.4416421e+03
   2.800e+01    3.4376248e+05  1.7044634e+03
   2.000e+00    4.4582170e+04  2.2436555e+02
   1.800e+01    1.7852223e+05  8.9402713e+02
