#   ncyc_cp         Intensity      Esd(Int.)
   0.000e+00    9.9482520e+05  5.0000000e+03
   1.000e+00    1.9974361e+05  9.9221451e+02
   2.000e+00    2.1070370e+05  1.0540692e+03
   3.000e+00    2.2588242e+05  1.1200822e+03
   4.000e+00    2.3963657e+05  1.1914162e+03
   5.000e+00    2.5429302e+05  1.2684660e+03
   6.000e+00    2.7399462e+05  1.3531129e+03
   7.000e+00    2.8941299e+05  1.4469010e+03
   8.000e+00    3.1110789e+05  1.5493997e+03
   9.000e+00    3.3187953e+05  1.6586030e+03
   1.000e+01    3.5350866e+05  1.7718419e+03
   1.100e+01    3.7938299e+05  1.8864516e+03
   1.200e+01    4.0065623e+05  2.0001192e+03
   1.300e+01    4.1942296e+05  2.1110148e+03
   1.400e+01    4.4309419e+05  2.2177976e+03
   1.500e+01    4.6464963e+05  2.3195637e+03
   1.600e+01    4.8104541e+05  2.4157698e+03
   1.700e+01    5.0642951e+05  2.5061550e+03
   1.800e+01    5.1394602e+05  2.5906694e+03
   1.900e+01    5.3920628e+05  2.6694140e+03
   2.000e+01    5.4825581e+05  2.7425928e+03
   2.100e+01    5.6487889e+05  2.8104755e+03
   2.200e+01    5.7345795e+05  2.8733702e+03
   2.300e+01    5.8490687e+05  2.9316027e+03
   2.400e+01    5.9329291e+05  2.9855025e+03
   2.500e+01    6.0634588e+05  3.0353931e+03
   2.600e+01    6.2051084e+05  3.0815854e+03
   2.700e+01    6.1971274e+05  3.1243740e+03
   2.800e+01    6.3159269e+05  3.1640349e+03
   2.900e+01    6.4187646e+05  3.2008249e+03
   3.000e+01    6.4883864e+05  3.2349810e+03
   3.100e+01    6.4672691e+05  3.2667212e+03
   3.200e+01    6.5952715e+05  3.2962456e+03
   3.300e+01    6.6901958e+05  3.3237369e+03
   3.400e+01    6.6594245e+05  3.3493621e+03
   3.500e+01    6.7197482e+05  3.3732734e+03
   3.600e+01    6.7961752e+05  3.3956094e+03
   3.700e+01    6.8882042e+05  3.4164963e+03
   3.800e+01    6.8961915e+05  3.4360493e+03
   3.900e+01    6.8734165e+05  3.4543731e+03
   4.000e+01    7.0305257e+05  3.4715630e+03
   3.500e+01    6.7419992e+05  3.3732734e+03
   3.100e+01    6.4965748e+05  3.2667212e+03
   2.800e+01    6.3533062e+05  3.1640349e+03
