#   ncyc_cp         Intensity      Esd(Int.)
   0.000e+00    1.0051817e+06  5.0000000e+03
   1.000e+00    1.8557314e+05  9.2734232e+02
   2.000e+00    1.9617209e+05  9.7730413e+02
   3.000e+00    2.0636270e+05  1.0291737e+03
   4.000e+00    2.1969758e+05  1.0921757e+03
   5.000e+00    2.3352192e+05  1.1594382e+03
   6.000e+00    2.4537395e+05  1.2335972e+03
   7.000e+00    2.6409293e+05  1.3216214e+03
   8.000e+00    2.8531644e+05  1.4249735e+03
   9.000e+00    3.0726565e+05  1.5406970e+03
   1.000e+01    3.3219485e+05  1.6643081e+03
   1.100e+01    3.5947823e+05  1.7913296e+03
   1.200e+01    3.8341987e+05  1.9181524e+03
   1.300e+01    4.0671270e+05  2.0419366e+03
   1.400e+01    4.3214946e+05  2.1608499e+03
   1.500e+01    4.5985355e+05  2.2735902e+03
   1.600e+01    4.8018129e+05  2.3795784e+03
   1.700e+01    4.9584780e+05  2.4784558e+03
   1.800e+01    5.1545382e+05  2.5703234e+03
   1.900e+01    5.3348877e+05  2.6552969e+03
   2.000e+01    5.4603248e+05  2.7337795e+03
   2.100e+01    5.6304473e+05  2.8060807e+03
   2.200e+01    5.7612719e+05  2.8726981e+03
   2.300e+01    5.8716686e+05  2.9339899e+03
   2.400e+01    5.9810989e+05  2.9904474e+03
   2.500e+01    6.0740274e+05  3.0424111e+03
   2.600e+01    6.1251479e+05  3.0903242e+03
   2.700e+01    6.2892282e+05  3.1344839e+03
   2.800e+01    6.3529076e+05  3.1752731e+03
   2.900e+01    6.4201323e+05  3.2129402e+03
   3.000e+01    6.5283083e+05  3.2478085e+03
   3.100e+01    6.5722781e+05  3.2800807e+03
   3.200e+01    6.6329232e+05  3.3100273e+03
   3.300e+01    6.6824132e+05  3.3378111e+03
   3.400e+01    6.7453863e+05  3.3636573e+03
   3.500e+01    6.7620548e+05  3.3876958e+03
   3.600e+01    6.8257783e+05  3.4101143e+03
   3.700e+01    6.9208392e+05  3.4310156e+03
   3.800e+01    6.8295615e+05  3.4505566e+03
   3.900e+01    6.8754496e+05  3.4688187e+03
   4.000e+01    6.9562126e+05  3.4859331e+03
   1.000e+00    1.8601650e+05  9.2734232e+02
   1.100e+01    3.5819050e+05  1.7913296e+03
   2.700e+01    6.2644101e+05  3.1344839e+03
