#   ncyc_cp         Intensity      Esd(Int.)
   0.000e+00    1.0051811e+06  5.0000000e+03
   1.000e+00    2.0826819e+05  1.0378383e+03
   3.000e+00    2.1978769e+05  1.0993255e+03
   5.000e+00    2.3248393e+05  1.1614482e+03
   7.000e+00    2.4703420e+05  1.2390359e+03
   9.000e+00    2.7053883e+05  1.3525086e+03
   1.100e+01    3.0533634e+05  1.5190812e+03
   1.300e+01    3.4167928e+05  1.7173669e+03
   1.500e+01    3.8233202e+05  1.9236657e+03
   1.700e+01    4.2534458e+05  2.1224350e+03
   1.900e+01    4.6290499e+05  2.3055629e+03
   2.100e+01    4.9348199e+05  2.4698742e+03
   2.300e+01    5.2742261e+05  2.6150472e+03
   2.500e+01    5.5395187e+05  2.7422239e+03
   2.700e+01    5.6515708e+05  2.8531798e+03
   2.900e+01    5.8764445e+05  2.9498634e+03
   3.100e+01    6.0163656e+05  3.0341619e+03
   3.300e+01    6.2543657e+05  3.1077943e+03
   3.500e+01    6.2794577e+05  3.1722748e+03
   3.700e+01    6.4597103e+05  3.2289116e+03
   3.900e+01    6.5173512e+05  3.2788223e+03
   4.100e+01    6.5863739e+05  3.3229559e+03
   4.300e+01    6.7628083e+05  3.3621160e+03
   4.500e+01    6.7948838e+05  3.3969823e+03
   4.700e+01    6.8363102e+05  3.4281302e+03
   4.900e+01    6.8944099e+05  3.4560475e+03
   5.100e+01    6.9728180e+05  3.4811487e+03
   5.300e+01    7.0576993e+05  3.5037870e+03
   5.500e+01    7.0527446e+05  3.5242640e+03
   5.700e+01    7.1083499e+05  3.5428384e+03
   5.900e+01    7.0902602e+05  3.5597325e+03
   6.100e+01    7.1458154e+05  3.5751380e+03
   6.300e+01    7.1770534e+05  3.5892208e+03
   6.500e+01    7.1457690e+05  3.6021250e+03
   6.700e+01    7.2762204e+05  3.6139759e+03
   6.900e+01    7.2283592e+05  3.6248830e+03
   7.100e+01    7.2819007e+05  3.6349423e+03
   7.300e+01    7.2891859e+05  3.6442382e+03
   7.500e+01    7.3551953e+05  3.6528447e+03
   7.700e+01    7.2779622e+05  3.6608275e+03
   7.900e+01    7.3368034e+05  3.6682447e+03
   5.300e+01    7.0144231e+05  3.5037870e+03
   6.100e+01    7.1359619e+05  3.5751380e+03
   1.700e+01    4.2660003e+05  2.1224350e+03
