#   ncyc_cp         Intensity      Esd(Int.)
   0.000e+00    9.9530270e+05  5.0000000e+03
   1.000e+00    1.6987215e+05  8.4943491e+02
   2.000e+00    1.7400027e+05  8.6983436e+02
   3.000e+00    1.7753055e+05  8.9153925e+02
   4.000e+00    1.7934259e+05  9.0375508e+02
   5.000e+00    1.8754080e+05  9.3707695e+02
   6.000e+00    1.9076759e+05  9.5929375e+02
   7.000e+00    1.9625150e+05  9.8051630e+02
   8.000e+00    2.0277901e+05  1.0210153e+03
   9.000e+00    2.1779919e+05  1.0868396e+03
   1.000e+01    2.3362198e+05  1.1749887e+03
   1.100e+01    2.5925133e+05  1.2797537e+03
   1.200e+01    2.7774765e+05  1.3954369e+03
   1.300e+01    3.0551730e+05  1.5169995e+03
   1.400e+01    3.2616905e+05  1.6406780e+03
   1.500e+01    3.4848501e+05  1.7633112e+03
   1.600e+01    3.7777561e+05  1.8829991e+03
   1.700e+01    3.9761013e+05  1.9980359e+03
   1.800e+01    4.2280073e+05  2.1077673e+03
   1.900e+01    4.4323460e+05  2.2114035e+03
   2.000e+01    4.6009548e+05  2.3089983e+03
   2.100e+01    4.7916535e+05  2.4002719e+03
   2.200e+01    4.9350087e+05  2.4856265e+03
   2.300e+01    5.0979577e+05  2.5650368e+03
   2.400e+01    5.2489932e+05  2.6390430e+03
   2.500e+01    5.4237848e+05  2.7077295e+03
   2.600e+01    5.5411767e+05  2.7716627e+03
   2.700e+01    5.6369586e+05  2.8309610e+03
   2.800e+01    5.7348096e+05  2.8861630e+03
   2.900e+01    5.8810542e+05  2.9373853e+03
   3.000e+01    5.9571117e+05  2.9851159e+03
   3.100e+01    6.0557919e+05  3.0294544e+03
   3.200e+01    6.1298069e+05  3.0708326e+03
   3.300e+01    6.2464632e+05  3.1093282e+03
   3.400e+01    6.2326192e+05  3.1453185e+03
   3.500e+01    6.3310072e+05  3.1788601e+03
   3.600e+01    6.3879656e+05  3.2102807e+03
   3.700e+01    6.4850586e+05  3.2396182e+03
   3.800e+01    6.5133245e+05  3.2671570e+03
   3.900e+01    6.5661562e+05  3.2929192e+03
   4.000e+01    6.6050916e+05  3.3171519e+03
   3.700e+01    6.4697294e+05  3.2396182e+03
   4.000e+00    1.7969378e+05  9.0375508e+02
   2.900e+01    5.8449020e+05  2.9373853e+03
