#   ncyc_cp         Intensity      Esd(Int.)
   0.000e+00    1.0006139e+06  5.0000000e+03
   1.000e+00    4.3846810e+05  2.1737942e+03
   2.000e+00    4.6063681e+05  2.3255745e+03
   3.000e+00    4.9673895e+05  2.4969631e+03
   4.000e+00    5.3863280e+05  2.6832593e+03
   5.000e+00    5.7619775e+05  2.8642100e+03
   6.000e+00    6.0679103e+05  3.0243419e+03
   7.000e+00    6.3318241e+05  3.1588889e+03
   8.000e+00    6.5183851e+05  3.2691717e+03
   9.000e+00    6.7033464e+05  3.3587246e+03
   1.000e+01    6.8231604e+05  3.4313846e+03
   1.100e+01    6.9659445e+05  3.4905630e+03
   1.200e+01    7.0277610e+05  3.5390614e+03
   1.300e+01    7.1557426e+05  3.5791010e+03
   1.400e+01    7.2003119e+05  3.6124155e+03
   1.500e+01    7.2684417e+05  3.6403516e+03
   1.600e+01    7.2988900e+05  3.6639564e+03
   1.700e+01    7.3914826e+05  3.6840468e+03
   1.800e+01    7.4116399e+05  3.7012643e+03
   1.900e+01    7.3978039e+05  3.7161155e+03
   2.000e+01    7.4783953e+05  3.7290039e+03
   2.100e+01    7.4757260e+05  3.7402527e+03
   2.200e+01    7.4706961e+05  3.7501227e+03
   2.300e+01    7.4596618e+05  3.7588263e+03
   2.400e+01    7.5747334e+05  3.7665371e+03
   2.500e+01    7.5202292e+05  3.7733982e+03
   2.600e+01    7.5920481e+05  3.7795282e+03
   2.700e+01    7.5966567e+05  3.7850262e+03
   2.800e+01    7.5605277e+05  3.7899749e+03
   2.900e+01    7.5969835e+05  3.7944445e+03
   3.000e+01    7.5661844e+05  3.7984943e+03
   3.100e+01    7.6068974e+05  3.8021746e+03
   3.200e+01    7.5873400e+05  3.8055289e+03
   3.300e+01    7.5935851e+05  3.8085940e+03
   3.400e+01    7.6703441e+05  3.8114022e+03
   3.500e+01    7.6483847e+05  3.8139812e+03
   3.600e+01    7.6228522e+05  3.8163551e+03
   3.700e+01    7.6347687e+05  3.8185450e+03
   3.800e+01    7.6758119e+05  3.8205693e+03
   3.900e+01    7.6145979e+05  3.8224442e+03
   4.000e+01    7.6517761e+05  3.8241841e+03
   8.000e+00    6.5359691e+05  3.2691717e+03
   9.000e+00    6.6764862e+05  3.3587246e+03
   4.000e+00    5.3869906e+05  2.6832593e+03
