#   ncyc_cp         Intensity      Esd(Int.)
   0.000e+00    1.0013608e+06  5.0000000e+03
   1.000e+00    9.6168593e+04  4.8221157e+02
   2.000e+00    1.0226700e+05  5.1043493e+02
   3.000e+00    1.0763852e+05  5.3973124e+02
   4.000e+00    1.1391633e+05  5.7080240e+02
   5.000e+00    1.2173269e+05  6.0501888e+02
   6.000e+00    1.2734739e+05  6.4070360e+02
   7.000e+00    1.3794800e+05  6.8252742e+02
   8.000e+00    1.4827567e+05  7.3601966e+02
   9.000e+00    1.6196605e+05  8.0347190e+02
   1.000e+01    1.7655673e+05  8.8438283e+02
   1.100e+01    1.9503964e+05  9.7677106e+02
   1.200e+01    2.1627459e+05  1.0780759e+03
   1.300e+01    2.3582586e+05  1.1856523e+03
   1.400e+01    2.5871577e+05  1.2970298e+03
   1.500e+01    2.8153292e+05  1.4100412e+03
   1.600e+01    3.0752576e+05  1.5228743e+03
   1.700e+01    3.2631281e+05  1.6340768e+03
   1.800e+01    3.4946969e+05  1.7425320e+03
   1.900e+01    3.7135523e+05  1.8474203e+03
   2.000e+01    3.9039364e+05  1.9481737e+03
   2.100e+01    4.0532205e+05  2.0444308e+03
   2.200e+01    4.2435820e+05  2.1359949e+03
   2.300e+01    4.4411363e+05  2.2227971e+03
   2.400e+01    4.6203875e+05  2.3048645e+03
   2.500e+01    4.7294772e+05  2.3822956e+03
   2.600e+01    4.8775747e+05  2.4552383e+03
   2.700e+01    5.0443161e+05  2.5238747e+03
   2.800e+01    5.1682269e+05  2.5884079e+03
   2.900e+01    5.3412108e+05  2.6490524e+03
   3.000e+01    5.4147570e+05  2.7060274e+03
   3.100e+01    5.5176856e+05  2.7595508e+03
   3.200e+01    5.6022554e+05  2.8098362e+03
   3.300e+01    5.7113360e+05  2.8570898e+03
   3.400e+01    5.7586779e+05  2.9015092e+03
   3.500e+01    5.9036364e+05  2.9432816e+03
   3.600e+01    5.9356141e+05  2.9825842e+03
   3.700e+01    6.0672407e+05  3.0195831e+03
   3.800e+01    6.0515796e+05  3.0544341e+03
   3.900e+01    6.1694181e+05  3.0872826e+03
   4.000e+01    6.1936289e+05  3.1182642e+03
   2.900e+01    5.3147125e+05  2.6490524e+03
   4.000e+00    1.1447102e+05  5.7080240e+02
   3.500e+01    5.8862870e+05  2.9432816e+03
