#   ncyc_cp         Intensity      Esd(Int.)
   0.000e+00    1.0013084e+06  5.0000000e+03
   1.000e+00    1.9924419e+05  9.9110602e+02
   2.000e+00    2.1259423e+05  1.0601001e+03
   3.000e+00    2.2897927e+05  1.1400760e+03
   4.000e+00    2.4735376e+05  1.2335945e+03
   5.000e+00    2.7154122e+05  1.3579219e+03
   6.000e+00    3.0510251e+05  1.5159004e+03
   7.000e+00    3.3829637e+05  1.6945226e+03
   8.000e+00    3.7298254e+05  1.8794563e+03
   9.000e+00    4.1088861e+05  2.0601521e+03
   1.000e+01    4.4154239e+05  2.2301948e+03
   1.100e+01    4.7691694e+05  2.3863571e+03
   1.200e+01    5.0208776e+05  2.5275407e+03
   1.300e+01    5.3207192e+05  2.6539349e+03
   1.400e+01    5.5879339e+05  2.7664324e+03
   1.500e+01    5.7959644e+05  2.8662549e+03
   1.600e+01    5.9387987e+05  2.9547280e+03
   1.700e+01    6.0310284e+05  3.0331548e+03
   1.800e+01    6.2352825e+05  3.1027504e+03
   1.900e+01    6.3138616e+05  3.1646134e+03
   2.000e+01    6.4803158e+05  3.2197186e+03
   2.100e+01    6.5138024e+05  3.2689202e+03
   2.200e+01    6.6325869e+05  3.3129617e+03
   2.300e+01    6.7122579e+05  3.3524873e+03
   2.400e+01    6.7573959e+05  3.3880537e+03
   2.500e+01    6.8440132e+05  3.4201420e+03
   2.600e+01    6.9692497e+05  3.4491676e+03
   2.700e+01    6.9714264e+05  3.4754900e+03
   2.800e+01    7.0544613e+05  3.4994202e+03
   2.900e+01    7.1611504e+05  3.5212284e+03
   3.000e+01    7.0832336e+05  3.5411491e+03
   3.100e+01    7.0848536e+05  3.5593869e+03
   3.200e+01    7.1169010e+05  3.5761203e+03
   3.300e+01    7.1837677e+05  3.5915058e+03
   3.400e+01    7.1622473e+05  3.6056804e+03
   3.500e+01    7.2387517e+05  3.6187650e+03
   3.600e+01    7.2182178e+05  3.6308660e+03
   3.700e+01    7.3143457e+05  3.6420774e+03
   3.800e+01    7.3505516e+05  3.6524827e+03
   3.900e+01    7.3215639e+05  3.6621559e+03
   4.000e+01    7.3408924e+05  3.6711630e+03
   2.800e+01    6.9890273e+05  3.4994202e+03
   1.300e+01    5.3127170e+05  2.6539349e+03
   1.400e+01    5.5443098e+05  2.7664324e+03
