#   ncyc_cp         Intensity      Esd(Int.)
   0.000e+00    1.0032444e+06  5.0000000e+03
   1.000e+00    4.1793996e+05  2.1011384e+03
   2.000e+00    4.2988221e+05  2.1672179e+03
   3.000e+00    4.4740098e+05  2.2355990e+03
   4.000e+00    4.6115365e+05  2.3063488e+03
   5.000e+00    4.7164051e+05  2.3794209e+03
   6.000e+00    4.9350022e+05  2.4548676e+03
   7.000e+00    5.0789742e+05  2.5322881e+03
   8.000e+00    5.2107161e+05  2.6106829e+03
   9.000e+00    5.3781894e+05  2.6887434e+03
   1.000e+01    5.5029155e+05  2.7651765e+03
   1.100e+01    5.7148907e+05  2.8389006e+03
   1.200e+01    5.8542336e+05  2.9091200e+03
   1.300e+01    5.9734156e+05  2.9753218e+03
   1.400e+01    6.0806999e+05  3.0372361e+03
   1.500e+01    6.2092739e+05  3.0947834e+03
   1.600e+01    6.2274510e+05  3.1480240e+03
   1.700e+01    6.3873440e+05  3.1971139e+03
   1.800e+01    6.4830287e+05  3.2422701e+03
   1.900e+01    6.5713149e+05  3.2837439e+03
   2.000e+01    6.5930223e+05  3.3218021e+03
   2.100e+01    6.6668599e+05  3.3567136e+03
   2.200e+01    6.7343551e+05  3.3887403e+03
   2.300e+01    6.8407995e+05  3.4181317e+03
   2.400e+01    6.8783277e+05  3.4451220e+03
   2.500e+01    6.9470204e+05  3.4699279e+03
   2.600e+01    6.9821772e+05  3.4927486e+03
   2.700e+01    6.9911315e+05  3.5137662e+03
   2.800e+01    7.0114947e+05  3.5331459e+03
   2.900e+01    7.1267800e+05  3.5510376e+03
   3.000e+01    7.1282268e+05  3.5675768e+03
   3.100e+01    7.1582326e+05  3.5828857e+03
   3.200e+01    7.2143903e+05  3.5970745e+03
   3.300e+01    7.1488551e+05  3.6102426e+03
   3.400e+01    7.2404174e+05  3.6224796e+03
   3.500e+01    7.2984436e+05  3.6338662e+03
   3.600e+01    7.2981792e+05  3.6444752e+03
   3.700e+01    7.2246912e+05  3.6543722e+03
   3.800e+01    7.3344163e+05  3.6636167e+03
   3.900e+01    7.2684441e+05  3.6722622e+03
   4.000e+01    7.3560520e+05  3.6803573e+03
   3.700e+01    7.3102232e+05  3.6543722e+03
   3.200e+01    7.2429234e+05  3.5970745e+03
   2.100e+01    6.8035472e+05  3.3567136e+03
