#   ncyc_cp         Intensity      Esd(Int.)
   0.000e+00    1.0052779e+06  5.0000000e+03
   1.000e+00    3.1682198e+05  1.5815806e+03
   3.000e+00    3.3309473e+05  1.6488048e+03
   5.000e+00    3.4106236e+05  1.7190984e+03
   7.000e+00    3.5887666e+05  1.7928117e+03
   9.000e+00    3.7484426e+05  1.8700307e+03
   1.100e+01    3.9221021e+05  1.9510251e+03
   1.300e+01    4.0621880e+05  2.0360834e+03
   1.500e+01    4.2805621e+05  2.1247331e+03
   1.700e+01    4.4373823e+05  2.2157183e+03
   1.900e+01    4.6154560e+05  2.3074090e+03
   2.100e+01    4.8178479e+05  2.3981834e+03
   2.300e+01    4.9551240e+05  2.4866523e+03
   2.500e+01    5.1718426e+05  2.5717485e+03
   2.700e+01    5.2708754e+05  2.6527301e+03
   2.900e+01    5.4521819e+05  2.7291428e+03
   3.100e+01    5.6012229e+05  2.8007658e+03
   3.300e+01    5.7193400e+05  2.8675564e+03
   3.500e+01    5.8347577e+05  2.9296014e+03
   3.700e+01    5.9865486e+05  2.9870756e+03
   3.900e+01    6.0591057e+05  3.0402105e+03
   4.100e+01    6.1970829e+05  3.0892696e+03
   4.300e+01    6.2478848e+05  3.1345314e+03
   4.500e+01    6.3471098e+05  3.1762764e+03
   4.700e+01    6.3769017e+05  3.2147789e+03
   4.900e+01    6.5006528e+05  3.2503017e+03
   5.100e+01    6.5906226e+05  3.2830929e+03
   5.300e+01    6.5829934e+05  3.3133836e+03
   5.500e+01    6.7206172e+05  3.3413879e+03
   5.700e+01    6.6922711e+05  3.3673028e+03
   5.900e+01    6.8007191e+05  3.3913086e+03
   6.100e+01    6.7995325e+05  3.4135698e+03
   6.300e+01    6.8875095e+05  3.4342363e+03
   6.500e+01    6.9863065e+05  3.4534443e+03
   6.700e+01    6.8905813e+05  3.4713174e+03
   6.900e+01    7.0560933e+05  3.4879678e+03
   7.100e+01    7.0196602e+05  3.5034973e+03
   7.300e+01    7.0706647e+05  3.5179982e+03
   7.500e+01    7.0245772e+05  3.5315541e+03
   7.700e+01    7.0223964e+05  3.5442413e+03
   7.900e+01    7.1262617e+05  3.5561285e+03
   3.300e+01    5.7233506e+05  2.8675564e+03
   4.900e+01    6.5532933e+05  3.2503017e+03
   7.000e+00    3.6182791e+05  1.7928117e+03
