#   ncyc_cp         Intensity      Esd(Int.)
   0.000e+00    9.9423580e+05  5.0000000e+03
   1.000e+00    1.2579341e+05  6.2804928e+02
   2.000e+00    1.3281795e+05  6.6177329e+02
   3.000e+00    1.3876370e+05  6.9564689e+02
   4.000e+00    1.4697551e+05  7.3297628e+02
   5.000e+00    1.5437522e+05  7.7274656e+02
   6.000e+00    1.6270462e+05  8.1586141e+02
   7.000e+00    1.7352883e+05  8.7169748e+02
   8.000e+00    1.9018488e+05  9.4559239e+02
   9.000e+00    2.0709267e+05  1.0371971e+03
   1.000e+01    2.2721414e+05  1.1432468e+03
   1.100e+01    2.5216550e+05  1.2595983e+03
   1.200e+01    2.7379493e+05  1.3822175e+03
   1.300e+01    2.9980473e+05  1.5075938e+03
   1.400e+01    3.2792911e+05  1.6328780e+03
   1.500e+01    3.4930235e+05  1.7558832e+03
   1.600e+01    3.7700304e+05  1.8750198e+03
   1.700e+01    3.9941923e+05  1.9892025e+03
   1.800e+01    4.2065786e+05  2.0977529e+03
   1.900e+01    4.4113127e+05  2.2003071e+03
   2.000e+01    4.6133355e+05  2.2967371e+03
   2.100e+01    4.7715281e+05  2.3870853e+03
   2.200e+01    4.9331459e+05  2.4715126e+03
   2.300e+01    5.0917963e+05  2.5502587e+03
   2.400e+01    5.2438424e+05  2.6236119e+03
   2.500e+01    5.3919801e+05  2.6918868e+03
   2.600e+01    5.5187281e+05  2.7554086e+03
   2.700e+01    5.6614780e+05  2.8145019e+03
   2.800e+01    5.8207176e+05  2.8694833e+03
   2.900e+01    5.7874454e+05  2.9206561e+03
   3.000e+01    5.9503788e+05  2.9683075e+03
   3.100e+01    6.0598059e+05  3.0127073e+03
   3.200e+01    6.0844396e+05  3.0541068e+03
   3.300e+01    6.2088161e+05  3.0927391e+03
   3.400e+01    6.2857729e+05  3.1288197e+03
   3.500e+01    6.3571750e+05  3.1625468e+03
   3.600e+01    6.3660536e+05  3.1941030e+03
   3.700e+01    6.3923993e+05  3.2236557e+03
   3.800e+01    6.4965621e+05  3.2513582e+03
   3.900e+01    6.5618758e+05  3.2773514e+03
   4.000e+01    6.6047540e+05  3.3017639e+03
   7.000e+00    1.7557973e+05  8.7169748e+02
   2.200e+01    4.9699635e+05  2.4715126e+03
   3.200e+01    6.0629299e+05  3.0541068e+03
