#   ncyc_cp         Intensity      Esd(Int.)
   0.000e+00    1.0023496e+06  5.0000000e+03
   1.000e+00    7.3119778e+04  3.6661677e+02
   3.000e+00    7.8823831e+04  3.9196539e+02
   5.000e+00    8.3262771e+04  4.1913078e+02
   7.000e+00    8.9717718e+04  4.4791219e+02
   9.000e+00    9.5378080e+04  4.7931842e+02
   1.100e+01    1.0224291e+05  5.1334645e+02
   1.300e+01    1.0933556e+05  5.5018880e+02
   1.500e+01    1.1810949e+05  5.9207138e+02
   1.700e+01    1.2921472e+05  6.4147129e+02
   1.900e+01    1.3967979e+05  6.9975913e+02
   2.100e+01    1.5186901e+05  7.6709620e+02
   2.300e+01    1.6997671e+05  8.4279209e+02
   2.500e+01    1.8463599e+05  9.2566336e+02
   2.700e+01    2.0323328e+05  1.0142918e+03
   2.900e+01    2.2174735e+05  1.1071960e+03
   3.100e+01    2.4141920e+05  1.2029415e+03
   3.300e+01    2.6170463e+05  1.3002104e+03
   3.500e+01    2.8100176e+05  1.3978394e+03
   3.700e+01    3.0174133e+05  1.4948371e+03
   3.900e+01    3.1625637e+05  1.5903853e+03
   4.100e+01    3.3438806e+05  1.6838307e+03
   4.300e+01    3.5477880e+05  1.7746698e+03
   4.500e+01    3.7271837e+05  1.8625312e+03
   4.700e+01    3.8888951e+05  1.9471561e+03
   4.900e+01    4.0768680e+05  2.0283801e+03
   5.100e+01    4.2162153e+05  2.1061162e+03
   5.300e+01    4.3386889e+05  2.1803392e+03
   5.500e+01    4.5230623e+05  2.2510725e+03
   5.700e+01    4.6529601e+05  2.3183769e+03
   5.900e+01    4.7600786e+05  2.3823411e+03
   6.100e+01    4.8841206e+05  2.4430738e+03
   6.300e+01    4.9839988e+05  2.5006979e+03
   6.500e+01    5.1237344e+05  2.5553449e+03
   6.700e+01    5.2087445e+05  2.6071513e+03
   6.900e+01    5.3170921e+05  2.6562554e+03
   7.100e+01    5.4025828e+05  2.7027951e+03
   7.300e+01    5.4923560e+05  2.7469060e+03
   7.500e+01    5.5830567e+05  2.7887202e+03
   7.700e+01    5.6884684e+05  2.8283651e+03
   7.900e+01    5.7122655e+05  2.8659634e+03
   5.300e+01    4.3591945e+05  2.1803392e+03
   5.700e+01    4.5882936e+05  2.3183769e+03
   2.300e+01    1.6781871e+05  8.4279209e+02
