#   ncyc_cp         Intensity      Esd(Int.)
   0.000e+00    1.0035832e+06  5.0000000e+03
   1.000e+00    2.5524320e+05  1.2825193e+03
   2.000e+00    2.6282073e+05  1.3088272e+03
   3.000e+00    2.7045146e+05  1.3489089e+03
   4.000e+00    2.7885160e+05  1.3976269e+03
   5.000e+00    2.9411401e+05  1.4669568e+03
   6.000e+00    3.2194316e+05  1.5996427e+03
   7.000e+00    3.5542574e+05  1.7746553e+03
   8.000e+00    3.9140286e+05  1.9649964e+03
   9.000e+00    4.3001565e+05  2.1527724e+03
   1.000e+01    4.6423778e+05  2.3285377e+03
   1.100e+01    4.9721710e+05  2.4879630e+03
   1.200e+01    5.2978125e+05  2.6301996e+03
   1.300e+01    5.4851446e+05  2.7556801e+03
   1.400e+01    5.7959807e+05  2.8659775e+03
   1.500e+01    5.8888501e+05  2.9625821e+03
   1.600e+01    6.1863908e+05  3.0473369e+03
   1.700e+01    6.2848728e+05  3.1216586e+03
   1.800e+01    6.3746386e+05  3.1870926e+03
   1.900e+01    6.4663665e+05  3.2447406e+03
   2.000e+01    6.6061807e+05  3.2957833e+03
   2.100e+01    6.6049658e+05  3.3410222e+03
   2.200e+01    6.7274570e+05  3.3813339e+03
   2.300e+01    6.8949914e+05  3.4172876e+03
   2.400e+01    6.8936775e+05  3.4495317e+03
   2.500e+01    6.9602735e+05  3.4784674e+03
   2.600e+01    6.9238671e+05  3.5045778e+03
   2.700e+01    7.0395152e+05  3.5281460e+03
   2.800e+01    7.0403146e+05  3.5495358e+03
   2.900e+01    7.1094969e+05  3.5689476e+03
   3.000e+01    7.1448039e+05  3.5866596e+03
   3.100e+01    7.1682478e+05  3.6028138e+03
   3.200e+01    7.2920602e+05  3.6176261e+03
   3.300e+01    7.2311744e+05  3.6311974e+03
   3.400e+01    7.2929639e+05  3.6436977e+03
   3.500e+01    7.3444208e+05  3.6551987e+03
   3.600e+01    7.3810194e+05  3.6658361e+03
   3.700e+01    7.3680860e+05  3.6756607e+03
   3.800e+01    7.3123823e+05  3.6847823e+03
   3.900e+01    7.4301616e+05  3.6932365e+03
   4.000e+01    7.4067910e+05  3.7011134e+03
   1.200e+01    5.2881128e+05  2.6301996e+03
   2.500e+01    6.9778910e+05  3.4784674e+03
   4.000e+01    7.4211041e+05  3.7011134e+03
