#   ncyc_cp         Intensity      Esd(Int.)
   0.000e+00    9.9015616e+05  5.0000000e+03
   1.000e+00    3.7665296e+05  1.8698303e+03
   2.000e+00    3.7472822e+05  1.8778185e+03
   3.000e+00    3.8805064e+05  1.9355004e+03
   4.000e+00    4.1798283e+05  2.1038385e+03
   5.000e+00    4.6764126e+05  2.3485657e+03
   6.000e+00    5.1923216e+05  2.5914143e+03
   7.000e+00    5.5534934e+05  2.8017428e+03
   8.000e+00    5.9732673e+05  2.9746177e+03
   9.000e+00    6.2113919e+05  3.1140843e+03
   1.000e+01    6.4613393e+05  3.2262039e+03
   1.100e+01    6.6382423e+05  3.3166634e+03
   1.200e+01    6.7615219e+05  3.3901534e+03
   1.300e+01    6.9460306e+05  3.4503565e+03
   1.400e+01    7.0821673e+05  3.5001094e+03
   1.500e+01    7.1055100e+05  3.5415856e+03
   1.600e+01    7.0915469e+05  3.5764534e+03
   1.700e+01    7.2163950e+05  3.6059996e+03
   1.800e+01    7.2542508e+05  3.6312239e+03
   1.900e+01    7.3390756e+05  3.6529094e+03
   2.000e+01    7.3456011e+05  3.6716738e+03
   2.100e+01    7.4550614e+05  3.6880092e+03
   2.200e+01    7.4302840e+05  3.7023102e+03
   2.300e+01    7.4520221e+05  3.7148959e+03
   2.400e+01    7.4392719e+05  3.7260262e+03
   2.500e+01    7.4386006e+05  3.7359142e+03
   2.600e+01    7.4862948e+05  3.7447362e+03
   2.700e+01    7.5128939e+05  3.7526384e+03
   2.800e+01    7.5375039e+05  3.7597432e+03
   2.900e+01    7.5398838e+05  3.7661534e+03
   3.000e+01    7.5333539e+05  3.7719559e+03
   3.100e+01    7.5563197e+05  3.7772248e+03
   3.200e+01    7.5465495e+05  3.7820229e+03
   3.300e+01    7.5353385e+05  3.7864045e+03
   3.400e+01    7.5479504e+05  3.7904162e+03
   3.500e+01    7.6068982e+05  3.7940982e+03
   3.600e+01    7.6225255e+05  3.7974856e+03
   3.700e+01    7.5929845e+05  3.8006088e+03
   3.800e+01    7.6017933e+05  3.8034945e+03
   3.900e+01    7.6331245e+05  3.8061662e+03
   4.000e+01    7.6120947e+05  3.8086444e+03
   2.600e+01    7.6071244e+05  3.7447362e+03
   3.600e+01    7.5998532e+05  3.7974856e+03
   3.700e+01    7.5814765e+05  3.8006088e+03
