#   ncyc_cp         Intensity      Esd(Int.)
   0.000e+00    9.9653902e+05  5.0000000e+03
   1.000e+00    9.2463984e+04  4.5812582e+02
   2.000e+00    9.8180764e+04  4.9388735e+02
   3.000e+00    1.0596967e+05  5.3219074e+02
   4.000e+00    1.1457312e+05  5.7498554e+02
   5.000e+00    1.2497029e+05  6.2267297e+02
   6.000e+00    1.3482059e+05  6.7444704e+02
   7.000e+00    1.4584406e+05  7.3163820e+02
   8.000e+00    1.5992996e+05  7.9619568e+02
   9.000e+00    1.7490812e+05  8.6918064e+02
   1.000e+01    1.8948663e+05  9.5050269e+02
   1.100e+01    2.0745721e+05  1.0391728e+03
   1.200e+01    2.2650628e+05  1.1338249e+03
   1.300e+01    2.4597493e+05  1.2327809e+03
   1.400e+01    2.6699987e+05  1.3345288e+03
   1.500e+01    2.8734069e+05  1.4374851e+03
   1.600e+01    3.0735368e+05  1.5404580e+03
   1.700e+01    3.2830446e+05  1.6422331e+03
   1.800e+01    3.4812536e+05  1.7420457e+03
   1.900e+01    3.6728495e+05  1.8390807e+03
   2.000e+01    3.8545788e+05  1.9329516e+03
   2.100e+01    4.0613129e+05  2.0231728e+03
   2.200e+01    4.2203705e+05  2.1096381e+03
   2.300e+01    4.3906835e+05  2.1920989e+03
   2.400e+01    4.5736795e+05  2.2706331e+03
   2.500e+01    4.6694516e+05  2.3451471e+03
   2.600e+01    4.8495220e+05  2.4158267e+03
   2.700e+01    4.9838672e+05  2.4826712e+03
   2.800e+01    5.0716469e+05  2.5459210e+03
   2.900e+01    5.1941346e+05  2.6056260e+03
   3.000e+01    5.3254080e+05  2.6620466e+03
   3.100e+01    5.4102723e+05  2.7152560e+03
   3.200e+01    5.6103505e+05  2.7655136e+03
   3.300e+01    5.6478270e+05  2.8128994e+03
   3.400e+01    5.7573212e+05  2.8576605e+03
   3.500e+01    5.7794620e+05  2.8998744e+03
   3.600e+01    5.9053509e+05  2.9397698e+03
   3.700e+01    5.9518026e+05  2.9774171e+03
   3.800e+01    5.9877469e+05  3.0130243e+03
   3.900e+01    6.1219362e+05  3.0466529e+03
   4.000e+01    6.1767219e+05  3.0784902e+03
   2.700e+01    4.9212667e+05  2.4826712e+03
   3.500e+01    5.8035453e+05  2.8998744e+03
   3.300e+01    5.5996977e+05  2.8128994e+03
