#   ncyc_cp         Intensity      Esd(Int.)
   0.000e+00    1.0055205e+06  5.0000000e+03
   1.000e+00    4.5397523e+04  2.2535593e+02
   2.000e+00    4.8407239e+04  2.4394584e+02
   3.000e+00    5.2724953e+04  2.6375605e+02
   4.000e+00    5.7201775e+04  2.8523237e+02
   5.000e+00    6.2167709e+04  3.1028539e+02
   6.000e+00    6.7471645e+04  3.3785850e+02
   7.000e+00    7.3171922e+04  3.6784286e+02
   8.000e+00    8.0533620e+04  4.0212134e+02
   9.000e+00    8.8465167e+04  4.4287501e+02
   1.000e+01    9.8938952e+04  4.9144772e+02
   1.100e+01    1.0972730e+05  5.4826668e+02
   1.200e+01    1.2288502e+05  6.1313923e+02
   1.300e+01    1.3753293e+05  6.8531109e+02
   1.400e+01    1.5373213e+05  7.6392723e+02
   1.500e+01    1.6884300e+05  8.4775501e+02
   1.600e+01    1.8625054e+05  9.3578824e+02
   1.700e+01    2.0449372e+05  1.0267067e+03
   1.800e+01    2.2672027e+05  1.1196194e+03
   1.900e+01    2.4343931e+05  1.2133339e+03
   2.000e+01    2.6232659e+05  1.3071947e+03
   2.100e+01    2.8026918e+05  1.4002299e+03
   2.200e+01    2.9673254e+05  1.4920425e+03
   2.300e+01    3.1528482e+05  1.5818936e+03
   2.400e+01    3.3393660e+05  1.6696135e+03
   2.500e+01    3.4914470e+05  1.7546675e+03
   2.600e+01    3.6734809e+05  1.8370613e+03
   2.700e+01    3.7943098e+05  1.9164209e+03
   2.800e+01    3.9662848e+05  1.9928748e+03
   2.900e+01    4.1597042e+05  2.0661673e+03
   3.000e+01    4.2755037e+05  2.1365052e+03
   3.100e+01    4.4065754e+05  2.2037153e+03
   3.200e+01    4.5117596e+05  2.2680491e+03
   3.300e+01    4.6742848e+05  2.3293886e+03
   3.400e+01    4.7794597e+05  2.3880058e+03
   3.500e+01    4.8902931e+05  2.4438188e+03
   3.600e+01    4.9757721e+05  2.4971037e+03
   3.700e+01    5.1207956e+05  2.5478010e+03
   3.800e+01    5.1580542e+05  2.5961808e+03
   3.900e+01    5.2974804e+05  2.6421969e+03
   4.000e+01    5.4220348e+05  2.6861075e+03
   2.200e+01    2.9712502e+05  1.4920425e+03
   1.800e+01    2.2485352e+05  1.1196194e+03
   2.900e+01    4.1287965e+05  2.0661673e+03
