#   ncyc_cp         Intensity      Esd(Int.)
   0.000e+00    1.0003679e+06  5.0000000e+03
   1.000e+00    2.6571020e+05  1.3308037e+03
   2.000e+00    2.7757341e+05  1.3911039e+03
   3.000e+00    2.9750145e+05  1.4884163e+03
   4.000e+00    3.1862920e+05  1.5901026e+03
   5.000e+00    3.4272438e+05  1.7242763e+03
   6.000e+00    3.7660437e+05  1.8943986e+03
   7.000e+00    4.1842139e+05  2.0804963e+03
   8.000e+00    4.5369860e+05  2.2651040e+03
   9.000e+00    4.8392587e+05  2.4378672e+03
   1.000e+01    5.2572035e+05  2.5942076e+03
   1.100e+01    5.4830003e+05  2.7328326e+03
   1.200e+01    5.6647838e+05  2.8544571e+03
   1.300e+01    5.8785217e+05  2.9604935e+03
   1.400e+01    6.1221960e+05  3.0527990e+03
   1.500e+01    6.3091279e+05  3.1330976e+03
   1.600e+01    6.3872023e+05  3.2031082e+03
   1.700e+01    6.5183604e+05  3.2642469e+03
   1.800e+01    6.6245368e+05  3.3178408e+03
   1.900e+01    6.6583231e+05  3.3649351e+03
   2.000e+01    6.8386996e+05  3.4064986e+03
   2.100e+01    6.9170442e+05  3.4432761e+03
   2.200e+01    6.9921700e+05  3.4759646e+03
   2.300e+01    6.9926763e+05  3.5050901e+03
   2.400e+01    7.0295564e+05  3.5311558e+03
   2.500e+01    7.1205578e+05  3.5545341e+03
   2.600e+01    7.2111498e+05  3.5755916e+03
   2.700e+01    7.1881836e+05  3.5945944e+03
   2.800e+01    7.2332422e+05  3.6118130e+03
   2.900e+01    7.2599306e+05  3.6274396e+03
   3.000e+01    7.2152248e+05  3.6416767e+03
   3.100e+01    7.3313236e+05  3.6546643e+03
   3.200e+01    7.3700618e+05  3.6665565e+03
   3.300e+01    7.3235782e+05  3.6774562e+03
   3.400e+01    7.2953349e+05  3.6874824e+03
   3.500e+01    7.3799295e+05  3.6967116e+03
   3.600e+01    7.4326444e+05  3.7052366e+03
   3.700e+01    7.4450870e+05  3.7131150e+03
   3.800e+01    7.4781814e+05  3.7204202e+03
   3.900e+01    7.4135419e+05  3.7271957e+03
   4.000e+01    7.4901853e+05  3.7335004e+03
   1.000e+01    5.1752279e+05  2.5942076e+03
   3.400e+01    7.3478576e+05  3.6874824e+03
   3.000e+00    2.9546825e+05  1.4884163e+03
