#   ncyc_cp         Intensity      Esd(Int.)
   0.000e+00    9.9819235e+05  5.0000000e+03
   1.000e+00    3.2665402e+05  1.6266746e+03
   3.000e+00    3.3548214e+05  1.6726337e+03
   5.000e+00    3.3245234e+05  1.6471490e+03
   7.000e+00    3.3549973e+05  1.6713753e+03
   9.000e+00    3.5206446e+05  1.7607113e+03
   1.100e+01    3.8957101e+05  1.9424179e+03
   1.300e+01    4.3134773e+05  2.1589180e+03
   1.500e+01    4.7337015e+05  2.3712140e+03
   1.700e+01    5.1125592e+05  2.5625301e+03
   1.900e+01    5.4524213e+05  2.7282238e+03
   2.100e+01    5.7230648e+05  2.8690978e+03
   2.300e+01    5.9797399e+05  2.9879815e+03
   2.500e+01    6.1330918e+05  3.0881657e+03
   2.700e+01    6.3332249e+05  3.1727554e+03
   2.900e+01    6.5104263e+05  3.2444490e+03
   3.100e+01    6.5879365e+05  3.3055034e+03
   3.300e+01    6.6837807e+05  3.3577706e+03
   3.500e+01    6.8687501e+05  3.4027578e+03
   3.700e+01    6.8678828e+05  3.4416878e+03
   3.900e+01    7.0141890e+05  3.4755538e+03
   4.100e+01    7.0101515e+05  3.5051640e+03
   4.300e+01    7.0823398e+05  3.5311790e+03
   4.500e+01    7.1419212e+05  3.5541407e+03
   4.700e+01    7.1285576e+05  3.5744962e+03
   4.900e+01    7.1593865e+05  3.5926162e+03
   5.100e+01    7.2230213e+05  3.6088093e+03
   5.300e+01    7.2468417e+05  3.6233340e+03
   5.500e+01    7.3026024e+05  3.6364078e+03
   5.700e+01    7.2815204e+05  3.6482146e+03
   5.900e+01    7.2960542e+05  3.6589104e+03
   6.100e+01    7.3481131e+05  3.6686285e+03
   6.300e+01    7.3300171e+05  3.6774831e+03
   6.500e+01    7.3395973e+05  3.6855722e+03
   6.700e+01    7.3988861e+05  3.6929808e+03
   6.900e+01    7.3869728e+05  3.6997823e+03
   7.100e+01    7.3648941e+05  3.7060406e+03
   7.300e+01    7.4575875e+05  3.7118117e+03
   7.500e+01    7.4276937e+05  3.7171444e+03
   7.700e+01    7.3627417e+05  3.7220818e+03
   7.900e+01    7.4265552e+05  3.7266617e+03
   3.500e+01    6.8407613e+05  3.4027578e+03
   3.700e+01    6.8848347e+05  3.4416878e+03
   2.100e+01    5.7199234e+05  2.8690978e+03
