#   ncyc_cp         Intensity      Esd(Int.)
   0.000e+00    1.0057620e+06  5.0000000e+03
   1.000e+00    2.7955483e+05  1.3929258e+03
   2.000e+00    2.8808775e+05  1.4256082e+03
   3.000e+00    2.9374840e+05  1.4650973e+03
   4.000e+00    3.0295750e+05  1.5124255e+03
   5.000e+00    3.2764091e+05  1.6284628e+03
   6.000e+00    3.5940669e+05  1.8078704e+03
   7.000e+00    4.0155060e+05  2.0128028e+03
   8.000e+00    4.4220580e+05  2.2165804e+03
   9.000e+00    4.8210691e+05  2.4055547e+03
   1.000e+01    5.1563539e+05  2.5743909e+03
   1.100e+01    5.4040561e+05  2.7222377e+03
   1.200e+01    5.7383283e+05  2.8503796e+03
   1.300e+01    5.9413379e+05  2.9609469e+03
   1.400e+01    6.0379880e+05  3.0562602e+03
   1.500e+01    6.2946771e+05  3.1385243e+03
   1.600e+01    6.3887256e+05  3.2097059e+03
   1.700e+01    6.5029683e+05  3.2715027e+03
   1.800e+01    6.6180678e+05  3.3253539e+03
   1.900e+01    6.8127835e+05  3.3724677e+03
   2.000e+01    6.8036974e+05  3.4138541e+03
   2.100e+01    6.9274163e+05  3.4503558e+03
   2.200e+01    6.9759677e+05  3.4826766e+03
   2.300e+01    7.1095999e+05  3.5114050e+03
   2.400e+01    7.0872028e+05  3.5370350e+03
   2.500e+01    7.1005732e+05  3.5599817e+03
   2.600e+01    7.1969195e+05  3.5805959e+03
   2.700e+01    7.2572450e+05  3.5991748e+03
   2.800e+01    7.2393361e+05  3.6159711e+03
   2.900e+01    7.3007428e+05  3.6312007e+03
   3.000e+01    7.2575496e+05  3.6450484e+03
   3.100e+01    7.2693517e+05  3.6576733e+03
   3.200e+01    7.3788854e+05  3.6692127e+03
   3.300e+01    7.3599431e+05  3.6797856e+03
   3.400e+01    7.4011512e+05  3.6894953e+03
   3.500e+01    7.3774614e+05  3.6984320e+03
   3.600e+01    7.3800002e+05  3.7066746e+03
   3.700e+01    7.4131079e+05  3.7142922e+03
   3.800e+01    7.4259339e+05  3.7213458e+03
   3.900e+01    7.4449098e+05  3.7278892e+03
   4.000e+01    7.4525866e+05  3.7339699e+03
   1.500e+01    6.2544938e+05  3.1385243e+03
   4.000e+01    7.4855885e+05  3.7339699e+03
   3.500e+01    7.3629151e+05  3.6984320e+03
