#   ncyc_cp         Intensity      Esd(Int.)
   0.000e+00    9.9790109e+05  5.0000000e+03
   1.000e+00    8.9380834e+04  4.4760289e+02
   2.000e+00    9.5436847e+04  4.7319944e+02
   3.000e+00    1.0075056e+05  4.9912988e+02
   4.000e+00    1.0513489e+05  5.2684231e+02
   5.000e+00    1.1137147e+05  5.5734449e+02
   6.000e+00    1.1699766e+05  5.8834745e+02
   7.000e+00    1.2512731e+05  6.2810758e+02
   8.000e+00    1.3703612e+05  6.8363727e+02
   9.000e+00    1.5179482e+05  7.5663794e+02
   1.000e+01    1.6874768e+05  8.4550202e+02
   1.100e+01    1.8949269e+05  9.4724075e+02
   1.200e+01    2.1056956e+05  1.0584909e+03
   1.300e+01    2.3581112e+05  1.1759979e+03
   1.400e+01    2.5919865e+05  1.2968512e+03
   1.500e+01    2.8367316e+05  1.4185900e+03
   1.600e+01    3.1077473e+05  1.5392299e+03
   1.700e+01    3.3207023e+05  1.6572413e+03
   1.800e+01    3.5539889e+05  1.7715003e+03
   1.900e+01    3.7649839e+05  1.8812281e+03
   2.000e+01    3.9534359e+05  1.9859274e+03
   2.100e+01    4.1681713e+05  2.0853234e+03
   2.200e+01    4.3563493e+05  2.1793125e+03
   2.300e+01    4.5091178e+05  2.2679182e+03
   2.400e+01    4.7302943e+05  2.3512558e+03
   2.500e+01    4.8581044e+05  2.4295044e+03
   2.600e+01    5.0033559e+05  2.5028848e+03
   2.700e+01    5.1439324e+05  2.5716432e+03
   2.800e+01    5.2633041e+05  2.6360385e+03
   2.900e+01    5.4622880e+05  2.6963336e+03
   3.000e+01    5.5681164e+05  2.7527887e+03
   3.100e+01    5.5927998e+05  2.8056568e+03
   3.200e+01    5.6755459e+05  2.8551808e+03
   3.300e+01    5.8303104e+05  2.9015918e+03
   3.400e+01    5.8627913e+05  2.9451077e+03
   3.500e+01    5.9794711e+05  2.9859332e+03
   3.600e+01    6.0283801e+05  3.0242592e+03
   3.700e+01    6.1046451e+05  3.0602638e+03
   3.800e+01    6.1845878e+05  3.0941121e+03
   3.900e+01    6.2438123e+05  3.1259573e+03
   4.000e+01    6.2882950e+05  3.1559411e+03
   3.400e+01    5.9174209e+05  2.9451077e+03
   2.000e+01    3.9285511e+05  1.9859274e+03
   3.200e+01    5.7118413e+05  2.8551808e+03
