#   ncyc_cp         Intensity      Esd(Int.)
   0.000e+00    9.9578274e+05  5.0000000e+03
   1.000e+00    2.1858225e+05  1.1026960e+03
   2.000e+00    2.3425696e+05  1.1674057e+03
   3.000e+00    2.5012611e+05  1.2363953e+03
   4.000e+00    2.6178143e+05  1.3113309e+03
   5.000e+00    2.8022196e+05  1.3928765e+03
   6.000e+00    2.9444710e+05  1.4844178e+03
   7.000e+00    3.1931668e+05  1.5876268e+03
   8.000e+00    3.4021304e+05  1.7008447e+03
   9.000e+00    3.6336935e+05  1.8205839e+03
   1.000e+01    3.8644236e+05  1.9430353e+03
   1.100e+01    4.1373655e+05  2.0648656e+03
   1.200e+01    4.3532400e+05  2.1834988e+03
   1.300e+01    4.6257838e+05  2.2971275e+03
   1.400e+01    4.8060363e+05  2.4046081e+03
   1.500e+01    4.9954173e+05  2.5053212e+03
   1.600e+01    5.1964778e+05  2.5990369e+03
   1.700e+01    5.3638584e+05  2.6857995e+03
   1.800e+01    5.5512968e+05  2.7658357e+03
   1.900e+01    5.6480926e+05  2.8394862e+03
   2.000e+01    5.8177763e+05  2.9071551e+03
   2.100e+01    5.9568578e+05  2.9692751e+03
   2.200e+01    6.0651972e+05  3.0262835e+03
   2.300e+01    6.1891264e+05  3.0786068e+03
   2.400e+01    6.2798848e+05  3.1266513e+03
   2.500e+01    6.2881101e+05  3.1707974e+03
   2.600e+01    6.4040416e+05  3.2113973e+03
   2.700e+01    6.4901755e+05  3.2487744e+03
   2.800e+01    6.6165408e+05  3.2832236e+03
   2.900e+01    6.6044774e+05  3.3150128e+03
   3.000e+01    6.7016118e+05  3.3443845e+03
   3.100e+01    6.7570922e+05  3.3715579e+03
   3.200e+01    6.8299332e+05  3.3967309e+03
   3.300e+01    6.8863871e+05  3.4200816e+03
   3.400e+01    6.8583306e+05  3.4417708e+03
   3.500e+01    6.9633345e+05  3.4619434e+03
   3.600e+01    6.9431641e+05  3.4807298e+03
   3.700e+01    7.0362830e+05  3.4982480e+03
   3.800e+01    6.9295404e+05  3.5146043e+03
   3.900e+01    7.1445736e+05  3.5298947e+03
   4.000e+01    7.1211313e+05  3.5442060e+03
   6.000e+00    2.9690423e+05  1.4844178e+03
   2.300e+01    6.1860282e+05  3.0786068e+03
   2.500e+01    6.3554772e+05  3.1707974e+03
