#   ncyc_cp         Intensity      Esd(Int.)
   0.000e+00    1.0094848e+06  5.0000000e+03
   1.000e+00    7.9670681e+04  3.9754737e+02
   2.000e+00    8.5328061e+04  4.2613270e+02
   3.000e+00    9.1080712e+04  4.5607101e+02
   4.000e+00    9.7259097e+04  4.8900168e+02
   5.000e+00    1.0476449e+05  5.2506276e+02
   6.000e+00    1.1275011e+05  5.6458818e+02
   7.000e+00    1.2158484e+05  6.1287983e+02
   8.000e+00    1.3416763e+05  6.7424249e+02
   9.000e+00    1.5085618e+05  7.4982000e+02
   1.000e+01    1.6748920e+05  8.3851203e+02
   1.100e+01    1.8727532e+05  9.3809442e+02
   1.200e+01    2.0948652e+05  1.0459256e+03
   1.300e+01    2.3212203e+05  1.1593454e+03
   1.400e+01    2.5537712e+05  1.2758980e+03
   1.500e+01    2.7743021e+05  1.3934470e+03
   1.600e+01    2.9733230e+05  1.5102220e+03
   1.700e+01    3.2668287e+05  1.6248194e+03
   1.800e+01    3.4635610e+05  1.7361753e+03
   1.900e+01    3.6807410e+05  1.8435238e+03
   2.000e+01    3.9129132e+05  1.9463492e+03
   2.100e+01    4.0823728e+05  2.0443397e+03
   2.200e+01    4.2451188e+05  2.1373441e+03
   2.300e+01    4.4268983e+05  2.2253348e+03
   2.400e+01    4.6027703e+05  2.3083757e+03
   2.500e+01    4.7728370e+05  2.3865971e+03
   2.600e+01    4.9197863e+05  2.4601753e+03
   2.700e+01    5.0493318e+05  2.5293164e+03
   2.800e+01    5.1504042e+05  2.5942443e+03
   2.900e+01    5.3011640e+05  2.6551913e+03
   3.000e+01    5.3743685e+05  2.7123915e+03
   3.100e+01    5.5388480e+05  2.7660757e+03
   3.200e+01    5.6699027e+05  2.8164683e+03
   3.300e+01    5.7213708e+05  2.8637848e+03
   3.400e+01    5.8301825e+05  2.9082303e+03
   3.500e+01    5.8656656e+05  2.9499986e+03
   3.600e+01    5.9809114e+05  2.9892722e+03
   3.700e+01    6.0145040e+05  3.0262221e+03
   3.800e+01    6.1384389e+05  3.0610078e+03
   3.900e+01    6.2286123e+05  3.0937780e+03
   4.000e+01    6.2891669e+05  3.1246708e+03
   2.600e+01    4.9360912e+05  2.4601753e+03
   4.000e+00    9.8251579e+04  4.8900168e+02
   6.000e+00    1.1360042e+05  5.6458818e+02
