#   ncyc_cp         Intensity      Esd(Int.)
   0.000e+00    9.9431562e+05  5.0000000e+03
   1.000e+00    2.3089357e+05  1.1560343e+03
   3.000e+00    2.3548840e+05  1.1722819e+03
   5.000e+00    2.3689190e+05  1.1918018e+03
   7.000e+00    2.3591046e+05  1.1820998e+03
   9.000e+00    2.3935954e+05  1.1976823e+03
   1.100e+01    2.3923393e+05  1.2043657e+03
   1.300e+01    2.4085585e+05  1.2018727e+03
   1.500e+01    2.4765456e+05  1.2326157e+03
   1.700e+01    2.6182690e+05  1.3039365e+03
   1.900e+01    2.8018576e+05  1.4064771e+03
   2.100e+01    3.0742376e+05  1.5287065e+03
   2.300e+01    3.3338473e+05  1.6610497e+03
   2.500e+01    3.5901385e+05  1.7964551e+03
   2.700e+01    3.8707356e+05  1.9300717e+03
   2.900e+01    4.1103413e+05  2.0587664e+03
   3.100e+01    4.3646809e+05  2.1806720e+03
   3.300e+01    4.6136823e+05  2.2948158e+03
   3.500e+01    4.8098193e+05  2.4008345e+03
   3.700e+01    5.0271285e+05  2.4987632e+03
   3.900e+01    5.1682447e+05  2.5888854e+03
   4.100e+01    5.3407191e+05  2.6716291e+03
   4.300e+01    5.4712622e+05  2.7474967e+03
   4.500e+01    5.6375873e+05  2.8170182e+03
   4.700e+01    5.7725660e+05  2.8807224e+03
   4.900e+01    5.8085373e+05  2.9391186e+03
   5.100e+01    5.9452945e+05  2.9926864e+03
   5.300e+01    6.0899506e+05  3.0418707e+03
   5.500e+01    6.1664620e+05  3.0870798e+03
   5.700e+01    6.2039600e+05  3.1286856e+03
   5.900e+01    6.3214087e+05  3.1670253e+03
   6.100e+01    6.4513592e+05  3.2024033e+03
   6.300e+01    6.4800556e+05  3.2350940e+03
   6.500e+01    6.4849224e+05  3.2653441e+03
   6.700e+01    6.5803149e+05  3.2933755e+03
   6.900e+01    6.5769145e+05  3.3193876e+03
   7.100e+01    6.6795424e+05  3.3435597e+03
   7.300e+01    6.7172694e+05  3.3660530e+03
   7.500e+01    6.7992964e+05  3.3870123e+03
   7.700e+01    6.7950012e+05  3.4065684e+03
   7.900e+01    6.8185306e+05  3.4248389e+03
   7.300e+01    6.7319707e+05  3.3660530e+03
   6.900e+01    6.7045456e+05  3.3193876e+03
   1.700e+01    2.5986257e+05  1.3039365e+03
