#   ncyc_cp         Intensity      Esd(Int.)
   0.000e+00    9.8977189e+05  5.0000000e+03
   1.000e+00    3.2053541e+05  1.5991196e+03
   3.000e+00    3.3423950e+05  1.6793560e+03
   5.000e+00    3.5072731e+05  1.7642844e+03
   7.000e+00    3.6987501e+05  1.8558893e+03
   9.000e+00    3.9133358e+05  1.9549729e+03
   1.100e+01    4.1672856e+05  2.0641418e+03
   1.300e+01    4.3512230e+05  2.1822174e+03
   1.500e+01    4.5669058e+05  2.3047096e+03
   1.700e+01    4.8755519e+05  2.4266568e+03
   1.900e+01    5.1167603e+05  2.5441344e+03
   2.100e+01    5.2709106e+05  2.6545882e+03
   2.300e+01    5.4775225e+05  2.7566538e+03
   2.500e+01    5.6731084e+05  2.8498394e+03
   2.700e+01    5.8557908e+05  2.9342299e+03
   2.900e+01    6.0300785e+05  3.0102566e+03
   3.100e+01    6.1252746e+05  3.0785354e+03
   3.300e+01    6.2561033e+05  3.1397596e+03
   3.500e+01    6.4037820e+05  3.1946340e+03
   3.700e+01    6.4333574e+05  3.2438359e+03
   3.900e+01    6.5741727e+05  3.2879946e+03
   4.100e+01    6.6100296e+05  3.3276823e+03
   4.300e+01    6.7125738e+05  3.3634120e+03
   4.500e+01    6.7835953e+05  3.3956394e+03
   4.700e+01    6.8922490e+05  3.4247666e+03
   4.900e+01    6.8580332e+05  3.4511471e+03
   5.100e+01    6.9374750e+05  3.4750912e+03
   5.300e+01    7.0201251e+05  3.4968706e+03
   5.500e+01    7.0380067e+05  3.5167235e+03
   5.700e+01    7.1199822e+05  3.5348584e+03
   5.900e+01    7.1241014e+05  3.5514584e+03
   6.100e+01    7.1711972e+05  3.5666843e+03
   6.300e+01    7.2191078e+05  3.5806774e+03
   6.500e+01    7.2205263e+05  3.5935622e+03
   6.700e+01    7.1869562e+05  3.6054487e+03
   6.900e+01    7.2869379e+05  3.6164339e+03
   7.100e+01    7.2068058e+05  3.6266041e+03
   7.300e+01    7.2404265e+05  3.6360355e+03
   7.500e+01    7.2825225e+05  3.6447962e+03
   7.700e+01    7.2809580e+05  3.6529467e+03
   7.900e+01    7.3321310e+05  3.6605410e+03
   6.500e+01    7.1350574e+05  3.5935622e+03
   3.300e+01    6.2671607e+05  3.1397596e+03
   6.700e+01    7.2046168e+05  3.6054487e+03
