#   ncyc_cp         Intensity      Esd(Int.)
   0.000e+00    1.0095832e+06  5.0000000e+03
   1.000e+00    4.0672562e+05  2.0385298e+03
   2.000e+00    4.2083935e+05  2.1139939e+03
   3.000e+00    4.3704723e+05  2.1930944e+03
   4.000e+00    4.5636335e+05  2.2750848e+03
   5.000e+00    4.6660249e+05  2.3588359e+03
   6.000e+00    4.9094604e+05  2.4443237e+03
   7.000e+00    5.0326008e+05  2.5311464e+03
   8.000e+00    5.2790481e+05  2.6181310e+03
   9.000e+00    5.4424473e+05  2.7037464e+03
   1.000e+01    5.6193883e+05  2.7865721e+03
   1.100e+01    5.7225817e+05  2.8654827e+03
   1.200e+01    5.8808403e+05  2.9397501e+03
   1.300e+01    6.0807122e+05  3.0089593e+03
   1.400e+01    6.1183530e+05  3.0729916e+03
   1.500e+01    6.2748073e+05  3.1318994e+03
   1.600e+01    6.3329184e+05  3.1858932e+03
   1.700e+01    6.5075926e+05  3.2352413e+03
   1.800e+01    6.5227988e+05  3.2802793e+03
   1.900e+01    6.6036015e+05  3.3213378e+03
   2.000e+01    6.7512732e+05  3.3587680e+03
   2.100e+01    6.7310520e+05  3.3928890e+03
   2.200e+01    6.8520955e+05  3.4240194e+03
   2.300e+01    6.8871061e+05  3.4524381e+03
   2.400e+01    6.9754623e+05  3.4784163e+03
   2.500e+01    7.0391121e+05  3.5021856e+03
   2.600e+01    7.1006806e+05  3.5239696e+03
   2.700e+01    7.0486533e+05  3.5439562e+03
   2.800e+01    7.1108745e+05  3.5623267e+03
   2.900e+01    7.2073772e+05  3.5792315e+03
   3.000e+01    7.2143001e+05  3.5948164e+03
   3.100e+01    7.2315540e+05  3.6092015e+03
   3.200e+01    7.2540476e+05  3.6225040e+03
   3.300e+01    7.2563581e+05  3.6348194e+03
   3.400e+01    7.2964874e+05  3.6462419e+03
   3.500e+01    7.3194021e+05  3.6568478e+03
   3.600e+01    7.3874406e+05  3.6667133e+03
   3.700e+01    7.3730464e+05  3.6758993e+03
   3.800e+01    7.3361591e+05  3.6844676e+03
   3.900e+01    7.3995201e+05  3.6924672e+03
   4.000e+01    7.3895286e+05  3.6999485e+03
   1.500e+01    6.2902857e+05  3.1318994e+03
   3.100e+01    7.2182575e+05  3.6092015e+03
   2.400e+01    7.0172646e+05  3.4784163e+03
