#   ncyc_cp         Intensity      Esd(Int.)
   0.000e+00    1.0017954e+06  5.0000000e+03
   1.000e+00    6.5159314e+04  3.2676642e+02
   2.000e+00    7.0372153e+04  3.5121883e+02
   3.000e+00    7.4981977e+04  3.7746591e+02
   4.000e+00    8.1189525e+04  4.0570942e+02
   5.000e+00    8.7647235e+04  4.3660302e+02
   6.000e+00    9.4501839e+04  4.7009499e+02
   7.000e+00    1.0115273e+05  5.0692944e+02
   8.000e+00    1.0989376e+05  5.4882637e+02
   9.000e+00    1.1893613e+05  5.9738026e+02
   1.000e+01    1.3144535e+05  6.5344594e+02
   1.100e+01    1.4456954e+05  7.1711614e+02
   1.200e+01    1.5742955e+05  7.8791505e+02
   1.300e+01    1.7386705e+05  8.6500234e+02
   1.400e+01    1.9140070e+05  9.4733375e+02
   1.500e+01    2.0598554e+05  1.0337782e+03
   1.600e+01    2.2371450e+05  1.1232009e+03
   1.700e+01    2.4384084e+05  1.2145212e+03
   1.800e+01    2.6149561e+05  1.3067501e+03
   1.900e+01    2.7936702e+05  1.3990117e+03
   2.000e+01    2.9997427e+05  1.4905533e+03
   2.100e+01    3.1633068e+05  1.5807458e+03
   2.200e+01    3.3519841e+05  1.6690781e+03
   2.300e+01    3.5022761e+05  1.7551481e+03
   2.400e+01    3.6571354e+05  1.8386506e+03
   2.500e+01    3.8161859e+05  1.9193651e+03
   2.600e+01    3.9828849e+05  1.9971432e+03
   2.700e+01    4.1214654e+05  2.0718969e+03
   2.800e+01    4.2979986e+05  2.1435879e+03
   2.900e+01    4.3945416e+05  2.2122179e+03
   3.000e+01    4.5281465e+05  2.2778204e+03
   3.100e+01    4.6849496e+05  2.3404537e+03
   3.200e+01    4.8134509e+05  2.4001946e+03
   3.300e+01    4.9194466e+05  2.4571336e+03
   3.400e+01    4.9811392e+05  2.5113709e+03
   3.500e+01    5.1404796e+05  2.5630129e+03
   3.600e+01    5.2071858e+05  2.6121696e+03
   3.700e+01    5.3701144e+05  2.6589526e+03
   3.800e+01    5.3969263e+05  2.7034731e+03
   3.900e+01    5.4682694e+05  2.7458411e+03
   4.000e+01    5.5579276e+05  2.7861639e+03
   1.900e+01    2.8084440e+05  1.3990117e+03
   3.100e+01    4.6715512e+05  2.3404537e+03
   3.000e+01    4.5852759e+05  2.2778204e+03
