#   ncyc_cp         Intensity      Esd(Int.)
   0.000e+00    9.9802602e+05  5.0000000e+03
   1.000e+00    1.6235385e+05  8.1187768e+02
   2.000e+00    1.7078595e+05  8.5656468e+02
   3.000e+00    1.8050742e+05  9.0342489e+02
   4.000e+00    1.9122529e+05  9.5451582e+02
   5.000e+00    2.0086639e+05  1.0103456e+03
   6.000e+00    2.1297952e+05  1.0696566e+03
   7.000e+00    2.2845475e+05  1.1335631e+03
   8.000e+00    2.4159299e+05  1.2039972e+03
   9.000e+00    2.5784373e+05  1.2819185e+03
   1.000e+01    2.7396962e+05  1.3669842e+03
   1.100e+01    2.9251230e+05  1.4579410e+03
   1.200e+01    3.1034228e+05  1.5531752e+03
   1.300e+01    3.2977083e+05  1.6509194e+03
   1.400e+01    3.4993364e+05  1.7496234e+03
   1.500e+01    3.7240054e+05  1.8478365e+03
   1.600e+01    3.8595293e+05  1.9444892e+03
   1.700e+01    4.0713113e+05  2.0386208e+03
   1.800e+01    4.2596991e+05  2.1296464e+03
   1.900e+01    4.4345057e+05  2.2170280e+03
   2.000e+01    4.6069776e+05  2.3005461e+03
   2.100e+01    4.7829005e+05  2.3799622e+03
   2.200e+01    4.9244404e+05  2.4552944e+03
   2.300e+01    5.0157518e+05  2.5264922e+03
   2.400e+01    5.1842031e+05  2.5937100e+03
   2.500e+01    5.2951306e+05  2.6570040e+03
   2.600e+01    5.4481935e+05  2.7165959e+03
   2.700e+01    5.5473545e+05  2.7725943e+03
   2.800e+01    5.6032615e+05  2.8252452e+03
   2.900e+01    5.7420788e+05  2.8746767e+03
   3.000e+01    5.8217698e+05  2.9211341e+03
   3.100e+01    5.9929145e+05  2.9647464e+03
   3.200e+01    6.0553304e+05  3.0057449e+03
   3.300e+01    6.0582356e+05  3.0442498e+03
   3.400e+01    6.1486282e+05  3.0804724e+03
   3.500e+01    6.2343145e+05  3.1145198e+03
   3.600e+01    6.2820075e+05  3.1465814e+03
   3.700e+01    6.4050055e+05  3.1767499e+03
   3.800e+01    6.3885204e+05  3.2051931e+03
   3.900e+01    6.4221992e+05  3.2319897e+03
   4.000e+01    6.4738948e+05  3.2572876e+03
   2.200e+01    4.9194003e+05  2.4552944e+03
   1.100e+01    2.9192996e+05  1.4579410e+03
   3.900e+01    6.4902289e+05  3.2319897e+03
