#   ncyc_cp         Intensity      Esd(Int.)
   0.000e+00    1.0167102e+06  5.0000000e+03
   1.000e+00    5.4479976e+05  2.7156368e+03
   2.000e+00    5.8272594e+05  2.9082216e+03
   3.000e+00    6.1798546e+05  3.0784790e+03
   4.000e+00    6.4775463e+05  3.2356145e+03
   5.000e+00    6.7723376e+05  3.3661497e+03
   6.000e+00    6.9026359e+05  3.4676691e+03
   7.000e+00    7.0353771e+05  3.5448199e+03
   8.000e+00    7.1644478e+05  3.6033572e+03
   9.000e+00    7.2929951e+05  3.6481453e+03
   1.000e+01    7.3695717e+05  3.6828400e+03
   1.100e+01    7.4006086e+05  3.7100855e+03
   1.200e+01    7.5125740e+05  3.7317750e+03
   1.300e+01    7.5270036e+05  3.7492663e+03
   1.400e+01    7.5512600e+05  3.7635444e+03
   1.500e+01    7.5751041e+05  3.7753297e+03
   1.600e+01    7.5833335e+05  3.7851580e+03
   1.700e+01    7.6567089e+05  3.7934307e+03
   1.800e+01    7.5592634e+05  3.8004545e+03
   1.900e+01    7.6669698e+05  3.8064642e+03
   2.000e+01    7.6637389e+05  3.8116440e+03
   2.100e+01    7.5624842e+05  3.8161375e+03
   2.200e+01    7.6285198e+05  3.8200599e+03
   2.300e+01    7.6481989e+05  3.8235026e+03
   2.400e+01    7.7023065e+05  3.8265405e+03
   2.500e+01    7.6609498e+05  3.8292336e+03
   2.600e+01    7.6658623e+05  3.8316322e+03
   2.700e+01    7.6510953e+05  3.8337771e+03
   2.800e+01    7.6652623e+05  3.8357028e+03
   2.900e+01    7.7238651e+05  3.8374379e+03
   3.000e+01    7.6649734e+05  3.8390067e+03
   3.100e+01    7.6454778e+05  3.8404295e+03
   3.200e+01    7.6713334e+05  3.8417240e+03
   3.300e+01    7.6770245e+05  3.8429049e+03
   3.400e+01    7.6254135e+05  3.8439853e+03
   3.500e+01    7.6621815e+05  3.8449759e+03
   3.600e+01    7.6928770e+05  3.8458867e+03
   3.700e+01    7.7063614e+05  3.8467258e+03
   3.800e+01    7.6901229e+05  3.8475006e+03
   3.900e+01    7.7294748e+05  3.8482173e+03
   4.000e+01    7.6605441e+05  3.8488819e+03
   2.000e+01    7.6318148e+05  3.8116440e+03
   2.700e+01    7.6721354e+05  3.8337771e+03
   3.100e+01    7.5883723e+05  3.8404295e+03
