#   ncyc_cp         Intensity      Esd(Int.)
   0.000e+00    9.9738013e+05  5.0000000e+03
   1.000e+00    1.7031979e+05  8.5356154e+02
   2.000e+00    1.7781424e+05  8.8217016e+02
   3.000e+00    1.8131821e+05  9.0149700e+02
   4.000e+00    1.8874555e+05  9.3299006e+02
   5.000e+00    1.9376836e+05  9.7073210e+02
   6.000e+00    2.0008248e+05  1.0014156e+03
   7.000e+00    2.1008752e+05  1.0483066e+03
   8.000e+00    2.2672509e+05  1.1227234e+03
   9.000e+00    2.4423633e+05  1.2224467e+03
   1.000e+01    2.6732185e+05  1.3406005e+03
   1.100e+01    2.9539382e+05  1.4699703e+03
   1.200e+01    3.1916187e+05  1.6046273e+03
   1.300e+01    3.4797447e+05  1.7397915e+03
   1.400e+01    3.7777942e+05  1.8723087e+03
   1.500e+01    3.9803321e+05  1.9997269e+03
   1.600e+01    4.2528434e+05  2.1208580e+03
   1.700e+01    4.4824738e+05  2.2347091e+03
   1.800e+01    4.6629933e+05  2.3411877e+03
   1.900e+01    4.8739186e+05  2.4400699e+03
   2.000e+01    5.0891684e+05  2.5317771e+03
   2.100e+01    5.2140949e+05  2.6164349e+03
   2.200e+01    5.3898702e+05  2.6946532e+03
   2.300e+01    5.5463123e+05  2.7666844e+03
   2.400e+01    5.6594121e+05  2.8331655e+03
   2.500e+01    5.7789673e+05  2.8943684e+03
   2.600e+01    5.9148418e+05  2.9508863e+03
   2.700e+01    5.9631631e+05  3.0029657e+03
   2.800e+01    6.0766616e+05  3.0511302e+03
   2.900e+01    6.1481241e+05  3.0955861e+03
   3.000e+01    6.2845707e+05  3.1367841e+03
   3.100e+01    6.3539641e+05  3.1748886e+03
   3.200e+01    6.4256692e+05  3.2102832e+03
   3.300e+01    6.4705803e+05  3.2430946e+03
   3.400e+01    6.5781632e+05  3.2736477e+03
   3.500e+01    6.6233155e+05  3.3020380e+03
   3.600e+01    6.6093793e+05  3.3285405e+03
   3.700e+01    6.7004513e+05  3.3532252e+03
   3.800e+01    6.7866706e+05  3.3763257e+03
   3.900e+01    6.7439014e+05  3.3978918e+03
   4.000e+01    6.7898260e+05  3.4181226e+03
   2.300e+01    5.5407625e+05  2.7666844e+03
   6.000e+00    2.0182889e+05  1.0014156e+03
   3.400e+01    6.6139305e+05  3.2736477e+03
