#   ncyc_cp         Intensity      Esd(Int.)
   0.000e+00    9.9684961e+05  5.0000000e+03
   1.000e+00    2.8599716e+05  1.4399091e+03
   2.000e+00    2.9024143e+05  1.4554185e+03
   3.000e+00    2.9328896e+05  1.4653454e+03
   4.000e+00    2.9583852e+05  1.4730642e+03
   5.000e+00    2.9833576e+05  1.5007283e+03
   6.000e+00    3.0278467e+05  1.5037075e+03
   7.000e+00    3.0618457e+05  1.5324451e+03
   8.000e+00    3.1765451e+05  1.6033195e+03
   9.000e+00    3.4204148e+05  1.7074562e+03
   1.000e+01    3.6455764e+05  1.8314306e+03
   1.100e+01    3.9109051e+05  1.9641857e+03
   1.200e+01    4.1945396e+05  2.0981374e+03
   1.300e+01    4.4311201e+05  2.2281400e+03
   1.400e+01    4.7039997e+05  2.3515564e+03
   1.500e+01    4.9370123e+05  2.4665863e+03
   1.600e+01    5.1742975e+05  2.5729618e+03
   1.700e+01    5.3151207e+05  2.6703529e+03
   1.800e+01    5.4847734e+05  2.7594113e+03
   1.900e+01    5.7532998e+05  2.8403495e+03
   2.000e+01    5.8095503e+05  2.9140733e+03
   2.100e+01    6.0012314e+05  2.9809369e+03
   2.200e+01    6.0790429e+05  3.0418311e+03
   2.300e+01    6.1823122e+05  3.0970977e+03
   2.400e+01    6.3623272e+05  3.1475216e+03
   2.500e+01    6.4139538e+05  3.1933837e+03
   2.600e+01    6.4563300e+05  3.2353452e+03
   2.700e+01    6.5390284e+05  3.2736200e+03
   2.800e+01    6.6416641e+05  3.3087551e+03
   2.900e+01    6.6766311e+05  3.3409055e+03
   3.000e+01    6.7592990e+05  3.3705212e+03
   3.100e+01    6.7843391e+05  3.3977100e+03
   3.200e+01    6.8407426e+05  3.4228428e+03
   3.300e+01    6.9013133e+05  3.4459908e+03
   3.400e+01    6.9289684e+05  3.4674612e+03
   3.500e+01    6.9272790e+05  3.4872981e+03
   3.600e+01    7.0154192e+05  3.5057577e+03
   3.700e+01    7.0111725e+05  3.5228638e+03
   3.800e+01    7.0638507e+05  3.5388318e+03
   3.900e+01    7.0912259e+05  3.5536709e+03
   4.000e+01    7.0973323e+05  3.5675636e+03
   2.900e+01    6.7454692e+05  3.3409055e+03
   2.400e+01    6.2474162e+05  3.1475216e+03
   2.800e+01    6.6569025e+05  3.3087551e+03
