#   ncyc_cp         Intensity      Esd(Int.)
   0.000e+00    9.9734309e+05  5.0000000e+03
   1.000e+00    2.0560400e+05  1.0321141e+03
   2.000e+00    2.1852345e+05  1.0888706e+03
   3.000e+00    2.2900658e+05  1.1485357e+03
   4.000e+00    2.4371766e+05  1.2144222e+03
   5.000e+00    2.5676427e+05  1.2865350e+03
   6.000e+00    2.7419901e+05  1.3718566e+03
   7.000e+00    2.9648158e+05  1.4743569e+03
   8.000e+00    3.1796131e+05  1.5918590e+03
   9.000e+00    3.4210581e+05  1.7192781e+03
   1.000e+01    3.7130766e+05  1.8512370e+03
   1.100e+01    3.9796351e+05  1.9832121e+03
   1.200e+01    4.2146129e+05  2.1118366e+03
   1.300e+01    4.4652437e+05  2.2348336e+03
   1.400e+01    4.6941347e+05  2.3508200e+03
   1.500e+01    4.9154635e+05  2.4590890e+03
   1.600e+01    5.1415504e+05  2.5594164e+03
   1.700e+01    5.2548974e+05  2.6519044e+03
   1.800e+01    5.4389230e+05  2.7368636e+03
   1.900e+01    5.6429362e+05  2.8147270e+03
   2.000e+01    5.7719562e+05  2.8859907e+03
   2.100e+01    5.9156111e+05  2.9511729e+03
   2.200e+01    5.9900199e+05  3.0107881e+03
   2.300e+01    6.0969100e+05  3.0653306e+03
   2.400e+01    6.1949046e+05  3.1152653e+03
   2.500e+01    6.3269848e+05  3.1610230e+03
   2.600e+01    6.4657933e+05  3.2029987e+03
   2.700e+01    6.5248205e+05  3.2415519e+03
   2.800e+01    6.5857184e+05  3.2770080e+03
   2.900e+01    6.6922580e+05  3.3096606e+03
   3.000e+01    6.6558840e+05  3.3397740e+03
   3.100e+01    6.6859266e+05  3.3675855e+03
   3.200e+01    6.7587148e+05  3.3933083e+03
   3.300e+01    6.8340789e+05  3.4171337e+03
   3.400e+01    6.9345078e+05  3.4392331e+03
   3.500e+01    6.9383614e+05  3.4597608e+03
   3.600e+01    6.9749922e+05  3.4788551e+03
   3.700e+01    7.0446119e+05  3.4966404e+03
   3.800e+01    7.0209124e+05  3.5132288e+03
   3.900e+01    7.0256749e+05  3.5287210e+03
   4.000e+01    7.0457889e+05  3.5432080e+03
   4.000e+00    2.4293556e+05  1.2144222e+03
   2.000e+00    2.1670756e+05  1.0888706e+03
   9.000e+00    3.4422810e+05  1.7192781e+03
