#   ncyc_cp         Intensity      Esd(Int.)
   0.000e+00    9.9468770e+05  5.0000000e+03
   1.000e+00    5.3529249e+05  2.6845515e+03
   3.000e+00    5.6162446e+05  2.8103094e+03
   5.000e+00    5.8983746e+05  2.9441597e+03
   7.000e+00    6.2373109e+05  3.0804192e+03
   9.000e+00    6.3761802e+05  3.2076185e+03
   1.100e+01    6.6288716e+05  3.3166022e+03
   1.300e+01    6.8719306e+05  3.4054890e+03
   1.500e+01    6.9822698e+05  3.4764040e+03
   1.700e+01    7.0953296e+05  3.5326262e+03
   1.900e+01    7.1254907e+05  3.5772982e+03
   2.100e+01    7.2346328e+05  3.6130268e+03
   2.300e+01    7.2429846e+05  3.6418503e+03
   2.500e+01    7.3528685e+05  3.6653237e+03
   2.700e+01    7.3545657e+05  3.6846234e+03
   2.900e+01    7.4077476e+05  3.7006396e+03
   3.100e+01    7.4214420e+05  3.7140493e+03
   3.300e+01    7.4553734e+05  3.7253706e+03
   3.500e+01    7.5179122e+05  3.7350034e+03
   3.700e+01    7.5035864e+05  3.7432593e+03
   3.900e+01    7.5340287e+05  3.7503830e+03
   4.100e+01    7.6080212e+05  3.7565684e+03
   4.300e+01    7.5331521e+05  3.7619703e+03
   4.500e+01    7.5507626e+05  3.7667137e+03
   4.700e+01    7.5307738e+05  3.7708998e+03
   4.900e+01    7.5304307e+05  3.7746115e+03
   5.100e+01    7.4650626e+05  3.7779171e+03
   5.300e+01    7.5845446e+05  3.7808729e+03
   5.500e+01    7.5942520e+05  3.7835263e+03
   5.700e+01    7.5782347e+05  3.7859166e+03
   5.900e+01    7.5817267e+05  3.7880774e+03
   6.100e+01    7.5844367e+05  3.7900368e+03
   6.300e+01    7.5399646e+05  3.7918190e+03
   6.500e+01    7.6723806e+05  3.7934445e+03
   6.700e+01    7.5730435e+05  3.7949311e+03
   6.900e+01    7.5788625e+05  3.7962942e+03
   7.100e+01    7.5644937e+05  3.7975469e+03
   7.300e+01    7.5783489e+05  3.7987008e+03
   7.500e+01    7.6499680e+05  3.7997661e+03
   7.700e+01    7.6339773e+05  3.8007515e+03
   7.900e+01    7.5553433e+05  3.8016648e+03
   6.300e+01    7.5904530e+05  3.7918190e+03
   5.100e+01    7.5643632e+05  3.7779171e+03
   7.900e+01    7.7345870e+05  3.8016648e+03
