#   ncyc_cp         Intensity      Esd(Int.)
   0.000e+00    9.9810319e+05  5.0000000e+03
   1.000e+00    2.8518686e+05  1.4197546e+03
   2.000e+00    2.9891115e+05  1.4923615e+03
   3.000e+00    3.1824732e+05  1.5870813e+03
   4.000e+00    3.3810708e+05  1.6897580e+03
   5.000e+00    3.6226748e+05  1.8074895e+03
   6.000e+00    3.9038139e+05  1.9481882e+03
   7.000e+00    4.1933787e+05  2.1034968e+03
   8.000e+00    4.5288827e+05  2.2619359e+03
   9.000e+00    4.8555019e+05  2.4148516e+03
   1.000e+01    5.1017056e+05  2.5572651e+03
   1.100e+01    5.3711606e+05  2.6868310e+03
   1.200e+01    5.6058241e+05  2.8030692e+03
   1.300e+01    5.7993677e+05  2.9063999e+03
   1.400e+01    5.9882768e+05  2.9978571e+03
   1.500e+01    6.1752143e+05  3.0785824e+03
   1.600e+01    6.2620514e+05  3.1498416e+03
   1.700e+01    6.4332490e+05  3.2127558e+03
   1.800e+01    6.5466944e+05  3.2684227e+03
   1.900e+01    6.6220761e+05  3.3177498e+03
   2.000e+01    6.7049772e+05  3.3615950e+03
   2.100e+01    6.7625370e+05  3.4006448e+03
   2.200e+01    6.9194963e+05  3.4355450e+03
   2.300e+01    6.9141700e+05  3.4668020e+03
   2.400e+01    7.0089833e+05  3.4948963e+03
   2.500e+01    6.9532793e+05  3.5201990e+03
   2.600e+01    7.0687482e+05  3.5430682e+03
   2.700e+01    7.1586643e+05  3.5637762e+03
   2.800e+01    7.1861171e+05  3.5825917e+03
   2.900e+01    7.2302040e+05  3.5997156e+03
   3.000e+01    7.2203771e+05  3.6153517e+03
   3.100e+01    7.3092039e+05  3.6296495e+03
   3.200e+01    7.2970132e+05  3.6427651e+03
   3.300e+01    7.2999213e+05  3.6548105e+03
   3.400e+01    7.3460900e+05  3.6659070e+03
   3.500e+01    7.3422171e+05  3.6761393e+03
   3.600e+01    7.3642570e+05  3.6856025e+03
   3.700e+01    7.3666308e+05  3.6943612e+03
   3.800e+01    7.4392426e+05  3.7024910e+03
   3.900e+01    7.4234119e+05  3.7100413e+03
   4.000e+01    7.4015781e+05  3.7170729e+03
   1.100e+01    5.3779553e+05  2.6868310e+03
   3.900e+01    7.3444159e+05  3.7100413e+03
   2.600e+01    7.0703614e+05  3.5430682e+03
