#   ncyc_cp         Intensity      Esd(Int.)
   0.000e+00    9.8480404e+05  5.0000000e+03
   1.000e+00    2.5788396e+05  1.2969978e+03
   2.000e+00    2.6850521e+05  1.3596407e+03
   3.000e+00    2.8579700e+05  1.4257651e+03
   4.000e+00    2.9920159e+05  1.4967166e+03
   5.000e+00    3.1378535e+05  1.5715752e+03
   6.000e+00    3.3281772e+05  1.6500846e+03
   7.000e+00    3.4694926e+05  1.7330799e+03
   8.000e+00    3.6208666e+05  1.8208599e+03
   9.000e+00    3.8204530e+05  1.9127085e+03
   1.000e+01    4.0058924e+05  2.0072425e+03
   1.100e+01    4.1842733e+05  2.1028016e+03
   1.200e+01    4.3875294e+05  2.1978400e+03
   1.300e+01    4.5688065e+05  2.2909889e+03
   1.400e+01    4.7569597e+05  2.3812329e+03
   1.500e+01    4.9159466e+05  2.4677788e+03
   1.600e+01    5.0815129e+05  2.5501609e+03
   1.700e+01    5.2715505e+05  2.6280551e+03
   1.800e+01    5.4019992e+05  2.7013775e+03
   1.900e+01    5.5533900e+05  2.7701004e+03
   2.000e+01    5.6366815e+05  2.8343574e+03
   2.100e+01    5.7655858e+05  2.8942788e+03
   2.200e+01    5.9155194e+05  2.9501010e+03
   2.300e+01    6.0285778e+05  3.0020221e+03
   2.400e+01    6.1086072e+05  3.0503120e+03
   2.500e+01    6.1490322e+05  3.0951857e+03
   2.600e+01    6.2084326e+05  3.1369089e+03
   2.700e+01    6.3842964e+05  3.1756872e+03
   2.800e+01    6.4435834e+05  3.2117645e+03
   2.900e+01    6.4856268e+05  3.2453253e+03
   3.000e+01    6.5587370e+05  3.2765853e+03
   3.100e+01    6.6091837e+05  3.3057040e+03
   3.200e+01    6.6581569e+05  3.3328683e+03
   3.300e+01    6.7307589e+05  3.3582131e+03
   3.400e+01    6.8065147e+05  3.3818983e+03
   3.500e+01    6.8128185e+05  3.4040368e+03
   3.600e+01    6.9005062e+05  3.4247645e+03
   3.700e+01    6.8442560e+05  3.4441750e+03
   3.800e+01    6.9349947e+05  3.4623835e+03
   3.900e+01    6.9385722e+05  3.4794673e+03
   4.000e+01    7.0054463e+05  3.4955243e+03
   3.200e+01    6.6933585e+05  3.3328683e+03
   2.700e+01    6.3347770e+05  3.1756872e+03
   1.000e+00    2.5775214e+05  1.2969978e+03
