#   ncyc_cp         Intensity      Esd(Int.)
   0.000e+00    9.9068228e+05  5.0000000e+03
   1.000e+00    7.8073524e+04  3.9282198e+02
   2.000e+00    8.2872784e+04  4.1459636e+02
   3.000e+00    8.7134568e+04  4.3760813e+02
   4.000e+00    9.2088479e+04  4.6103283e+02
   5.000e+00    9.7130299e+04  4.8702610e+02
   6.000e+00    1.0278528e+05  5.1419718e+02
   7.000e+00    1.0973563e+05  5.4265905e+02
   8.000e+00    1.1609249e+05  5.7619449e+02
   9.000e+00    1.2384711e+05  6.1844994e+02
   1.000e+01    1.3580556e+05  6.7117346e+02
   1.100e+01    1.4801614e+05  7.3446271e+02
   1.200e+01    1.6169463e+05  8.0741717e+02
   1.300e+01    1.7858625e+05  8.8862657e+02
   1.400e+01    1.9691617e+05  9.7646877e+02
   1.500e+01    2.1463209e+05  1.0692877e+03
   1.600e+01    2.3264253e+05  1.1655019e+03
   1.700e+01    2.5558472e+05  1.2636700e+03
   1.800e+01    2.7321357e+05  1.3625263e+03
   1.900e+01    2.9313930e+05  1.4609950e+03
   2.000e+01    3.1094525e+05  1.5581896e+03
   2.100e+01    3.2938394e+05  1.6534018e+03
   2.200e+01    3.5102924e+05  1.7460844e+03
   2.300e+01    3.6755584e+05  1.8358316e+03
   2.400e+01    3.8520054e+05  1.9223580e+03
   2.500e+01    4.0013663e+05  2.0054790e+03
   2.600e+01    4.1358675e+05  2.0850919e+03
   2.700e+01    4.3131032e+05  2.1611601e+03
   2.800e+01    4.4783428e+05  2.2336987e+03
   2.900e+01    4.5845540e+05  2.3027624e+03
   3.000e+01    4.7190073e+05  2.3684359e+03
   3.100e+01    4.8459996e+05  2.4308253e+03
   3.200e+01    4.9324855e+05  2.4900519e+03
   3.300e+01    5.0480441e+05  2.5462467e+03
   3.400e+01    5.1950406e+05  2.5995462e+03
   3.500e+01    5.2876032e+05  2.6500893e+03
   3.600e+01    5.3869702e+05  2.6980149e+03
   3.700e+01    5.5123542e+05  2.7434597e+03
   3.800e+01    5.5858724e+05  2.7865571e+03
   3.900e+01    5.6353301e+05  2.8274363e+03
   4.000e+01    5.7346683e+05  2.8662214e+03
   2.900e+01    4.6353011e+05  2.3027624e+03
   2.400e+01    3.8541388e+05  1.9223580e+03
   7.000e+00    1.0867088e+05  5.4265905e+02
