#   ncyc_cp         Intensity      Esd(Int.)
   0.000e+00    9.9493705e+05  5.0000000e+03
   1.000e+00    3.7408244e+05  1.8715682e+03
   2.000e+00    3.9030018e+05  1.9423827e+03
   3.000e+00    4.0571917e+05  2.0161250e+03
   4.000e+00    4.1926601e+05  2.0928769e+03
   5.000e+00    4.3323147e+05  2.1726129e+03
   6.000e+00    4.4998535e+05  2.2553914e+03
   7.000e+00    4.6680496e+05  2.3407566e+03
   8.000e+00    4.8445165e+05  2.4275914e+03
   9.000e+00    4.9884754e+05  2.5144321e+03
   1.000e+01    5.1655774e+05  2.5998181e+03
   1.100e+01    5.3749136e+05  2.6825084e+03
   1.200e+01    5.4987191e+05  2.7615683e+03
   1.300e+01    5.6658771e+05  2.8363725e+03
   1.400e+01    5.8208744e+05  2.9065664e+03
   1.500e+01    5.9151862e+05  2.9720118e+03
   1.600e+01    6.0751166e+05  3.0327324e+03
   1.700e+01    6.1734852e+05  3.0888659e+03
   1.800e+01    6.2928888e+05  3.1406251e+03
   1.900e+01    6.3806434e+05  3.1882675e+03
   2.000e+01    6.4593141e+05  3.2320737e+03
   2.100e+01    6.5942356e+05  3.2723311e+03
   2.200e+01    6.6199275e+05  3.3093234e+03
   2.300e+01    6.6758860e+05  3.3433234e+03
   2.400e+01    6.7099136e+05  3.3745890e+03
   2.500e+01    6.7829567e+05  3.4033606e+03
   2.600e+01    6.8089268e+05  3.4298605e+03
   2.700e+01    6.8525559e+05  3.4542925e+03
   2.800e+01    6.9182538e+05  3.4768426e+03
   2.900e+01    6.9375794e+05  3.4976799e+03
   3.000e+01    7.0777348e+05  3.5169580e+03
   3.100e+01    7.0586666e+05  3.5348157e+03
   3.200e+01    7.0898494e+05  3.5513784e+03
   3.300e+01    7.1074688e+05  3.5667597e+03
   3.400e+01    7.1886152e+05  3.5810620e+03
   3.500e+01    7.1760492e+05  3.5943778e+03
   3.600e+01    7.2085360e+05  3.6067907e+03
   3.700e+01    7.2729752e+05  3.6183761e+03
   3.800e+01    7.2413226e+05  3.6292026e+03
   3.900e+01    7.3461116e+05  3.6393318e+03
   4.000e+01    7.3227465e+05  3.6488198e+03
   2.600e+01    6.8919211e+05  3.4298605e+03
   7.000e+00    4.6774188e+05  2.3407566e+03
   3.500e+01    7.1848364e+05  3.5943778e+03
