#   ncyc_cp         Intensity      Esd(Int.)
   0.000e+00    9.9859337e+05  5.0000000e+03
   1.000e+00    1.2762797e+05  6.4346070e+02
   3.000e+00    1.3266316e+05  6.6729227e+02
   5.000e+00    1.3879743e+05  6.9310225e+02
   7.000e+00    1.4270490e+05  7.1426559e+02
   9.000e+00    1.4918714e+05  7.4187064e+02
   1.100e+01    1.5380178e+05  7.6727724e+02
   1.300e+01    1.5883871e+05  7.9203793e+02
   1.500e+01    1.6535806e+05  8.3124264e+02
   1.700e+01    1.7827733e+05  8.9203717e+02
   1.900e+01    1.9627838e+05  9.7368268e+02
   2.100e+01    2.1432707e+05  1.0721725e+03
   2.300e+01    2.3664821e+05  1.1827795e+03
   2.500e+01    2.6149271e+05  1.3010654e+03
   2.700e+01    2.8260355e+05  1.4232342e+03
   2.900e+01    3.0691925e+05  1.5462231e+03
   3.100e+01    3.3654110e+05  1.6676768e+03
   3.300e+01    3.5923992e+05  1.7858683e+03
   3.500e+01    3.8018119e+05  1.8995988e+03
   3.700e+01    4.0446050e+05  2.0080941e+03
   3.900e+01    4.2221927e+05  2.1109109e+03
   4.100e+01    4.4313965e+05  2.2078545e+03
   4.300e+01    4.5604836e+05  2.2989121e+03
   4.500e+01    4.7273681e+05  2.3841986e+03
   4.700e+01    4.9391774e+05  2.4639163e+03
   4.900e+01    5.0490063e+05  2.5383223e+03
   5.100e+01    5.2052988e+05  2.6077063e+03
   5.300e+01    5.3101985e+05  2.6723731e+03
   5.500e+01    5.4785500e+05  2.7326309e+03
   5.700e+01    5.5534031e+05  2.7887832e+03
   5.900e+01    5.7144325e+05  2.8411231e+03
   6.100e+01    5.7361775e+05  2.8899297e+03
   6.300e+01    5.9004916e+05  2.9354664e+03
   6.500e+01    5.9349595e+05  2.9779799e+03
   6.700e+01    6.0640937e+05  3.0176997e+03
   6.900e+01    6.0939553e+05  3.0548387e+03
   7.100e+01    6.1666808e+05  3.0895936e+03
   7.300e+01    6.2708586e+05  3.1221456e+03
   7.500e+01    6.2665643e+05  3.1526616e+03
   7.700e+01    6.3901952e+05  3.1812948e+03
   7.900e+01    6.4087006e+05  3.2081860e+03
   7.700e+01    6.3224529e+05  3.1812948e+03
   4.100e+01    4.3958564e+05  2.2078545e+03
   4.900e+01    5.0378004e+05  2.5383223e+03
