#   ncyc_cp         Intensity      Esd(Int.)
   0.000e+00    9.9945076e+05  5.0000000e+03
   1.000e+00    8.1690771e+04  4.0983185e+02
   3.000e+00    8.7306077e+04  4.3473609e+02
   5.000e+00    9.1232373e+04  4.6122576e+02
   7.000e+00    9.8256190e+04  4.8914971e+02
   9.000e+00    1.0346537e+05  5.1902548e+02
   1.100e+01    1.0989767e+05  5.5126173e+02
   1.300e+01    1.1685869e+05  5.8557941e+02
   1.500e+01    1.2386889e+05  6.2301305e+02
   1.700e+01    1.3317027e+05  6.6552868e+02
   1.900e+01    1.4274087e+05  7.1474489e+02
   2.100e+01    1.5233687e+05  7.7140127e+02
   2.300e+01    1.6705498e+05  8.3543012e+02
   2.500e+01    1.8180116e+05  9.0620609e+02
   2.700e+01    1.9658167e+05  9.8277701e+02
   2.900e+01    2.1302363e+05  1.0640331e+03
   3.100e+01    2.3197846e+05  1.1488224e+03
   3.300e+01    2.4671545e+05  1.2360264e+03
   3.500e+01    2.6437137e+05  1.3246089e+03
   3.700e+01    2.8312399e+05  1.4136430e+03
   3.900e+01    3.0043088e+05  1.5023256e+03
   4.100e+01    3.1526835e+05  1.5899796e+03
   4.300e+01    3.3621709e+05  1.6760501e+03
   4.500e+01    3.5011181e+05  1.7600953e+03
   4.700e+01    3.6986949e+05  1.8417753e+03
   4.900e+01    3.8390161e+05  1.9208395e+03
   5.100e+01    3.9707827e+05  1.9971137e+03
   5.300e+01    4.1256478e+05  2.0704880e+03
   5.500e+01    4.2666457e+05  2.1409056e+03
   5.700e+01    4.3943866e+05  2.2083528e+03
   5.900e+01    4.5231432e+05  2.2728505e+03
   6.100e+01    4.6648825e+05  2.3344462e+03
   6.300e+01    4.8245307e+05  2.3932080e+03
   6.500e+01    4.9144323e+05  2.4492192e+03
   6.700e+01    5.0094254e+05  2.5025741e+03
   6.900e+01    5.0950594e+05  2.5533742e+03
   7.100e+01    5.2514317e+05  2.6017254e+03
   7.300e+01    5.2746725e+05  2.6477358e+03
   7.500e+01    5.3609374e+05  2.6915139e+03
   7.700e+01    5.4534636e+05  2.7331674e+03
   7.900e+01    5.5633864e+05  2.7728016e+03
   3.500e+01    2.6535735e+05  1.3246089e+03
   7.000e+00    9.7823262e+04  4.8914971e+02
   5.000e+00    9.2369456e+04  4.6122576e+02
