#   ncyc_cp         Intensity      Esd(Int.)
   0.000e+00    1.0067559e+06  5.0000000e+03
   1.000e+00    2.4500707e+05  1.2217226e+03
   2.000e+00    2.5828863e+05  1.2871727e+03
   3.000e+00    2.7234305e+05  1.3631907e+03
   4.000e+00    2.9049938e+05  1.4505948e+03
   5.000e+00    3.1154958e+05  1.5445938e+03
   6.000e+00    3.3161414e+05  1.6545618e+03
   7.000e+00    3.5735538e+05  1.7816353e+03
   8.000e+00    3.8579922e+05  1.9199296e+03
   9.000e+00    4.1009781e+05  2.0621994e+03
   1.000e+01    4.3920908e+05  2.2025630e+03
   1.100e+01    4.6496927e+05  2.3369009e+03
   1.200e+01    4.9156046e+05  2.4628546e+03
   1.300e+01    5.1310024e+05  2.5791830e+03
   1.400e+01    5.3457795e+05  2.6856164e+03
   1.500e+01    5.5682486e+05  2.7822998e+03
   1.600e+01    5.7086541e+05  2.8698115e+03
   1.700e+01    5.9135879e+05  2.9487785e+03
   1.800e+01    6.0252495e+05  3.0200001e+03
   1.900e+01    6.1074262e+05  3.0841773e+03
   2.000e+01    6.3026102e+05  3.1420753e+03
   2.100e+01    6.4053784e+05  3.1943193e+03
   2.200e+01    6.4776100e+05  3.2415596e+03
   2.300e+01    6.5606567e+05  3.2843078e+03
   2.400e+01    6.6121872e+05  3.3230900e+03
   2.500e+01    6.6685511e+05  3.3583087e+03
   2.600e+01    6.7586053e+05  3.3903805e+03
   2.700e+01    6.8899733e+05  3.4196170e+03
   2.800e+01    6.8520579e+05  3.4463455e+03
   2.900e+01    6.8831870e+05  3.4708053e+03
   3.000e+01    6.9529843e+05  3.4932540e+03
   3.100e+01    6.9606643e+05  3.5138751e+03
   3.200e+01    7.1011539e+05  3.5328719e+03
   3.300e+01    7.1132986e+05  3.5503854e+03
   3.400e+01    7.1613645e+05  3.5665774e+03
   3.500e+01    7.2046791e+05  3.5815565e+03
   3.600e+01    7.2674704e+05  3.5954522e+03
   3.700e+01    7.2123163e+05  3.6083488e+03
   3.800e+01    7.1937191e+05  3.6203508e+03
   3.900e+01    7.2750890e+05  3.6315237e+03
   4.000e+01    7.3428236e+05  3.6419526e+03
   2.100e+01    6.4231554e+05  3.1943193e+03
   3.700e+01    7.2278949e+05  3.6083488e+03
   3.200e+01    7.0256258e+05  3.5328719e+03
