#   ncyc_cp         Intensity      Esd(Int.)
   0.000e+00    1.0065513e+06  5.0000000e+03
   1.000e+00    9.6828391e+04  4.8204319e+02
   2.000e+00    1.0036543e+05  5.0677448e+02
   3.000e+00    1.0747320e+05  5.3250634e+02
   4.000e+00    1.1237219e+05  5.5847049e+02
   5.000e+00    1.1803196e+05  5.8939520e+02
   6.000e+00    1.2349699e+05  6.2289438e+02
   7.000e+00    1.3073167e+05  6.5729442e+02
   8.000e+00    1.3874924e+05  6.9568011e+02
   9.000e+00    1.4890951e+05  7.4188515e+02
   1.000e+01    1.5960653e+05  7.9792915e+02
   1.100e+01    1.7172461e+05  8.6406219e+02
   1.200e+01    1.8755797e+05  9.3941157e+02
   1.300e+01    2.0432972e+05  1.0224696e+03
   1.400e+01    2.2381020e+05  1.1116233e+03
   1.500e+01    2.3958344e+05  1.2050860e+03
   1.600e+01    2.6061672e+05  1.3013872e+03
   1.700e+01    2.7628030e+05  1.3989765e+03
   1.800e+01    2.9682718e+05  1.4967842e+03
   1.900e+01    3.1885007e+05  1.5936362e+03
   2.000e+01    3.4073040e+05  1.6888832e+03
   2.100e+01    3.5692832e+05  1.7817136e+03
   2.200e+01    3.7578066e+05  1.8718250e+03
   2.300e+01    3.9272845e+05  1.9586968e+03
   2.400e+01    4.1001420e+05  2.0422776e+03
   2.500e+01    4.2565443e+05  2.1222568e+03
   2.600e+01    4.3710324e+05  2.1987473e+03
   2.700e+01    4.5685744e+05  2.2715790e+03
   2.800e+01    4.7075958e+05  2.3409618e+03
   2.900e+01    4.8116048e+05  2.4068143e+03
   3.000e+01    4.9295289e+05  2.4693961e+03
   3.100e+01    5.0563958e+05  2.5286781e+03
   3.200e+01    5.1497445e+05  2.5849389e+03
   3.300e+01    5.2812805e+05  2.6381776e+03
   3.400e+01    5.3909196e+05  2.6886727e+03
   3.500e+01    5.4598274e+05  2.7364365e+03
   3.600e+01    5.5519040e+05  2.7817364e+03
   3.700e+01    5.6509565e+05  2.8245892e+03
   3.800e+01    5.7183070e+05  2.8652451e+03
   3.900e+01    5.7871346e+05  2.9037202e+03
   4.000e+01    5.8634578e+05  2.9402453e+03
   1.300e+01    2.0415097e+05  1.0224696e+03
   9.000e+00    1.4728661e+05  7.4188515e+02
   3.100e+01    5.0408443e+05  2.5286781e+03
