#   ncyc_cp         Intensity      Esd(Int.)
   0.000e+00    9.9616585e+05  5.0000000e+03
   1.000e+00    4.7275610e+05  2.3443785e+03
   2.000e+00    4.8439536e+05  2.4329365e+03
   3.000e+00    5.0901563e+05  2.5262705e+03
   4.000e+00    5.2297129e+05  2.6208734e+03
   5.000e+00    5.4392173e+05  2.7163177e+03
   6.000e+00    5.6163838e+05  2.8120455e+03
   7.000e+00    5.8277945e+05  2.9058830e+03
   8.000e+00    6.0251818e+05  2.9953898e+03
   9.000e+00    6.1749712e+05  3.0787427e+03
   1.000e+01    6.3228770e+05  3.1549661e+03
   1.100e+01    6.4632522e+05  3.2237579e+03
   1.200e+01    6.5616149e+05  3.2853074e+03
   1.300e+01    6.7367019e+05  3.3400653e+03
   1.400e+01    6.7655136e+05  3.3886368e+03
   1.500e+01    6.8499381e+05  3.4316564e+03
   1.600e+01    6.9209328e+05  3.4697629e+03
   1.700e+01    6.9944976e+05  3.5035406e+03
   1.800e+01    7.0759825e+05  3.5335316e+03
   1.900e+01    7.1674152e+05  3.5602076e+03
   2.000e+01    7.1628967e+05  3.5839928e+03
   2.100e+01    7.2421152e+05  3.6052481e+03
   2.200e+01    7.2607316e+05  3.6242949e+03
   2.300e+01    7.2972619e+05  3.6414037e+03
   2.400e+01    7.3503125e+05  3.6568152e+03
   2.500e+01    7.3748369e+05  3.6707308e+03
   2.600e+01    7.3853690e+05  3.6833307e+03
   2.700e+01    7.4026144e+05  3.6947651e+03
   2.800e+01    7.3755949e+05  3.7051698e+03
   2.900e+01    7.4474459e+05  3.7146575e+03
   3.000e+01    7.4310413e+05  3.7233311e+03
   3.100e+01    7.4922164e+05  3.7312758e+03
   3.200e+01    7.4155475e+05  3.7385706e+03
   3.300e+01    7.4529672e+05  3.7452804e+03
   3.400e+01    7.5002945e+05  3.7514662e+03
   3.500e+01    7.5562134e+05  3.7571781e+03
   3.600e+01    7.5407547e+05  3.7624637e+03
   3.700e+01    7.5329344e+05  3.7673620e+03
   3.800e+01    7.5403993e+05  3.7719105e+03
   3.900e+01    7.5736121e+05  3.7761397e+03
   4.000e+01    7.5235126e+05  3.7800796e+03
   1.400e+01    6.8257425e+05  3.3886368e+03
   1.800e+01    7.0681385e+05  3.5335316e+03
   1.300e+01    6.7005981e+05  3.3400653e+03
