#   ncyc_cp         Intensity      Esd(Int.)
   0.000e+00    9.9811593e+05  5.0000000e+03
   1.000e+00    4.7336648e+04  2.3577404e+02
   2.000e+00    4.9964085e+04  2.5054055e+02
   3.000e+00    5.3318633e+04  2.6637029e+02
   4.000e+00    5.7299654e+04  2.8229742e+02
   5.000e+00    5.9584107e+04  3.0015093e+02
   6.000e+00    6.3478367e+04  3.1913814e+02
   7.000e+00    6.7514016e+04  3.3842623e+02
   8.000e+00    7.2227839e+04  3.6078026e+02
   9.000e+00    7.7791945e+04  3.8966082e+02
   1.000e+01    8.5578394e+04  4.2722940e+02
   1.100e+01    9.4980328e+04  4.7427986e+02
   1.200e+01    1.0558502e+05  5.3069525e+02
   1.300e+01    1.1917551e+05  5.9581551e+02
   1.400e+01    1.3404715e+05  6.6866068e+02
   1.500e+01    1.4969165e+05  7.4806980e+02
   1.600e+01    1.6684525e+05  8.3279875e+02
   1.700e+01    1.8260296e+05  9.2159490e+02
   1.800e+01    2.0270969e+05  1.0132541e+03
   1.900e+01    2.2084538e+05  1.1066614e+03
   2.000e+01    2.4272042e+05  1.2008177e+03
   2.100e+01    2.5985450e+05  1.2948526e+03
   2.200e+01    2.7864120e+05  1.3880288e+03
   2.300e+01    2.9618836e+05  1.4797375e+03
   2.400e+01    3.1380163e+05  1.5694900e+03
   2.500e+01    3.3273485e+05  1.6569061e+03
   2.600e+01    3.4786250e+05  1.7417005e+03
   2.700e+01    3.6334767e+05  1.8236702e+03
   2.800e+01    3.8508428e+05  1.9026813e+03
   2.900e+01    3.9551350e+05  1.9786572e+03
   3.000e+01    4.0920767e+05  2.0515685e+03
   3.100e+01    4.2360733e+05  2.1214231e+03
   3.200e+01    4.3593999e+05  2.1882586e+03
   3.300e+01    4.5101573e+05  2.2521358e+03
   3.400e+01    4.6419332e+05  2.3131324e+03
   3.500e+01    4.7032982e+05  2.3713387e+03
   3.600e+01    4.8486573e+05  2.4268540e+03
   3.700e+01    4.9598840e+05  2.4797831e+03
   3.800e+01    5.0484466e+05  2.5302339e+03
   3.900e+01    5.1322225e+05  2.5783157e+03
   4.000e+01    5.2733279e+05  2.6241374e+03
   1.000e+00    4.7583853e+04  2.3577404e+02
   2.000e+01    2.3962889e+05  1.2008177e+03
   3.700e+01    4.9574874e+05  2.4797831e+03
