#   ncyc_cp         Intensity      Esd(Int.)
   0.000e+00    1.0076787e+06  5.0000000e+03
   1.000e+00    1.5168986e+05  7.5912779e+02
   2.000e+00    1.6299436e+05  8.2072849e+02
   3.000e+00    1.7769671e+05  8.9124543e+02
   4.000e+00    1.9435721e+05  9.7266448e+02
   5.000e+00    2.1109977e+05  1.0616740e+03
   6.000e+00    2.3375969e+05  1.1634906e+03
   7.000e+00    2.5578721e+05  1.2806409e+03
   8.000e+00    2.8368132e+05  1.4107525e+03
   9.000e+00    3.1059589e+05  1.5491407e+03
   1.000e+01    3.3805194e+05  1.6910031e+03
   1.100e+01    3.6560164e+05  1.8321217e+03
   1.200e+01    3.9788157e+05  1.9694366e+03
   1.300e+01    4.1878927e+05  2.1006874e+03
   1.400e+01    4.4705690e+05  2.2246217e+03
   1.500e+01    4.6409251e+05  2.3404412e+03
   1.600e+01    4.9035276e+05  2.4480028e+03
   1.700e+01    5.0897408e+05  2.5473067e+03
   1.800e+01    5.3324526e+05  2.6387416e+03
   1.900e+01    5.4914125e+05  2.7226568e+03
   2.000e+01    5.5688741e+05  2.7996310e+03
   2.100e+01    5.7325569e+05  2.8701186e+03
   2.200e+01    5.8869467e+05  2.9347181e+03
   2.300e+01    5.9804647e+05  2.9938748e+03
   2.400e+01    6.0867292e+05  3.0481344e+03
   2.500e+01    6.1764230e+05  3.0978886e+03
   2.600e+01    6.2824827e+05  3.1436073e+03
   2.700e+01    6.3013095e+05  3.1856175e+03
   2.800e+01    6.4544408e+05  3.2243123e+03
   2.900e+01    6.5569618e+05  3.2599573e+03
   3.000e+01    6.6189065e+05  3.2928770e+03
   3.100e+01    6.6724662e+05  3.3232837e+03
   3.200e+01    6.7381193e+05  3.3514440e+03
   3.300e+01    6.7102129e+05  3.3775262e+03
   3.400e+01    6.7838735e+05  3.4017494e+03
   3.500e+01    6.8634323e+05  3.4242463e+03
   3.600e+01    6.9142670e+05  3.4451973e+03
   3.700e+01    6.9317508e+05  3.4647068e+03
   3.800e+01    6.9393298e+05  3.4829243e+03
   3.900e+01    7.0079937e+05  3.4999319e+03
   4.000e+01    7.0245275e+05  3.5158538e+03
   2.300e+01    6.0255714e+05  2.9938748e+03
   3.000e+01    6.5762094e+05  3.2928770e+03
   2.700e+01    6.4260927e+05  3.1856175e+03
