#   ncyc_cp         Intensity      Esd(Int.)
   0.000e+00    1.0085661e+06  5.0000000e+03
   1.000e+00    2.4651076e+05  1.2324816e+03
   2.000e+00    2.5202815e+05  1.2590855e+03
   3.000e+00    2.6481220e+05  1.3274056e+03
   4.000e+00    2.7787157e+05  1.3900684e+03
   5.000e+00    3.0072271e+05  1.5024682e+03
   6.000e+00    3.3637106e+05  1.6766615e+03
   7.000e+00    3.7740761e+05  1.8803285e+03
   8.000e+00    4.1764990e+05  2.0870287e+03
   9.000e+00    4.5753090e+05  2.2818823e+03
   1.000e+01    4.8811704e+05  2.4584333e+03
   1.100e+01    5.2301020e+05  2.6146980e+03
   1.200e+01    5.4824766e+05  2.7514639e+03
   1.300e+01    5.7315367e+05  2.8703021e+03
   1.400e+01    5.9961292e+05  2.9734652e+03
   1.500e+01    6.1148005e+05  3.0629161e+03
   1.600e+01    6.2577133e+05  3.1407228e+03
   1.700e+01    6.4348815e+05  3.2084762e+03
   1.800e+01    6.4991227e+05  3.2677597e+03
   1.900e+01    6.5919013e+05  3.3197272e+03
   2.000e+01    6.7446356e+05  3.3655291e+03
   2.100e+01    6.8147660e+05  3.4059729e+03
   2.200e+01    6.8569019e+05  3.4418848e+03
   2.300e+01    6.9123290e+05  3.4738250e+03
   2.400e+01    6.9634274e+05  3.5023903e+03
   2.500e+01    7.0327203e+05  3.5279701e+03
   2.600e+01    7.1927155e+05  3.5510006e+03
   2.700e+01    7.1173359e+05  3.5717544e+03
   2.800e+01    7.1470783e+05  3.5905554e+03
   2.900e+01    7.2187056e+05  3.6075956e+03
   3.000e+01    7.2903974e+05  3.6231198e+03
   3.100e+01    7.1942830e+05  3.6372642e+03
   3.200e+01    7.2645947e+05  3.6502166e+03
   3.300e+01    7.3428444e+05  3.6620744e+03
   3.400e+01    7.3237513e+05  3.6729840e+03
   3.500e+01    7.3802797e+05  3.6830151e+03
   3.600e+01    7.3653236e+05  3.6922837e+03
   3.700e+01    7.3990322e+05  3.7008399e+03
   3.800e+01    7.3807433e+05  3.7087768e+03
   3.900e+01    7.4180887e+05  3.7161302e+03
   4.000e+01    7.4499213e+05  3.7229758e+03
   2.200e+01    6.8787947e+05  3.4418848e+03
   8.000e+00    4.2101819e+05  2.0870287e+03
   4.000e+01    7.4493596e+05  3.7229758e+03
