#   ncyc_cp         Intensity      Esd(Int.)
   0.000e+00    9.9760020e+05  5.0000000e+03
   1.000e+00    2.8138327e+05  1.4080871e+03
   2.000e+00    2.9386106e+05  1.4682557e+03
   3.000e+00    3.0971074e+05  1.5410813e+03
   4.000e+00    3.2541107e+05  1.6299698e+03
   5.000e+00    3.5313164e+05  1.7663796e+03
   6.000e+00    3.9315819e+05  1.9423937e+03
   7.000e+00    4.2527440e+05  2.1330691e+03
   8.000e+00    4.6189359e+05  2.3197880e+03
   9.000e+00    4.9923390e+05  2.4925330e+03
   1.000e+01    5.3350300e+05  2.6472581e+03
   1.100e+01    5.5552077e+05  2.7833328e+03
   1.200e+01    5.8294322e+05  2.9018383e+03
   1.300e+01    6.0079484e+05  3.0045738e+03
   1.400e+01    6.2016241e+05  3.0935254e+03
   1.500e+01    6.2787299e+05  3.1706055e+03
   1.600e+01    6.4963373e+05  3.2375403e+03
   1.700e+01    6.6524256e+05  3.2958352e+03
   1.800e+01    6.7192163e+05  3.3467784e+03
   1.900e+01    6.7674001e+05  3.3914597e+03
   2.000e+01    6.9019976e+05  3.4307966e+03
   2.100e+01    6.9099714e+05  3.4655594e+03
   2.200e+01    6.9785364e+05  3.4963946e+03
   2.300e+01    7.0629301e+05  3.5238459e+03
   2.400e+01    7.1162199e+05  3.5483709e+03
   2.500e+01    7.1374509e+05  3.5703562e+03
   2.600e+01    7.2378241e+05  3.5901293e+03
   2.700e+01    7.2298191e+05  3.6079685e+03
   2.800e+01    7.1944360e+05  3.6241111e+03
   2.900e+01    7.3400811e+05  3.6387603e+03
   3.000e+01    7.3328608e+05  3.6520906e+03
   3.100e+01    7.3069557e+05  3.6642524e+03
   3.200e+01    7.2958675e+05  3.6753757e+03
   3.300e+01    7.3891200e+05  3.6855733e+03
   3.400e+01    7.4263343e+05  3.6949434e+03
   3.500e+01    7.4641987e+05  3.7035718e+03
   3.600e+01    7.4570908e+05  3.7115337e+03
   3.700e+01    7.4076503e+05  3.7188951e+03
   3.800e+01    7.4148656e+05  3.7257141e+03
   3.900e+01    7.4827285e+05  3.7320422e+03
   4.000e+01    7.5222535e+05  3.7379248e+03
   1.000e+00    2.8145018e+05  1.4080871e+03
   2.800e+01    7.2681063e+05  3.6241111e+03
   4.000e+01    7.5499898e+05  3.7379248e+03
