#   ncyc_cp         Intensity      Esd(Int.)
   0.000e+00    9.9588802e+05  5.0000000e+03
   1.000e+00    1.6013689e+05  8.0283421e+02
   2.000e+00    1.6548485e+05  8.3235701e+02
   3.000e+00    1.6795638e+05  8.3960331e+02
   4.000e+00    1.7574829e+05  8.7902886e+02
   5.000e+00    1.8242717e+05  9.0795066e+02
   6.000e+00    1.8722791e+05  9.4201586e+02
   7.000e+00    2.0280997e+05  1.0119984e+03
   8.000e+00    2.2213655e+05  1.1187766e+03
   9.000e+00    2.5116825e+05  1.2520775e+03
   1.000e+01    2.8046304e+05  1.4009901e+03
   1.100e+01    3.1283417e+05  1.5564160e+03
   1.200e+01    3.4362565e+05  1.7119924e+03
   1.300e+01    3.7490003e+05  1.8629773e+03
   1.400e+01    4.0385466e+05  2.0068492e+03
   1.500e+01    4.2724416e+05  2.1417129e+03
   1.600e+01    4.5129400e+05  2.2671770e+03
   1.700e+01    4.7791777e+05  2.3827991e+03
   1.800e+01    4.9756954e+05  2.4891380e+03
   1.900e+01    5.1906590e+05  2.5863687e+03
   2.000e+01    5.3594709e+05  2.6753701e+03
   2.100e+01    5.5001260e+05  2.7565176e+03
   2.200e+01    5.6539223e+05  2.8307203e+03
   2.300e+01    5.7681142e+05  2.8983713e+03
   2.400e+01    5.9168549e+05  2.9602965e+03
   2.500e+01    6.0111994e+05  3.0168383e+03
   2.600e+01    6.1384642e+05  3.0687067e+03
   2.700e+01    6.2190143e+05  3.1161763e+03
   2.800e+01    6.3651701e+05  3.1598427e+03
   2.900e+01    6.3705913e+05  3.1999157e+03
   3.000e+01    6.4057738e+05  3.2368903e+03
   3.100e+01    6.5553897e+05  3.2709215e+03
   3.200e+01    6.5751723e+05  3.3024198e+03
   3.300e+01    6.6708712e+05  3.3314963e+03
   3.400e+01    6.7541753e+05  3.3584925e+03
   3.500e+01    6.7712247e+05  3.3834854e+03
   3.600e+01    6.7744234e+05  3.4067606e+03
   3.700e+01    6.8877538e+05  3.4283690e+03
   3.800e+01    6.8934969e+05  3.4485510e+03
   3.900e+01    6.9150214e+05  3.4673378e+03
   4.000e+01    6.9878780e+05  3.4849332e+03
   2.300e+01    5.8021323e+05  2.8983713e+03
   4.000e+00    1.7655110e+05  8.7902886e+02
   2.800e+01    6.3287026e+05  3.1598427e+03
