#   ncyc_cp         Intensity      Esd(Int.)
   0.000e+00    9.9348881e+05  5.0000000e+03
   1.000e+00    2.8977553e+05  1.4511389e+03
   3.000e+00    3.0602198e+05  1.5346570e+03
   5.000e+00    3.2644200e+05  1.6256281e+03
   7.000e+00    3.4472336e+05  1.7297678e+03
   9.000e+00    3.6974592e+05  1.8559890e+03
   1.100e+01    4.0271410e+05  2.0083390e+03
   1.300e+01    4.3242783e+05  2.1745164e+03
   1.500e+01    4.6654060e+05  2.3407666e+03
   1.700e+01    4.9872307e+05  2.4978865e+03
   1.900e+01    5.3231011e+05  2.6411926e+03
   2.100e+01    5.5606165e+05  2.7690951e+03
   2.300e+01    5.7689161e+05  2.8817991e+03
   2.500e+01    5.9793402e+05  2.9804165e+03
   2.700e+01    6.1043922e+05  3.0664293e+03
   2.900e+01    6.2866675e+05  3.1413926e+03
   3.100e+01    6.3784210e+05  3.2067835e+03
   3.300e+01    6.5773495e+05  3.2639355e+03
   3.500e+01    6.6369952e+05  3.3140177e+03
   3.700e+01    6.7193196e+05  3.3580381e+03
   3.900e+01    6.7647743e+05  3.3968573e+03
   4.100e+01    6.8901709e+05  3.4312057e+03
   4.300e+01    6.9024052e+05  3.4617023e+03
   4.500e+01    6.9578440e+05  3.4888709e+03
   4.700e+01    7.0285829e+05  3.5131552e+03
   4.900e+01    7.0345273e+05  3.5349318e+03
   5.100e+01    7.0928476e+05  3.5545209e+03
   5.300e+01    7.1580310e+05  3.5721956e+03
   5.500e+01    7.1754748e+05  3.5881893e+03
   5.700e+01    7.2419513e+05  3.6027024e+03
   5.900e+01    7.2448209e+05  3.6159070e+03
   6.100e+01    7.3036854e+05  3.6279520e+03
   6.300e+01    7.1830351e+05  3.6389662e+03
   6.500e+01    7.2911928e+05  3.6490612e+03
   6.700e+01    7.3756351e+05  3.6583347e+03
   6.900e+01    7.3800698e+05  3.6668717e+03
   7.100e+01    7.3574103e+05  3.6747468e+03
   7.300e+01    7.3183048e+05  3.6820258e+03
   7.500e+01    7.3307355e+05  3.6887663e+03
   7.700e+01    7.3469094e+05  3.6950194e+03
   7.900e+01    7.4386948e+05  3.7008305e+03
   1.100e+01    4.0074279e+05  2.0083390e+03
   5.300e+01    7.1014656e+05  3.5721956e+03
   7.000e+00    3.4357760e+05  1.7297678e+03
