#   ncyc_cp         Intensity      Esd(Int.)
   0.000e+00    1.0033215e+06  5.0000000e+03
   1.000e+00    3.3759658e+05  1.6953520e+03
   2.000e+00    3.4413463e+05  1.7066139e+03
   3.000e+00    3.4393094e+05  1.7216471e+03
   4.000e+00    3.5108223e+05  1.7624490e+03
   5.000e+00    3.8192108e+05  1.9053124e+03
   6.000e+00    4.1929329e+05  2.1109425e+03
   7.000e+00    4.7029287e+05  2.3275913e+03
   8.000e+00    5.1174652e+05  2.5290460e+03
   9.000e+00    5.4440315e+05  2.7059999e+03
   1.000e+01    5.6888430e+05  2.8573181e+03
   1.100e+01    5.9843512e+05  2.9852008e+03
   1.200e+01    6.1949902e+05  3.0928755e+03
   1.300e+01    6.3514578e+05  3.1835992e+03
   1.400e+01    6.5121105e+05  3.2602819e+03
   1.500e+01    6.6666391e+05  3.3253877e+03
   1.600e+01    6.7465154e+05  3.3809499e+03
   1.700e+01    6.8574997e+05  3.4286253e+03
   1.800e+01    6.9425258e+05  3.4697578e+03
   1.900e+01    6.9687885e+05  3.5054367e+03
   2.000e+01    7.0634106e+05  3.5365464e+03
   2.100e+01    7.1149322e+05  3.5638079e+03
   2.200e+01    7.2354009e+05  3.5878109e+03
   2.300e+01    7.2254648e+05  3.6090404e+03
   2.400e+01    7.2733044e+05  3.6278973e+03
   2.500e+01    7.3006829e+05  3.6447144e+03
   2.600e+01    7.3220663e+05  3.6597698e+03
   2.700e+01    7.3525180e+05  3.6732967e+03
   2.800e+01    7.3697445e+05  3.6854917e+03
   2.900e+01    7.3190860e+05  3.6965214e+03
   3.000e+01    7.4173120e+05  3.7065275e+03
   3.100e+01    7.4112943e+05  3.7156314e+03
   3.200e+01    7.4398359e+05  3.7239369e+03
   3.300e+01    7.4306686e+05  3.7315338e+03
   3.400e+01    7.4461033e+05  3.7384996e+03
   3.500e+01    7.4929318e+05  3.7449018e+03
   3.600e+01    7.4873387e+05  3.7507989e+03
   3.700e+01    7.5172879e+05  3.7562423e+03
   3.800e+01    7.5340036e+05  3.7612771e+03
   3.900e+01    7.5343826e+05  3.7659429e+03
   4.000e+01    7.5475548e+05  3.7702747e+03
   1.800e+01    6.9217431e+05  3.4697578e+03
   5.000e+00    3.8079203e+05  1.9053124e+03
   9.000e+00    5.4309017e+05  2.7059999e+03
