#   ncyc_cp         Intensity      Esd(Int.)
   0.000e+00    9.8858666e+05  5.0000000e+03
   1.000e+00    4.0186903e+04  2.0106897e+02
   2.000e+00    4.3437318e+04  2.1664903e+02
   3.000e+00    4.6428890e+04  2.3345541e+02
   4.000e+00    5.0367157e+04  2.5138152e+02
   5.000e+00    5.3817297e+04  2.7108891e+02
   6.000e+00    5.8617560e+04  2.9252861e+02
   7.000e+00    6.2953386e+04  3.1571580e+02
   8.000e+00    6.8282295e+04  3.4191060e+02
   9.000e+00    7.5168597e+04  3.7285965e+02
   1.000e+01    8.1900541e+04  4.0993661e+02
   1.100e+01    9.0259965e+04  4.5388702e+02
   1.200e+01    1.0126942e+05  5.0490327e+02
   1.300e+01    1.1256362e+05  5.6276852e+02
   1.400e+01    1.2517999e+05  6.2698037e+02
   1.500e+01    1.3937551e+05  6.9684487e+02
   1.600e+01    1.5514414e+05  7.7154935e+02
   1.700e+01    1.6939759e+05  8.5022090e+02
   1.800e+01    1.8620724e+05  9.3197356e+02
   1.900e+01    2.0248187e+05  1.0159453e+03
   2.000e+01    2.2027782e+05  1.1013254e+03
   2.100e+01    2.3720846e+05  1.1873735e+03
   2.200e+01    2.5258705e+05  1.2734302e+03
   2.300e+01    2.7068580e+05  1.3589223e+03
   2.400e+01    2.8988008e+05  1.4433627e+03
   2.500e+01    3.0439819e+05  1.5263467e+03
   2.600e+01    3.2166068e+05  1.6075466e+03
   2.700e+01    3.3755170e+05  1.6867042e+03
   2.800e+01    3.5072251e+05  1.7636233e+03
   2.900e+01    3.6526599e+05  1.8381612e+03
   3.000e+01    3.7874884e+05  1.9102216e+03
   3.100e+01    3.9199099e+05  1.9797474e+03
   3.200e+01    4.1012689e+05  2.0467138e+03
   3.300e+01    4.1754478e+05  2.1111227e+03
   3.400e+01    4.3195616e+05  2.1729978e+03
   3.500e+01    4.4543843e+05  2.2323799e+03
   3.600e+01    4.5854886e+05  2.2893233e+03
   3.700e+01    4.7409422e+05  2.3438923e+03
   3.800e+01    4.7856168e+05  2.3961590e+03
   3.900e+01    4.8969178e+05  2.4462007e+03
   4.000e+01    4.9601020e+05  2.4940981e+03
   2.800e+01    3.4938600e+05  1.7636233e+03
   3.300e+01    4.2254424e+05  2.1111227e+03
   3.400e+01    4.3464908e+05  2.1729978e+03
