#   ncyc_cp         Intensity      Esd(Int.)
   0.000e+00    9.9832483e+05  5.0000000e+03
   1.000e+00    3.7647471e+05  1.8701920e+03
   2.000e+00    3.9571626e+05  1.9890068e+03
   3.000e+00    4.2160660e+05  2.1178116e+03
   4.000e+00    4.4557529e+05  2.2498850e+03
   5.000e+00    4.7830988e+05  2.3860160e+03
   6.000e+00    5.0278571e+05  2.5235156e+03
   7.000e+00    5.2737570e+05  2.6571436e+03
   8.000e+00    5.5644365e+05  2.7824937e+03
   9.000e+00    5.8169569e+05  2.8969631e+03
   1.000e+01    5.9922813e+05  2.9996114e+03
   1.100e+01    6.2112276e+05  3.0905540e+03
   1.200e+01    6.3403719e+05  3.1705679e+03
   1.300e+01    6.5088938e+05  3.2406850e+03
   1.400e+01    6.5938968e+05  3.3020558e+03
   1.500e+01    6.7229801e+05  3.3557698e+03
   1.600e+01    6.7850310e+05  3.4028568e+03
   1.700e+01    6.8858461e+05  3.4442094e+03
   1.800e+01    6.9519966e+05  3.4806298e+03
   1.900e+01    7.0670920e+05  3.5127897e+03
   2.000e+01    7.1002439e+05  3.5412828e+03
   2.100e+01    7.1934732e+05  3.5665991e+03
   2.200e+01    7.1922159e+05  3.5891711e+03
   2.300e+01    7.2081466e+05  3.6093530e+03
   2.400e+01    7.2546873e+05  3.6274597e+03
   2.500e+01    7.2908286e+05  3.6437478e+03
   2.600e+01    7.3007798e+05  3.6584480e+03
   2.700e+01    7.3221335e+05  3.6717475e+03
   2.800e+01    7.3128818e+05  3.6838173e+03
   2.900e+01    7.4370155e+05  3.6947952e+03
   3.000e+01    7.3994913e+05  3.7048092e+03
   3.100e+01    7.4681383e+05  3.7139622e+03
   3.200e+01    7.4511604e+05  3.7223511e+03
   3.300e+01    7.4856102e+05  3.7300532e+03
   3.400e+01    7.4927844e+05  3.7371432e+03
   3.500e+01    7.4694805e+05  3.7436797e+03
   3.600e+01    7.5502386e+05  3.7497208e+03
   3.700e+01    7.4977338e+05  3.7553116e+03
   3.800e+01    7.4513144e+05  3.7604976e+03
   3.900e+01    7.5190367e+05  3.7653139e+03
   4.000e+01    7.5271636e+05  3.7697965e+03
   3.700e+01    7.5629375e+05  3.7553116e+03
   9.000e+00    5.7327575e+05  2.8969631e+03
   3.000e+01    7.4448171e+05  3.7048092e+03
