#   ncyc_cp         Intensity      Esd(Int.)
   0.000e+00    1.0049862e+06  5.0000000e+03
   1.000e+00    1.7531141e+05  8.8028312e+02
   3.000e+00    1.8411348e+05  9.2165039e+02
   5.000e+00    1.9141311e+05  9.5402648e+02
   7.000e+00    2.0092722e+05  1.0001729e+03
   9.000e+00    2.0962926e+05  1.0483273e+03
   1.100e+01    2.2797617e+05  1.1392425e+03
   1.300e+01    2.5467843e+05  1.2793180e+03
   1.500e+01    2.9296979e+05  1.4509813e+03
   1.700e+01    3.2748152e+05  1.6361246e+03
   1.900e+01    3.6433095e+05  1.8216344e+03
   2.100e+01    4.0231010e+05  1.9993233e+03
   2.300e+01    4.3212662e+05  2.1647313e+03
   2.500e+01    4.6488597e+05  2.3159172e+03
   2.700e+01    4.8515545e+05  2.4525098e+03
   2.900e+01    5.1585395e+05  2.5750422e+03
   3.100e+01    5.3720760e+05  2.6845163e+03
   3.300e+01    5.5706049e+05  2.7821331e+03
   3.500e+01    5.7774761e+05  2.8691348e+03
   3.700e+01    5.9223282e+05  2.9467164e+03
   3.900e+01    6.0367221e+05  3.0159831e+03
   4.100e+01    6.1618611e+05  3.0779313e+03
   4.300e+01    6.2607794e+05  3.1334463e+03
   4.500e+01    6.3588443e+05  3.1833069e+03
   4.700e+01    6.4491362e+05  3.2281940e+03
   4.900e+01    6.5380288e+05  3.2687010e+03
   5.100e+01    6.5710854e+05  3.3053441e+03
   5.300e+01    6.6925962e+05  3.3385718e+03
   5.500e+01    6.6834050e+05  3.3687743e+03
   5.700e+01    6.8117303e+05  3.3962912e+03
   5.900e+01    6.8213628e+05  3.4214183e+03
   6.100e+01    6.8494291e+05  3.4444139e+03
   6.300e+01    6.9513638e+05  3.4655042e+03
   6.500e+01    6.9902891e+05  3.4848870e+03
   6.700e+01    6.9898806e+05  3.5027364e+03
   6.900e+01    7.0512948e+05  3.5192054e+03
   7.100e+01    7.0482156e+05  3.5344291e+03
   7.300e+01    7.1417450e+05  3.5485271e+03
   7.500e+01    7.1582906e+05  3.5616051e+03
   7.700e+01    7.1467650e+05  3.5737572e+03
   7.900e+01    7.1939919e+05  3.5850671e+03
   4.500e+01    6.3830637e+05  3.1833069e+03
   5.000e+00    1.9046674e+05  9.5402648e+02
   5.100e+01    6.6025623e+05  3.3053441e+03
