#   ncyc_cp         Intensity      Esd(Int.)
   0.000e+00    1.0023789e+06  5.0000000e+03
   1.000e+00    4.5578938e+05  2.2697671e+03
   2.000e+00    4.6524507e+05  2.3266446e+03
   3.000e+00    4.8683242e+05  2.4390266e+03
   4.000e+00    5.2604849e+05  2.6227958e+03
   5.000e+00    5.6934004e+05  2.8363872e+03
   6.000e+00    6.0665906e+05  3.0254954e+03
   7.000e+00    6.3368043e+05  3.1792063e+03
   8.000e+00    6.6472358e+05  3.2997966e+03
   9.000e+00    6.7893103e+05  3.3942169e+03
   1.000e+01    6.9889844e+05  3.4682984e+03
   1.100e+01    7.1023921e+05  3.5270961e+03
   1.200e+01    7.1019530e+05  3.5741883e+03
   1.300e+01    7.1884935e+05  3.6123866e+03
   1.400e+01    7.2500238e+05  3.6436718e+03
   1.500e+01    7.3475040e+05  3.6695856e+03
   1.600e+01    7.3836660e+05  3.6912403e+03
   1.700e+01    7.4282016e+05  3.7095089e+03
   1.800e+01    7.4190624e+05  3.7250406e+03
   1.900e+01    7.4919208e+05  3.7383501e+03
   2.000e+01    7.5516048e+05  3.7498329e+03
   2.100e+01    7.4687162e+05  3.7598044e+03
   2.200e+01    7.5289739e+05  3.7685154e+03
   2.300e+01    7.5610557e+05  3.7761663e+03
   2.400e+01    7.5602810e+05  3.7829219e+03
   2.500e+01    7.5697139e+05  3.7889135e+03
   2.600e+01    7.6549914e+05  3.7942531e+03
   2.700e+01    7.6461940e+05  3.7990288e+03
   2.800e+01    7.6383352e+05  3.8033193e+03
   2.900e+01    7.5847807e+05  3.8071850e+03
   3.000e+01    7.7061758e+05  3.8106825e+03
   3.100e+01    7.6409007e+05  3.8138542e+03
   3.200e+01    7.6108509e+05  3.8167416e+03
   3.300e+01    7.6252918e+05  3.8193752e+03
   3.400e+01    7.6242976e+05  3.8217860e+03
   3.500e+01    7.7285458e+05  3.8239960e+03
   3.600e+01    7.6593730e+05  3.8260291e+03
   3.700e+01    7.6576907e+05  3.8279014e+03
   3.800e+01    7.5762898e+05  3.8296315e+03
   3.900e+01    7.6901935e+05  3.8312313e+03
   4.000e+01    7.6243638e+05  3.8327156e+03
   1.000e+01    6.8969557e+05  3.4682984e+03
   2.300e+01    7.5749729e+05  3.7761663e+03
   2.600e+01    7.5552530e+05  3.7942531e+03
