#   ncyc_cp         Intensity      Esd(Int.)
   0.000e+00    9.9861126e+05  5.0000000e+03
   1.000e+00    3.2809695e+05  1.6237318e+03
   3.000e+00    3.2801738e+05  1.6236205e+03
   5.000e+00    3.3168219e+05  1.6617333e+03
   7.000e+00    3.2810506e+05  1.6316158e+03
   9.000e+00    3.2950751e+05  1.6401272e+03
   1.100e+01    3.3111386e+05  1.6530263e+03
   1.300e+01    3.4512303e+05  1.7265308e+03
   1.500e+01    3.7129350e+05  1.8510560e+03
   1.700e+01    4.0079682e+05  2.0016325e+03
   1.900e+01    4.3089036e+05  2.1592661e+03
   2.100e+01    4.6470110e+05  2.3125692e+03
   2.300e+01    4.9173884e+05  2.4556370e+03
   2.500e+01    5.2024460e+05  2.5859759e+03
   2.700e+01    5.3737662e+05  2.7030496e+03
   2.900e+01    5.5953391e+05  2.8073622e+03
   3.100e+01    5.7131677e+05  2.8999137e+03
   3.300e+01    5.9536943e+05  2.9818895e+03
   3.500e+01    6.0764620e+05  3.0544932e+03
   3.700e+01    6.2572918e+05  3.1188619e+03
   3.900e+01    6.3853348e+05  3.1760284e+03
   4.100e+01    6.4587801e+05  3.2269097e+03
   4.300e+01    6.5754665e+05  3.2723088e+03
   4.500e+01    6.6047722e+05  3.3129232e+03
   4.700e+01    6.6596847e+05  3.3493562e+03
   4.900e+01    6.8117095e+05  3.3821278e+03
   5.100e+01    6.8584016e+05  3.4116864e+03
   5.300e+01    6.9032658e+05  3.4384186e+03
   5.500e+01    6.9155122e+05  3.4626581e+03
   5.700e+01    7.0061180e+05  3.4846933e+03
   5.900e+01    7.0323647e+05  3.5047743e+03
   6.100e+01    7.1389953e+05  3.5231181e+03
   6.300e+01    6.9887589e+05  3.5399133e+03
   6.500e+01    7.0696224e+05  3.5553249e+03
   6.700e+01    7.1706010e+05  3.5694970e+03
   6.900e+01    7.1930909e+05  3.5825558e+03
   7.100e+01    7.2024250e+05  3.5946126e+03
   7.300e+01    7.2067294e+05  3.6057653e+03
   7.500e+01    7.2104125e+05  3.6161004e+03
   7.700e+01    7.3117198e+05  3.6256946e+03
   7.900e+01    7.3116302e+05  3.6346158e+03
   3.300e+01    5.9752138e+05  2.9818895e+03
   7.500e+01    7.2487190e+05  3.6161004e+03
   5.100e+01    6.8821308e+05  3.4116864e+03
