#   ncyc_cp         Intensity      Esd(Int.)
   0.000e+00    1.0047959e+06  5.0000000e+03
   1.000e+00    5.6267351e+05  2.8215447e+03
   2.000e+00    6.0039665e+05  2.9980631e+03
   3.000e+00    6.3125711e+05  3.1533195e+03
   4.000e+00    6.6050496e+05  3.2962052e+03
   5.000e+00    6.8589881e+05  3.4146737e+03
   6.000e+00    7.0456527e+05  3.5066319e+03
   7.000e+00    7.2014118e+05  3.5763989e+03
   8.000e+00    7.2465436e+05  3.6292605e+03
   9.000e+00    7.3178665e+05  3.6696618e+03
   1.000e+01    7.4216777e+05  3.7009309e+03
   1.100e+01    7.4841992e+05  3.7254694e+03
   1.200e+01    7.5045429e+05  3.7449929e+03
   1.300e+01    7.5348806e+05  3.7607306e+03
   1.400e+01    7.6211389e+05  3.7735725e+03
   1.500e+01    7.5902128e+05  3.7841691e+03
   1.600e+01    7.5491702e+05  3.7930039e+03
   1.700e+01    7.5843688e+05  3.8004388e+03
   1.800e+01    7.6791885e+05  3.8067501e+03
   1.900e+01    7.6594600e+05  3.8121494e+03
   2.000e+01    7.5825300e+05  3.8168024e+03
   2.100e+01    7.6100553e+05  3.8208385e+03
   2.200e+01    7.6654105e+05  3.8243612e+03
   2.300e+01    7.6439254e+05  3.8274529e+03
   2.400e+01    7.6809250e+05  3.8301808e+03
   2.500e+01    7.6259526e+05  3.8325989e+03
   2.600e+01    7.6703543e+05  3.8347525e+03
   2.700e+01    7.6867599e+05  3.8366782e+03
   2.800e+01    7.7029308e+05  3.8384070e+03
   2.900e+01    7.6857465e+05  3.8399646e+03
   3.000e+01    7.6830615e+05  3.8413729e+03
   3.100e+01    7.6841923e+05  3.8426501e+03
   3.200e+01    7.7104752e+05  3.8438121e+03
   3.300e+01    7.7178965e+05  3.8448720e+03
   3.400e+01    7.6672445e+05  3.8458417e+03
   3.500e+01    7.6662116e+05  3.8467309e+03
   3.600e+01    7.7012470e+05  3.8475483e+03
   3.700e+01    7.6566547e+05  3.8483013e+03
   3.800e+01    7.6898439e+05  3.8489967e+03
   3.900e+01    7.7920817e+05  3.8496400e+03
   4.000e+01    7.7210693e+05  3.8502364e+03
   3.800e+01    7.6813632e+05  3.8489967e+03
   2.000e+00    5.9817216e+05  2.9980631e+03
   2.000e+01    7.6088940e+05  3.8168024e+03
