#   ncyc_cp         Intensity      Esd(Int.)
   0.000e+00    1.0126672e+06  5.0000000e+03
   1.000e+00    1.3854998e+05  6.9062758e+02
   2.000e+00    1.4563211e+05  7.2875736e+02
   3.000e+00    1.5253345e+05  7.6367551e+02
   4.000e+00    1.6144431e+05  8.0668981e+02
   5.000e+00    1.7118973e+05  8.5330418e+02
   6.000e+00    1.8609991e+05  9.2753888e+02
   7.000e+00    2.0803772e+05  1.0368326e+03
   8.000e+00    2.3383971e+05  1.1741093e+03
   9.000e+00    2.6537364e+05  1.3289497e+03
   1.000e+01    2.9917450e+05  1.4919422e+03
   1.100e+01    3.3350224e+05  1.6558023e+03
   1.200e+01    3.6484471e+05  1.8154045e+03
   1.300e+01    3.9377195e+05  1.9674517e+03
   1.400e+01    4.1932190e+05  2.1100551e+03
   1.500e+01    4.4601658e+05  2.2423392e+03
   1.600e+01    4.7260783e+05  2.3641177e+03
   1.700e+01    4.9224291e+05  2.4756465e+03
   1.800e+01    5.1111688e+05  2.5774460e+03
   1.900e+01    5.3709555e+05  2.6701788e+03
   2.000e+01    5.4919694e+05  2.7545677e+03
   2.100e+01    5.6933215e+05  2.8313439e+03
   2.200e+01    5.8285457e+05  2.9012151e+03
   2.300e+01    5.9719604e+05  2.9648478e+03
   2.400e+01    6.0082346e+05  3.0228577e+03
   2.500e+01    6.0838616e+05  3.0758069e+03
   2.600e+01    6.2214722e+05  3.1242043e+03
   2.700e+01    6.3407611e+05  3.1685073e+03
   2.800e+01    6.3841819e+05  3.2091259e+03
   2.900e+01    6.5210570e+05  3.2464265e+03
   3.000e+01    6.5320000e+05  3.2807360e+03
   3.100e+01    6.6079320e+05  3.3123459e+03
   3.200e+01    6.6773320e+05  3.3415160e+03
   3.300e+01    6.7303505e+05  3.3684779e+03
   3.400e+01    6.7927143e+05  3.3934383e+03
   3.500e+01    6.8440536e+05  3.4165816e+03
   3.600e+01    6.9058399e+05  3.4380728e+03
   3.700e+01    6.9691782e+05  3.4580594e+03
   3.800e+01    6.9328245e+05  3.4766737e+03
   3.900e+01    7.0489918e+05  3.4940344e+03
   4.000e+01    6.9958178e+05  3.5102480e+03
   1.400e+01    4.2422714e+05  2.1100551e+03
   2.800e+01    6.4269379e+05  3.2091259e+03
   2.300e+01    5.9682844e+05  2.9648478e+03
