#   ncyc_cp         Intensity      Esd(Int.)
   0.000e+00    1.0068815e+06  5.0000000e+03
   1.000e+00    1.4209199e+05  7.1421918e+02
   2.000e+00    1.5291457e+05  7.6414061e+02
   3.000e+00    1.6431350e+05  8.1763713e+02
   4.000e+00    1.7508549e+05  8.7562530e+02
   5.000e+00    1.8803861e+05  9.3844642e+02
   6.000e+00    2.0122845e+05  1.0071526e+03
   7.000e+00    2.1511472e+05  1.0834602e+03
   8.000e+00    2.3346767e+05  1.1682211e+03
   9.000e+00    2.5219241e+05  1.2609733e+03
   1.000e+01    2.7164577e+05  1.3603015e+03
   1.100e+01    2.9270490e+05  1.4643285e+03
   1.200e+01    3.1496137e+05  1.5710851e+03
   1.300e+01    3.3484959e+05  1.6787356e+03
   1.400e+01    3.5687519e+05  1.7856931e+03
   1.500e+01    3.7463720e+05  1.8906640e+03
   1.600e+01    3.9886223e+05  1.9926474e+03
   1.700e+01    4.1766128e+05  2.0909114e+03
   1.800e+01    4.3826491e+05  2.1849568e+03
   1.900e+01    4.5474292e+05  2.2744770e+03
   2.000e+01    4.7394199e+05  2.3593203e+03
   2.100e+01    4.9202379e+05  2.4394546e+03
   2.200e+01    4.9948095e+05  2.5149378e+03
   2.300e+01    5.1625316e+05  2.5858931e+03
   2.400e+01    5.3158191e+05  2.6524892e+03
   2.500e+01    5.4247608e+05  2.7149241e+03
   2.600e+01    5.4992594e+05  2.7734136e+03
   2.700e+01    5.6604922e+05  2.8281819e+03
   2.800e+01    5.7329733e+05  2.8794547e+03
   2.900e+01    5.8553166e+05  2.9274546e+03
   3.000e+01    5.9913637e+05  2.9723975e+03
   3.100e+01    5.9775107e+05  3.0144903e+03
   3.200e+01    6.0702549e+05  3.0539297e+03
   3.300e+01    6.1875486e+05  3.0909013e+03
   3.400e+01    6.3212200e+05  3.1255792e+03
   3.500e+01    6.3543184e+05  3.1581262e+03
   3.600e+01    6.4320530e+05  3.1886938e+03
   3.700e+01    6.4143635e+05  3.2174228e+03
   3.800e+01    6.4746211e+05  3.2444437e+03
   3.900e+01    6.5149665e+05  3.2698774e+03
   4.000e+01    6.5652169e+05  3.2938355e+03
   3.000e+01    5.9372064e+05  2.9723975e+03
   2.500e+01    5.4446951e+05  2.7149241e+03
   1.300e+01    3.3762339e+05  1.6787356e+03
