#   ncyc_cp         Intensity      Esd(Int.)
   0.000e+00    9.9732678e+05  5.0000000e+03
   1.000e+00    2.4319422e+05  1.2114380e+03
   2.000e+00    2.5421682e+05  1.2748924e+03
   3.000e+00    2.6783495e+05  1.3419413e+03
   4.000e+00    2.8331863e+05  1.4137031e+03
   5.000e+00    3.0177622e+05  1.4904447e+03
   6.000e+00    3.1646183e+05  1.5738934e+03
   7.000e+00    3.3255980e+05  1.6655086e+03
   8.000e+00    3.5247276e+05  1.7648105e+03
   9.000e+00    3.7472579e+05  1.8697839e+03
   1.000e+01    3.9712030e+05  1.9778126e+03
   1.100e+01    4.1724259e+05  2.0863467e+03
   1.200e+01    4.3906688e+05  2.1932339e+03
   1.300e+01    4.6138462e+05  2.2968248e+03
   1.400e+01    4.7627438e+05  2.3959597e+03
   1.500e+01    4.9790862e+05  2.4899003e+03
   1.600e+01    5.1417169e+05  2.5782459e+03
   1.700e+01    5.3239054e+05  2.6608515e+03
   1.800e+01    5.5064652e+05  2.7377571e+03
   1.900e+01    5.6363120e+05  2.8091305e+03
   2.000e+01    5.7432292e+05  2.8752220e+03
   2.100e+01    5.8669708e+05  2.9363316e+03
   2.200e+01    5.9586736e+05  2.9927839e+03
   2.300e+01    6.1367985e+05  3.0449114e+03
   2.400e+01    6.1729327e+05  3.0930428e+03
   2.500e+01    6.2632421e+05  3.1374948e+03
   2.600e+01    6.3861608e+05  3.1785682e+03
   2.700e+01    6.3890157e+05  3.2165444e+03
   2.800e+01    6.4264453e+05  3.2516849e+03
   2.900e+01    6.6085159e+05  3.2842307e+03
   3.000e+01    6.6037610e+05  3.3144033e+03
   3.100e+01    6.6374244e+05  3.3424047e+03
   3.200e+01    6.7515510e+05  3.3684197e+03
   3.300e+01    6.8559438e+05  3.3926161e+03
   3.400e+01    6.8104767e+05  3.4151466e+03
   3.500e+01    6.8749967e+05  3.4361499e+03
   3.600e+01    6.9024814e+05  3.4557520e+03
   3.700e+01    7.0376001e+05  3.4740673e+03
   3.800e+01    6.9501876e+05  3.4911996e+03
   3.900e+01    7.0237151e+05  3.5072434e+03
   4.000e+01    7.0329986e+05  3.5222843e+03
   1.000e+00    2.4287686e+05  1.2114380e+03
   3.900e+01    7.0059025e+05  3.5072434e+03
   2.700e+01    6.4284900e+05  3.2165444e+03
