#   ncyc_cp         Intensity      Esd(Int.)
   0.000e+00    1.0049586e+06  5.0000000e+03
   1.000e+00    5.1632668e+04  2.5595696e+02
   3.000e+00    5.4421125e+04  2.7270540e+02
   5.000e+00    5.8316125e+04  2.9067745e+02
   7.000e+00    6.1477846e+04  3.0926680e+02
   9.000e+00    6.5116478e+04  3.2939171e+02
   1.100e+01    6.9896067e+04  3.5156443e+02
   1.300e+01    7.5354413e+04  3.7441143e+02
   1.500e+01    7.9947629e+04  4.0009724e+02
   1.700e+01    8.6041080e+04  4.3229729e+02
   1.900e+01    9.4830400e+04  4.7352888e+02
   2.100e+01    1.0490742e+05  5.2474355e+02
   2.300e+01    1.1736919e+05  5.8578879e+02
   2.500e+01    1.3097456e+05  6.5585726e+02
   2.700e+01    1.4631572e+05  7.3377611e+02
   2.900e+01    1.6326950e+05  8.1818783e+02
   3.100e+01    1.8194137e+05  9.0767220e+02
   3.300e+01    1.9962343e+05  1.0008335e+03
   3.500e+01    2.2092464e+05  1.0963621e+03
   3.700e+01    2.4053879e+05  1.1930747e+03
   3.900e+01    2.5901856e+05  1.2899365e+03
   4.100e+01    2.7779289e+05  1.3860696e+03
   4.300e+01    2.9560173e+05  1.4807504e+03
   4.500e+01    3.1607442e+05  1.5733998e+03
   4.700e+01    3.3547626e+05  1.6635699e+03
   4.900e+01    3.5206237e+05  1.7509273e+03
   5.100e+01    3.6505547e+05  1.8352371e+03
   5.300e+01    3.8303908e+05  1.9163473e+03
   5.500e+01    3.9997803e+05  1.9941734e+03
   5.700e+01    4.1500910e+05  2.0686861e+03
   5.900e+01    4.2784508e+05  2.1398997e+03
   6.100e+01    4.3922151e+05  2.2078622e+03
   6.300e+01    4.5210237e+05  2.2726476e+03
   6.500e+01    4.6588470e+05  2.3343486e+03
   6.700e+01    4.7787143e+05  2.3930717e+03
   6.900e+01    4.9131110e+05  2.4489321e+03
   7.100e+01    5.0242602e+05  2.5020507e+03
   7.300e+01    5.1024480e+05  2.5525511e+03
   7.500e+01    5.2214511e+05  2.6005572e+03
   7.700e+01    5.3098213e+05  2.6461920e+03
   7.900e+01    5.3844494e+05  2.6895758e+03
   5.100e+01    3.7001018e+05  1.8352371e+03
   3.700e+01    2.4029311e+05  1.1930747e+03
   9.000e+00    6.6121945e+04  3.2939171e+02
