#   ncyc_cp         Intensity      Esd(Int.)
   0.000e+00    1.0062558e+06  5.0000000e+03
   1.000e+00    3.3957780e+05  1.7003955e+03
   2.000e+00    3.4019874e+05  1.7036726e+03
   3.000e+00    3.4464707e+05  1.7151167e+03
   4.000e+00    3.4209653e+05  1.7073965e+03
   5.000e+00    3.4590384e+05  1.7252870e+03
   6.000e+00    3.4285714e+05  1.7214509e+03
   7.000e+00    3.5082449e+05  1.7565192e+03
   8.000e+00    3.6823756e+05  1.8383067e+03
   9.000e+00    3.9160796e+05  1.9529541e+03
   1.000e+01    4.1781176e+05  2.0832896e+03
   1.100e+01    4.3971222e+05  2.2181523e+03
   1.200e+01    4.7526563e+05  2.3501121e+03
   1.300e+01    4.9694826e+05  2.4748496e+03
   1.400e+01    5.1603711e+05  2.5907149e+03
   1.500e+01    5.4248073e+05  2.6965055e+03
   1.600e+01    5.5823313e+05  2.7928110e+03
   1.700e+01    5.7484782e+05  2.8795610e+03
   1.800e+01    5.9646850e+05  2.9579881e+03
   1.900e+01    6.0235948e+05  3.0283419e+03
   2.000e+01    6.1532196e+05  3.0918937e+03
   2.100e+01    6.2712064e+05  3.1489223e+03
   2.200e+01    6.3832408e+05  3.2005460e+03
   2.300e+01    6.5994436e+05  3.2469859e+03
   2.400e+01    6.5643203e+05  3.2891716e+03
   2.500e+01    6.6219049e+05  3.3272531e+03
   2.600e+01    6.7304433e+05  3.3619882e+03
   2.700e+01    6.8130454e+05  3.3934654e+03
   2.800e+01    6.8883634e+05  3.4222995e+03
   2.900e+01    6.8684217e+05  3.4485326e+03
   3.000e+01    7.0141172e+05  3.4726651e+03
   3.100e+01    6.9968276e+05  3.4947056e+03
   3.200e+01    7.0009714e+05  3.5150645e+03
   3.300e+01    7.0412801e+05  3.5337271e+03
   3.400e+01    7.1202777e+05  3.5510333e+03
   3.500e+01    7.1356201e+05  3.5669529e+03
   3.600e+01    7.1494324e+05  3.5817698e+03
   3.700e+01    7.1975531e+05  3.5954440e+03
   3.800e+01    7.3017964e+05  3.6082150e+03
   3.900e+01    7.2935977e+05  3.6200370e+03
   4.000e+01    7.2456347e+05  3.6311140e+03
   2.700e+01    6.7640654e+05  3.3934654e+03
   3.500e+01    7.1707572e+05  3.5669529e+03
   8.000e+00    3.6577698e+05  1.8383067e+03
