#   ncyc_cp         Intensity      Esd(Int.)
   0.000e+00    1.0060602e+06  5.0000000e+03
   1.000e+00    2.1774933e+05  1.0799308e+03
   3.000e+00    2.2419725e+05  1.1233123e+03
   5.000e+00    2.3149920e+05  1.1575774e+03
   7.000e+00    2.4080052e+05  1.2054480e+03
   9.000e+00    2.4876472e+05  1.2549011e+03
   1.100e+01    2.6783597e+05  1.3458914e+03
   1.300e+01    2.9818599e+05  1.4845700e+03
   1.500e+01    3.3074822e+05  1.6525702e+03
   1.700e+01    3.6608906e+05  1.8315156e+03
   1.900e+01    4.0017707e+05  2.0086691e+03
   2.100e+01    4.3329298e+05  2.1765158e+03
   2.300e+01    4.7103466e+05  2.3312794e+03
   2.500e+01    4.9469081e+05  2.4715784e+03
   2.700e+01    5.1855158e+05  2.5974460e+03
   2.900e+01    5.4412771e+05  2.7096795e+03
   3.100e+01    5.6449550e+05  2.8094364e+03
   3.300e+01    5.7659024e+05  2.8979951e+03
   3.500e+01    5.9046920e+05  2.9766222e+03
   3.700e+01    6.0898022e+05  3.0465041e+03
   3.900e+01    6.2260413e+05  3.1087164e+03
   4.100e+01    6.3439058e+05  3.1642153e+03
   4.300e+01    6.4272674e+05  3.2138407e+03
   4.500e+01    6.4831942e+05  3.2583244e+03
   4.700e+01    6.6124624e+05  3.2983017e+03
   4.900e+01    6.6758788e+05  3.3343224e+03
   5.100e+01    6.7470619e+05  3.3668623e+03
   5.300e+01    6.7645667e+05  3.3963330e+03
   5.500e+01    6.8737399e+05  3.4230908e+03
   5.700e+01    6.8683662e+05  3.4474449e+03
   5.900e+01    6.9663674e+05  3.4696639e+03
   6.100e+01    6.9713662e+05  3.4899814e+03
   6.300e+01    7.0245262e+05  3.5086015e+03
   6.500e+01    7.0302832e+05  3.5257026e+03
   6.700e+01    7.0994874e+05  3.5414409e+03
   6.900e+01    7.1473484e+05  3.5559538e+03
   7.100e+01    7.0878136e+05  3.5693624e+03
   7.300e+01    7.1785920e+05  3.5817735e+03
   7.500e+01    7.1460311e+05  3.5932815e+03
   7.700e+01    7.2239227e+05  3.6039704e+03
   7.900e+01    7.2088199e+05  3.6139147e+03
   7.900e+01    7.1876524e+05  3.6139147e+03
   2.700e+01    5.1837639e+05  2.5974460e+03
   1.300e+01    2.9691019e+05  1.4845700e+03
