#   ncyc_cp         Intensity      Esd(Int.)
   0.000e+00    9.9550267e+05  5.0000000e+03
   1.000e+00    5.5416433e+04  2.7861682e+02
   2.000e+00    5.9951404e+04  3.0120160e+02
   3.000e+00    6.5357504e+04  3.2493279e+02
   4.000e+00    6.9374484e+04  3.5156570e+02
   5.000e+00    7.6145014e+04  3.8283937e+02
   6.000e+00    8.3465331e+04  4.1664372e+02
   7.000e+00    9.0516542e+04  4.5427906e+02
   8.000e+00    1.0003823e+05  4.9901544e+02
   9.000e+00    1.1017199e+05  5.5324470e+02
   1.000e+01    1.2290901e+05  6.1777328e+02
   1.100e+01    1.3888753e+05  6.9218131e+02
   1.200e+01    1.5452842e+05  7.7543142e+02
   1.300e+01    1.7382105e+05  8.6594958e+02
   1.400e+01    1.9304961e+05  9.6222680e+02
   1.500e+01    2.1284731e+05  1.0624733e+03
   1.600e+01    2.3192005e+05  1.1653131e+03
   1.700e+01    2.5250956e+05  1.2691633e+03
   1.800e+01    2.7513572e+05  1.3730168e+03
   1.900e+01    2.9328018e+05  1.4756516e+03
   2.000e+01    3.1488974e+05  1.5764648e+03
   2.100e+01    3.3603674e+05  1.6745980e+03
   2.200e+01    3.5757133e+05  1.7697902e+03
   2.300e+01    3.7585948e+05  1.8614815e+03
   2.400e+01    3.9028545e+05  1.9496607e+03
   2.500e+01    4.0669811e+05  2.0339862e+03
   2.600e+01    4.2355335e+05  2.1146102e+03
   2.700e+01    4.3726202e+05  2.1913389e+03
   2.800e+01    4.5216835e+05  2.2644200e+03
   2.900e+01    4.6662390e+05  2.3337533e+03
   3.000e+01    4.8140713e+05  2.3996347e+03
   3.100e+01    4.8893409e+05  2.4620194e+03
   3.200e+01    5.0572053e+05  2.5212198e+03
   3.300e+01    5.1989515e+05  2.5772221e+03
   3.400e+01    5.2821246e+05  2.6303357e+03
   3.500e+01    5.3511160e+05  2.6805617e+03
   3.600e+01    5.5019376e+05  2.7281955e+03
   3.700e+01    5.5541332e+05  2.7732441e+03
   3.800e+01    5.6196399e+05  2.8159830e+03
   3.900e+01    5.6715303e+05  2.8564192e+03
   4.000e+01    5.7610311e+05  2.8948066e+03
   2.900e+01    4.6383110e+05  2.3337533e+03
   3.600e+01    5.4315590e+05  2.7281955e+03
   1.800e+01    2.7649322e+05  1.3730168e+03
