#   ncyc_cp         Intensity      Esd(Int.)
   0.000e+00    9.9918898e+05  5.0000000e+03
   1.000e+00    2.0515257e+05  1.0206090e+03
   2.000e+00    2.0466507e+05  1.0258078e+03
   3.000e+00    2.1123108e+05  1.0598243e+03
   4.000e+00    2.0810832e+05  1.0369470e+03
   5.000e+00    2.1138321e+05  1.0584332e+03
   6.000e+00    2.1079988e+05  1.0569378e+03
   7.000e+00    2.0856932e+05  1.0550538e+03
   8.000e+00    2.1612352e+05  1.0862995e+03
   9.000e+00    2.3353841e+05  1.1545230e+03
   1.000e+01    2.5052379e+05  1.2516770e+03
   1.100e+01    2.7372405e+05  1.3681824e+03
   1.200e+01    2.9782676e+05  1.4958361e+03
   1.300e+01    3.2568034e+05  1.6282938e+03
   1.400e+01    3.5182672e+05  1.7609220e+03
   1.500e+01    3.7934563e+05  1.8905035e+03
   1.600e+01    4.0421310e+05  2.0149303e+03
   1.700e+01    4.2466701e+05  2.1329289e+03
   1.800e+01    4.4643529e+05  2.2438309e+03
   1.900e+01    4.6800051e+05  2.3473930e+03
   2.000e+01    4.9086085e+05  2.4436596e+03
   2.100e+01    5.0493284e+05  2.5328617e+03
   2.200e+01    5.2388256e+05  2.6153446e+03
   2.300e+01    5.4112601e+05  2.6915164e+03
   2.400e+01    5.4875986e+05  2.7618135e+03
   2.500e+01    5.6092365e+05  2.8266768e+03
   2.600e+01    5.7426857e+05  2.8865372e+03
   2.700e+01    5.8633659e+05  2.9418062e+03
   2.800e+01    6.0289377e+05  2.9928703e+03
   2.900e+01    6.0551917e+05  3.0400888e+03
   3.000e+01    6.1765259e+05  3.0837933e+03
   3.100e+01    6.2659716e+05  3.1242875e+03
   3.200e+01    6.3445688e+05  3.1618488e+03
   3.300e+01    6.3525102e+05  3.1967298e+03
   3.400e+01    6.4596861e+05  3.2291599e+03
   3.500e+01    6.4865114e+05  3.2593475e+03
   3.600e+01    6.5315735e+05  3.2874814e+03
   3.700e+01    6.5802234e+05  3.3137327e+03
   3.800e+01    6.6562266e+05  3.3382565e+03
   3.900e+01    6.7108957e+05  3.3611936e+03
   4.000e+01    6.8281522e+05  3.3826714e+03
   1.500e+01    3.8081192e+05  1.8905035e+03
   2.000e+00    2.0306972e+05  1.0258078e+03
   1.100e+01    2.7308733e+05  1.3681824e+03
