#   ncyc_cp         Intensity      Esd(Int.)
   0.000e+00    1.0007722e+06  5.0000000e+03
   1.000e+00    1.4869234e+05  7.4287053e+02
   2.000e+00    1.5805023e+05  7.8726791e+02
   3.000e+00    1.6779067e+05  8.4040171e+02
   4.000e+00    1.8192442e+05  9.0867940e+02
   5.000e+00    1.9824574e+05  9.8242056e+02
   6.000e+00    2.1588529e+05  1.0831904e+03
   7.000e+00    2.4319922e+05  1.2147109e+03
   8.000e+00    2.7365541e+05  1.3684491e+03
   9.000e+00    3.0916363e+05  1.5337775e+03
   1.000e+01    3.3786294e+05  1.7019541e+03
   1.100e+01    3.7211858e+05  1.8664759e+03
   1.200e+01    4.0542088e+05  2.0233760e+03
   1.300e+01    4.3561365e+05  2.1701433e+03
   1.400e+01    4.6385563e+05  2.3058543e+03
   1.500e+01    4.8453734e+05  2.4301141e+03
   1.600e+01    5.1283539e+05  2.5433776e+03
   1.700e+01    5.2702393e+05  2.6461079e+03
   1.800e+01    5.4583579e+05  2.7392163e+03
   1.900e+01    5.6246507e+05  2.8234028e+03
   2.000e+01    5.7841735e+05  2.8996242e+03
   2.100e+01    5.9324539e+05  2.9685616e+03
   2.200e+01    6.0551003e+05  3.0310665e+03
   2.300e+01    6.2083454e+05  3.0877172e+03
   2.400e+01    6.2693354e+05  3.1392230e+03
   2.500e+01    6.4443373e+05  3.1860463e+03
   2.600e+01    6.4085173e+05  3.2287617e+03
   2.700e+01    6.5946928e+05  3.2677279e+03
   2.800e+01    6.6026067e+05  3.3034054e+03
   2.900e+01    6.6989722e+05  3.3360688e+03
   3.000e+01    6.6264416e+05  3.3660860e+03
   3.100e+01    6.8357823e+05  3.3936657e+03
   3.200e+01    6.8167067e+05  3.4191031e+03
   3.300e+01    6.8942154e+05  3.4425559e+03
   3.400e+01    6.9498836e+05  3.4642626e+03
   3.500e+01    6.9877987e+05  3.4843420e+03
   3.600e+01    6.9871786e+05  3.5029883e+03
   3.700e+01    7.0747790e+05  3.5202908e+03
   3.800e+01    7.0360993e+05  3.5364088e+03
   3.900e+01    7.1093658e+05  3.5514095e+03
   4.000e+01    7.1417926e+05  3.5654245e+03
   2.700e+01    6.5891665e+05  3.2677279e+03
   1.600e+01    5.1092843e+05  2.5433776e+03
   1.400e+01    4.6022409e+05  2.3058543e+03
