#   ncyc_cp         Intensity      Esd(Int.)
   0.000e+00    9.9682272e+05  5.0000000e+03
   1.000e+00    6.9329466e+04  3.4609979e+02
   2.000e+00    7.4223926e+04  3.7348908e+02
   3.000e+00    8.0358238e+04  4.0170771e+02
   4.000e+00    8.7760304e+04  4.3532872e+02
   5.000e+00    9.5233153e+04  4.7409770e+02
   6.000e+00    1.0363354e+05  5.1576311e+02
   7.000e+00    1.1235134e+05  5.6445318e+02
   8.000e+00    1.2518289e+05  6.2452611e+02
   9.000e+00    1.3869148e+05  6.9765038e+02
   1.000e+01    1.5643085e+05  7.8328677e+02
   1.100e+01    1.7594503e+05  8.7959510e+02
   1.200e+01    1.9823844e+05  9.8434981e+02
   1.300e+01    2.2017184e+05  1.0949942e+03
   1.400e+01    2.4129495e+05  1.2093550e+03
   1.500e+01    2.6606317e+05  1.3251923e+03
   1.600e+01    2.8978610e+05  1.4409322e+03
   1.700e+01    3.1132764e+05  1.5549499e+03
   1.800e+01    3.3336262e+05  1.6663359e+03
   1.900e+01    3.5281594e+05  1.7740562e+03
   2.000e+01    3.7320575e+05  1.8777366e+03
   2.100e+01    3.9586163e+05  1.9767941e+03
   2.200e+01    4.1550389e+05  2.0712185e+03
   2.300e+01    4.2941732e+05  2.1607285e+03
   2.400e+01    4.5103997e+05  2.2455316e+03
   2.500e+01    4.6924737e+05  2.3255298e+03
   2.600e+01    4.8303502e+05  2.4010436e+03
   2.700e+01    4.9333508e+05  2.4720764e+03
   2.800e+01    5.1154277e+05  2.5389944e+03
   2.900e+01    5.1991619e+05  2.6018506e+03
   3.000e+01    5.3100047e+05  2.6610168e+03
   3.100e+01    5.4585736e+05  2.7165649e+03
   3.200e+01    5.5327775e+05  2.7688505e+03
   3.300e+01    5.6231112e+05  2.8179476e+03
   3.400e+01    5.7659019e+05  2.8641850e+03
   3.500e+01    5.8108725e+05  2.9076299e+03
   3.600e+01    5.8960023e+05  2.9485806e+03
   3.700e+01    6.0128941e+05  2.9870939e+03
   3.800e+01    6.0416105e+05  3.0234370e+03
   3.900e+01    6.1422806e+05  3.0576554e+03
   4.000e+01    6.1818129e+05  3.0899871e+03
   3.900e+01    6.1028791e+05  3.0576554e+03
   3.500e+01    5.7998117e+05  2.9076299e+03
   3.000e+01    5.3427399e+05  2.6610168e+03
