#   ncyc_cp         Intensity      Esd(Int.)
   0.000e+00    9.9374639e+05  5.0000000e+03
   1.000e+00    1.5945229e+05  7.9886220e+02
   2.000e+00    1.7057424e+05  8.5920390e+02
   3.000e+00    1.8560330e+05  9.3175464e+02
   4.000e+00    2.0328514e+05  1.0164401e+03
   5.000e+00    2.2150904e+05  1.1102339e+03
   6.000e+00    2.4666895e+05  1.2232345e+03
   7.000e+00    2.7208087e+05  1.3567711e+03
   8.000e+00    3.0118789e+05  1.5050871e+03
   9.000e+00    3.3289678e+05  1.6606909e+03
   1.000e+01    3.6381164e+05  1.8171426e+03
   1.100e+01    3.9582578e+05  1.9695043e+03
   1.200e+01    4.2624060e+05  2.1146605e+03
   1.300e+01    4.5122449e+05  2.2506284e+03
   1.400e+01    4.7159481e+05  2.3766261e+03
   1.500e+01    4.9430396e+05  2.4923500e+03
   1.600e+01    5.2202812e+05  2.5981447e+03
   1.700e+01    5.4214944e+05  2.6944272e+03
   1.800e+01    5.5324052e+05  2.7819447e+03
   1.900e+01    5.6798517e+05  2.8613297e+03
   2.000e+01    5.8757130e+05  2.9333885e+03
   2.100e+01    5.9371959e+05  2.9987475e+03
   2.200e+01    6.1378812e+05  3.0581371e+03
   2.300e+01    6.2027147e+05  3.1120990e+03
   2.400e+01    6.2612913e+05  3.1612488e+03
   2.500e+01    6.4227986e+05  3.2060278e+03
   2.600e+01    6.5429957e+05  3.2469384e+03
   2.700e+01    6.5300247e+05  3.2843296e+03
   2.800e+01    6.7184663e+05  3.3186059e+03
   2.900e+01    6.6923911e+05  3.3500390e+03
   3.000e+01    6.7783549e+05  3.3789534e+03
   3.100e+01    6.8002751e+05  3.4055593e+03
   3.200e+01    6.8726582e+05  3.4301172e+03
   3.300e+01    6.9120497e+05  3.4527895e+03
   3.400e+01    6.9231293e+05  3.4737860e+03
   3.500e+01    6.9507526e+05  3.4932322e+03
   3.600e+01    7.0301091e+05  3.5112983e+03
   3.700e+01    7.0210277e+05  3.5280813e+03
   3.800e+01    7.1256197e+05  3.5437203e+03
   3.900e+01    7.1021305e+05  3.5582901e+03
   4.000e+01    7.1219723e+05  3.5719056e+03
   2.600e+01    6.5110254e+05  3.2469384e+03
   3.400e+01    6.9268421e+05  3.4737860e+03
   3.100e+01    6.7285576e+05  3.4055593e+03
