#   ncyc_cp         Intensity      Esd(Int.)
   0.000e+00    1.0050404e+06  5.0000000e+03
   1.000e+00    6.0424299e+05  3.0305074e+03
   2.000e+00    6.1814865e+05  3.0947856e+03
   3.000e+00    6.3332874e+05  3.1591356e+03
   4.000e+00    6.4538214e+05  3.2218641e+03
   5.000e+00    6.5763542e+05  3.2826150e+03
   6.000e+00    6.6729041e+05  3.3406531e+03
   7.000e+00    6.7952203e+05  3.3949315e+03
   8.000e+00    6.8545522e+05  3.4446372e+03
   9.000e+00    6.9354092e+05  3.4893820e+03
   1.000e+01    7.0756656e+05  3.5291673e+03
   1.100e+01    7.1304088e+05  3.5642506e+03
   1.200e+01    7.2535551e+05  3.5950376e+03
   1.300e+01    7.2497011e+05  3.6219870e+03
   1.400e+01    7.2995459e+05  3.6455647e+03
   1.500e+01    7.2999385e+05  3.6662055e+03
   1.600e+01    7.5065173e+05  3.6843058e+03
   1.700e+01    7.4122605e+05  3.7002128e+03
   1.800e+01    7.4296319e+05  3.7142305e+03
   1.900e+01    7.4283402e+05  3.7266184e+03
   2.000e+01    7.4176546e+05  3.7376003e+03
   2.100e+01    7.4921580e+05  3.7473656e+03
   2.200e+01    7.5157367e+05  3.7560769e+03
   2.300e+01    7.5852012e+05  3.7638716e+03
   2.400e+01    7.5206276e+05  3.7708679e+03
   2.500e+01    7.5536367e+05  3.7771657e+03
   2.600e+01    7.5574073e+05  3.7828517e+03
   2.700e+01    7.5573830e+05  3.7879990e+03
   2.800e+01    7.5563144e+05  3.7926717e+03
   2.900e+01    7.6242345e+05  3.7969241e+03
   3.000e+01    7.6455234e+05  3.8008039e+03
   3.100e+01    7.5703058e+05  3.8043519e+03
   3.200e+01    7.5656543e+05  3.8076042e+03
   3.300e+01    7.5652866e+05  3.8105917e+03
   3.400e+01    7.6592921e+05  3.8133420e+03
   3.500e+01    7.6173674e+05  3.8158787e+03
   3.600e+01    7.6821637e+05  3.8182233e+03
   3.700e+01    7.6148020e+05  3.8203940e+03
   3.800e+01    7.6273648e+05  3.8224075e+03
   3.900e+01    7.6425300e+05  3.8242783e+03
   4.000e+01    7.6554781e+05  3.8260194e+03
   2.300e+01    7.5299206e+05  3.7638716e+03
   2.800e+01    7.5992883e+05  3.7926717e+03
   8.000e+00    6.9083775e+05  3.4446372e+03
