#   ncyc_cp         Intensity      Esd(Int.)
   0.000e+00    1.0003395e+06  5.0000000e+03
   1.000e+00    1.6251535e+05  8.1192485e+02
   3.000e+00    1.7335325e+05  8.7067927e+02
   5.000e+00    1.8650626e+05  9.3366258e+02
   7.000e+00    2.0058631e+05  1.0027677e+03
   9.000e+00    2.1543726e+05  1.0785339e+03
   1.100e+01    2.3158977e+05  1.1634886e+03
   1.300e+01    2.5195103e+05  1.2608715e+03
   1.500e+01    2.7414857e+05  1.3707420e+03
   1.700e+01    2.9921112e+05  1.4904342e+03
   1.900e+01    3.2244777e+05  1.6161890e+03
   2.100e+01    3.4733427e+05  1.7442754e+03
   2.300e+01    3.7238517e+05  1.8715210e+03
   2.500e+01    4.0274073e+05  1.9954827e+03
   2.700e+01    4.1844054e+05  2.1144295e+03
   2.900e+01    4.4559829e+05  2.2272443e+03
   3.100e+01    4.6557953e+05  2.3333002e+03
   3.300e+01    4.8188357e+05  2.4323405e+03
   3.500e+01    5.0784262e+05  2.5243742e+03
   3.700e+01    5.2313474e+05  2.6095925e+03
   3.900e+01    5.3664887e+05  2.6883038e+03
   4.100e+01    5.5330035e+05  2.7608853e+03
   4.300e+01    5.6478948e+05  2.8277493e+03
   4.500e+01    5.7888423e+05  2.8893185e+03
   4.700e+01    5.8671914e+05  2.9460102e+03
   4.900e+01    5.9925434e+05  2.9982258e+03
   5.100e+01    6.0863478e+05  3.0463448e+03
   5.300e+01    6.2015657e+05  3.0907210e+03
   5.500e+01    6.2266709e+05  3.1316820e+03
   5.700e+01    6.3118571e+05  3.1695282e+03
   5.900e+01    6.3969959e+05  3.2045344e+03
   6.100e+01    6.4745210e+05  3.2369507e+03
   6.300e+01    6.4834628e+05  3.2670042e+03
   6.500e+01    6.6248493e+05  3.2949009e+03
   6.700e+01    6.6606530e+05  3.3208273e+03
   6.900e+01    6.7456045e+05  3.3449523e+03
   7.100e+01    6.7205919e+05  3.3674287e+03
   7.300e+01    6.7779386e+05  3.3883946e+03
   7.500e+01    6.8318204e+05  3.4079753e+03
   7.700e+01    6.8651478e+05  3.4262840e+03
   7.900e+01    6.8129930e+05  3.4434234e+03
   2.300e+01    3.7621436e+05  1.8715210e+03
   7.700e+01    6.8051310e+05  3.4262840e+03
   3.300e+01    4.8977283e+05  2.4323405e+03
