#   ncyc_cp         Intensity      Esd(Int.)
   0.000e+00    9.9991906e+05  5.0000000e+03
   1.000e+00    2.5291602e+05  1.2620497e+03
   3.000e+00    2.5652640e+05  1.2784221e+03
   5.000e+00    2.5824725e+05  1.2980690e+03
   7.000e+00    2.5704846e+05  1.2887578e+03
   9.000e+00    2.5999164e+05  1.3043555e+03
   1.100e+01    2.6040198e+05  1.3112784e+03
   1.300e+01    2.6227826e+05  1.3088556e+03
   1.500e+01    2.6708695e+05  1.3394969e+03
   1.700e+01    2.8418705e+05  1.4105154e+03
   1.900e+01    3.0308525e+05  1.5122928e+03
   2.100e+01    3.2592906e+05  1.6330661e+03
   2.300e+01    3.5235211e+05  1.7631854e+03
   2.500e+01    3.7827017e+05  1.8956624e+03
   2.700e+01    4.1047034e+05  2.0257873e+03
   2.900e+01    4.2961625e+05  2.1505921e+03
   3.100e+01    4.5164760e+05  2.2683667e+03
   3.300e+01    4.7482070e+05  2.3782721e+03
   3.500e+01    4.9465684e+05  2.4800499e+03
   3.700e+01    5.1257887e+05  2.5738133e+03
   3.900e+01    5.3365824e+05  2.6599007e+03
   4.100e+01    5.4857813e+05  2.7387761e+03
   4.300e+01    5.6276439e+05  2.8109636e+03
   4.500e+01    5.7815250e+05  2.8770043e+03
   4.700e+01    5.9055609e+05  2.9374303e+03
   4.900e+01    5.9732637e+05  2.9927487e+03
   5.100e+01    6.1223076e+05  3.0434334e+03
   5.300e+01    6.1925559e+05  3.0899210e+03
   5.500e+01    6.2621196e+05  3.1326103e+03
   5.700e+01    6.3575466e+05  3.1718631e+03
   5.900e+01    6.4174895e+05  3.2080059e+03
   6.100e+01    6.4439540e+05  3.2413328e+03
   6.300e+01    6.5379662e+05  3.2721080e+03
   6.500e+01    6.5446814e+05  3.3005685e+03
   6.700e+01    6.6716167e+05  3.3269271e+03
   6.900e+01    6.6651028e+05  3.3513746e+03
   7.100e+01    6.7519995e+05  3.3740822e+03
   7.300e+01    6.7959229e+05  3.3952035e+03
   7.500e+01    6.7967325e+05  3.4148768e+03
   7.700e+01    6.9022025e+05  3.4332261e+03
   7.900e+01    6.8818365e+05  3.4503634e+03
   2.900e+01    4.3058405e+05  2.1505921e+03
   5.900e+01    6.3904494e+05  3.2080059e+03
   1.000e+00    2.5352404e+05  1.2620497e+03
