#   ncyc_cp         Intensity      Esd(Int.)
   0.000e+00    9.9460010e+05  5.0000000e+03
   1.000e+00    1.8996954e+05  9.5401848e+02
   2.000e+00    2.0218012e+05  1.0107817e+03
   3.000e+00    2.1444974e+05  1.0736506e+03
   4.000e+00    2.2989059e+05  1.1451612e+03
   5.000e+00    2.4888805e+05  1.2397424e+03
   6.000e+00    2.7593865e+05  1.3703635e+03
   7.000e+00    3.0606613e+05  1.5291388e+03
   8.000e+00    3.4150548e+05  1.7023477e+03
   9.000e+00    3.7586680e+05  1.8782740e+03
   1.000e+01    4.1064946e+05  2.0488543e+03
   1.100e+01    4.4315031e+05  2.2092801e+03
   1.200e+01    4.7333644e+05  2.3571437e+03
   1.300e+01    4.9714591e+05  2.4916379e+03
   1.400e+01    5.2368242e+05  2.6129389e+03
   1.500e+01    5.4470874e+05  2.7217765e+03
   1.600e+01    5.6593851e+05  2.8191530e+03
   1.700e+01    5.8318987e+05  2.9061694e+03
   1.800e+01    5.9667717e+05  2.9839232e+03
   1.900e+01    6.1062193e+05  3.0534527e+03
   2.000e+01    6.2128341e+05  3.1157098e+03
   2.100e+01    6.3494100e+05  3.1715507e+03
   2.200e+01    6.3917114e+05  3.2217355e+03
   2.300e+01    6.5910160e+05  3.2669338e+03
   2.400e+01    6.6275943e+05  3.3077325e+03
   2.500e+01    6.6658547e+05  3.3446441e+03
   2.600e+01    6.7534239e+05  3.3781163e+03
   2.700e+01    6.8481779e+05  3.4085392e+03
   2.800e+01    6.8920754e+05  3.4362531e+03
   2.900e+01    6.9462338e+05  3.4615556e+03
   3.000e+01    6.9418559e+05  3.4847064e+03
   3.100e+01    7.0675329e+05  3.5059333e+03
   3.200e+01    7.0645676e+05  3.5254360e+03
   3.300e+01    7.0472519e+05  3.5433901e+03
   3.400e+01    7.1171256e+05  3.5599502e+03
   3.500e+01    7.1414483e+05  3.5752530e+03
   3.600e+01    7.1923018e+05  3.5894191e+03
   3.700e+01    7.1995342e+05  3.6025556e+03
   3.800e+01    7.2121337e+05  3.6147576e+03
   3.900e+01    7.2258538e+05  3.6261099e+03
   4.000e+01    7.2613481e+05  3.6366878e+03
   7.000e+00    3.0526543e+05  1.5291388e+03
   2.300e+01    6.5258701e+05  3.2669338e+03
   6.000e+00    2.7294674e+05  1.3703635e+03
