#   ncyc_cp         Intensity      Esd(Int.)
   0.000e+00    9.9535985e+05  5.0000000e+03
   1.000e+00    3.5174034e+05  1.7699159e+03
   2.000e+00    3.5529475e+05  1.7782758e+03
   3.000e+00    3.5893221e+05  1.8104253e+03
   4.000e+00    3.7850284e+05  1.9053309e+03
   5.000e+00    4.2197565e+05  2.1049630e+03
   6.000e+00    4.7126284e+05  2.3380094e+03
   7.000e+00    5.1223044e+05  2.5588616e+03
   8.000e+00    5.4567814e+05  2.7511895e+03
   9.000e+00    5.7953744e+05  2.9126977e+03
   1.000e+01    6.0981153e+05  3.0463752e+03
   1.100e+01    6.3086846e+05  3.1566120e+03
   1.200e+01    6.5734270e+05  3.2476890e+03
   1.300e+01    6.7095489e+05  3.3232920e+03
   1.400e+01    6.7627499e+05  3.3864352e+03
   1.500e+01    6.9514650e+05  3.4395271e+03
   1.600e+01    6.9357317e+05  3.4844753e+03
   1.700e+01    7.0120735e+05  3.5227871e+03
   1.800e+01    7.1625074e+05  3.5556561e+03
   1.900e+01    7.1304799e+05  3.5840318e+03
   2.000e+01    7.1971315e+05  3.6086729e+03
   2.100e+01    7.3188881e+05  3.6301902e+03
   2.200e+01    7.2831268e+05  3.6490779e+03
   2.300e+01    7.3818665e+05  3.6657388e+03
   2.400e+01    7.3875075e+05  3.6805031e+03
   2.500e+01    7.3718803e+05  3.6936432e+03
   2.600e+01    7.4350898e+05  3.7053852e+03
   2.700e+01    7.4743609e+05  3.7159179e+03
   2.800e+01    7.4822182e+05  3.7253997e+03
   2.900e+01    7.4366842e+05  3.7339642e+03
   3.000e+01    7.5194183e+05  3.7417249e+03
   3.100e+01    7.4095431e+05  3.7487782e+03
   3.200e+01    7.4988229e+05  3.7552067e+03
   3.300e+01    7.5240028e+05  3.7610816e+03
   3.400e+01    7.5686492e+05  3.7664642e+03
   3.500e+01    7.5949712e+05  3.7714076e+03
   3.600e+01    7.5004885e+05  3.7759580e+03
   3.700e+01    7.5388204e+05  3.7801558e+03
   3.800e+01    7.5629046e+05  3.7840363e+03
   3.900e+01    7.5566827e+05  3.7876305e+03
   4.000e+01    7.5957085e+05  3.7909658e+03
   2.200e+01    7.3214063e+05  3.6490779e+03
   4.000e+00    3.8235451e+05  1.9053309e+03
   2.000e+01    7.2044464e+05  3.6086729e+03
