#   ncyc_cp         Intensity      Esd(Int.)
   0.000e+00    9.9877784e+05  5.0000000e+03
   1.000e+00    2.0809677e+05  1.0417082e+03
   3.000e+00    2.1113448e+05  1.0633928e+03
   5.000e+00    2.1957191e+05  1.0915506e+03
   7.000e+00    2.2050154e+05  1.0993925e+03
   9.000e+00    2.2562115e+05  1.1270804e+03
   1.100e+01    2.2725675e+05  1.1386642e+03
   1.300e+01    2.3185527e+05  1.1676974e+03
   1.500e+01    2.4916585e+05  1.2355583e+03
   1.700e+01    2.6798706e+05  1.3380648e+03
   1.900e+01    2.8959292e+05  1.4638768e+03
   2.100e+01    3.2099549e+05  1.6023466e+03
   2.300e+01    3.4683927e+05  1.7452919e+03
   2.500e+01    3.7784071e+05  1.8869730e+03
   2.700e+01    3.9959033e+05  2.0236435e+03
   2.900e+01    4.2938274e+05  2.1530560e+03
   3.100e+01    4.5216716e+05  2.2740309e+03
   3.300e+01    4.7853814e+05  2.3861174e+03
   3.500e+01    4.9967279e+05  2.4893400e+03
   3.700e+01    5.1547634e+05  2.5840174e+03
   3.900e+01    5.3735673e+05  2.6706372e+03
   4.100e+01    5.5141221e+05  2.7497722e+03
   4.300e+01    5.6801312e+05  2.8220251e+03
   4.500e+01    5.7383315e+05  2.8879947e+03
   4.700e+01    5.8803575e+05  2.9482547e+03
   4.900e+01    5.9522629e+05  3.0033427e+03
   5.100e+01    6.0923850e+05  3.0537548e+03
   5.300e+01    6.2143811e+05  3.0999438e+03
   5.500e+01    6.2963157e+05  3.1423202e+03
   5.700e+01    6.3941955e+05  3.1812540e+03
   5.900e+01    6.4663025e+05  3.2170780e+03
   6.100e+01    6.4798194e+05  3.2500902e+03
   6.300e+01    6.5731914e+05  3.2805580e+03
   6.500e+01    6.6297572e+05  3.3087204e+03
   6.700e+01    6.7197961e+05  3.3347913e+03
   6.900e+01    6.7060361e+05  3.3589623e+03
   7.100e+01    6.7282083e+05  3.3814050e+03
   7.300e+01    6.7924416e+05  3.4022731e+03
   7.500e+01    6.8140967e+05  3.4217047e+03
   7.700e+01    6.8806974e+05  3.4398237e+03
   7.900e+01    6.9223329e+05  3.4567416e+03
   9.000e+00    2.2821370e+05  1.1270804e+03
   7.700e+01    6.8732822e+05  3.4398237e+03
   1.900e+01    2.9322212e+05  1.4638768e+03
