#   ncyc_cp         Intensity      Esd(Int.)
   0.000e+00    1.0050090e+06  5.0000000e+03
   1.000e+00    6.7156214e+04  3.3540901e+02
   2.000e+00    7.1817117e+04  3.5710789e+02
   3.000e+00    7.5587817e+04  3.8008270e+02
   4.000e+00    8.0810574e+04  4.0419221e+02
   5.000e+00    8.5673093e+04  4.3124096e+02
   6.000e+00    9.2011309e+04  4.6103781e+02
   7.000e+00    9.8451720e+04  4.9275496e+02
   8.000e+00    1.0593595e+05  5.2720726e+02
   9.000e+00    1.1335213e+05  5.6623185e+02
   1.000e+01    1.2333886e+05  6.1134905e+02
   1.100e+01    1.3155821e+05  6.6335286e+02
   1.200e+01    1.4524633e+05  7.2234746e+02
   1.300e+01    1.5659983e+05  7.8788641e+02
   1.400e+01    1.7190511e+05  8.5930022e+02
   1.500e+01    1.8716017e+05  9.3560798e+02
   1.600e+01    2.0156939e+05  1.0159303e+03
   1.700e+01    2.1934678e+05  1.0991634e+03
   1.800e+01    2.3752597e+05  1.1844940e+03
   1.900e+01    2.5411773e+05  1.2709006e+03
   2.000e+01    2.6971985e+05  1.3577540e+03
   2.100e+01    2.8770125e+05  1.4442038e+03
   2.200e+01    3.0597241e+05  1.5298353e+03
   2.300e+01    3.2112365e+05  1.6139886e+03
   2.400e+01    3.3727790e+05  1.6964460e+03
   2.500e+01    3.5524061e+05  1.7767210e+03
   2.600e+01    3.7111476e+05  1.8547544e+03
   2.700e+01    3.8380253e+05  1.9302012e+03
   2.800e+01    4.0008936e+05  2.0031186e+03
   2.900e+01    4.1592182e+05  2.0732687e+03
   3.000e+01    4.2790638e+05  2.1407879e+03
   3.100e+01    4.4162013e+05  2.2055152e+03
   3.200e+01    4.5303578e+05  2.2676359e+03
   3.300e+01    4.6724177e+05  2.3270426e+03
   3.400e+01    4.7843175e+05  2.3839469e+03
   3.500e+01    4.8812544e+05  2.4382769e+03
   3.600e+01    5.0206385e+05  2.4902552e+03
   3.700e+01    5.0516899e+05  2.5398327e+03
   3.800e+01    5.1852784e+05  2.5872323e+03
   3.900e+01    5.2824332e+05  2.6324189e+03
   4.000e+01    5.3541568e+05  2.6756093e+03
   2.000e+01    2.7151028e+05  1.3577540e+03
   2.200e+01    3.0590337e+05  1.5298353e+03
   3.500e+01    4.8449690e+05  2.4382769e+03
