#   ncyc_cp         Intensity      Esd(Int.)
   0.000e+00    9.9979650e+05  5.0000000e+03
   1.000e+00    3.6027056e+05  1.7874029e+03
   2.000e+00    3.6103476e+05  1.8111873e+03
   3.000e+00    3.5821825e+05  1.7961222e+03
   4.000e+00    3.6524142e+05  1.8228018e+03
   5.000e+00    3.7423485e+05  1.8558708e+03
   6.000e+00    3.9262753e+05  1.9608814e+03
   7.000e+00    4.2313087e+05  2.1162672e+03
   8.000e+00    4.5604002e+05  2.2876478e+03
   9.000e+00    4.9372784e+05  2.4560774e+03
   1.000e+01    5.2039133e+05  2.6113446e+03
   1.100e+01    5.4927808e+05  2.7501954e+03
   1.200e+01    5.7355126e+05  2.8722290e+03
   1.300e+01    5.9893812e+05  2.9785082e+03
   1.400e+01    6.1145151e+05  3.0708496e+03
   1.500e+01    6.2743217e+05  3.1508972e+03
   1.600e+01    6.4466256e+05  3.2205291e+03
   1.700e+01    6.5625298e+05  3.2810951e+03
   1.800e+01    6.6177656e+05  3.3340891e+03
   1.900e+01    6.7299166e+05  3.3804752e+03
   2.000e+01    6.8196626e+05  3.4213634e+03
   2.100e+01    6.9150948e+05  3.4574105e+03
   2.200e+01    6.9483496e+05  3.4894294e+03
   2.300e+01    7.1039913e+05  3.5178597e+03
   2.400e+01    7.0950752e+05  3.5433001e+03
   2.500e+01    7.1741030e+05  3.5660426e+03
   2.600e+01    7.1837574e+05  3.5865340e+03
   2.700e+01    7.2175771e+05  3.6049674e+03
   2.800e+01    7.2688301e+05  3.6216819e+03
   2.900e+01    7.2599693e+05  3.6368040e+03
   3.000e+01    7.2338047e+05  3.6505957e+03
   3.100e+01    7.3412807e+05  3.6631387e+03
   3.200e+01    7.3206847e+05  3.6746388e+03
   3.300e+01    7.4176205e+05  3.6851473e+03
   3.400e+01    7.3550994e+05  3.6948287e+03
   3.500e+01    7.4119992e+05  3.7037134e+03
   3.600e+01    7.4238768e+05  3.7119350e+03
   3.700e+01    7.4168083e+05  3.7195095e+03
   3.800e+01    7.4377667e+05  3.7265472e+03
   3.900e+01    7.4584678e+05  3.7330541e+03
   4.000e+01    7.4838849e+05  3.7391222e+03
   7.000e+00    4.2374029e+05  2.1162672e+03
   3.000e+00    3.5926371e+05  1.7961222e+03
   1.900e+01    6.7596563e+05  3.3804752e+03
