#   ncyc_cp         Intensity      Esd(Int.)
   0.000e+00    9.9984785e+05  5.0000000e+03
   1.000e+00    5.9322381e+05  2.9626616e+03
   3.000e+00    6.0178266e+05  2.9998031e+03
   5.000e+00    6.0719778e+05  3.0375258e+03
   7.000e+00    6.1197062e+05  3.0757270e+03
   9.000e+00    6.2254500e+05  3.1142956e+03
   1.100e+01    6.3313399e+05  3.1531203e+03
   1.300e+01    6.4245438e+05  3.1920142e+03
   1.500e+01    6.4692240e+05  3.2306415e+03
   1.700e+01    6.5407715e+05  3.2685646e+03
   1.900e+01    6.6791830e+05  3.3053367e+03
   2.100e+01    6.6319011e+05  3.3405737e+03
   2.300e+01    6.7951578e+05  3.3739888e+03
   2.500e+01    6.7635345e+05  3.4053995e+03
   2.700e+01    6.8722231e+05  3.4347167e+03
   2.900e+01    6.8931464e+05  3.4619272e+03
   3.100e+01    6.9124779e+05  3.4870746e+03
   3.300e+01    6.9996175e+05  3.5102421e+03
   3.500e+01    7.0661882e+05  3.5315382e+03
   3.700e+01    7.0766539e+05  3.5510853e+03
   3.900e+01    7.1631963e+05  3.5690121e+03
   4.100e+01    7.1788796e+05  3.5854472e+03
   4.300e+01    7.2051168e+05  3.6005158e+03
   4.500e+01    7.2753191e+05  3.6143368e+03
   4.700e+01    7.3167655e+05  3.6270215e+03
   4.900e+01    7.2990557e+05  3.6386729e+03
   5.100e+01    7.3205554e+05  3.6493857e+03
   5.300e+01    7.2940911e+05  3.6592464e+03
   5.500e+01    7.3541872e+05  3.6683335e+03
   5.700e+01    7.3479959e+05  3.6767181e+03
   5.900e+01    7.3493760e+05  3.6844644e+03
   6.100e+01    7.3562194e+05  3.6916304e+03
   6.300e+01    7.4194505e+05  3.6982685e+03
   6.500e+01    7.4226249e+05  3.7044256e+03
   6.700e+01    7.4750614e+05  3.7101442e+03
   6.900e+01    7.3649656e+05  3.7154626e+03
   7.100e+01    7.4977787e+05  3.7204152e+03
   7.300e+01    7.5017029e+05  3.7250331e+03
   7.500e+01    7.4137521e+05  3.7293443e+03
   7.700e+01    7.4720467e+05  3.7333743e+03
   7.900e+01    7.4532566e+05  3.7371458e+03
   2.900e+01    6.8784697e+05  3.4619272e+03
   5.000e+00    6.0566819e+05  3.0375258e+03
   2.700e+01    6.8305952e+05  3.4347167e+03
