#   ncyc_cp         Intensity      Esd(Int.)
   0.000e+00    1.0040821e+06  5.0000000e+03
   1.000e+00    5.6819686e+05  2.8365469e+03
   2.000e+00    5.8822376e+05  2.9466317e+03
   3.000e+00    6.1213202e+05  3.0532255e+03
   4.000e+00    6.2847655e+05  3.1546987e+03
   5.000e+00    6.4915242e+05  3.2498806e+03
   6.000e+00    6.7301726e+05  3.3357180e+03
   7.000e+00    6.8154393e+05  3.4104528e+03
   8.000e+00    6.9319145e+05  3.4740383e+03
   9.000e+00    7.1029775e+05  3.5274478e+03
   1.000e+01    7.1531431e+05  3.5720678e+03
   1.100e+01    7.1942688e+05  3.6093145e+03
   1.200e+01    7.2999939e+05  3.6404782e+03
   1.300e+01    7.3172606e+05  3.6666550e+03
   1.400e+01    7.3327924e+05  3.6887555e+03
   1.500e+01    7.4613173e+05  3.7075164e+03
   1.600e+01    7.4641427e+05  3.7235356e+03
   1.700e+01    7.5083912e+05  3.7372909e+03
   1.800e+01    7.4681111e+05  3.7491704e+03
   1.900e+01    7.5334592e+05  3.7594844e+03
   2.000e+01    7.5144856e+05  3.7684872e+03
   2.100e+01    7.5078256e+05  3.7763834e+03
   2.200e+01    7.5814338e+05  3.7833427e+03
   2.300e+01    7.5881601e+05  3.7895027e+03
   2.400e+01    7.5272704e+05  3.7949791e+03
   2.500e+01    7.6304057e+05  3.7998663e+03
   2.600e+01    7.5505637e+05  3.8042448e+03
   2.700e+01    7.5620563e+05  3.8081809e+03
   2.800e+01    7.5941813e+05  3.8117318e+03
   2.900e+01    7.7484310e+05  3.8149447e+03
   3.000e+01    7.6431700e+05  3.8178611e+03
   3.100e+01    7.6219387e+05  3.8205155e+03
   3.200e+01    7.6643095e+05  3.8229382e+03
   3.300e+01    7.6532720e+05  3.8251547e+03
   3.400e+01    7.6606612e+05  3.8271880e+03
   3.500e+01    7.7001683e+05  3.8290570e+03
   3.600e+01    7.7438648e+05  3.8307792e+03
   3.700e+01    7.6833503e+05  3.8323691e+03
   3.800e+01    7.5747894e+05  3.8338401e+03
   3.900e+01    7.6741649e+05  3.8352034e+03
   4.000e+01    7.6255549e+05  3.8364694e+03
   1.300e+01    7.3604808e+05  3.6666550e+03
   1.100e+01    7.1764684e+05  3.6093145e+03
   2.900e+01    7.5922581e+05  3.8149447e+03
