#   ncyc_cp         Intensity      Esd(Int.)
   0.000e+00    1.0064313e+06  5.0000000e+03
   1.000e+00    4.1003800e+05  2.0695079e+03
   2.000e+00    4.2768579e+05  2.1479168e+03
   3.000e+00    4.4485163e+05  2.2300837e+03
   4.000e+00    4.6085701e+05  2.3161214e+03
   5.000e+00    4.8106003e+05  2.4064342e+03
   6.000e+00    4.9750454e+05  2.5009270e+03
   7.000e+00    5.1756187e+05  2.5977691e+03
   8.000e+00    5.4231348e+05  2.6942512e+03
   9.000e+00    5.5910563e+05  2.7878251e+03
   1.000e+01    5.7407045e+05  2.8765931e+03
   1.100e+01    5.9648004e+05  2.9593830e+03
   1.200e+01    6.1070901e+05  3.0356354e+03
   1.300e+01    6.2350313e+05  3.1052406e+03
   1.400e+01    6.3158117e+05  3.1683878e+03
   1.500e+01    6.4675969e+05  3.2254460e+03
   1.600e+01    6.5824191e+05  3.2768783e+03
   1.700e+01    6.7047439e+05  3.3231843e+03
   1.800e+01    6.7708790e+05  3.3648635e+03
   1.900e+01    6.7679563e+05  3.4023934e+03
   2.000e+01    6.8690209e+05  3.4362176e+03
   2.100e+01    6.9761865e+05  3.4667406e+03
   2.200e+01    7.0176281e+05  3.4943270e+03
   2.300e+01    7.0245812e+05  3.5193021e+03
   2.400e+01    7.0448316e+05  3.5419545e+03
   2.500e+01    7.0950262e+05  3.5625396e+03
   2.600e+01    7.1165476e+05  3.5812828e+03
   2.700e+01    7.2421548e+05  3.5983826e+03
   2.800e+01    7.2572109e+05  3.6140137e+03
   2.900e+01    7.2386319e+05  3.6283303e+03
   3.000e+01    7.3055033e+05  3.6414681e+03
   3.100e+01    7.2684972e+05  3.6535469e+03
   3.200e+01    7.2881068e+05  3.6646726e+03
   3.300e+01    7.3365562e+05  3.6749387e+03
   3.400e+01    7.3565900e+05  3.6844283e+03
   3.500e+01    7.3314527e+05  3.6932150e+03
   3.600e+01    7.4421428e+05  3.7013643e+03
   3.700e+01    7.4168621e+05  3.7089344e+03
   3.800e+01    7.3949053e+05  3.7159774e+03
   3.900e+01    7.4383123e+05  3.7225399e+03
   4.000e+01    7.4867130e+05  3.7286634e+03
   4.000e+00    4.6423895e+05  2.3161214e+03
   2.000e+01    6.8391254e+05  3.4362176e+03
   3.100e+01    7.3286119e+05  3.6535469e+03
