#   ncyc_cp         Intensity      Esd(Int.)
   0.000e+00    9.9825248e+05  5.0000000e+03
   1.000e+00    3.3160874e+04  1.6621624e+02
   3.000e+00    3.5508531e+04  1.7783273e+02
   5.000e+00    3.8238178e+04  1.9036646e+02
   7.000e+00    4.0351145e+04  2.0342420e+02
   9.000e+00    4.3437831e+04  2.1729879e+02
   1.100e+01    4.6745260e+04  2.3303256e+02
   1.300e+01    4.9988574e+04  2.4901167e+02
   1.500e+01    5.3039478e+04  2.6629121e+02
   1.700e+01    5.7674707e+04  2.8800316e+02
   1.900e+01    6.3150542e+04  3.1676006e+02
   2.100e+01    7.1096162e+04  3.5394711e+02
   2.300e+01    8.0321790e+04  3.9999726e+02
   2.500e+01    9.1104337e+04  4.5473540e+02
   2.700e+01    1.0431254e+05  5.1759496e+02
   2.900e+01    1.1817244e+05  5.8774734e+02
   3.100e+01    1.3283539e+05  6.6419339e+02
   3.300e+01    1.4934923e+05  7.4583902e+02
   3.500e+01    1.6588452e+05  8.3156025e+02
   3.700e+01    1.8474461e+05  9.2025680e+02
   3.900e+01    2.0241792e+05  1.0108930e+03
   4.100e+01    2.2205856e+05  1.1025259e+03
   4.300e+01    2.4031718e+05  1.1943216e+03
   4.500e+01    2.5517114e+05  1.2855621e+03
   4.700e+01    2.7694388e+05  1.3756448e+03
   4.900e+01    2.9059219e+05  1.4640768e+03
   5.100e+01    3.0999786e+05  1.5504660e+03
   5.300e+01    3.2851751e+05  1.6345101e+03
   5.500e+01    3.4284941e+05  1.7159855e+03
   5.700e+01    3.5707776e+05  1.7947361e+03
   5.900e+01    3.7535295e+05  1.8706622e+03
   6.100e+01    3.8918688e+05  1.9437115e+03
   6.300e+01    4.0246825e+05  2.0138697e+03
   6.500e+01    4.1532474e+05  2.0811536e+03
   6.700e+01    4.3177157e+05  2.1456042e+03
   6.900e+01    4.4125225e+05  2.2072812e+03
   7.100e+01    4.5213599e+05  2.2662586e+03
   7.300e+01    4.6415518e+05  2.3226207e+03
   7.500e+01    4.7755130e+05  2.3764591e+03
   7.700e+01    4.8513212e+05  2.4278698e+03
   7.900e+01    4.9602079e+05  2.4769516e+03
   6.700e+01    4.3080087e+05  2.1456042e+03
   7.100e+01    4.5497172e+05  2.2662586e+03
   2.700e+01    1.0245487e+05  5.1759496e+02
