#   ncyc_cp         Intensity      Esd(Int.)
   0.000e+00    1.0067373e+06  5.0000000e+03
   1.000e+00    4.6198215e+04  2.3284230e+02
   2.000e+00    4.9574052e+04  2.4913159e+02
   3.000e+00    5.3358946e+04  2.6649138e+02
   4.000e+00    5.7595114e+04  2.8455784e+02
   5.000e+00    6.0993133e+04  3.0488860e+02
   6.000e+00    6.6042147e+04  3.2769364e+02
   7.000e+00    7.0142503e+04  3.5202094e+02
   8.000e+00    7.5165942e+04  3.7827705e+02
   9.000e+00    8.1528825e+04  4.0811491e+02
   1.000e+01    8.7934975e+04  4.4314747e+02
   1.100e+01    9.7962089e+04  4.8443891e+02
   1.200e+01    1.0741437e+05  5.3242790e+02
   1.300e+01    1.1710901e+05  5.8702570e+02
   1.400e+01    1.2859186e+05  6.4789641e+02
   1.500e+01    1.4307131e+05  7.1434306e+02
   1.600e+01    1.5819793e+05  7.8572680e+02
   1.700e+01    1.7156371e+05  8.6109548e+02
   1.800e+01    1.8820255e+05  9.3976243e+02
   1.900e+01    2.0635453e+05  1.0207284e+03
   2.000e+01    2.2000430e+05  1.1033985e+03
   2.100e+01    2.3707928e+05  1.1868492e+03
   2.200e+01    2.5406996e+05  1.2706430e+03
   2.300e+01    2.7234732e+05  1.3539916e+03
   2.400e+01    2.9237731e+05  1.4366294e+03
   2.500e+01    3.0337249e+05  1.5179185e+03
   2.600e+01    3.1872533e+05  1.5977490e+03
   2.700e+01    3.3532696e+05  1.6756226e+03
   2.800e+01    3.5086646e+05  1.7515552e+03
   2.900e+01    3.6396001e+05  1.8251658e+03
   3.000e+01    3.8034201e+05  1.8965636e+03
   3.100e+01    3.9402118e+05  1.9654598e+03
   3.200e+01    4.0629234e+05  2.0320279e+03
   3.300e+01    4.1962494e+05  2.0960487e+03
   3.400e+01    4.3079757e+05  2.1577356e+03
   3.500e+01    4.4323890e+05  2.2169203e+03
   3.600e+01    4.5568591e+05  2.2738383e+03
   3.700e+01    4.6212448e+05  2.3283575e+03
   3.800e+01    4.7748526e+05  2.3807223e+03
   3.900e+01    4.8470419e+05  2.4308261e+03
   4.000e+01    4.9465106e+05  2.4789128e+03
   2.600e+01    3.1749991e+05  1.5977490e+03
   8.000e+00    7.5636056e+04  3.7827705e+02
   2.400e+01    2.8805222e+05  1.4366294e+03
