#   ncyc_cp         Intensity      Esd(Int.)
   0.000e+00    9.9802770e+05  5.0000000e+03
   1.000e+00    2.0355595e+05  1.0134500e+03
   3.000e+00    2.1640778e+05  1.0845715e+03
   5.000e+00    2.3349147e+05  1.1609370e+03
   7.000e+00    2.4887182e+05  1.2455133e+03
   9.000e+00    2.6463696e+05  1.3392155e+03
   1.100e+01    2.8982268e+05  1.4468300e+03
   1.300e+01    3.1403415e+05  1.5697435e+03
   1.500e+01    3.4102822e+05  1.7042164e+03
   1.700e+01    3.6931108e+05  1.8445567e+03
   1.900e+01    3.9719384e+05  1.9853988e+03
   2.100e+01    4.2212628e+05  2.1225843e+03
   2.300e+01    4.5027364e+05  2.2532834e+03
   2.500e+01    4.7564181e+05  2.3758075e+03
   2.700e+01    4.9659377e+05  2.4893394e+03
   2.900e+01    5.2195435e+05  2.5936759e+03
   3.100e+01    5.3985140e+05  2.6890183e+03
   3.300e+01    5.5484103e+05  2.7758149e+03
   3.500e+01    5.7279252e+05  2.8546490e+03
   3.700e+01    5.8264070e+05  2.9261636e+03
   3.900e+01    5.9764361e+05  2.9910122e+03
   4.100e+01    6.0817673e+05  3.0498286e+03
   4.300e+01    6.2125266e+05  3.1032099e+03
   4.500e+01    6.2974298e+05  3.1517071e+03
   4.700e+01    6.4450346e+05  3.1958226e+03
   4.900e+01    6.4314831e+05  3.2360100e+03
   5.100e+01    6.6006445e+05  3.2726760e+03
   5.300e+01    6.5795697e+05  3.3061842e+03
   5.500e+01    6.6375400e+05  3.3368583e+03
   5.700e+01    6.7103044e+05  3.3649863e+03
   5.900e+01    6.8107702e+05  3.3908240e+03
   6.100e+01    6.8190393e+05  3.4145987e+03
   6.300e+01    6.8253432e+05  3.4365124e+03
   6.500e+01    6.8269668e+05  3.4567446e+03
   6.700e+01    6.9904406e+05  3.4754550e+03
   6.900e+01    6.9675540e+05  3.4927859e+03
   7.100e+01    7.0871706e+05  3.5088643e+03
   7.300e+01    7.0299309e+05  3.5238036e+03
   7.500e+01    7.0900666e+05  3.5377051e+03
   7.700e+01    7.0819389e+05  3.5506597e+03
   7.900e+01    7.1447827e+05  3.5627488e+03
   3.500e+01    5.6610812e+05  2.8546490e+03
   3.900e+01    5.9889474e+05  2.9910122e+03
   2.700e+01    5.0063096e+05  2.4893394e+03
