#   ncyc_cp         Intensity      Esd(Int.)
   0.000e+00    1.0072975e+06  5.0000000e+03
   1.000e+00    4.2453455e+05  2.1154945e+03
   3.000e+00    4.3159592e+05  2.1700810e+03
   5.000e+00    4.5878736e+05  2.3039379e+03
   7.000e+00    5.0880497e+05  2.5525369e+03
   9.000e+00    5.6314942e+05  2.8166054e+03
   1.100e+01    6.0530118e+05  3.0330454e+03
   1.300e+01    6.3833921e+05  3.1973619e+03
   1.500e+01    6.6093862e+05  3.3200794e+03
   1.700e+01    6.8566594e+05  3.4122083e+03
   1.900e+01    6.9940635e+05  3.4822811e+03
   2.100e+01    7.1064238e+05  3.5364069e+03
   2.300e+01    7.1547233e+05  3.5788713e+03
   2.500e+01    7.2416568e+05  3.6126840e+03
   2.700e+01    7.2466533e+05  3.6399796e+03
   2.900e+01    7.2873878e+05  3.6622924e+03
   3.100e+01    7.3413271e+05  3.6807412e+03
   3.300e+01    7.4137898e+05  3.6961542e+03
   3.500e+01    7.4126522e+05  3.7091527e+03
   3.700e+01    7.3978050e+05  3.7202092e+03
   3.900e+01    7.4627314e+05  3.7296878e+03
   4.100e+01    7.4914373e+05  3.7378719e+03
   4.300e+01    7.4959736e+05  3.7449847e+03
   4.500e+01    7.4773105e+05  3.7512038e+03
   4.700e+01    7.5156758e+05  3.7566718e+03
   4.900e+01    7.5070633e+05  3.7615041e+03
   5.100e+01    7.5192460e+05  3.7657950e+03
   5.300e+01    7.5357875e+05  3.7696220e+03
   5.500e+01    7.5744483e+05  3.7730493e+03
   5.700e+01    7.6211108e+05  3.7761305e+03
   5.900e+01    7.6166490e+05  3.7789105e+03
   6.100e+01    7.5865541e+05  3.7814271e+03
   6.300e+01    7.5522304e+05  3.7837126e+03
   6.500e+01    7.5598516e+05  3.7857943e+03
   6.700e+01    7.5652775e+05  3.7876957e+03
   6.900e+01    7.6224919e+05  3.7894370e+03
   7.100e+01    7.4772371e+05  3.7910357e+03
   7.300e+01    7.5947908e+05  3.7925068e+03
   7.500e+01    7.5121352e+05  3.7938638e+03
   7.700e+01    7.5900890e+05  3.7951179e+03
   7.900e+01    7.6428425e+05  3.7962795e+03
   7.900e+01    7.5579772e+05  3.7962795e+03
   3.500e+01    7.3336303e+05  3.7091527e+03
   6.100e+01    7.6119040e+05  3.7814271e+03
