#   ncyc_cp         Intensity      Esd(Int.)
   0.000e+00    9.9597677e+05  5.0000000e+03
   1.000e+00    3.4660448e+05  1.7353118e+03
   2.000e+00    3.6156531e+05  1.8035419e+03
   3.000e+00    3.7562957e+05  1.8747256e+03
   4.000e+00    3.9018715e+05  1.9491497e+03
   5.000e+00    4.0414594e+05  2.0268781e+03
   6.000e+00    4.2308009e+05  2.1082842e+03
   7.000e+00    4.3692864e+05  2.1933275e+03
   8.000e+00    4.6026171e+05  2.2811242e+03
   9.000e+00    4.7528743e+05  2.3702135e+03
   1.000e+01    4.8890988e+05  2.4589809e+03
   1.100e+01    5.0814644e+05  2.5459592e+03
   1.200e+01    5.2183372e+05  2.6299728e+03
   1.300e+01    5.4311459e+05  2.7101728e+03
   1.400e+01    5.6080495e+05  2.7860135e+03
   1.500e+01    5.7294056e+05  2.8572020e+03
   1.600e+01    5.8770006e+05  2.9236425e+03
   1.700e+01    5.9192245e+05  2.9853840e+03
   1.800e+01    6.0929610e+05  3.0425761e+03
   1.900e+01    6.1877623e+05  3.0954342e+03
   2.000e+01    6.2805977e+05  3.1442125e+03
   2.100e+01    6.4277344e+05  3.1891846e+03
   2.200e+01    6.4970948e+05  3.2306291e+03
   2.300e+01    6.4976618e+05  3.2688206e+03
   2.400e+01    6.6076477e+05  3.3040232e+03
   2.500e+01    6.6752670e+05  3.3364867e+03
   2.600e+01    6.6764467e+05  3.3664444e+03
   2.700e+01    6.8021041e+05  3.3941128e+03
   2.800e+01    6.7888043e+05  3.4196907e+03
   2.900e+01    6.8417739e+05  3.4433603e+03
   3.000e+01    6.9630533e+05  3.4652879e+03
   3.100e+01    7.0156100e+05  3.4856246e+03
   3.200e+01    7.0513780e+05  3.5045079e+03
   3.300e+01    7.0352771e+05  3.5220624e+03
   3.400e+01    7.0891041e+05  3.5384009e+03
   3.500e+01    7.1829851e+05  3.5536259e+03
   3.600e+01    7.1482568e+05  3.5678302e+03
   3.700e+01    7.1269979e+05  3.5810977e+03
   3.800e+01    7.2475572e+05  3.5935046e+03
   3.900e+01    7.2239865e+05  3.6051203e+03
   4.000e+01    7.1938348e+05  3.6160073e+03
   1.400e+01    5.5773337e+05  2.7860135e+03
   2.800e+01    6.8453889e+05  3.4196907e+03
   2.600e+01    6.7601156e+05  3.3664444e+03
