#   ncyc_cp         Intensity      Esd(Int.)
   0.000e+00    1.0067102e+06  5.0000000e+03
   1.000e+00    2.9942547e+05  1.5034761e+03
   2.000e+00    3.1403501e+05  1.5707329e+03
   3.000e+00    3.3084958e+05  1.6415901e+03
   4.000e+00    3.4005768e+05  1.7167850e+03
   5.000e+00    3.5889859e+05  1.7953031e+03
   6.000e+00    3.7468684e+05  1.8770008e+03
   7.000e+00    3.9459378e+05  1.9623327e+03
   8.000e+00    4.1161707e+05  2.0511162e+03
   9.000e+00    4.2598987e+05  2.1423507e+03
   1.000e+01    4.4720342e+05  2.2346104e+03
   1.100e+01    4.6747945e+05  2.3263677e+03
   1.200e+01    4.8195697e+05  2.4162982e+03
   1.300e+01    5.0095035e+05  2.5033021e+03
   1.400e+01    5.1557866e+05  2.5866195e+03
   1.500e+01    5.3345624e+05  2.6657069e+03
   1.600e+01    5.4809948e+05  2.7402991e+03
   1.700e+01    5.6117801e+05  2.8102557e+03
   1.800e+01    5.7705343e+05  2.8756229e+03
   1.900e+01    5.8692357e+05  2.9364913e+03
   2.000e+01    5.9938109e+05  2.9930666e+03
   2.100e+01    6.1215539e+05  3.0455473e+03
   2.200e+01    6.1251659e+05  3.0942010e+03
   2.300e+01    6.2714723e+05  3.1392606e+03
   2.400e+01    6.4132988e+05  3.1810017e+03
   2.500e+01    6.4047959e+05  3.2196531e+03
   2.600e+01    6.5158684e+05  3.2554717e+03
   2.700e+01    6.5461388e+05  3.2886649e+03
   2.800e+01    6.6642952e+05  3.3194603e+03
   2.900e+01    6.7242725e+05  3.3480378e+03
   3.000e+01    6.7390916e+05  3.3745934e+03
   3.100e+01    6.8377966e+05  3.3992793e+03
   3.200e+01    6.8413973e+05  3.4222620e+03
   3.300e+01    6.9469835e+05  3.4436683e+03
   3.400e+01    6.8946471e+05  3.4636383e+03
   3.500e+01    6.9607302e+05  3.4822766e+03
   3.600e+01    6.9296402e+05  3.4997011e+03
   3.700e+01    7.0409527e+05  3.5159977e+03
   3.800e+01    7.0193700e+05  3.5312652e+03
   3.900e+01    7.0305871e+05  3.5455742e+03
   4.000e+01    7.1466940e+05  3.5590077e+03
   2.900e+01    6.7156618e+05  3.3480378e+03
   1.500e+01    5.3503143e+05  2.6657069e+03
   3.400e+01    6.8736706e+05  3.4636383e+03
