#   ncyc_cp         Intensity      Esd(Int.)
   0.000e+00    9.9501531e+05  5.0000000e+03
   1.000e+00    8.0824692e+04  4.0399693e+02
   2.000e+00    8.5395408e+04  4.2731803e+02
   3.000e+00    9.0160573e+04  4.5200234e+02
   4.000e+00    9.5895225e+04  4.7783474e+02
   5.000e+00    1.0165363e+05  5.0565382e+02
   6.000e+00    1.0683197e+05  5.3539887e+02
   7.000e+00    1.1399436e+05  5.6688821e+02
   8.000e+00    1.1936196e+05  6.0153757e+02
   9.000e+00    1.2827225e+05  6.4142521e+02
   1.000e+01    1.3787729e+05  6.8809760e+02
   1.100e+01    1.4888799e+05  7.4221042e+02
   1.200e+01    1.6018100e+05  8.0366531e+02
   1.300e+01    1.7385682e+05  8.7185793e+02
   1.400e+01    1.8890293e+05  9.4588849e+02
   1.500e+01    2.0543047e+05  1.0247119e+03
   1.600e+01    2.1998828e+05  1.1072398e+03
   1.700e+01    2.3755215e+05  1.1924084e+03
   1.800e+01    2.5575884e+05  1.2792229e+03
   1.900e+01    2.7341844e+05  1.3667844e+03
   2.000e+01    2.9303020e+05  1.4543041e+03
   2.100e+01    3.1000076e+05  1.5411076e+03
   2.200e+01    3.2369043e+05  1.6266331e+03
   2.300e+01    3.4250002e+05  1.7104249e+03
   2.400e+01    3.5843861e+05  1.7921236e+03
   2.500e+01    3.7502015e+05  1.8714560e+03
   2.600e+01    3.9016035e+05  1.9482232e+03
   2.700e+01    4.0533057e+05  2.0222901e+03
   2.800e+01    4.1966949e+05  2.0935751e+03
   2.900e+01    4.3104821e+05  2.1620404e+03
   3.000e+01    4.4912736e+05  2.2276841e+03
   3.100e+01    4.5737590e+05  2.2905328e+03
   3.200e+01    4.7342169e+05  2.3506354e+03
   3.300e+01    4.8552302e+05  2.4080578e+03
   3.400e+01    4.9465711e+05  2.4628787e+03
   3.500e+01    5.0258786e+05  2.5151860e+03
   3.600e+01    5.1513151e+05  2.5650733e+03
   3.700e+01    5.2101729e+05  2.6126383e+03
   3.800e+01    5.3065840e+05  2.6579804e+03
   3.900e+01    5.4359636e+05  2.7011992e+03
   4.000e+01    5.4674101e+05  2.7423936e+03
   2.000e+00    8.5117755e+04  4.2731803e+02
   5.000e+00    1.0134687e+05  5.0565382e+02
   3.200e+01    4.7087641e+05  2.3506354e+03
