{
  "scope": "Small downstream ChemEx pilot: one exchange group, three shifts, two fields.\n\nKnown R1 is fixed and R2 is fitted: an optimistic controlled benchmark, not\nan experimental validation. Clean J=0 is the fitting-model control. Each arm\nuses two starting points. Corrected intensities are pseudo-data; their supplied\nerrors are fitting weights, not calibrated DNN uncertainties.\n",
  "truth": {
    "KEX_AB": 1800.0,
    "PB": 0.05,
    "DW_AB": [
      1.0,
      3.0,
      5.0
    ]
  },
  "noise_seed": 99102,
  "work_dir": "/private/tmp/cpmg-expand-20260910-k1800-s99102",
  "results": [
    {
      "run": "clean_j0_start0",
      "returncode": 0,
      "fitted": {
        "GLOBAL": {
          "KEX_AB": 1799.81,
          "PB": 0.0502781
        },
        "DW_AB": {
          "1N": 0.998236,
          "2N": 2.99445,
          "3N": 4.99233
        },
        "R2_A, B0->600.0MHZ": {
          "1N": 6.46697,
          "2N": 6.46784,
          "3N": 6.4624
        },
        "R2_A, B0->800.0MHZ": {
          "1N": 7.06894,
          "2N": 7.06752,
          "3N": 7.05698
        }
      }
    },
    {
      "run": "clean_j0_start1",
      "returncode": 0,
      "fitted": {
        "GLOBAL": {
          "KEX_AB": 1799.81,
          "PB": 0.0502781
        },
        "DW_AB": {
          "1N": 0.998236,
          "2N": 2.99445,
          "3N": 4.99233
        },
        "R2_A, B0->600.0MHZ": {
          "1N": 6.46697,
          "2N": 6.46784,
          "3N": 6.4624
        },
        "R2_A, B0->800.0MHZ": {
          "1N": 7.06894,
          "2N": 7.06752,
          "3N": 7.05698
        }
      }
    },
    {
      "run": "noisy_j0_start0",
      "returncode": 0,
      "fitted": {
        "GLOBAL": {
          "KEX_AB": 1768.15,
          "PB": 0.0499535
        },
        "DW_AB": {
          "1N": 0.998958,
          "2N": 3.02013,
          "3N": 5.04529
        },
        "R2_A, B0->600.0MHZ": {
          "1N": 6.87008,
          "2N": 6.57004,
          "3N": 6.22855
        },
        "R2_A, B0->800.0MHZ": {
          "1N": 6.54627,
          "2N": 7.43799,
          "3N": 6.94125
        }
      }
    },
    {
      "run": "noisy_j0_start1",
      "returncode": 0,
      "fitted": {
        "GLOBAL": {
          "KEX_AB": 1768.15,
          "PB": 0.0499535
        },
        "DW_AB": {
          "1N": 0.998958,
          "2N": 3.02013,
          "3N": 5.04529
        },
        "R2_A, B0->600.0MHZ": {
          "1N": 6.87008,
          "2N": 6.57004,
          "3N": 6.22855
        },
        "R2_A, B0->800.0MHZ": {
          "1N": 6.54627,
          "2N": 7.43799,
          "3N": 6.94125
        }
      }
    },
    {
      "run": "noisy_coupled_start0",
      "returncode": 0,
      "fitted": {
        "GLOBAL": {
          "KEX_AB": 1536.72,
          "PB": 0.0509603
        },
        "DW_AB": {
          "1N": -1.10716,
          "2N": 2.99726,
          "3N": 5.11788
        },
        "R2_A, B0->600.0MHZ": {
          "1N": 6.84658,
          "2N": 6.94134,
          "3N": 6.76886
        },
        "R2_A, B0->800.0MHZ": {
          "1N": 6.33825,
          "2N": 8.07845,
          "3N": 7.93964
        }
      }
    },
    {
      "run": "noisy_coupled_start1",
      "returncode": 0,
      "fitted": {
        "GLOBAL": {
          "KEX_AB": 1536.73,
          "PB": 0.0509604
        },
        "DW_AB": {
          "1N": 1.10716,
          "2N": 2.99726,
          "3N": 5.11786
        },
        "R2_A, B0->600.0MHZ": {
          "1N": 6.84658,
          "2N": 6.94132,
          "3N": 6.76885
        },
        "R2_A, B0->800.0MHZ": {
          "1N": 6.33824,
          "2N": 8.07841,
          "3N": 7.93962
        }
      }
    },
    {
      "run": "cnn_corrected_start0",
      "returncode": 0,
      "fitted": {
        "GLOBAL": {
          "KEX_AB": 1687.26,
          "PB": 0.0506543
        },
        "DW_AB": {
          "1N": -1.03001,
          "2N": 3.00773,
          "3N": 5.04199
        },
        "R2_A, B0->600.0MHZ": {
          "1N": 6.8453,
          "2N": 6.62517,
          "3N": 6.41064
        },
        "R2_A, B0->800.0MHZ": {
          "1N": 6.46214,
          "2N": 7.54901,
          "3N": 7.22101
        }
      }
    },
    {
      "run": "cnn_corrected_start1",
      "returncode": 0,
      "fitted": {
        "GLOBAL": {
          "KEX_AB": 1687.26,
          "PB": 0.0506544
        },
        "DW_AB": {
          "1N": 1.03001,
          "2N": 3.00773,
          "3N": 5.04198
        },
        "R2_A, B0->600.0MHZ": {
          "1N": 6.8453,
          "2N": 6.62517,
          "3N": 6.41064
        },
        "R2_A, B0->800.0MHZ": {
          "1N": 6.46214,
          "2N": 7.549,
          "3N": 7.22101
        }
      }
    }
  ]
}
