{
  "scope": "Small downstream ChemEx pilot: one exchange group, three shifts, two fields.\n\nKnown R1 is fixed and R2 is fitted: an optimistic controlled benchmark, not\nan experimental validation. Clean J=0 is the fitting-model control. Each arm\nuses two starting points. Corrected intensities are pseudo-data; their supplied\nerrors are fitting weights, not calibrated DNN uncertainties.\n",
  "truth": {
    "KEX_AB": 600.0,
    "PB": 0.05,
    "DW_AB": [
      1.0,
      3.0,
      5.0
    ]
  },
  "noise_seed": 99101,
  "work_dir": "/private/tmp/cpmg-expand-20260910-k600-s99101",
  "results": [
    {
      "run": "clean_j0_start0",
      "returncode": 0,
      "fitted": {
        "GLOBAL": {
          "KEX_AB": 599.83,
          "PB": 0.0501142
        },
        "DW_AB": {
          "1N": 0.999689,
          "2N": 2.99962,
          "3N": 5.00021
        },
        "R2_A, B0->600.0MHZ": {
          "1N": 6.46572,
          "2N": 6.46475,
          "3N": 6.46276
        },
        "R2_A, B0->800.0MHZ": {
          "1N": 7.0681,
          "2N": 7.06593,
          "3N": 7.06225
        }
      }
    },
    {
      "run": "clean_j0_start1",
      "returncode": 0,
      "fitted": {
        "GLOBAL": {
          "KEX_AB": 599.83,
          "PB": 0.0501142
        },
        "DW_AB": {
          "1N": 0.999689,
          "2N": 2.99962,
          "3N": 5.00021
        },
        "R2_A, B0->600.0MHZ": {
          "1N": 6.46572,
          "2N": 6.46475,
          "3N": 6.46276
        },
        "R2_A, B0->800.0MHZ": {
          "1N": 7.0681,
          "2N": 7.06593,
          "3N": 7.06225
        }
      }
    },
    {
      "run": "noisy_j0_start0",
      "returncode": 0,
      "fitted": {
        "GLOBAL": {
          "KEX_AB": 605.494,
          "PB": 0.0495834
        },
        "DW_AB": {
          "1N": 1.01454,
          "2N": 3.04316,
          "3N": 5.04226
        },
        "R2_A, B0->600.0MHZ": {
          "1N": 5.94564,
          "2N": 6.5501,
          "3N": 6.4097
        },
        "R2_A, B0->800.0MHZ": {
          "1N": 7.36375,
          "2N": 6.8957,
          "3N": 6.99737
        }
      }
    },
    {
      "run": "noisy_j0_start1",
      "returncode": 0,
      "fitted": {
        "GLOBAL": {
          "KEX_AB": 605.494,
          "PB": 0.0495834
        },
        "DW_AB": {
          "1N": 1.01454,
          "2N": 3.04316,
          "3N": 5.04226
        },
        "R2_A, B0->600.0MHZ": {
          "1N": 5.94564,
          "2N": 6.5501,
          "3N": 6.4097
        },
        "R2_A, B0->800.0MHZ": {
          "1N": 7.36375,
          "2N": 6.8957,
          "3N": 6.99737
        }
      }
    },
    {
      "run": "noisy_coupled_start0",
      "returncode": 0,
      "fitted": {
        "GLOBAL": {
          "KEX_AB": 507.019,
          "PB": 0.0596719
        },
        "DW_AB": {
          "1N": 1.05664,
          "2N": 2.96137,
          "3N": 4.93453
        },
        "R2_A, B0->600.0MHZ": {
          "1N": 5.97826,
          "2N": 6.66994,
          "3N": 6.57733
        },
        "R2_A, B0->800.0MHZ": {
          "1N": 7.30383,
          "2N": 7.06388,
          "3N": 7.22742
        }
      }
    },
    {
      "run": "noisy_coupled_start1",
      "returncode": 0,
      "fitted": {
        "GLOBAL": {
          "KEX_AB": 507.02,
          "PB": 0.0596719
        },
        "DW_AB": {
          "1N": 1.05664,
          "2N": 2.96137,
          "3N": 4.93453
        },
        "R2_A, B0->600.0MHZ": {
          "1N": 5.97826,
          "2N": 6.66994,
          "3N": 6.57733
        },
        "R2_A, B0->800.0MHZ": {
          "1N": 7.30382,
          "2N": 7.06388,
          "3N": 7.22742
        }
      }
    },
    {
      "run": "cnn_corrected_start0",
      "returncode": 0,
      "fitted": {
        "GLOBAL": {
          "KEX_AB": 564.388,
          "PB": 0.0529929
        },
        "DW_AB": {
          "1N": 1.01802,
          "2N": 3.01731,
          "3N": 5.01456
        },
        "R2_A, B0->600.0MHZ": {
          "1N": 5.97998,
          "2N": 6.56755,
          "3N": 6.44299
        },
        "R2_A, B0->800.0MHZ": {
          "1N": 7.30286,
          "2N": 6.91184,
          "3N": 7.05231
        }
      }
    },
    {
      "run": "cnn_corrected_start1",
      "returncode": 0,
      "fitted": {
        "GLOBAL": {
          "KEX_AB": 564.388,
          "PB": 0.0529929
        },
        "DW_AB": {
          "1N": 1.01802,
          "2N": 3.01731,
          "3N": 5.01456
        },
        "R2_A, B0->600.0MHZ": {
          "1N": 5.97998,
          "2N": 6.56755,
          "3N": 6.44299
        },
        "R2_A, B0->800.0MHZ": {
          "1N": 7.30286,
          "2N": 6.91184,
          "3N": 7.05231
        }
      }
    }
  ]
}
