#   ncyc_cp         Intensity      Esd(Int.)
   0.000e+00    9.9584583e+05  5.0000000e+03
   1.000e+00    2.3204129e+05  1.1585744e+03
   2.000e+00    2.4509287e+05  1.2176949e+03
   3.000e+00    2.5690012e+05  1.2904176e+03
   4.000e+00    2.7536260e+05  1.3813896e+03
   5.000e+00    3.0620735e+05  1.5225653e+03
   6.000e+00    3.4325258e+05  1.7049860e+03
   7.000e+00    3.8523332e+05  1.9035894e+03
   8.000e+00    4.2150633e+05  2.0994194e+03
   9.000e+00    4.5747053e+05  2.2818825e+03
   1.000e+01    4.8750679e+05  2.4463794e+03
   1.100e+01    5.1636160e+05  2.5918754e+03
   1.200e+01    5.4438334e+05  2.7192068e+03
   1.300e+01    5.6475112e+05  2.8300539e+03
   1.400e+01    5.8344846e+05  2.9263684e+03
   1.500e+01    5.9603664e+05  3.0100797e+03
   1.600e+01    6.1215741e+05  3.0829594e+03
   1.700e+01    6.2988672e+05  3.1465714e+03
   1.800e+01    6.3937223e+05  3.2022662e+03
   1.900e+01    6.5346909e+05  3.2511950e+03
   2.000e+01    6.5984763e+05  3.2943326e+03
   2.100e+01    6.6238321e+05  3.3325015e+03
   2.200e+01    6.7388503e+05  3.3663948e+03
   2.300e+01    6.7504589e+05  3.3965975e+03
   2.400e+01    6.8352635e+05  3.4236035e+03
   2.500e+01    6.8801773e+05  3.4478310e+03
   2.600e+01    6.9344561e+05  3.4696353e+03
   2.700e+01    6.9724915e+05  3.4893188e+03
   2.800e+01    7.0408596e+05  3.5071398e+03
   2.900e+01    7.0437673e+05  3.5233200e+03
   3.000e+01    7.0923214e+05  3.5380497e+03
   3.100e+01    7.0913893e+05  3.5514935e+03
   3.200e+01    7.1576487e+05  3.5637936e+03
   3.300e+01    7.0749221e+05  3.5750737e+03
   3.400e+01    7.1867489e+05  3.5854415e+03
   3.500e+01    7.2069451e+05  3.5949911e+03
   3.600e+01    7.2635610e+05  3.6038052e+03
   3.700e+01    7.2147266e+05  3.6119562e+03
   3.800e+01    7.2644488e+05  3.6195081e+03
   3.900e+01    7.2634178e+05  3.6265175e+03
   4.000e+01    7.2417405e+05  3.6330345e+03
   2.500e+01    6.9027801e+05  3.4478310e+03
   1.200e+01    5.4141324e+05  2.7192068e+03
   4.000e+01    7.2729586e+05  3.6330345e+03
