#   ncyc_cp         Intensity      Esd(Int.)
   0.000e+00    1.0002035e+06  5.0000000e+03
   1.000e+00    2.5724845e+05  1.2813100e+03
   2.000e+00    2.5796064e+05  1.2900253e+03
   3.000e+00    2.6080369e+05  1.3119554e+03
   4.000e+00    2.5934503e+05  1.3028110e+03
   5.000e+00    2.6840367e+05  1.3343422e+03
   6.000e+00    2.6720623e+05  1.3358646e+03
   7.000e+00    2.7029654e+05  1.3475893e+03
   8.000e+00    2.8154653e+05  1.3967327e+03
   9.000e+00    2.9899305e+05  1.4811969e+03
   1.000e+01    3.1941772e+05  1.5899533e+03
   1.100e+01    3.4475519e+05  1.7124029e+03
   1.200e+01    3.6824919e+05  1.8405012e+03
   1.300e+01    3.9570120e+05  1.9683451e+03
   1.400e+01    4.1960154e+05  2.0925156e+03
   1.500e+01    4.4606285e+05  2.2104121e+03
   1.600e+01    4.6242702e+05  2.3212078e+03
   1.700e+01    4.7969654e+05  2.4239848e+03
   1.800e+01    5.0522051e+05  2.5190961e+03
   1.900e+01    5.2105913e+05  2.6063691e+03
   2.000e+01    5.3725808e+05  2.6865920e+03
   2.100e+01    5.4778546e+05  2.7598744e+03
   2.200e+01    5.6568781e+05  2.8270943e+03
   2.300e+01    5.7594826e+05  2.8884360e+03
   2.400e+01    5.8847807e+05  2.9447254e+03
   2.500e+01    5.9483460e+05  2.9961379e+03
   2.600e+01    6.1190601e+05  3.0433997e+03
   2.700e+01    6.2228035e+05  3.0866501e+03
   2.800e+01    6.2550874e+05  3.1265086e+03
   2.900e+01    6.3399460e+05  3.1630742e+03
   3.000e+01    6.3440228e+05  3.1968693e+03
   3.100e+01    6.4392664e+05  3.2279569e+03
   3.200e+01    6.5301712e+05  3.2567761e+03
   3.300e+01    6.5744770e+05  3.2833607e+03
   3.400e+01    6.6417652e+05  3.3080806e+03
   3.500e+01    6.6427334e+05  3.3309474e+03
   3.600e+01    6.7250106e+05  3.3522736e+03
   3.700e+01    6.7795355e+05  3.3720546e+03
   3.800e+01    6.7367275e+05  3.3905563e+03
   3.900e+01    6.8168007e+05  3.4077620e+03
   4.000e+01    6.8631192e+05  3.4238995e+03
   1.000e+01    3.1766790e+05  1.5899533e+03
   3.800e+01    6.7527433e+05  3.3905563e+03
   3.900e+01    6.8855688e+05  3.4077620e+03
