#   ncyc_cp         Intensity      Esd(Int.)
   0.000e+00    1.0003573e+06  5.0000000e+03
   1.000e+00    1.2078064e+05  6.0153262e+02
   2.000e+00    1.2274444e+05  6.1113820e+02
   3.000e+00    1.2627765e+05  6.2941895e+02
   4.000e+00    1.2476588e+05  6.2675621e+02
   5.000e+00    1.2748171e+05  6.3831442e+02
   6.000e+00    1.3070073e+05  6.5072893e+02
   7.000e+00    1.2896136e+05  6.4674092e+02
   8.000e+00    1.3097194e+05  6.5139878e+02
   9.000e+00    1.3535000e+05  6.7938931e+02
   1.000e+01    1.4477850e+05  7.3207226e+02
   1.100e+01    1.5984827e+05  8.0583594e+02
   1.200e+01    1.7884312e+05  8.9604555e+02
   1.300e+01    1.9951737e+05  9.9823852e+02
   1.400e+01    2.2079979e+05  1.1084484e+03
   1.500e+01    2.4478097e+05  1.2232961e+03
   1.600e+01    2.6941116e+05  1.3400051e+03
   1.700e+01    2.8719371e+05  1.4563733e+03
   1.800e+01    3.1436666e+05  1.5707187e+03
   1.900e+01    3.3789476e+05  1.6818085e+03
   2.000e+01    3.6010682e+05  1.7887840e+03
   2.100e+01    3.7717711e+05  1.8910877e+03
   2.200e+01    3.9985086e+05  1.9883982e+03
   2.300e+01    4.1434194e+05  2.0805738e+03
   2.400e+01    4.3193517e+05  2.1676067e+03
   2.500e+01    4.4972232e+05  2.2495852e+03
   2.600e+01    4.6242610e+05  2.3266647e+03
   2.700e+01    4.8002404e+05  2.3990454e+03
   2.800e+01    4.9779864e+05  2.4669545e+03
   2.900e+01    5.0146541e+05  2.5306344e+03
   3.000e+01    5.1659150e+05  2.5903327e+03
   3.100e+01    5.3204501e+05  2.6462961e+03
   3.200e+01    5.4027577e+05  2.6987655e+03
   3.300e+01    5.4546737e+05  2.7479727e+03
   3.400e+01    5.5788252e+05  2.7941390e+03
   3.500e+01    5.6375563e+05  2.8374735e+03
   3.600e+01    5.7157347e+05  2.8781729e+03
   3.700e+01    5.8131375e+05  2.9164214e+03
   3.800e+01    5.9283158e+05  2.9523906e+03
   3.900e+01    5.9644124e+05  2.9862403e+03
   4.000e+01    6.1000401e+05  3.0181186e+03
   1.000e+00    1.1894759e+05  6.0153262e+02
   2.300e+01    4.1761763e+05  2.0805738e+03
   5.000e+00    1.2771991e+05  6.3831442e+02
