#   ncyc_cp         Intensity      Esd(Int.)
   0.000e+00    1.0031122e+06  5.0000000e+03
   1.000e+00    1.1452278e+05  5.7156972e+02
   2.000e+00    1.1906714e+05  5.9715438e+02
   3.000e+00    1.2345895e+05  6.1750324e+02
   4.000e+00    1.2964022e+05  6.4441789e+02
   5.000e+00    1.3323027e+05  6.6807754e+02
   6.000e+00    1.3808247e+05  6.9640037e+02
   7.000e+00    1.5073356e+05  7.5030746e+02
   8.000e+00    1.6697147e+05  8.3399374e+02
   9.000e+00    1.8804498e+05  9.4251461e+02
   1.000e+01    2.1352952e+05  1.0687428e+03
   1.100e+01    2.4006738e+05  1.2058545e+03
   1.200e+01    2.6797440e+05  1.3480841e+03
   1.300e+01    2.9730610e+05  1.4909039e+03
   1.400e+01    3.2471086e+05  1.6309714e+03
   1.500e+01    3.5301165e+05  1.7659716e+03
   1.600e+01    3.8092015e+05  1.8944212e+03
   1.700e+01    3.9967398e+05  2.0154764e+03
   1.800e+01    4.2585727e+05  2.1287632e+03
   1.900e+01    4.4657086e+05  2.2342394e+03
   2.000e+01    4.6546947e+05  2.3320865e+03
   2.100e+01    4.8342106e+05  2.4226290e+03
   2.200e+01    4.9918978e+05  2.5062759e+03
   2.300e+01    5.1812641e+05  2.5834791e+03
   2.400e+01    5.3613827e+05  2.6547052e+03
   2.500e+01    5.4470177e+05  2.7204163e+03
   2.600e+01    5.5723238e+05  2.7810579e+03
   2.700e+01    5.6664119e+05  2.8370520e+03
   2.800e+01    5.8529899e+05  2.8887929e+03
   2.900e+01    5.8720893e+05  2.9366458e+03
   3.000e+01    5.9716195e+05  2.9809465e+03
   3.100e+01    6.0614497e+05  3.0220023e+03
   3.200e+01    6.1239237e+05  3.0600934e+03
   3.300e+01    6.2339899e+05  3.0954749e+03
   3.400e+01    6.2438788e+05  3.1283783e+03
   3.500e+01    6.3412114e+05  3.1590136e+03
   3.600e+01    6.3812772e+05  3.1875713e+03
   3.700e+01    6.4587863e+05  3.2142240e+03
   3.800e+01    6.4525953e+05  3.2391282e+03
   3.900e+01    6.4852389e+05  3.2624258e+03
   4.000e+01    6.5486008e+05  3.2842457e+03
   2.000e+01    4.6831897e+05  2.3320865e+03
   1.800e+01    4.3020289e+05  2.1287632e+03
   3.500e+01    6.3270668e+05  3.1590136e+03
