#   ncyc_cp         Intensity      Esd(Int.)
   0.000e+00    1.0058481e+06  5.0000000e+03
   1.000e+00    5.4531117e+04  2.7195213e+02
   2.000e+00    5.7528389e+04  2.8915936e+02
   3.000e+00    6.1555184e+04  3.0742986e+02
   4.000e+00    6.5368436e+04  3.2628475e+02
   5.000e+00    7.0140829e+04  3.4730593e+02
   6.000e+00    7.3871292e+04  3.7087063e+02
   7.000e+00    7.8641316e+04  3.9588267e+02
   8.000e+00    8.4864790e+04  4.2258377e+02
   9.000e+00    9.0820826e+04  4.5262476e+02
   1.000e+01    9.7351861e+04  4.8769185e+02
   1.100e+01    1.0668219e+05  5.2891157e+02
   1.200e+01    1.1508049e+05  5.7673143e+02
   1.300e+01    1.2631958e+05  6.3104905e+02
   1.400e+01    1.3845231e+05  6.9148325e+02
   1.500e+01    1.5078568e+05  7.5730952e+02
   1.600e+01    1.6485616e+05  8.2784686e+02
   1.700e+01    1.8084074e+05  9.0213716e+02
   1.800e+01    1.9683666e+05  9.7947233e+02
   1.900e+01    2.1112366e+05  1.0588721e+03
   2.000e+01    2.3014078e+05  1.1397380e+03
   2.100e+01    2.4636446e+05  1.2211824e+03
   2.200e+01    2.6202254e+05  1.3027739e+03
   2.300e+01    2.7688732e+05  1.3837680e+03
   2.400e+01    2.9305805e+05  1.4639080e+03
   2.500e+01    3.0969831e+05  1.5426007e+03
   2.600e+01    3.2610473e+05  1.6197435e+03
   2.700e+01    3.4100920e+05  1.6948797e+03
   2.800e+01    3.5162245e+05  1.7680291e+03
   2.900e+01    3.7168494e+05  1.8388473e+03
   3.000e+01    3.7727328e+05  1.9074434e+03
   3.100e+01    3.9172330e+05  1.9735602e+03
   3.200e+01    4.0506479e+05  2.0373667e+03
   3.300e+01    4.2334804e+05  2.0986707e+03
   3.400e+01    4.3138509e+05  2.1576783e+03
   3.500e+01    4.4374045e+05  2.2142437e+03
   3.600e+01    4.5531259e+05  2.2685927e+03
   3.700e+01    4.6814981e+05  2.3206124e+03
   3.800e+01    4.7542459e+05  2.3705357e+03
   3.900e+01    4.8779836e+05  2.4182725e+03
   4.000e+01    4.9147988e+05  2.4640544e+03
   3.600e+01    4.5719679e+05  2.2685927e+03
   1.200e+01    1.1440302e+05  5.7673143e+02
   1.000e+01    9.7808515e+04  4.8769185e+02
