#   ncyc_cp         Intensity      Esd(Int.)
   0.000e+00    1.0015717e+06  5.0000000e+03
   1.000e+00    2.4097959e+05  1.2034438e+03
   3.000e+00    2.5455733e+05  1.2744527e+03
   5.000e+00    2.6948026e+05  1.3498746e+03
   7.000e+00    2.8482924e+05  1.4324574e+03
   9.000e+00    3.0314126e+05  1.5228694e+03
   1.100e+01    3.2410652e+05  1.6253545e+03
   1.300e+01    3.5060523e+05  1.7409791e+03
   1.500e+01    3.7160948e+05  1.8660410e+03
   1.700e+01    3.9954849e+05  1.9951595e+03
   1.900e+01    4.2383127e+05  2.1234363e+03
   2.100e+01    4.5002220e+05  2.2472240e+03
   2.300e+01    4.6839655e+05  2.3641656e+03
   2.500e+01    4.9328992e+05  2.4729641e+03
   2.700e+01    5.1391754e+05  2.5730988e+03
   2.900e+01    5.3276138e+05  2.6645734e+03
   3.100e+01    5.5222284e+05  2.7477205e+03
   3.300e+01    5.6135374e+05  2.8230608e+03
   3.500e+01    5.7805756e+05  2.8912060e+03
   3.700e+01    5.9780848e+05  2.9527971e+03
   3.900e+01    5.9732961e+05  3.0084650e+03
   4.100e+01    6.0689473e+05  3.0588080e+03
   4.300e+01    6.1751166e+05  3.1043803e+03
   4.500e+01    6.3436058e+05  3.1456870e+03
   4.700e+01    6.3078009e+05  3.1831833e+03
   4.900e+01    6.4048233e+05  3.2172768e+03
   5.100e+01    6.4977201e+05  3.2483303e+03
   5.300e+01    6.5191951e+05  3.2766658e+03
   5.500e+01    6.5961672e+05  3.3025687e+03
   5.700e+01    6.6767448e+05  3.3262915e+03
   5.900e+01    6.7346114e+05  3.3480577e+03
   6.100e+01    6.7663804e+05  3.3680648e+03
   6.300e+01    6.8117068e+05  3.3864880e+03
   6.500e+01    6.8681278e+05  3.4034824e+03
   6.700e+01    6.8550524e+05  3.4191858e+03
   6.900e+01    6.8718548e+05  3.4337205e+03
   7.100e+01    6.8844181e+05  3.4471954e+03
   7.300e+01    6.9562676e+05  3.4597075e+03
   7.500e+01    6.9809314e+05  3.4713435e+03
   7.700e+01    6.9769188e+05  3.4821809e+03
   7.900e+01    6.9481153e+05  3.4922890e+03
   7.000e+00    2.8530965e+05  1.4324574e+03
   2.900e+01    5.3376141e+05  2.6645734e+03
   5.100e+01    6.4970505e+05  3.2483303e+03
