#   ncyc_cp         Intensity      Esd(Int.)
   0.000e+00    1.0001760e+06  5.0000000e+03
   1.000e+00    1.0446639e+05  5.2085352e+02
   2.000e+00    1.0844966e+05  5.4264526e+02
   3.000e+00    1.1237778e+05  5.6568862e+02
   4.000e+00    1.1710358e+05  5.8678695e+02
   5.000e+00    1.2187853e+05  6.1248317e+02
   6.000e+00    1.2720236e+05  6.3619701e+02
   7.000e+00    1.3236474e+05  6.6093554e+02
   8.000e+00    1.4022375e+05  6.9602786e+02
   9.000e+00    1.4830551e+05  7.4662014e+02
   1.000e+01    1.6196261e+05  8.1320720e+02
   1.100e+01    1.7772368e+05  8.9387496e+02
   1.200e+01    1.9725540e+05  9.8581936e+02
   1.300e+01    2.1770291e+05  1.0860787e+03
   1.400e+01    2.3695608e+05  1.1918662e+03
   1.500e+01    2.6145455e+05  1.3007208e+03
   1.600e+01    2.8432256e+05  1.4105666e+03
   1.700e+01    3.0114971e+05  1.5197207e+03
   1.800e+01    3.2641451e+05  1.6268698e+03
   1.900e+01    3.4574037e+05  1.7310296e+03
   2.000e+01    3.6603236e+05  1.8314975e+03
   2.100e+01    3.8834143e+05  1.9278032e+03
   2.200e+01    4.0403686e+05  2.0196631e+03
   2.300e+01    4.2149274e+05  2.1069399e+03
   2.400e+01    4.3946185e+05  2.1896079e+03
   2.500e+01    4.5653054e+05  2.2677240e+03
   2.600e+01    4.6838822e+05  2.3414051e+03
   2.700e+01    4.8185745e+05  2.4108095e+03
   2.800e+01    4.9634642e+05  2.4761224e+03
   2.900e+01    5.0635098e+05  2.5375452e+03
   3.000e+01    5.1979971e+05  2.5952876e+03
   3.100e+01    5.3022241e+05  2.6495607e+03
   3.200e+01    5.4084221e+05  2.7005734e+03
   3.300e+01    5.4704015e+05  2.7485288e+03
   3.400e+01    5.5707180e+05  2.7936226e+03
   3.500e+01    5.6691115e+05  2.8360411e+03
   3.600e+01    5.7402240e+05  2.8759610e+03
   3.700e+01    5.8495585e+05  2.9135489e+03
   3.800e+01    5.9355428e+05  2.9489608e+03
   3.900e+01    5.9949351e+05  2.9823431e+03
   4.000e+01    6.0461645e+05  3.0138322e+03
   7.000e+00    1.3328487e+05  6.6093554e+02
   2.400e+01    4.3544839e+05  2.1896079e+03
   2.700e+01    4.8353990e+05  2.4108095e+03
