#   ncyc_cp         Intensity      Esd(Int.)
   0.000e+00    9.9265883e+05  5.0000000e+03
   1.000e+00    2.5280189e+04  1.2596431e+02
   3.000e+00    2.6541366e+04  1.3379712e+02
   5.000e+00    2.8366105e+04  1.4213953e+02
   7.000e+00    3.0363541e+04  1.5109870e+02
   9.000e+00    3.2108989e+04  1.6003535e+02
   1.100e+01    3.3784315e+04  1.7002559e+02
   1.300e+01    3.6066172e+04  1.8092863e+02
   1.500e+01    3.8798236e+04  1.9160977e+02
   1.700e+01    4.0318560e+04  2.0278439e+02
   1.900e+01    4.3341080e+04  2.1639021e+02
   2.100e+01    4.6936480e+04  2.3420922e+02
   2.300e+01    5.1728268e+04  2.5739072e+02
   2.500e+01    5.7553711e+04  2.8652969e+02
   2.700e+01    6.3991103e+04  3.2184141e+02
   2.900e+01    7.3044794e+04  3.6328340e+02
   3.100e+01    8.1791091e+04  4.1062402e+02
   3.300e+01    9.2090909e+04  4.6348428e+02
   3.500e+01    1.0456728e+05  5.2137025e+02
   3.700e+01    1.1581779e+05  5.8370376e+02
   3.900e+01    1.2991672e+05  6.4985249e+02
   4.100e+01    1.4579280e+05  7.1915838e+02
   4.300e+01    1.5910750e+05  7.9096289e+02
   4.500e+01    1.7267009e+05  8.6462785e+02
   4.700e+01    1.8728142e+05  9.3955152e+02
   4.900e+01    2.0218425e+05  1.0151799e+03
   5.100e+01    2.1680383e+05  1.0910136e+03
   5.300e+01    2.3360942e+05  1.1666113e+03
   5.500e+01    2.4837757e+05  1.2415901e+03
   5.700e+01    2.6379375e+05  1.3156240e+03
   5.900e+01    2.7778607e+05  1.3884403e+03
   6.100e+01    2.8977729e+05  1.4598160e+03
   6.300e+01    3.0592450e+05  1.5295726e+03
   6.500e+01    3.2066146e+05  1.5975716e+03
   6.700e+01    3.3522925e+05  1.6637093e+03
   6.900e+01    3.4579622e+05  1.7279124e+03
   7.100e+01    3.5975349e+05  1.7901338e+03
   7.300e+01    3.6862820e+05  1.8503482e+03
   7.500e+01    3.8097242e+05  1.9085490e+03
   7.700e+01    3.9413160e+05  1.9647449e+03
   7.900e+01    4.0025798e+05  2.0189570e+03
   4.500e+01    1.7447192e+05  8.6462785e+02
   5.000e+00    2.8228961e+04  1.4213953e+02
   5.100e+01    2.1873593e+05  1.0910136e+03
