#   ncyc_cp         Intensity      Esd(Int.)
   0.000e+00    1.0078441e+06  5.0000000e+03
   1.000e+00    2.3774545e+05  1.1898951e+03
   2.000e+00    2.3943270e+05  1.2023804e+03
   3.000e+00    2.4047007e+05  1.2070770e+03
   4.000e+00    2.4569766e+05  1.2217302e+03
   5.000e+00    2.4123497e+05  1.2002354e+03
   6.000e+00    2.4428004e+05  1.2261437e+03
   7.000e+00    2.4447998e+05  1.2347704e+03
   8.000e+00    2.4497150e+05  1.2249980e+03
   9.000e+00    2.4381516e+05  1.2252830e+03
   1.000e+01    2.4986007e+05  1.2496433e+03
   1.100e+01    2.5930770e+05  1.2988120e+03
   1.200e+01    2.7424383e+05  1.3680910e+03
   1.300e+01    2.9160775e+05  1.4520778e+03
   1.400e+01    3.1050859e+05  1.5457457e+03
   1.500e+01    3.2649378e+05  1.6448166e+03
   1.600e+01    3.4709521e+05  1.7463637e+03
   1.700e+01    3.7077060e+05  1.8475576e+03
   1.800e+01    3.8976972e+05  1.9471491e+03
   1.900e+01    4.0819258e+05  2.0433563e+03
   2.000e+01    4.2401492e+05  2.1359761e+03
   2.100e+01    4.4506061e+05  2.2239019e+03
   2.200e+01    4.6065677e+05  2.3075018e+03
   2.300e+01    4.7843090e+05  2.3860793e+03
   2.400e+01    4.9568837e+05  2.4602714e+03
   2.500e+01    5.0888228e+05  2.5296219e+03
   2.600e+01    5.1397874e+05  2.5948622e+03
   2.700e+01    5.3124892e+05  2.6556738e+03
   2.800e+01    5.4714949e+05  2.7127895e+03
   2.900e+01    5.5456585e+05  2.7659690e+03
   3.000e+01    5.6773467e+05  2.8159014e+03
   3.100e+01    5.7590415e+05  2.8623917e+03
   3.200e+01    5.8116680e+05  2.9060665e+03
   3.300e+01    5.8600268e+05  2.9467575e+03
   3.400e+01    6.0124848e+05  2.9850249e+03
   3.500e+01    6.0513232e+05  3.0207171e+03
   3.600e+01    6.0824073e+05  3.0543299e+03
   3.700e+01    6.1612332e+05  3.0857235e+03
   3.800e+01    6.2403817e+05  3.1153351e+03
   3.900e+01    6.2845531e+05  3.1430335e+03
   4.000e+01    6.3499774e+05  3.1692038e+03
   3.400e+01    5.9759291e+05  2.9850249e+03
   3.700e+01    6.1960575e+05  3.0857235e+03
   3.000e+01    5.6831079e+05  2.8159014e+03
