#   ncyc_cp         Intensity      Esd(Int.)
   0.000e+00    1.0047702e+06  5.0000000e+03
   1.000e+00    3.2903373e+05  1.6376305e+03
   3.000e+00    3.3176203e+05  1.6488895e+03
   5.000e+00    3.2885306e+05  1.6371461e+03
   7.000e+00    3.3351608e+05  1.6662532e+03
   9.000e+00    3.3356080e+05  1.6638607e+03
   1.100e+01    3.2678431e+05  1.6316695e+03
   1.300e+01    3.2827675e+05  1.6447228e+03
   1.500e+01    3.2935469e+05  1.6437260e+03
   1.700e+01    3.2871603e+05  1.6362602e+03
   1.900e+01    3.2711152e+05  1.6437891e+03
   2.100e+01    3.3614343e+05  1.6742846e+03
   2.300e+01    3.4716690e+05  1.7261463e+03
   2.500e+01    3.5915742e+05  1.7943585e+03
   2.700e+01    3.7331949e+05  1.8735573e+03
   2.900e+01    3.9261883e+05  1.9591335e+03
   3.100e+01    4.0819659e+05  2.0474859e+03
   3.300e+01    4.2563010e+05  2.1359600e+03
   3.500e+01    4.4630371e+05  2.2226893e+03
   3.700e+01    4.6240294e+05  2.3064251e+03
   3.900e+01    4.7638863e+05  2.3863847e+03
   4.100e+01    4.8997703e+05  2.4621268e+03
   4.300e+01    5.0340682e+05  2.5334542e+03
   4.500e+01    5.1814123e+05  2.6003391e+03
   4.700e+01    5.3448151e+05  2.6628681e+03
   4.900e+01    5.4519932e+05  2.7212021e+03
   5.100e+01    5.5260516e+05  2.7755470e+03
   5.300e+01    5.6590203e+05  2.8261334e+03
   5.500e+01    5.7194196e+05  2.8732020e+03
   5.700e+01    5.8049807e+05  2.9169944e+03
   5.900e+01    5.8700685e+05  2.9577464e+03
   6.100e+01    6.0421713e+05  2.9956841e+03
   6.300e+01    6.0810881e+05  3.0310213e+03
   6.500e+01    6.1634340e+05  3.0639584e+03
   6.700e+01    6.2317898e+05  3.0946820e+03
   6.900e+01    6.2096418e+05  3.1233648e+03
   7.100e+01    6.2902926e+05  3.1501663e+03
   7.300e+01    6.3302056e+05  3.1752329e+03
   7.500e+01    6.4369685e+05  3.1986993e+03
   7.700e+01    6.4754400e+05  3.2206888e+03
   7.900e+01    6.4773081e+05  3.2413146e+03
   3.500e+01    4.4583439e+05  2.2226893e+03
   1.100e+01    3.2704795e+05  1.6316695e+03
   3.700e+01    4.6397854e+05  2.3064251e+03
