#   ncyc_cp         Intensity      Esd(Int.)
   0.000e+00    9.9165090e+05  5.0000000e+03
   1.000e+00    3.3682671e+05  1.6889718e+03
   3.000e+00    3.4034317e+05  1.7080226e+03
   5.000e+00    3.3844482e+05  1.6965246e+03
   7.000e+00    3.4246579e+05  1.7134112e+03
   9.000e+00    3.4691997e+05  1.7320460e+03
   1.100e+01    3.6273590e+05  1.8254454e+03
   1.300e+01    3.9517325e+05  1.9788684e+03
   1.500e+01    4.3052279e+05  2.1542816e+03
   1.700e+01    4.6421580e+05  2.3274857e+03
   1.900e+01    4.9617209e+05  2.4869809e+03
   2.100e+01    5.2272384e+05  2.6286968e+03
   2.300e+01    5.5089917e+05  2.7523137e+03
   2.500e+01    5.7297590e+05  2.8591850e+03
   2.700e+01    5.8646370e+05  2.9512635e+03
   2.900e+01    6.0779160e+05  3.0305841e+03
   3.100e+01    6.2053901e+05  3.0990370e+03
   3.300e+01    6.3508181e+05  3.1582853e+03
   3.500e+01    6.3863575e+05  3.2097520e+03
   3.700e+01    6.4863167e+05  3.2546361e+03
   3.900e+01    6.5551332e+05  3.2939405e+03
   4.100e+01    6.6693200e+05  3.3285012e+03
   4.300e+01    6.7225331e+05  3.3590149e+03
   4.500e+01    6.7936480e+05  3.3860625e+03
   4.700e+01    6.7957524e+05  3.4101299e+03
   4.900e+01    6.9040284e+05  3.4316246e+03
   5.100e+01    6.8260044e+05  3.4508895e+03
   5.300e+01    6.9180205e+05  3.4682141e+03
   5.500e+01    7.0556668e+05  3.4838440e+03
   5.700e+01    6.9655661e+05  3.4979882e+03
   5.900e+01    6.9695973e+05  3.5108252e+03
   6.100e+01    7.0667135e+05  3.5225083e+03
   6.300e+01    7.0859315e+05  3.5331692e+03
   6.500e+01    7.1348476e+05  3.5429218e+03
   6.700e+01    7.1095774e+05  3.5518650e+03
   6.900e+01    7.1164736e+05  3.5600846e+03
   7.100e+01    7.1174319e+05  3.5676556e+03
   7.300e+01    7.1972121e+05  3.5746438e+03
   7.500e+01    7.1574310e+05  3.5811067e+03
   7.700e+01    7.2331288e+05  3.5870951e+03
   7.900e+01    7.1574149e+05  3.5926541e+03
   4.500e+01    6.7862502e+05  3.3860625e+03
   5.500e+01    6.9724823e+05  3.4838440e+03
   3.700e+01    6.5013012e+05  3.2546361e+03
