#   ncyc_cp         Intensity      Esd(Int.)
   0.000e+00    9.9616503e+05  5.0000000e+03
   1.000e+00    1.4359112e+04  7.2539311e+01
   3.000e+00    1.5495914e+04  7.7086293e+01
   5.000e+00    1.6383713e+04  8.1931996e+01
   7.000e+00    1.7559299e+04  8.7167005e+01
   9.000e+00    1.8415548e+04  9.2531526e+01
   1.100e+01    1.9662996e+04  9.8088840e+01
   1.300e+01    2.0968086e+04  1.0447605e+02
   1.500e+01    2.2111523e+04  1.1112918e+02
   1.700e+01    2.3427371e+04  1.1753168e+02
   1.900e+01    2.4885067e+04  1.2421337e+02
   2.100e+01    2.6518162e+04  1.3227486e+02
   2.300e+01    2.8336633e+04  1.4276416e+02
   2.500e+01    3.1202680e+04  1.5645099e+02
   2.700e+01    3.4820248e+04  1.7384735e+02
   2.900e+01    3.8829263e+04  1.9528116e+02
   3.100e+01    4.3908895e+04  2.2094931e+02
   3.300e+01    5.0026318e+04  2.5094399e+02
   3.500e+01    5.7126987e+04  2.8526383e+02
   3.700e+01    6.4964624e+04  3.2381988e+02
   3.900e+01    7.4021844e+04  3.6644219e+02
   4.100e+01    8.2729855e+04  4.1288908e+02
   4.300e+01    9.3243249e+04  4.6285902e+02
   4.500e+01    1.0332248e+05  5.1600434e+02
   4.700e+01    1.1426043e+05  5.7194551e+02
   4.900e+01    1.2491826e+05  6.3028496e+02
   5.100e+01    1.3711610e+05  6.9061966e+02
   5.300e+01    1.5043860e+05  7.5255187e+02
   5.500e+01    1.6170925e+05  8.1569787e+02
   5.700e+01    1.7618702e+05  8.7969474e+02
   5.900e+01    1.8833487e+05  9.4420504e+02
   6.100e+01    2.0233221e+05  1.0089200e+03
   6.300e+01    2.1395260e+05  1.0735609e+03
   6.500e+01    2.2713776e+05  1.1378799e+03
   6.700e+01    2.3913129e+05  1.2016592e+03
   6.900e+01    2.5406554e+05  1.2647102e+03
   7.100e+01    2.6514952e+05  1.3268716e+03
   7.300e+01    2.7786510e+05  1.3880076e+03
   7.500e+01    2.9241266e+05  1.4480058e+03
   7.700e+01    3.0223773e+05  1.5067750e+03
   7.900e+01    3.1342359e+05  1.5642430e+03
   6.100e+01    2.0162926e+05  1.0089200e+03
   7.500e+01    2.8937153e+05  1.4480058e+03
   5.700e+01    1.7522543e+05  8.7969474e+02
