#   ncyc_cp         Intensity      Esd(Int.)
   0.000e+00    1.0087861e+06  5.0000000e+03
   1.000e+00    1.6724352e+05  8.3575065e+02
   3.000e+00    1.7701284e+05  8.8341609e+02
   5.000e+00    1.8471073e+05  9.3309647e+02
   7.000e+00    1.9717731e+05  9.8713488e+02
   9.000e+00    2.0912107e+05  1.0460100e+03
   1.100e+01    2.1893649e+05  1.1122088e+03
   1.300e+01    2.3786000e+05  1.1933816e+03
   1.500e+01    2.5951551e+05  1.2918789e+03
   1.700e+01    2.8150765e+05  1.4048190e+03
   1.900e+01    3.0462513e+05  1.5272939e+03
   2.100e+01    3.3240449e+05  1.6543732e+03
   2.300e+01    3.5648831e+05  1.7819277e+03
   2.500e+01    3.8251973e+05  1.9068384e+03
   2.700e+01    4.0787789e+05  2.0269365e+03
   2.900e+01    4.2890148e+05  2.1408444e+03
   3.100e+01    4.5023538e+05  2.2477970e+03
   3.300e+01    4.7244420e+05  2.3474784e+03
   3.500e+01    4.8610467e+05  2.4398871e+03
   3.700e+01    5.1005986e+05  2.5252304e+03
   3.900e+01    5.2272909e+05  2.6038465e+03
   4.100e+01    5.3559821e+05  2.6761474e+03
   4.300e+01    5.5033142e+05  2.7425801e+03
   4.500e+01    5.6065845e+05  2.8035998e+03
   4.700e+01    5.7043998e+05  2.8596521e+03
   4.900e+01    5.7985627e+05  2.9111629e+03
   5.100e+01    5.9266592e+05  2.9585321e+03
   5.300e+01    6.0372020e+05  3.0021303e+03
   5.500e+01    6.1344690e+05  3.0422984e+03
   5.700e+01    6.1523505e+05  3.0793477e+03
   5.900e+01    6.2281236e+05  3.1135613e+03
   6.100e+01    6.2863463e+05  3.1451955e+03
   6.300e+01    6.2651422e+05  3.1744826e+03
   6.500e+01    6.3701269e+05  3.2016320e+03
   6.700e+01    6.4071377e+05  3.2268329e+03
   6.900e+01    6.5128283e+05  3.2502556e+03
   7.100e+01    6.5867068e+05  3.2720542e+03
   7.300e+01    6.5587870e+05  3.2923674e+03
   7.500e+01    6.6392412e+05  3.3113205e+03
   7.700e+01    6.6551938e+05  3.3290267e+03
   7.900e+01    6.7121315e+05  3.3455884e+03
   4.900e+01    5.8166666e+05  2.9111629e+03
   6.700e+01    6.4730463e+05  3.2268329e+03
   7.500e+01    6.6054679e+05  3.3113205e+03
