#   ncyc_cp         Intensity      Esd(Int.)
   0.000e+00    9.9880517e+05  5.0000000e+03
   1.000e+00    8.4277084e+04  4.2276494e+02
   2.000e+00    8.7247107e+04  4.3607244e+02
   3.000e+00    9.0156905e+04  4.5039561e+02
   4.000e+00    9.2598017e+04  4.6345845e+02
   5.000e+00    9.5540380e+04  4.7541018e+02
   6.000e+00    9.7379398e+04  4.9233641e+02
   7.000e+00    1.0152326e+05  5.0500425e+02
   8.000e+00    1.0362705e+05  5.1452504e+02
   9.000e+00    1.0639511e+05  5.2908646e+02
   1.000e+01    1.1018144e+05  5.5449456e+02
   1.100e+01    1.1865614e+05  5.9273776e+02
   1.200e+01    1.2964797e+05  6.4352407e+02
   1.300e+01    1.4145635e+05  7.0554548e+02
   1.400e+01    1.5583428e+05  7.7711010e+02
   1.500e+01    1.7004406e+05  8.5642347e+02
   1.600e+01    1.8890817e+05  9.4172280e+02
   1.700e+01    2.0649991e+05  1.0313518e+03
   1.800e+01    2.2493685e+05  1.1238065e+03
   1.900e+01    2.4403655e+05  1.2177612e+03
   2.000e+01    2.6247646e+05  1.3120791e+03
   2.100e+01    2.8083557e+05  1.4058115e+03
   2.200e+01    3.0264223e+05  1.4981871e+03
   2.300e+01    3.1864557e+05  1.5885968e+03
   2.400e+01    3.3617179e+05  1.6765744e+03
   2.500e+01    3.5586648e+05  1.7617776e+03
   2.600e+01    3.6920096e+05  1.8439681e+03
   2.700e+01    3.8619489e+05  1.9229938e+03
   2.800e+01    3.9742170e+05  1.9987729e+03
   2.900e+01    4.1579962e+05  2.0712796e+03
   3.000e+01    4.2718575e+05  2.1405319e+03
   3.100e+01    4.4059773e+05  2.2065817e+03
   3.200e+01    4.5641600e+05  2.2695062e+03
   3.300e+01    4.6700558e+05  2.3294009e+03
   3.400e+01    4.8135704e+05  2.3863743e+03
   3.500e+01    4.8625582e+05  2.4405432e+03
   3.600e+01    5.0127344e+05  2.4920295e+03
   3.700e+01    5.0906995e+05  2.5409571e+03
   3.800e+01    5.1540652e+05  2.5874497e+03
   3.900e+01    5.2789104e+05  2.6316297e+03
   4.000e+01    5.3037686e+05  2.6736167e+03
   1.000e+00    8.4682877e+04  4.2276494e+02
   1.700e+01    2.0579427e+05  1.0313518e+03
   2.200e+01    2.9812753e+05  1.4981871e+03
