#   ncyc_cp         Intensity      Esd(Int.)
   0.000e+00    1.0006008e+06  5.0000000e+03
   1.000e+00    1.6987506e+05  8.4655354e+02
   2.000e+00    1.7750749e+05  8.7625945e+02
   3.000e+00    1.8172558e+05  9.0033393e+02
   4.000e+00    1.8578682e+05  9.3100454e+02
   5.000e+00    1.9063693e+05  9.5860175e+02
   6.000e+00    1.9936223e+05  9.9011874e+02
   7.000e+00    2.0911212e+05  1.0480575e+03
   8.000e+00    2.2712250e+05  1.1365891e+03
   9.000e+00    2.4977584e+05  1.2494057e+03
   1.000e+01    2.7658664e+05  1.3780455e+03
   1.100e+01    3.0188814e+05  1.5149410e+03
   1.200e+01    3.3112243e+05  1.6541688e+03
   1.300e+01    3.6150561e+05  1.7914392e+03
   1.400e+01    3.8247464e+05  1.9238512e+03
   1.500e+01    4.1133010e+05  2.0495946e+03
   1.600e+01    4.3335840e+05  2.1676710e+03
   1.700e+01    4.5801608e+05  2.2776592e+03
   1.800e+01    4.7437545e+05  2.3795319e+03
   1.900e+01    4.9452811e+05  2.4735176e+03
   2.000e+01    5.1257532e+05  2.5600008e+03
   2.100e+01    5.2922332e+05  2.6394529e+03
   2.200e+01    5.4288099e+05  2.7123840e+03
   2.300e+01    5.5596141e+05  2.7793115e+03
   2.400e+01    5.6545806e+05  2.8407407e+03
   2.500e+01    5.7700379e+05  2.8971520e+03
   2.600e+01    5.8852337e+05  2.9489951e+03
   2.700e+01    5.9947677e+05  2.9966852e+03
   2.800e+01    6.1001570e+05  3.0406030e+03
   2.900e+01    6.1437444e+05  3.0810951e+03
   3.000e+01    6.1956060e+05  3.1184759e+03
   3.100e+01    6.3112762e+05  3.1530297e+03
   3.200e+01    6.3826377e+05  3.1850130e+03
   3.300e+01    6.3271115e+05  3.2146571e+03
   3.400e+01    6.5162406e+05  3.2421703e+03
   3.500e+01    6.5972272e+05  3.2677403e+03
   3.600e+01    6.5829751e+05  3.2915360e+03
   3.700e+01    6.6181227e+05  3.3137100e+03
   3.800e+01    6.6594188e+05  3.3343994e+03
   3.900e+01    6.7204707e+05  3.3537283e+03
   4.000e+01    6.7491390e+05  3.3718086e+03
   1.500e+01    4.0804328e+05  2.0495946e+03
   1.600e+01    4.3494385e+05  2.1676710e+03
   4.000e+01    6.7387181e+05  3.3718086e+03
