#   ncyc_cp         Intensity      Esd(Int.)
   0.000e+00    9.8895771e+05  5.0000000e+03
   1.000e+00    4.5715668e+05  2.2801685e+03
   2.000e+00    4.9035627e+05  2.4475587e+03
   3.000e+00    5.4081426e+05  2.7157534e+03
   4.000e+00    5.8919387e+05  2.9764589e+03
   5.000e+00    6.3353952e+05  3.1735231e+03
   6.000e+00    6.6395586e+05  3.3135387e+03
   7.000e+00    6.7640364e+05  3.4128019e+03
   8.000e+00    6.9561451e+05  3.4843415e+03
   9.000e+00    7.0635018e+05  3.5370218e+03
   1.000e+01    7.1747092e+05  3.5766689e+03
   1.100e+01    7.2359559e+05  3.6071213e+03
   1.200e+01    7.2055942e+05  3.6309477e+03
   1.300e+01    7.2871474e+05  3.6499011e+03
   1.400e+01    7.3225740e+05  3.6652026e+03
   1.500e+01    7.3601356e+05  3.6777200e+03
   1.600e+01    7.4244215e+05  3.6880815e+03
   1.700e+01    7.4096783e+05  3.6967496e+03
   1.800e+01    7.4138830e+05  3.7040707e+03
   1.900e+01    7.4520525e+05  3.7103078e+03
   2.000e+01    7.3529301e+05  3.7156630e+03
   2.100e+01    7.4191686e+05  3.7202939e+03
   2.200e+01    7.4310849e+05  3.7243248e+03
   2.300e+01    7.4724027e+05  3.7278544e+03
   2.400e+01    7.5007414e+05  3.7309621e+03
   2.500e+01    7.4901640e+05  3.7337123e+03
   2.600e+01    7.4127315e+05  3.7361575e+03
   2.700e+01    7.4421319e+05  3.7383411e+03
   2.800e+01    7.4668582e+05  3.7402990e+03
   2.900e+01    7.4934612e+05  3.7420612e+03
   3.000e+01    7.4369458e+05  3.7436528e+03
   3.100e+01    7.4527328e+05  3.7450952e+03
   3.200e+01    7.4802698e+05  3.7464064e+03
   3.300e+01    7.5203630e+05  3.7476018e+03
   3.400e+01    7.4965222e+05  3.7486946e+03
   3.500e+01    7.4873610e+05  3.7496963e+03
   3.600e+01    7.5463073e+05  3.7506168e+03
   3.700e+01    7.4991396e+05  3.7514645e+03
   3.800e+01    7.5217701e+05  3.7522469e+03
   3.900e+01    7.4550817e+05  3.7529706e+03
   4.000e+01    7.5254281e+05  3.7536414e+03
   5.000e+00    6.3970806e+05  3.1735231e+03
   3.300e+01    7.4370318e+05  3.7476018e+03
   1.900e+01    7.4137035e+05  3.7103078e+03
