#   ncyc_cp         Intensity      Esd(Int.)
   0.000e+00    1.0036404e+06  5.0000000e+03
   1.000e+00    8.0588478e+04  4.0388038e+02
   3.000e+00    8.6029280e+04  4.2429091e+02
   5.000e+00    8.7696274e+04  4.4596756e+02
   7.000e+00    9.3577921e+04  4.6751949e+02
   9.000e+00    9.8019590e+04  4.9085860e+02
   1.100e+01    1.0369007e+05  5.1629524e+02
   1.300e+01    1.0676621e+05  5.4122052e+02
   1.500e+01    1.1486915e+05  5.6994293e+02
   1.700e+01    1.2118143e+05  6.0808453e+02
   1.900e+01    1.3123226e+05  6.5846428e+02
   2.100e+01    1.4425292e+05  7.2131331e+02
   2.300e+01    1.5905781e+05  7.9541593e+02
   2.500e+01    1.7729778e+05  8.7890824e+02
   2.700e+01    1.9373777e+05  9.6971425e+02
   2.900e+01    2.1583857e+05  1.0657790e+03
   3.100e+01    2.3383489e+05  1.1651976e+03
   3.300e+01    2.5541736e+05  1.2662843e+03
   3.500e+01    2.7541752e+05  1.3676037e+03
   3.700e+01    2.9529215e+05  1.4679752e+03
   3.900e+01    3.1036965e+05  1.5664605e+03
   4.100e+01    3.3396209e+05  1.6623404e+03
   4.300e+01    3.4748284e+05  1.7550869e+03
   4.500e+01    3.7045387e+05  1.8443334e+03
   4.700e+01    3.8364895e+05  1.9298465e+03
   4.900e+01    4.0150807e+05  2.0114997e+03
   5.100e+01    4.1658096e+05  2.0892510e+03
   5.300e+01    4.2919734e+05  2.1631232e+03
   5.500e+01    4.4836121e+05  2.2331878e+03
   5.700e+01    4.5968797e+05  2.2995519e+03
   5.900e+01    4.7448145e+05  2.3623472e+03
   6.100e+01    4.8573613e+05  2.4217222e+03
   6.300e+01    4.9459482e+05  2.4778350e+03
   6.500e+01    5.0783359e+05  2.5308489e+03
   6.700e+01    5.1807937e+05  2.5809278e+03
   6.900e+01    5.2384942e+05  2.6282343e+03
   7.100e+01    5.3445257e+05  2.6729268e+03
   7.300e+01    5.4236110e+05  2.7151586e+03
   7.500e+01    5.5611734e+05  2.7550767e+03
   7.700e+01    5.5616595e+05  2.7928213e+03
   7.900e+01    5.6455934e+05  2.8285253e+03
   6.900e+01    5.2571952e+05  2.6282343e+03
   5.900e+01    4.7268609e+05  2.3623472e+03
   1.900e+01    1.3202167e+05  6.5846428e+02
