#   ncyc_cp         Intensity      Esd(Int.)
   0.000e+00    1.0012895e+06  5.0000000e+03
   1.000e+00    3.6879941e+05  1.8498506e+03
   2.000e+00    3.8521839e+05  1.9128565e+03
   3.000e+00    3.9545907e+05  1.9782958e+03
   4.000e+00    4.0683200e+05  2.0462195e+03
   5.000e+00    4.2565677e+05  2.1160011e+03
   6.000e+00    4.3679435e+05  2.1873600e+03
   7.000e+00    4.5593292e+05  2.2602524e+03
   8.000e+00    4.6758707e+05  2.3343716e+03
   9.000e+00    4.8010572e+05  2.4090427e+03
   1.000e+01    4.9563425e+05  2.4833983e+03
   1.100e+01    5.1556544e+05  2.5565271e+03
   1.200e+01    5.2348707e+05  2.6276407e+03
   1.300e+01    5.4083707e+05  2.6960857e+03
   1.400e+01    5.5000934e+05  2.7614128e+03
   1.500e+01    5.6087844e+05  2.8233092e+03
   1.600e+01    5.8385809e+05  2.8816326e+03
   1.700e+01    5.8910069e+05  2.9363248e+03
   1.800e+01    5.9537317e+05  2.9874426e+03
   1.900e+01    6.0815085e+05  3.0350770e+03
   2.000e+01    6.1771796e+05  3.0793887e+03
   2.100e+01    6.2078818e+05  3.1205392e+03
   2.200e+01    6.2910962e+05  3.1587297e+03
   2.300e+01    6.3962096e+05  3.1941434e+03
   2.400e+01    6.4818347e+05  3.2269860e+03
   2.500e+01    6.5110953e+05  3.2574361e+03
   2.600e+01    6.5626630e+05  3.2856853e+03
   2.700e+01    6.6560026e+05  3.3118956e+03
   2.800e+01    6.7079339e+05  3.3362374e+03
   2.900e+01    6.7282331e+05  3.3588515e+03
   3.000e+01    6.7696098e+05  3.3798851e+03
   3.100e+01    6.7922533e+05  3.3994582e+03
   3.200e+01    6.8337998e+05  3.4176960e+03
   3.300e+01    6.8746170e+05  3.4346989e+03
   3.400e+01    6.8776682e+05  3.4505725e+03
   3.500e+01    6.8899667e+05  3.4654006e+03
   3.600e+01    6.9337819e+05  3.4792719e+03
   3.700e+01    6.9593865e+05  3.4922556e+03
   3.800e+01    7.0031990e+05  3.5044262e+03
   3.900e+01    7.0095527e+05  3.5158410e+03
   4.000e+01    7.0988247e+05  3.5265625e+03
   2.900e+01    6.7726691e+05  3.3588515e+03
   8.000e+00    4.6706658e+05  2.3343716e+03
   3.600e+01    6.9255199e+05  3.4792719e+03
