#   ncyc_cp         Intensity      Esd(Int.)
   0.000e+00    9.9724292e+05  5.0000000e+03
   1.000e+00    1.9246306e+05  9.6147668e+02
   2.000e+00    1.9817001e+05  9.9493928e+02
   3.000e+00    2.0218446e+05  1.0102813e+03
   4.000e+00    2.1090565e+05  1.0591298e+03
   5.000e+00    2.1882714e+05  1.0950825e+03
   6.000e+00    2.3058335e+05  1.1516964e+03
   7.000e+00    2.4958372e+05  1.2485672e+03
   8.000e+00    2.7657176e+05  1.3782160e+03
   9.000e+00    3.0353725e+05  1.5272014e+03
   1.000e+01    3.3928522e+05  1.6840967e+03
   1.100e+01    3.6723182e+05  1.8405271e+03
   1.200e+01    3.9684313e+05  1.9913576e+03
   1.300e+01    4.2642800e+05  2.1332919e+03
   1.400e+01    4.5558451e+05  2.2650138e+03
   1.500e+01    4.7972503e+05  2.3857994e+03
   1.600e+01    5.0217720e+05  2.4960085e+03
   1.700e+01    5.1841341e+05  2.5959449e+03
   1.800e+01    5.4051816e+05  2.6865251e+03
   1.900e+01    5.5389703e+05  2.7683522e+03
   2.000e+01    5.7284879e+05  2.8424164e+03
   2.100e+01    5.8711267e+05  2.9093271e+03
   2.200e+01    5.9245356e+05  2.9699734e+03
   2.300e+01    6.0533088e+05  3.0248742e+03
   2.400e+01    6.1351936e+05  3.0747741e+03
   2.500e+01    6.3117253e+05  3.1200844e+03
   2.600e+01    6.3291666e+05  3.1614106e+03
   2.700e+01    6.4048167e+05  3.1990670e+03
   2.800e+01    6.4675718e+05  3.2335412e+03
   2.900e+01    6.4856769e+05  3.2650688e+03
   3.000e+01    6.5562122e+05  3.2940416e+03
   3.100e+01    6.6195161e+05  3.3206341e+03
   3.200e+01    6.6884676e+05  3.3451627e+03
   3.300e+01    6.8247322e+05  3.3677550e+03
   3.400e+01    6.7979890e+05  3.3886684e+03
   3.500e+01    6.7923358e+05  3.4079953e+03
   3.600e+01    6.8346589e+05  3.4259468e+03
   3.700e+01    6.8658088e+05  3.4425889e+03
   3.800e+01    6.9371578e+05  3.4580961e+03
   3.900e+01    6.9051834e+05  3.4725150e+03
   4.000e+01    7.0121568e+05  3.4859912e+03
   2.700e+01    6.4320557e+05  3.1990670e+03
   3.000e+01    6.5739159e+05  3.2940416e+03
   2.500e+01    6.2112179e+05  3.1200844e+03
