#   ncyc_cp         Intensity      Esd(Int.)
   0.000e+00    9.9589146e+05  5.0000000e+03
   1.000e+00    8.0666480e+04  4.0134363e+02
   2.000e+00    8.2794991e+04  4.1401243e+02
   3.000e+00    8.6104524e+04  4.2997285e+02
   4.000e+00    8.7823411e+04  4.3704035e+02
   5.000e+00    9.0770257e+04  4.5215384e+02
   6.000e+00    9.3428223e+04  4.7245070e+02
   7.000e+00    9.6577201e+04  4.8510536e+02
   8.000e+00    9.9934843e+04  4.9783108e+02
   9.000e+00    1.0476270e+05  5.2100309e+02
   1.000e+01    1.1150102e+05  5.5910139e+02
   1.100e+01    1.2357229e+05  6.1247285e+02
   1.200e+01    1.3610555e+05  6.7955879e+02
   1.300e+01    1.5235411e+05  7.5814688e+02
   1.400e+01    1.6935898e+05  8.4599524e+02
   1.500e+01    1.8964008e+05  9.4064527e+02
   1.600e+01    2.0617965e+05  1.0402068e+03
   1.700e+01    2.2800381e+05  1.1424830e+03
   1.800e+01    2.5023639e+05  1.2461772e+03
   1.900e+01    2.7033729e+05  1.3495344e+03
   2.000e+01    2.8978825e+05  1.4518543e+03
   2.100e+01    3.0677293e+05  1.5518346e+03
   2.200e+01    3.2888771e+05  1.6492582e+03
   2.300e+01    3.4843626e+05  1.7432000e+03
   2.400e+01    3.6582931e+05  1.8337827e+03
   2.500e+01    3.8496586e+05  1.9203607e+03
   2.600e+01    4.0184644e+05  2.0032691e+03
   2.700e+01    4.1671519e+05  2.0820549e+03
   2.800e+01    4.3236876e+05  2.1571699e+03
   2.900e+01    4.4542507e+05  2.2282876e+03
   3.000e+01    4.5676802e+05  2.2959112e+03
   3.100e+01    4.7319779e+05  2.3597949e+03
   3.200e+01    4.8394416e+05  2.4204520e+03
   3.300e+01    4.9524090e+05  2.4776869e+03
   3.400e+01    5.0356058e+05  2.5319988e+03
   3.500e+01    5.1678101e+05  2.5832234e+03
   3.600e+01    5.2363813e+05  2.6318323e+03
   3.700e+01    5.3590110e+05  2.6776807e+03
   3.800e+01    5.4914109e+05  2.7212067e+03
   3.900e+01    5.5100669e+05  2.7622778e+03
   4.000e+01    5.6337035e+05  2.8012966e+03
   1.100e+01    1.2170713e+05  6.1247285e+02
   1.300e+01    1.5177428e+05  7.5814688e+02
   2.300e+01    3.4940092e+05  1.7432000e+03
