#   ncyc_cp         Intensity      Esd(Int.)
   0.000e+00    1.0025399e+06  5.0000000e+03
   1.000e+00    9.0669534e+04  4.5365506e+02
   2.000e+00    9.2627094e+04  4.6584858e+02
   3.000e+00    9.6245546e+04  4.8054578e+02
   4.000e+00    9.8470951e+04  4.8882723e+02
   5.000e+00    9.9640540e+04  4.9818613e+02
   6.000e+00    1.0351694e+05  5.1856742e+02
   7.000e+00    1.0712004e+05  5.3231533e+02
   8.000e+00    1.0630568e+05  5.4075859e+02
   9.000e+00    1.1114297e+05  5.5506540e+02
   1.000e+01    1.1645457e+05  5.8227054e+02
   1.100e+01    1.2431625e+05  6.2431720e+02
   1.200e+01    1.3691659e+05  6.8035062e+02
   1.300e+01    1.4955028e+05  7.4853610e+02
   1.400e+01    1.6447285e+05  8.2675048e+02
   1.500e+01    1.8378122e+05  9.1270520e+02
   1.600e+01    2.0066713e+05  1.0045191e+03
   1.700e+01    2.2055223e+05  1.1000724e+03
   1.800e+01    2.3908322e+05  1.1980172e+03
   1.900e+01    2.5900341e+05  1.2965931e+03
   2.000e+01    2.7858237e+05  1.3950139e+03
   2.100e+01    2.9719085e+05  1.4919181e+03
   2.200e+01    3.1736977e+05  1.5869962e+03
   2.300e+01    3.3817025e+05  1.6792401e+03
   2.400e+01    3.5785929e+05  1.7686914e+03
   2.500e+01    3.6997194e+05  1.8546181e+03
   2.600e+01    3.8613609e+05  1.9372929e+03
   2.700e+01    4.0329008e+05  2.0161834e+03
   2.800e+01    4.1662158e+05  2.0916985e+03
   2.900e+01    4.3222453e+05  2.1634427e+03
   3.000e+01    4.4807608e+05  2.2318932e+03
   3.100e+01    4.6065379e+05  2.2967461e+03
   3.200e+01    4.7176309e+05  2.3585020e+03
   3.300e+01    4.8736279e+05  2.4169168e+03
   3.400e+01    4.9355621e+05  2.4724870e+03
   3.500e+01    5.0283587e+05  2.5250077e+03
   3.600e+01    5.1288585e+05  2.5749548e+03
   3.700e+01    5.2738744e+05  2.6221493e+03
   3.800e+01    5.3418332e+05  2.6670382e+03
   3.900e+01    5.4340812e+05  2.7094602e+03
   4.000e+01    5.5117718e+05  2.7498298e+03
   3.400e+01    4.9073905e+05  2.4724870e+03
   1.700e+01    2.1952565e+05  1.1000724e+03
   2.000e+00    9.1904188e+04  4.6584858e+02
