#   ncyc_cp         Intensity      Esd(Int.)
   0.000e+00    1.0002280e+06  5.0000000e+03
   1.000e+00    5.6702762e+05  2.8449211e+03
   2.000e+00    5.7895191e+05  2.8896765e+03
   3.000e+00    5.8975556e+05  2.9351900e+03
   4.000e+00    5.9087777e+05  2.9813127e+03
   5.000e+00    6.0339317e+05  3.0278776e+03
   6.000e+00    6.1157196e+05  3.0746354e+03
   7.000e+00    6.2309208e+05  3.1211017e+03
   8.000e+00    6.2911373e+05  3.1666284e+03
   9.000e+00    6.4047247e+05  3.2105651e+03
   1.000e+01    6.4597926e+05  3.2523770e+03
   1.100e+01    6.6185898e+05  3.2916926e+03
   1.200e+01    6.6849400e+05  3.3283027e+03
   1.300e+01    6.7236173e+05  3.3621352e+03
   1.400e+01    6.7930986e+05  3.3932222e+03
   1.500e+01    6.8738222e+05  3.4216676e+03
   1.600e+01    6.8923930e+05  3.4476209e+03
   1.700e+01    6.9171758e+05  3.4712567e+03
   1.800e+01    6.9611847e+05  3.4927602e+03
   1.900e+01    7.0074537e+05  3.5123164e+03
   2.000e+01    7.0536077e+05  3.5301044e+03
   2.100e+01    7.1236037e+05  3.5462926e+03
   2.200e+01    7.1738946e+05  3.5610376e+03
   2.300e+01    7.1962644e+05  3.5744823e+03
   2.400e+01    7.1723397e+05  3.5867569e+03
   2.500e+01    7.2109851e+05  3.5979785e+03
   2.600e+01    7.2273342e+05  3.6082527e+03
   2.700e+01    7.1830492e+05  3.6176736e+03
   2.800e+01    7.2508703e+05  3.6263258e+03
   2.900e+01    7.2759457e+05  3.6342845e+03
   3.000e+01    7.3201885e+05  3.6416169e+03
   3.100e+01    7.3359396e+05  3.6483829e+03
   3.200e+01    7.3791481e+05  3.6546363e+03
   3.300e+01    7.3902801e+05  3.6604246e+03
   3.400e+01    7.2592033e+05  3.6657906e+03
   3.500e+01    7.3198701e+05  3.6707726e+03
   3.600e+01    7.3258297e+05  3.6754048e+03
   3.700e+01    7.3534996e+05  3.6797178e+03
   3.800e+01    7.3929063e+05  3.6837392e+03
   3.900e+01    7.4326622e+05  3.6874938e+03
   4.000e+01    7.4336450e+05  3.6910040e+03
   7.000e+00    6.2390647e+05  3.1211017e+03
   2.300e+01    7.0758182e+05  3.5744823e+03
   3.500e+01    7.4006164e+05  3.6707726e+03
