#   ncyc_cp         Intensity      Esd(Int.)
   0.000e+00    1.0100802e+06  5.0000000e+03
   1.000e+00    1.0077004e+05  5.0430370e+02
   2.000e+00    1.0723114e+05  5.3277254e+02
   3.000e+00    1.1220826e+05  5.6219535e+02
   4.000e+00    1.1838351e+05  5.9363982e+02
   5.000e+00    1.2537006e+05  6.3032494e+02
   6.000e+00    1.3352097e+05  6.6931654e+02
   7.000e+00    1.4225517e+05  7.1091028e+02
   8.000e+00    1.5097294e+05  7.5867782e+02
   9.000e+00    1.6276051e+05  8.1557826e+02
   1.000e+01    1.7762269e+05  8.8257997e+02
   1.100e+01    1.9201453e+05  9.5911051e+02
   1.200e+01    2.0877861e+05  1.0437859e+03
   1.300e+01    2.2816413e+05  1.1347676e+03
   1.400e+01    2.4591886e+05  1.2302904e+03
   1.500e+01    2.6585883e+05  1.3285119e+03
   1.600e+01    2.8639891e+05  1.4279963e+03
   1.700e+01    3.0419166e+05  1.5272918e+03
   1.800e+01    3.2761272e+05  1.6254515e+03
   1.900e+01    3.4289081e+05  1.7214703e+03
   2.000e+01    3.6198346e+05  1.8148436e+03
   2.100e+01    3.7941954e+05  1.9049430e+03
   2.200e+01    3.9822157e+05  1.9915952e+03
   2.300e+01    4.1755509e+05  2.0744470e+03
   2.400e+01    4.2814880e+05  2.1535453e+03
   2.500e+01    4.4689497e+05  2.2287194e+03
   2.600e+01    4.6295620e+05  2.3001480e+03
   2.700e+01    4.7209157e+05  2.3677727e+03
   2.800e+01    4.8336926e+05  2.4318411e+03
   2.900e+01    4.9813075e+05  2.4923584e+03
   3.000e+01    5.0870303e+05  2.5496006e+03
   3.100e+01    5.1665338e+05  2.6036049e+03
   3.200e+01    5.3042443e+05  2.6546507e+03
   3.300e+01    5.3874233e+05  2.7027883e+03
   3.400e+01    5.5060362e+05  2.7482862e+03
   3.500e+01    5.5949061e+05  2.7911967e+03
   3.600e+01    5.6189330e+05  2.8317702e+03
   3.700e+01    5.7114056e+05  2.8700551e+03
   3.800e+01    5.8156885e+05  2.9062807e+03
   3.900e+01    5.8891155e+05  2.9404888e+03
   4.000e+01    5.9677264e+05  2.9728868e+03
   3.200e+01    5.3313325e+05  2.6546507e+03
   2.000e+00    1.0629353e+05  5.3277254e+02
   1.000e+01    1.7555965e+05  8.8257997e+02
