#   ncyc_cp         Intensity      Esd(Int.)
   0.000e+00    9.9571688e+05  5.0000000e+03
   1.000e+00    3.8599285e+05  1.9280009e+03
   3.000e+00    3.9956250e+05  2.0004847e+03
   5.000e+00    4.1774355e+05  2.0760019e+03
   7.000e+00    4.2916816e+05  2.1546346e+03
   9.000e+00    4.4481297e+05  2.2362200e+03
   1.100e+01    4.6581531e+05  2.3206920e+03
   1.300e+01    4.7899953e+05  2.4073273e+03
   1.500e+01    5.0211645e+05  2.4946064e+03
   1.700e+01    5.2100168e+05  2.5807195e+03
   1.900e+01    5.3039294e+05  2.6640276e+03
   2.100e+01    5.5141478e+05  2.7432866e+03
   2.300e+01    5.6048825e+05  2.8176887e+03
   2.500e+01    5.7723671e+05  2.8868106e+03
   2.700e+01    5.9901127e+05  2.9505287e+03
   2.900e+01    6.0251243e+05  3.0089330e+03
   3.100e+01    6.1979241e+05  3.0622540e+03
   3.300e+01    6.1947877e+05  3.1108061e+03
   3.500e+01    6.2801024e+05  3.1549457e+03
   3.700e+01    6.3960383e+05  3.1950433e+03
   3.900e+01    6.4514116e+05  3.2314644e+03
   4.100e+01    6.5062303e+05  3.2645579e+03
   4.300e+01    6.5788518e+05  3.2946501e+03
   4.500e+01    6.5904412e+05  3.3220408e+03
   4.700e+01    6.6928439e+05  3.3470032e+03
   4.900e+01    6.6874877e+05  3.3697839e+03
   5.100e+01    6.7551074e+05  3.3906044e+03
   5.300e+01    6.8963338e+05  3.4096631e+03
   5.500e+01    6.9013052e+05  3.4271372e+03
   5.700e+01    6.8727199e+05  3.4431845e+03
   5.900e+01    6.9360635e+05  3.4579456e+03
   6.100e+01    6.9850135e+05  3.4715460e+03
   6.300e+01    6.9127563e+05  3.4840972e+03
   6.500e+01    6.9195325e+05  3.4956986e+03
   6.700e+01    7.0504510e+05  3.5064391e+03
   6.900e+01    7.0540369e+05  3.5163978e+03
   7.100e+01    7.0535682e+05  3.5256456e+03
   7.300e+01    7.0920138e+05  3.5342459e+03
   7.500e+01    7.1085020e+05  3.5422555e+03
   7.700e+01    7.1126004e+05  3.5497254e+03
   7.900e+01    7.1101463e+05  3.5567014e+03
   3.900e+01    6.4915893e+05  3.2314644e+03
   4.300e+01    6.6535962e+05  3.2946501e+03
   3.100e+01    6.1384577e+05  3.0622540e+03
