#   ncyc_cp         Intensity      Esd(Int.)
   0.000e+00    1.0079383e+06  5.0000000e+03
   1.000e+00    1.8168206e+05  9.1537762e+02
   2.000e+00    1.9176342e+05  9.7032191e+02
   3.000e+00    2.0662027e+05  1.0287918e+03
   4.000e+00    2.1927033e+05  1.0917798e+03
   5.000e+00    2.3195465e+05  1.1589994e+03
   6.000e+00    2.4522092e+05  1.2301571e+03
   7.000e+00    2.6058101e+05  1.3057938e+03
   8.000e+00    2.7734831e+05  1.3863601e+03
   9.000e+00    2.9600451e+05  1.4716587e+03
   1.000e+01    3.1146992e+05  1.5608975e+03
   1.100e+01    3.2955189e+05  1.6528708e+03
   1.200e+01    3.5030607e+05  1.7463052e+03
   1.300e+01    3.6837476e+05  1.8398960e+03
   1.400e+01    3.8790124e+05  1.9325657e+03
   1.500e+01    4.0174145e+05  2.0233301e+03
   1.600e+01    4.2411752e+05  2.1115031e+03
   1.700e+01    4.4209953e+05  2.1964830e+03
   1.800e+01    4.5121725e+05  2.2779415e+03
   1.900e+01    4.7328114e+05  2.3555861e+03
   2.000e+01    4.8659815e+05  2.4293461e+03
   2.100e+01    5.0143874e+05  2.4991391e+03
   2.200e+01    5.0935012e+05  2.5650549e+03
   2.300e+01    5.2991764e+05  2.6271369e+03
   2.400e+01    5.3982026e+05  2.6855617e+03
   2.500e+01    5.4675623e+05  2.7404388e+03
   2.600e+01    5.5951322e+05  2.7919827e+03
   2.700e+01    5.6795650e+05  2.8403307e+03
   2.800e+01    5.7967316e+05  2.8857053e+03
   2.900e+01    5.8297676e+05  2.9282489e+03
   3.000e+01    5.8956432e+05  2.9681753e+03
   3.100e+01    6.0347464e+05  3.0056200e+03
   3.200e+01    6.0704995e+05  3.0407800e+03
   3.300e+01    6.1142821e+05  3.0737777e+03
   3.400e+01    6.2389005e+05  3.1047903e+03
   3.500e+01    6.2988163e+05  3.1339251e+03
   3.600e+01    6.2987854e+05  3.1613389e+03
   3.700e+01    6.3822903e+05  3.1871242e+03
   3.800e+01    6.3563327e+05  3.2114185e+03
   3.900e+01    6.4690743e+05  3.2343002e+03
   4.000e+01    6.5938073e+05  3.2558893e+03
   3.300e+01    6.1738805e+05  3.0737777e+03
   3.100e+01    5.9958412e+05  3.0056200e+03
   2.000e+01    4.8913105e+05  2.4293461e+03
