#   ncyc_cp         Intensity      Esd(Int.)
   0.000e+00    1.0040214e+06  5.0000000e+03
   1.000e+00    3.5905524e+05  1.7865637e+03
   2.000e+00    3.6790123e+05  1.8461066e+03
   3.000e+00    3.8830181e+05  1.9346506e+03
   4.000e+00    4.1575065e+05  2.0831421e+03
   5.000e+00    4.5314368e+05  2.2859103e+03
   6.000e+00    5.0156690e+05  2.4953911e+03
   7.000e+00    5.3907819e+05  2.6852481e+03
   8.000e+00    5.6992777e+05  2.8474083e+03
   9.000e+00    5.9443700e+05  2.9823299e+03
   1.000e+01    6.1419258e+05  3.0934898e+03
   1.100e+01    6.4216195e+05  3.1849472e+03
   1.200e+01    6.4805818e+05  3.2604254e+03
   1.300e+01    6.6267300e+05  3.3230509e+03
   1.400e+01    6.7140629e+05  3.3753493e+03
   1.500e+01    6.8540913e+05  3.4193260e+03
   1.600e+01    6.9976357e+05  3.4565634e+03
   1.700e+01    6.9232689e+05  3.4883098e+03
   1.800e+01    7.0767718e+05  3.5155527e+03
   1.900e+01    7.0839253e+05  3.5390768e+03
   2.000e+01    7.1313334e+05  3.5595097e+03
   2.100e+01    7.1760475e+05  3.5773561e+03
   2.200e+01    7.1350066e+05  3.5930247e+03
   2.300e+01    7.1885241e+05  3.6068486e+03
   2.400e+01    7.2210269e+05  3.6191010e+03
   2.500e+01    7.3344309e+05  3.6300073e+03
   2.600e+01    7.3175411e+05  3.6397546e+03
   2.700e+01    7.3012752e+05  3.6484991e+03
   2.800e+01    7.2931325e+05  3.6563721e+03
   2.900e+01    7.3445196e+05  3.6634842e+03
   3.000e+01    7.3516635e+05  3.6699294e+03
   3.100e+01    7.3794699e+05  3.6757876e+03
   3.200e+01    7.3167776e+05  3.6811273e+03
   3.300e+01    7.3281237e+05  3.6860076e+03
   3.400e+01    7.4208580e+05  3.6904791e+03
   3.500e+01    7.4006538e+05  3.6945860e+03
   3.600e+01    7.3320241e+05  3.6983665e+03
   3.700e+01    7.3825150e+05  3.7018543e+03
   3.800e+01    7.3762817e+05  3.7050785e+03
   3.900e+01    7.3972259e+05  3.7080649e+03
   4.000e+01    7.4738637e+05  3.7108363e+03
   1.000e+01    6.1883148e+05  3.0934898e+03
   8.000e+00    5.7455207e+05  2.8474083e+03
   3.300e+01    7.3110348e+05  3.6860076e+03
