#   ncyc_cp         Intensity      Esd(Int.)
   0.000e+00    1.0045924e+06  5.0000000e+03
   1.000e+00    9.5986045e+04  4.7864123e+02
   2.000e+00    9.8526972e+04  4.9451692e+02
   3.000e+00    1.0221474e+05  5.1103953e+02
   4.000e+00    1.0316706e+05  5.2086328e+02
   5.000e+00    1.0948893e+05  5.4790375e+02
   6.000e+00    1.1238160e+05  5.6493048e+02
   7.000e+00    1.1633665e+05  5.8252395e+02
   8.000e+00    1.2404749e+05  6.1788065e+02
   9.000e+00    1.3554375e+05  6.7614780e+02
   1.000e+01    1.5211060e+05  7.5543814e+02
   1.100e+01    1.7067256e+05  8.5167841e+02
   1.200e+01    1.9209238e+05  9.6054067e+02
   1.300e+01    2.1396509e+05  1.0777162e+03
   1.400e+01    2.3978231e+05  1.1998332e+03
   1.500e+01    2.6548982e+05  1.3235646e+03
   1.600e+01    2.8989643e+05  1.4468759e+03
   1.700e+01    3.1386393e+05  1.5675393e+03
   1.800e+01    3.3520558e+05  1.6846512e+03
   1.900e+01    3.5870208e+05  1.7968657e+03
   2.000e+01    3.8117025e+05  1.9040494e+03
   2.100e+01    3.9929603e+05  2.0054511e+03
   2.200e+01    4.2271890e+05  2.1013863e+03
   2.300e+01    4.3851784e+05  2.1914627e+03
   2.400e+01    4.5645873e+05  2.2762190e+03
   2.500e+01    4.6871384e+05  2.3554614e+03
   2.600e+01    4.9018570e+05  2.4298129e+03
   2.700e+01    5.0430316e+05  2.4991808e+03
   2.800e+01    5.1252624e+05  2.5641943e+03
   2.900e+01    5.2467687e+05  2.6248067e+03
   3.000e+01    5.3979736e+05  2.6816139e+03
   3.100e+01    5.4780028e+05  2.7345855e+03
   3.200e+01    5.5938663e+05  2.7842672e+03
   3.300e+01    5.6276219e+05  2.8306302e+03
   3.400e+01    5.7928586e+05  2.8741652e+03
   3.500e+01    5.8002212e+05  2.9148385e+03
   3.600e+01    5.9060165e+05  2.9530870e+03
   3.700e+01    6.0078053e+05  2.9888705e+03
   3.800e+01    6.0854477e+05  3.0225759e+03
   3.900e+01    6.0901029e+05  3.0541565e+03
   4.000e+01    6.1260544e+05  3.0839547e+03
   2.200e+01    4.2013889e+05  2.1013863e+03
   2.000e+00    9.8838109e+04  4.9451692e+02
   3.100e+01    5.4675175e+05  2.7345855e+03
