#   ncyc_cp         Intensity      Esd(Int.)
   0.000e+00    1.0010277e+06  5.0000000e+03
   1.000e+00    4.4713687e+05  2.2313127e+03
   2.000e+00    4.5187933e+05  2.2583096e+03
   3.000e+00    4.6843068e+05  2.3447484e+03
   4.000e+00    4.9424469e+05  2.4885553e+03
   5.000e+00    5.3573841e+05  2.6827484e+03
   6.000e+00    5.7374025e+05  2.8678046e+03
   7.000e+00    6.0543808e+05  3.0246464e+03
   8.000e+00    6.3037613e+05  3.1509646e+03
   9.000e+00    6.5106165e+05  3.2516520e+03
   1.000e+01    6.6913984e+05  3.3316648e+03
   1.100e+01    6.7696990e+05  3.3957672e+03
   1.200e+01    6.9643264e+05  3.4474796e+03
   1.300e+01    6.9750969e+05  3.4896564e+03
   1.400e+01    7.0759140e+05  3.5243553e+03
   1.500e+01    7.0814560e+05  3.5531966e+03
   1.600e+01    7.1120105e+05  3.5773699e+03
   1.700e+01    7.1407144e+05  3.5978103e+03
   1.800e+01    7.2456762e+05  3.6152251e+03
   1.900e+01    7.2706620e+05  3.6301721e+03
   2.000e+01    7.2658372e+05  3.6430877e+03
   2.100e+01    7.3515144e+05  3.6543161e+03
   2.200e+01    7.3821486e+05  3.6641368e+03
   2.300e+01    7.3533628e+05  3.6727693e+03
   2.400e+01    7.3804973e+05  3.6803989e+03
   2.500e+01    7.3536936e+05  3.6871696e+03
   2.600e+01    7.4248943e+05  3.6932081e+03
   2.700e+01    7.3753849e+05  3.6986113e+03
   2.800e+01    7.3719911e+05  3.7034686e+03
   2.900e+01    7.3763915e+05  3.7078465e+03
   3.000e+01    7.5015142e+05  3.7118094e+03
   3.100e+01    7.3822962e+05  3.7154040e+03
   3.200e+01    7.4546166e+05  3.7186780e+03
   3.300e+01    7.3401717e+05  3.7216645e+03
   3.400e+01    7.4423650e+05  3.7243996e+03
   3.500e+01    7.4394587e+05  3.7269072e+03
   3.600e+01    7.3993597e+05  3.7292149e+03
   3.700e+01    7.4573293e+05  3.7313402e+03
   3.800e+01    7.4759065e+05  3.7333048e+03
   3.900e+01    7.4565739e+05  3.7351215e+03
   4.000e+01    7.4244301e+05  3.7368075e+03
   3.900e+01    7.4829378e+05  3.7351215e+03
   1.000e+01    6.7152231e+05  3.3316648e+03
   1.000e+00    4.4304557e+05  2.2313127e+03
