#   ncyc_cp         Intensity      Esd(Int.)
   0.000e+00    9.8988997e+05  5.0000000e+03
   1.000e+00    3.7493758e+05  1.8855176e+03
   2.000e+00    3.7395258e+05  1.8830449e+03
   3.000e+00    3.8519916e+05  1.9263181e+03
   4.000e+00    3.7783879e+05  1.8848308e+03
   5.000e+00    3.8080265e+05  1.9077578e+03
   6.000e+00    3.8331031e+05  1.9087324e+03
   7.000e+00    3.8025290e+05  1.9050990e+03
   8.000e+00    3.8774368e+05  1.9321771e+03
   9.000e+00    4.0118498e+05  1.9942698e+03
   1.000e+01    4.1468515e+05  2.0805931e+03
   1.100e+01    4.3895823e+05  2.1809025e+03
   1.200e+01    4.5638964e+05  2.2864958e+03
   1.300e+01    4.7698316e+05  2.3916993e+03
   1.400e+01    4.9611423e+05  2.4932745e+03
   1.500e+01    5.1700495e+05  2.5888540e+03
   1.600e+01    5.3142311e+05  2.6779906e+03
   1.700e+01    5.5550117e+05  2.7598571e+03
   1.800e+01    5.7033211e+05  2.8350942e+03
   1.900e+01    5.7591944e+05  2.9034995e+03
   2.000e+01    5.9656365e+05  2.9660209e+03
   2.100e+01    6.1030384e+05  3.0226760e+03
   2.200e+01    6.1657033e+05  3.0744088e+03
   2.300e+01    6.2774896e+05  3.1212920e+03
   2.400e+01    6.3492058e+05  3.1641612e+03
   2.500e+01    6.3386619e+05  3.2030841e+03
   2.600e+01    6.4866703e+05  3.2387660e+03
   2.700e+01    6.5257090e+05  3.2712521e+03
   2.800e+01    6.5956746e+05  3.3011271e+03
   2.900e+01    6.6555418e+05  3.3284119e+03
   3.000e+01    6.6561558e+05  3.3535885e+03
   3.100e+01    6.7698820e+05  3.3766576e+03
   3.200e+01    6.8075616e+05  3.3980172e+03
   3.300e+01    6.8290219e+05  3.4176526e+03
   3.400e+01    6.8712682e+05  3.4358942e+03
   3.500e+01    6.9072921e+05  3.4527163e+03
   3.600e+01    6.8534645e+05  3.4683950e+03
   3.700e+01    7.0015888e+05  3.4828972e+03
   3.800e+01    7.0095016e+05  3.4964556e+03
   3.900e+01    7.0007125e+05  3.5090325e+03
   4.000e+01    7.0391554e+05  3.5208254e+03
   3.200e+01    6.8020344e+05  3.3980172e+03
   3.500e+01    6.9046725e+05  3.4527163e+03
   2.000e+01    5.9295722e+05  2.9660209e+03
