#   ncyc_cp         Intensity      Esd(Int.)
   0.000e+00    9.9389864e+05  5.0000000e+03
   1.000e+00    1.3118344e+05  6.5355684e+02
   2.000e+00    1.3351999e+05  6.7545097e+02
   3.000e+00    1.3885609e+05  6.9611790e+02
   4.000e+00    1.4326323e+05  7.1590520e+02
   5.000e+00    1.4645868e+05  7.3915806e+02
   6.000e+00    1.5071526e+05  7.5573494e+02
   7.000e+00    1.5673872e+05  7.8828277e+02
   8.000e+00    1.7002494e+05  8.4848021e+02
   9.000e+00    1.8777982e+05  9.3500025e+02
   1.000e+01    2.0906031e+05  1.0419649e+03
   1.100e+01    2.3280237e+05  1.1629179e+03
   1.200e+01    2.5736750e+05  1.2920983e+03
   1.300e+01    2.8516041e+05  1.4247865e+03
   1.400e+01    3.1571992e+05  1.5573333e+03
   1.500e+01    3.3784562e+05  1.6870626e+03
   1.600e+01    3.6270097e+05  1.8121203e+03
   1.700e+01    3.8774819e+05  1.9313121e+03
   1.800e+01    4.1288199e+05  2.0439501e+03
   1.900e+01    4.3551989e+05  2.1497221e+03
   2.000e+01    4.4903415e+05  2.2485836e+03
   2.100e+01    4.6657224e+05  2.3406741e+03
   2.200e+01    4.8595257e+05  2.4262539e+03
   2.300e+01    4.9968269e+05  2.5056569e+03
   2.400e+01    5.1933157e+05  2.5792572e+03
   2.500e+01    5.3072014e+05  2.6474453e+03
   2.600e+01    5.4243201e+05  2.7106120e+03
   2.700e+01    5.5603153e+05  2.7691377e+03
   2.800e+01    5.6362154e+05  2.8233861e+03
   2.900e+01    5.7949056e+05  2.8736997e+03
   3.000e+01    5.8943584e+05  2.9203980e+03
   3.100e+01    5.9767379e+05  2.9637774e+03
   3.200e+01    5.9625819e+05  3.0041108e+03
   3.300e+01    6.0913774e+05  3.0416487e+03
   3.400e+01    6.1620376e+05  3.0766208e+03
   3.500e+01    6.1695004e+05  3.1092365e+03
   3.600e+01    6.3240583e+05  3.1396871e+03
   3.700e+01    6.3473799e+05  3.1681469e+03
   3.800e+01    6.4042709e+05  3.1947748e+03
   3.900e+01    6.4366263e+05  3.2197155e+03
   4.000e+01    6.4740467e+05  3.2431008e+03
   1.500e+01    3.3843470e+05  1.6870626e+03
   8.000e+00    1.7009126e+05  8.4848021e+02
   2.900e+01    5.7540639e+05  2.8736997e+03
