#   ncyc_cp         Intensity      Esd(Int.)
   0.000e+00    9.9466829e+05  5.0000000e+03
   1.000e+00    3.1196175e+05  1.5665732e+03
   3.000e+00    3.1729578e+05  1.5788355e+03
   5.000e+00    3.2447598e+05  1.6147063e+03
   7.000e+00    3.1084837e+05  1.5656660e+03
   9.000e+00    3.1715755e+05  1.5803482e+03
   1.100e+01    3.1667817e+05  1.5765196e+03
   1.300e+01    3.2150812e+05  1.6022526e+03
   1.500e+01    3.3991382e+05  1.6783295e+03
   1.700e+01    3.5826957e+05  1.7911468e+03
   1.900e+01    3.8529972e+05  1.9230313e+03
   2.100e+01    4.1274350e+05  2.0607761e+03
   2.300e+01    4.4114555e+05  2.1960377e+03
   2.500e+01    4.6584169e+05  2.3241028e+03
   2.700e+01    4.8865472e+05  2.4426630e+03
   2.900e+01    5.0970053e+05  2.5508993e+03
   3.100e+01    5.2983172e+05  2.6488628e+03
   3.300e+01    5.4958497e+05  2.7370789e+03
   3.500e+01    5.6212713e+05  2.8163025e+03
   3.700e+01    5.7554569e+05  2.8873731e+03
   3.900e+01    5.8554978e+05  2.9511314e+03
   4.100e+01    6.0019643e+05  3.0083754e+03
   4.300e+01    6.1421217e+05  3.0598385e+03
   4.500e+01    6.2119526e+05  3.1061823e+03
   4.700e+01    6.3202909e+05  3.1479960e+03
   4.900e+01    6.3348743e+05  3.1858001e+03
   5.100e+01    6.3995990e+05  3.2200526e+03
   5.300e+01    6.5388065e+05  3.2511551e+03
   5.500e+01    6.5793563e+05  3.2794592e+03
   5.700e+01    6.5712288e+05  3.3052729e+03
   5.900e+01    6.6206928e+05  3.3288658e+03
   6.100e+01    6.6658762e+05  3.3504744e+03
   6.300e+01    6.7197389e+05  3.3703063e+03
   6.500e+01    6.7796252e+05  3.3885438e+03
   6.700e+01    6.7602633e+05  3.4053476e+03
   6.900e+01    6.8622297e+05  3.4208594e+03
   7.100e+01    6.8799710e+05  3.4352046e+03
   7.300e+01    6.8666190e+05  3.4484942e+03
   7.500e+01    6.9827231e+05  3.4608267e+03
   7.700e+01    6.9048863e+05  3.4722897e+03
   7.900e+01    6.9922950e+05  3.4829614e+03
   4.100e+01    5.9536987e+05  3.0083754e+03
   5.000e+00    3.2156766e+05  1.6147063e+03
   7.100e+01    6.8314735e+05  3.4352046e+03
