#   ncyc_cp         Intensity      Esd(Int.)
   0.000e+00    9.9806881e+05  5.0000000e+03
   1.000e+00    5.3245594e+05  2.6792185e+03
   2.000e+00    5.4947192e+05  2.7382600e+03
   3.000e+00    5.6337875e+05  2.7985692e+03
   4.000e+00    5.7560763e+05  2.8591619e+03
   5.000e+00    5.8897703e+05  2.9194358e+03
   6.000e+00    5.9762082e+05  2.9791035e+03
   7.000e+00    6.0332331e+05  3.0376088e+03
   8.000e+00    6.1684424e+05  3.0941796e+03
   9.000e+00    6.3454222e+05  3.1480587e+03
   1.000e+01    6.4195765e+05  3.1986750e+03
   1.100e+01    6.5358471e+05  3.2456780e+03
   1.200e+01    6.5431136e+05  3.2889348e+03
   1.300e+01    6.6298432e+05  3.3284692e+03
   1.400e+01    6.6930578e+05  3.3644279e+03
   1.500e+01    6.8309240e+05  3.3970215e+03
   1.600e+01    6.9005126e+05  3.4265067e+03
   1.700e+01    6.9265835e+05  3.4531477e+03
   1.800e+01    6.9612327e+05  3.4772141e+03
   1.900e+01    7.0355037e+05  3.4989581e+03
   2.000e+01    7.0157797e+05  3.5186206e+03
   2.100e+01    7.1232980e+05  3.5364178e+03
   2.200e+01    7.0575467e+05  3.5525501e+03
   2.300e+01    7.1617086e+05  3.5671935e+03
   2.400e+01    7.2420930e+05  3.5805090e+03
   2.500e+01    7.1731229e+05  3.5926362e+03
   2.600e+01    7.2165047e+05  3.6037025e+03
   2.700e+01    7.2425878e+05  3.6138175e+03
   2.800e+01    7.2051245e+05  3.6230813e+03
   2.900e+01    7.1916578e+05  3.6315794e+03
   3.000e+01    7.2455966e+05  3.6393904e+03
   3.100e+01    7.2639371e+05  3.6465815e+03
   3.200e+01    7.3039854e+05  3.6532144e+03
   3.300e+01    7.2800311e+05  3.6593417e+03
   3.400e+01    7.2848241e+05  3.6650124e+03
   3.500e+01    7.3230087e+05  3.6702681e+03
   3.600e+01    7.4642757e+05  3.6751476e+03
   3.700e+01    7.3782219e+05  3.6796840e+03
   3.800e+01    7.4309250e+05  3.6839084e+03
   3.900e+01    7.3793288e+05  3.6878472e+03
   4.000e+01    7.3549506e+05  3.6915255e+03
   3.600e+01    7.2986468e+05  3.6751476e+03
   2.800e+01    7.1732412e+05  3.6230813e+03
   3.200e+01    7.3235658e+05  3.6532144e+03
