#   ncyc_cp         Intensity      Esd(Int.)
   0.000e+00    1.0015513e+06  5.0000000e+03
   1.000e+00    1.6821014e+05  8.4489183e+02
   2.000e+00    1.7042113e+05  8.5650316e+02
   3.000e+00    1.7297351e+05  8.6955628e+02
   4.000e+00    1.7423641e+05  8.7636683e+02
   5.000e+00    1.7630767e+05  8.7715975e+02
   6.000e+00    1.7996682e+05  8.9682506e+02
   7.000e+00    1.7922469e+05  8.9638845e+02
   8.000e+00    1.7930337e+05  8.9191494e+02
   9.000e+00    1.7980422e+05  9.0517973e+02
   1.000e+01    1.8789458e+05  9.4294628e+02
   1.100e+01    2.0128941e+05  1.0033152e+03
   1.200e+01    2.1869349e+05  1.0817083e+03
   1.300e+01    2.3227872e+05  1.1733056e+03
   1.400e+01    2.5510118e+05  1.2738024e+03
   1.500e+01    2.7431117e+05  1.3795918e+03
   1.600e+01    2.9799786e+05  1.4877654e+03
   1.700e+01    3.1995320e+05  1.5960534e+03
   1.800e+01    3.3862762e+05  1.7027410e+03
   1.900e+01    3.6165620e+05  1.8065802e+03
   2.000e+01    3.8236281e+05  1.9067037e+03
   2.100e+01    4.0178851e+05  2.0025460e+03
   2.200e+01    4.1924046e+05  2.0937763e+03
   2.300e+01    4.3668277e+05  2.1802410e+03
   2.400e+01    4.5371924e+05  2.2619178e+03
   2.500e+01    4.6668132e+05  2.3388792e+03
   2.600e+01    4.8374986e+05  2.4112631e+03
   2.700e+01    4.9592651e+05  2.4792515e+03
   2.800e+01    5.0398683e+05  2.5430535e+03
   2.900e+01    5.1588989e+05  2.6028933e+03
   3.000e+01    5.3253808e+05  2.6590008e+03
   3.100e+01    5.4155210e+05  2.7116057e+03
   3.200e+01    5.4919216e+05  2.7609327e+03
   3.300e+01    5.5906479e+05  2.8071983e+03
   3.400e+01    5.7414839e+05  2.8506094e+03
   3.500e+01    5.7668876e+05  2.8913617e+03
   3.600e+01    5.8347068e+05  2.9296394e+03
   3.700e+01    5.9384340e+05  2.9656150e+03
   3.800e+01    5.9640376e+05  2.9994494e+03
   3.900e+01    6.0505502e+05  3.0312923e+03
   4.000e+01    6.0912132e+05  3.0612827e+03
   6.000e+00    1.7843163e+05  8.9682506e+02
   2.600e+01    4.8095595e+05  2.4112631e+03
   2.100e+01    4.0026857e+05  2.0025460e+03
