#   ncyc_cp         Intensity      Esd(Int.)
   0.000e+00    1.0025073e+06  5.0000000e+03
   1.000e+00    1.8566435e+05  9.3280446e+02
   2.000e+00    1.8965062e+05  9.5512644e+02
   3.000e+00    1.9476408e+05  9.6655627e+02
   4.000e+00    1.9532493e+05  9.8707769e+02
   5.000e+00    2.0351712e+05  1.0181437e+03
   6.000e+00    2.0651434e+05  1.0337236e+03
   7.000e+00    2.1340611e+05  1.0689758e+03
   8.000e+00    2.3028635e+05  1.1384927e+03
   9.000e+00    2.4635147e+05  1.2379127e+03
   1.000e+01    2.7078009e+05  1.3579026e+03
   1.100e+01    2.9795988e+05  1.4895968e+03
   1.200e+01    3.2622814e+05  1.6261726e+03
   1.300e+01    3.4966488e+05  1.7623581e+03
   1.400e+01    3.8371552e+05  1.8949366e+03
   1.500e+01    4.0303678e+05  2.0214134e+03
   1.600e+01    4.2937121e+05  2.1408144e+03
   1.700e+01    4.4700373e+05  2.2522149e+03
   1.800e+01    4.7249939e+05  2.3557726e+03
   1.900e+01    4.9286423e+05  2.4513228e+03
   2.000e+01    5.0529398e+05  2.5394957e+03
   2.100e+01    5.2235222e+05  2.6204406e+03
   2.200e+01    5.3745747e+05  2.6949240e+03
   2.300e+01    5.5334447e+05  2.7631910e+03
   2.400e+01    5.6310936e+05  2.8259918e+03
   2.500e+01    5.7555730e+05  2.8835714e+03
   2.600e+01    5.8459790e+05  2.9366045e+03
   2.700e+01    5.9573676e+05  2.9853005e+03
   2.800e+01    6.0601457e+05  3.0302430e+03
   2.900e+01    6.1254347e+05  3.0715968e+03
   3.000e+01    6.2307175e+05  3.1098581e+03
   3.100e+01    6.2798295e+05  3.1451494e+03
   3.200e+01    6.3580583e+05  3.1778900e+03
   3.300e+01    6.3982650e+05  3.2081666e+03
   3.400e+01    6.4688973e+05  3.2363328e+03
   3.500e+01    6.4992851e+05  3.2624468e+03
   3.600e+01    6.5246562e+05  3.2868077e+03
   3.700e+01    6.5808467e+05  3.3094512e+03
   3.800e+01    6.6328217e+05  3.3306316e+03
   3.900e+01    6.7464663e+05  3.3503676e+03
   4.000e+01    6.6903938e+05  3.3688764e+03
   2.600e+01    5.8511326e+05  2.9366045e+03
   3.000e+00    1.9487515e+05  9.6655627e+02
   8.000e+00    2.2636846e+05  1.1384927e+03
