#   ncyc_cp         Intensity      Esd(Int.)
   0.000e+00    1.0079472e+06  5.0000000e+03
   1.000e+00    1.0377226e+05  5.1528287e+02
   2.000e+00    1.0544141e+05  5.2568731e+02
   3.000e+00    1.0698387e+05  5.3661455e+02
   4.000e+00    1.1011823e+05  5.4601279e+02
   5.000e+00    1.0920844e+05  5.4469934e+02
   6.000e+00    1.1275737e+05  5.6386845e+02
   7.000e+00    1.1506179e+05  5.7725561e+02
   8.000e+00    1.1542766e+05  5.7882748e+02
   9.000e+00    1.1718500e+05  5.8287440e+02
   1.000e+01    1.1959142e+05  6.0012813e+02
   1.100e+01    1.2730115e+05  6.3390700e+02
   1.200e+01    1.3724053e+05  6.8345261e+02
   1.300e+01    1.4990371e+05  7.4674699e+02
   1.400e+01    1.6550092e+05  8.2132110e+02
   1.500e+01    1.8078580e+05  9.0466238e+02
   1.600e+01    1.9887339e+05  9.9468189e+02
   1.700e+01    2.1674761e+05  1.0890527e+03
   1.800e+01    2.3861420e+05  1.1863521e+03
   1.900e+01    2.5629906e+05  1.2846094e+03
   2.000e+01    2.7419588e+05  1.3830584e+03
   2.100e+01    2.9556371e+05  1.4801293e+03
   2.200e+01    3.1269938e+05  1.5755944e+03
   2.300e+01    3.3225160e+05  1.6682473e+03
   2.400e+01    3.5002552e+05  1.7582474e+03
   2.500e+01    3.6921567e+05  1.8446788e+03
   2.600e+01    3.8833801e+05  1.9279491e+03
   2.700e+01    3.9936671e+05  2.0073574e+03
   2.800e+01    4.1518035e+05  2.0834521e+03
   2.900e+01    4.3307655e+05  2.1556847e+03
   3.000e+01    4.4620829e+05  2.2246689e+03
   3.100e+01    4.5976837e+05  2.2899619e+03
   3.200e+01    4.7153910e+05  2.3521937e+03
   3.300e+01    4.7928748e+05  2.4109949e+03
   3.400e+01    4.9185116e+05  2.4669817e+03
   3.500e+01    5.0161219e+05  2.5198361e+03
   3.600e+01    5.1322175e+05  2.5701439e+03
   3.700e+01    5.2425262e+05  2.6176238e+03
   3.800e+01    5.2904792e+05  2.6628232e+03
   3.900e+01    5.4138716e+05  2.7054881e+03
   4.000e+01    5.4903731e+05  2.7461241e+03
   3.000e+01    4.4434894e+05  2.2246689e+03
   4.000e+00    1.0920527e+05  5.4601279e+02
   1.900e+01    2.5899061e+05  1.2846094e+03
