#   ncyc_cp         Intensity      Esd(Int.)
   0.000e+00    1.0075651e+06  5.0000000e+03
   1.000e+00    3.2069267e+05  1.6029983e+03
   2.000e+00    3.3807692e+05  1.6924875e+03
   3.000e+00    3.5824371e+05  1.7907895e+03
   4.000e+00    3.7523506e+05  1.8991093e+03
   5.000e+00    4.0334724e+05  2.0218621e+03
   6.000e+00    4.3395145e+05  2.1571387e+03
   7.000e+00    4.6225113e+05  2.2974046e+03
   8.000e+00    4.8551710e+05  2.4351665e+03
   9.000e+00    5.1524557e+05  2.5652359e+03
   1.000e+01    5.3985602e+05  2.6847870e+03
   1.100e+01    5.5810067e+05  2.7927438e+03
   1.200e+01    5.7795459e+05  2.8891404e+03
   1.300e+01    5.9497841e+05  2.9746343e+03
   1.400e+01    6.1103770e+05  3.0501823e+03
   1.500e+01    6.1820150e+05  3.1168419e+03
   1.600e+01    6.3352283e+05  3.1756593e+03
   1.700e+01    6.4219572e+05  3.2276109e+03
   1.800e+01    6.5197511e+05  3.2735780e+03
   1.900e+01    6.6689353e+05  3.3143397e+03
   2.000e+01    6.7128274e+05  3.3505760e+03
   2.100e+01    6.7717470e+05  3.3828760e+03
   2.200e+01    6.8689789e+05  3.4117474e+03
   2.300e+01    6.8596154e+05  3.4376270e+03
   2.400e+01    6.9114939e+05  3.4608900e+03
   2.500e+01    6.9635921e+05  3.4818590e+03
   2.600e+01    6.9684939e+05  3.5008118e+03
   2.700e+01    6.9864331e+05  3.5179875e+03
   2.800e+01    7.0486095e+05  3.5335929e+03
   2.900e+01    7.0807615e+05  3.5478067e+03
   3.000e+01    7.1307174e+05  3.5607841e+03
   3.100e+01    7.1322132e+05  3.5726601e+03
   3.200e+01    7.1729367e+05  3.5835523e+03
   3.300e+01    7.2047421e+05  3.5935635e+03
   3.400e+01    7.2287623e+05  3.6027840e+03
   3.500e+01    7.1496436e+05  3.6112930e+03
   3.600e+01    7.2402775e+05  3.6191602e+03
   3.700e+01    7.3138198e+05  3.6264474e+03
   3.800e+01    7.2049448e+05  3.6332091e+03
   3.900e+01    7.2498331e+05  3.6394939e+03
   4.000e+01    7.2822755e+05  3.6453447e+03
   3.500e+01    7.2476680e+05  3.6112930e+03
   2.400e+01    6.8689173e+05  3.4608900e+03
   1.300e+01    5.9286529e+05  2.9746343e+03
