#   ncyc_cp         Intensity      Esd(Int.)
   0.000e+00    9.9395316e+05  5.0000000e+03
   1.000e+00    2.2958046e+05  1.1427685e+03
   2.000e+00    2.3925619e+05  1.2044874e+03
   3.000e+00    2.5366532e+05  1.2698605e+03
   4.000e+00    2.6720052e+05  1.3406360e+03
   5.000e+00    2.8280418e+05  1.4172185e+03
   6.000e+00    3.0121556e+05  1.5029536e+03
   7.000e+00    3.1792194e+05  1.5998761e+03
   8.000e+00    3.4279799e+05  1.7066736e+03
   9.000e+00    3.6115340e+05  1.8200757e+03
   1.000e+01    3.8621048e+05  1.9363970e+03
   1.100e+01    4.0992417e+05  2.0523763e+03
   1.200e+01    4.3243831e+05  2.1654801e+03
   1.300e+01    4.5614994e+05  2.2739240e+03
   1.400e+01    4.7449630e+05  2.3765728e+03
   1.500e+01    4.9112276e+05  2.4728056e+03
   1.600e+01    5.1490630e+05  2.5623827e+03
   1.700e+01    5.2921258e+05  2.6453330e+03
   1.800e+01    5.4456481e+05  2.7218647e+03
   1.900e+01    5.5642423e+05  2.7922978e+03
   2.000e+01    5.7068284e+05  2.8570152e+03
   2.100e+01    5.8658512e+05  2.9164282e+03
   2.200e+01    5.9791032e+05  2.9709537e+03
   2.300e+01    6.0091977e+05  3.0209987e+03
   2.400e+01    6.1418910e+05  3.0669512e+03
   2.500e+01    6.2413893e+05  3.1091747e+03
   2.600e+01    6.2916039e+05  3.1480062e+03
   2.700e+01    6.3825936e+05  3.1837545e+03
   2.800e+01    6.4183644e+05  3.2167020e+03
   2.900e+01    6.4930986e+05  3.2471048e+03
   3.000e+01    6.5665419e+05  3.2751950e+03
   3.100e+01    6.5676297e+05  3.3011823e+03
   3.200e+01    6.5849598e+05  3.3252558e+03
   3.300e+01    6.6388241e+05  3.3475863e+03
   3.400e+01    6.7356811e+05  3.3683274e+03
   3.500e+01    6.8163418e+05  3.3876176e+03
   3.600e+01    6.8488180e+05  3.4055821e+03
   3.700e+01    6.9177347e+05  3.4223333e+03
   3.800e+01    6.8867229e+05  3.4379732e+03
   3.900e+01    6.9044159e+05  3.4525935e+03
   4.000e+01    6.9753677e+05  3.4662775e+03
   7.000e+00    3.1898399e+05  1.5998761e+03
   2.600e+01    6.2651174e+05  3.1480062e+03
   4.000e+00    2.6831298e+05  1.3406360e+03
