#   ncyc_cp         Intensity      Esd(Int.)
   0.000e+00    9.9791714e+05  5.0000000e+03
   1.000e+00    2.1359675e+05  1.0697241e+03
   2.000e+00    2.2498848e+05  1.1273676e+03
   3.000e+00    2.3876368e+05  1.1882635e+03
   4.000e+00    2.4809172e+05  1.2531875e+03
   5.000e+00    2.6458194e+05  1.3223575e+03
   6.000e+00    2.7928704e+05  1.3966783e+03
   7.000e+00    2.9526913e+05  1.4773797e+03
   8.000e+00    3.1214884e+05  1.5647045e+03
   9.000e+00    3.3029385e+05  1.6577092e+03
   1.000e+01    3.5178461e+05  1.7547217e+03
   1.100e+01    3.6925212e+05  1.8538334e+03
   1.200e+01    3.8858228e+05  1.9532257e+03
   1.300e+01    4.1316886e+05  2.0513391e+03
   1.400e+01    4.3206716e+05  2.1469346e+03
   1.500e+01    4.4551395e+05  2.2390927e+03
   1.600e+01    4.6598906e+05  2.3271800e+03
   1.700e+01    4.8066797e+05  2.4108037e+03
   1.800e+01    4.9898758e+05  2.4897631e+03
   1.900e+01    5.0693667e+05  2.5640051e+03
   2.000e+01    5.2923001e+05  2.6335862e+03
   2.100e+01    5.4549411e+05  2.6986400e+03
   2.200e+01    5.4889030e+05  2.7593527e+03
   2.300e+01    5.6232236e+05  2.8159434e+03
   2.400e+01    5.7913541e+05  2.8686493e+03
   2.500e+01    5.8230733e+05  2.9177148e+03
   2.600e+01    5.9243906e+05  2.9633842e+03
   2.700e+01    6.0297582e+05  3.0058957e+03
   2.800e+01    6.1171537e+05  3.0454785e+03
   2.900e+01    6.1699698e+05  3.0823499e+03
   3.000e+01    6.3213093e+05  3.1167147e+03
   3.100e+01    6.2931770e+05  3.1487639e+03
   3.200e+01    6.3839103e+05  3.1786754e+03
   3.300e+01    6.4463215e+05  3.2066137e+03
   3.400e+01    6.4301383e+05  3.2327309e+03
   3.500e+01    6.5501123e+05  3.2571668e+03
   3.600e+01    6.5768895e+05  3.2800502e+03
   3.700e+01    6.5949983e+05  3.3014991e+03
   3.800e+01    6.5831663e+05  3.3216221e+03
   3.900e+01    6.6928214e+05  3.3405187e+03
   4.000e+01    6.7202743e+05  3.3582800e+03
   2.600e+01    5.8753297e+05  2.9633842e+03
   6.000e+00    2.8177922e+05  1.3966783e+03
   2.000e+01    5.2878487e+05  2.6335862e+03
