#   ncyc_cp         Intensity      Esd(Int.)
   0.000e+00    1.0005708e+06  5.0000000e+03
   1.000e+00    2.4817358e+05  1.2392515e+03
   2.000e+00    2.6791239e+05  1.3323040e+03
   3.000e+00    2.8922952e+05  1.4406717e+03
   4.000e+00    3.1114846e+05  1.5691382e+03
   5.000e+00    3.4501028e+05  1.7266966e+03
   6.000e+00    3.7948163e+05  1.9042207e+03
   7.000e+00    4.1746198e+05  2.0865289e+03
   8.000e+00    4.5341248e+05  2.2620057e+03
   9.000e+00    4.8767770e+05  2.4240346e+03
   1.000e+01    5.1003071e+05  2.5698140e+03
   1.100e+01    5.4130739e+05  2.6989218e+03
   1.200e+01    5.7054498e+05  2.8122297e+03
   1.300e+01    5.8296529e+05  2.9112069e+03
   1.400e+01    5.9738485e+05  2.9975146e+03
   1.500e+01    6.1584825e+05  3.0727890e+03
   1.600e+01    6.2755936e+05  3.1385372e+03
   1.700e+01    6.3239164e+05  3.1960972e+03
   1.800e+01    6.4777751e+05  3.2466313e+03
   1.900e+01    6.5663256e+05  3.2911367e+03
   2.000e+01    6.6304462e+05  3.3304623e+03
   2.100e+01    6.7627654e+05  3.3653287e+03
   2.200e+01    6.8343910e+05  3.3963460e+03
   2.300e+01    6.8374247e+05  3.4240313e+03
   2.400e+01    6.8502496e+05  3.4488231e+03
   2.500e+01    6.9842747e+05  3.4710943e+03
   2.600e+01    7.0197062e+05  3.4911622e+03
   2.700e+01    7.0288206e+05  3.5092984e+03
   2.800e+01    7.0757053e+05  3.5257351e+03
   2.900e+01    7.0605521e+05  3.5406720e+03
   3.000e+01    7.1165694e+05  3.5542815e+03
   3.100e+01    7.0899009e+05  3.5667123e+03
   3.200e+01    7.1785001e+05  3.5780937e+03
   3.300e+01    7.2029369e+05  3.5885379e+03
   3.400e+01    7.2566071e+05  3.5981433e+03
   3.500e+01    7.1539297e+05  3.6069955e+03
   3.600e+01    7.2588001e+05  3.6151699e+03
   3.700e+01    7.2074736e+05  3.6227330e+03
   3.800e+01    7.2548983e+05  3.6297433e+03
   3.900e+01    7.3044389e+05  3.6362527e+03
   4.000e+01    7.2225341e+05  3.6423071e+03
   3.000e+00    2.8859959e+05  1.4406717e+03
   2.900e+01    7.0758173e+05  3.5406720e+03
   1.900e+01    6.6159336e+05  3.2911367e+03
