#   ncyc_cp         Intensity      Esd(Int.)
   0.000e+00    9.9991384e+05  5.0000000e+03
   1.000e+00    4.3210341e+04  2.1581864e+02
   2.000e+00    4.5685796e+04  2.2781972e+02
   3.000e+00    4.8233785e+04  2.4069752e+02
   4.000e+00    5.1011954e+04  2.5344744e+02
   5.000e+00    5.3178698e+04  2.6717670e+02
   6.000e+00    5.5937577e+04  2.8249500e+02
   7.000e+00    5.9217676e+04  2.9724610e+02
   8.000e+00    6.2506545e+04  3.1264365e+02
   9.000e+00    6.5841090e+04  3.3205413e+02
   1.000e+01    7.1725187e+04  3.5821583e+02
   1.100e+01    7.8667392e+04  3.9253091e+02
   1.200e+01    8.7399025e+04  4.3539006e+02
   1.300e+01    9.7065733e+04  4.8656951e+02
   1.400e+01    1.0993679e+05  5.4548046e+02
   1.500e+01    1.2191183e+05  6.1130968e+02
   1.600e+01    1.3758267e+05  6.8310777e+02
   1.700e+01    1.5098515e+05  7.5985491e+02
   1.800e+01    1.6734477e+05  8.4051438e+02
   1.900e+01    1.8638639e+05  9.2407590e+02
   2.000e+01    2.0259843e+05  1.0095889e+03
   2.100e+01    2.1931917e+05  1.0961854e+03
   2.200e+01    2.3712018e+05  1.1830941e+03
   2.300e+01    2.5157587e+05  1.2696462e+03
   2.400e+01    2.7117277e+05  1.3552752e+03
   2.500e+01    2.8710449e+05  1.4395126e+03
   2.600e+01    3.0846903e+05  1.5219807e+03
   2.700e+01    3.2213976e+05  1.6023831e+03
   2.800e+01    3.3703262e+05  1.6804958e+03
   2.900e+01    3.5078317e+05  1.7561565e+03
   3.000e+01    3.6301024e+05  1.8292564e+03
   3.100e+01    3.7905986e+05  1.8997306e+03
   3.200e+01    3.9423195e+05  1.9675512e+03
   3.300e+01    4.0727184e+05  2.0327198e+03
   3.400e+01    4.2487993e+05  2.0952623e+03
   3.500e+01    4.2902170e+05  2.1552229e+03
   3.600e+01    4.4316954e+05  2.2126607e+03
   3.700e+01    4.5779382e+05  2.2676455e+03
   3.800e+01    4.6160900e+05  2.3202551e+03
   3.900e+01    4.7358268e+05  2.3705725e+03
   4.000e+01    4.8252865e+05  2.4186845e+03
   4.000e+01    4.8825341e+05  2.4186845e+03
   1.900e+01    1.8648765e+05  9.2407590e+02
   1.000e+00    4.2944985e+04  2.1581864e+02
