#   ncyc_cp         Intensity      Esd(Int.)
   0.000e+00    1.0028321e+06  5.0000000e+03
   1.000e+00    9.7562482e+04  4.8664322e+02
   2.000e+00    1.0294447e+05  5.1120558e+02
   3.000e+00    1.0672890e+05  5.3629932e+02
   4.000e+00    1.1213774e+05  5.6193657e+02
   5.000e+00    1.1863043e+05  5.9096484e+02
   6.000e+00    1.2424041e+05  6.1907380e+02
   7.000e+00    1.3098938e+05  6.5340477e+02
   8.000e+00    1.4129350e+05  7.0194883e+02
   9.000e+00    1.5279816e+05  7.6738712e+02
   1.000e+01    1.6943778e+05  8.4862575e+02
   1.100e+01    1.9007705e+05  9.4291689e+02
   1.200e+01    2.0820385e+05  1.0470266e+03
   1.300e+01    2.3184332e+05  1.1577824e+03
   1.400e+01    2.5531583e+05  1.2723271e+03
   1.500e+01    2.8063694e+05  1.3882301e+03
   1.600e+01    3.0015413e+05  1.5035162e+03
   1.700e+01    3.2440070e+05  1.6166491e+03
   1.800e+01    3.4474102e+05  1.7264855e+03
   1.900e+01    3.6459398e+05  1.8322192e+03
   2.000e+01    3.8665558e+05  1.9333207e+03
   2.100e+01    4.0670670e+05  2.0294813e+03
   2.200e+01    4.2348654e+05  2.1205632e+03
   2.300e+01    4.4266050e+05  2.2065569e+03
   2.400e+01    4.5490726e+05  2.2875469e+03
   2.500e+01    4.6879887e+05  2.3636838e+03
   2.600e+01    4.8958353e+05  2.4351624e+03
   2.700e+01    4.9784561e+05  2.5022057e+03
   2.800e+01    5.1078017e+05  2.5650519e+03
   2.900e+01    5.2218504e+05  2.6239453e+03
   3.000e+01    5.3356805e+05  2.6791296e+03
   3.100e+01    5.4442269e+05  2.7308436e+03
   3.200e+01    5.5443966e+05  2.7793175e+03
   3.300e+01    5.6939112e+05  2.8247709e+03
   3.400e+01    5.7656183e+05  2.8674120e+03
   3.500e+01    5.8088361e+05  2.9074367e+03
   3.600e+01    5.8747102e+05  2.9450283e+03
   3.700e+01    5.9397667e+05  2.9803580e+03
   3.800e+01    6.0279039e+05  3.0135850e+03
   3.900e+01    6.0786067e+05  3.0448571e+03
   4.000e+01    6.1004436e+05  3.0743114e+03
   2.800e+01    5.0956981e+05  2.5650519e+03
   2.200e+01    4.2429867e+05  2.1205632e+03
   5.000e+00    1.1798735e+05  5.9096484e+02
