#   ncyc_cp         Intensity      Esd(Int.)
   0.000e+00    9.9667335e+05  5.0000000e+03
   1.000e+00    2.8459254e+05  1.4339809e+03
   3.000e+00    3.0203568e+05  1.5121132e+03
   5.000e+00    3.1820444e+05  1.5949817e+03
   7.000e+00    3.3931243e+05  1.6835745e+03
   9.000e+00    3.5583220e+05  1.7781844e+03
   1.100e+01    3.7514046e+05  1.8799255e+03
   1.300e+01    3.9871365e+05  1.9882932e+03
   1.500e+01    4.1947016e+05  2.1007068e+03
   1.700e+01    4.4373140e+05  2.2138257e+03
   1.900e+01    4.6205428e+05  2.3246048e+03
   2.100e+01    4.8216881e+05  2.4307391e+03
   2.300e+01    5.0939459e+05  2.5307209e+03
   2.500e+01    5.2789912e+05  2.6237248e+03
   2.700e+01    5.3537757e+05  2.7094427e+03
   2.900e+01    5.5738669e+05  2.7879279e+03
   3.100e+01    5.7091423e+05  2.8594665e+03
   3.300e+01    5.8452282e+05  2.9244822e+03
   3.500e+01    5.9332437e+05  2.9834675e+03
   3.700e+01    6.0865385e+05  3.0369387e+03
   3.900e+01    6.1828995e+05  3.0854061e+03
   4.100e+01    6.2678566e+05  3.1293566e+03
   4.300e+01    6.3280477e+05  3.1692438e+03
   4.500e+01    6.4577916e+05  3.2054839e+03
   4.700e+01    6.5157749e+05  3.2384541e+03
   4.900e+01    6.4986396e+05  3.2684939e+03
   5.100e+01    6.5834300e+05  3.2959075e+03
   5.300e+01    6.6276158e+05  3.3209660e+03
   5.500e+01    6.6492184e+05  3.3439106e+03
   5.700e+01    6.7315986e+05  3.3649560e+03
   5.900e+01    6.7543813e+05  3.3842926e+03
   6.100e+01    6.8798498e+05  3.4020896e+03
   6.300e+01    6.8025739e+05  3.4184974e+03
   6.500e+01    6.8437875e+05  3.4336497e+03
   6.700e+01    6.9273548e+05  3.4476653e+03
   6.900e+01    6.8761684e+05  3.4606504e+03
   7.100e+01    6.9149812e+05  3.4726995e+03
   7.300e+01    7.0046647e+05  3.4838971e+03
   7.500e+01    6.9982238e+05  3.4943188e+03
   7.700e+01    6.9881291e+05  3.5040322e+03
   7.900e+01    7.0431016e+05  3.5130982e+03
   5.300e+01    6.6579767e+05  3.3209660e+03
   6.500e+01    6.8899680e+05  3.4336497e+03
   6.300e+01    6.8944065e+05  3.4184974e+03
