#   ncyc_cp         Intensity      Esd(Int.)
   0.000e+00    9.9998741e+05  5.0000000e+03
   1.000e+00    3.9542294e+05  1.9881728e+03
   2.000e+00    4.0068797e+05  1.9960617e+03
   3.000e+00    4.0116965e+05  2.0061802e+03
   4.000e+00    4.0221700e+05  2.0024134e+03
   5.000e+00    3.9690334e+05  1.9869498e+03
   6.000e+00    4.0084528e+05  2.0073337e+03
   7.000e+00    4.0209065e+05  2.0023247e+03
   8.000e+00    3.9968728e+05  1.9967952e+03
   9.000e+00    4.0388563e+05  2.0148800e+03
   1.000e+01    4.1310240e+05  2.0594891e+03
   1.100e+01    4.2885355e+05  2.1254853e+03
   1.200e+01    4.3992840e+05  2.2048327e+03
   1.300e+01    4.5589100e+05  2.2913382e+03
   1.400e+01    4.8009681e+05  2.3802774e+03
   1.500e+01    4.9411944e+05  2.4681011e+03
   1.600e+01    5.0800871e+05  2.5531470e+03
   1.700e+01    5.3058191e+05  2.6336543e+03
   1.800e+01    5.4054957e+05  2.7095271e+03
   1.900e+01    5.5852417e+05  2.7799549e+03
   2.000e+01    5.6764085e+05  2.8454820e+03
   2.100e+01    5.8230007e+05  2.9057621e+03
   2.200e+01    5.9191349e+05  2.9615289e+03
   2.300e+01    6.0381035e+05  3.0126498e+03
   2.400e+01    6.1455393e+05  3.0598542e+03
   2.500e+01    6.2294619e+05  3.1031012e+03
   2.600e+01    6.2532289e+05  3.1430438e+03
   2.700e+01    6.3585140e+05  3.1796763e+03
   2.800e+01    6.3732390e+05  3.2135574e+03
   2.900e+01    6.4584317e+05  3.2446907e+03
   3.000e+01    6.5287689e+05  3.2735447e+03
   3.100e+01    6.5148109e+05  3.3001222e+03
   3.200e+01    6.6656103e+05  3.3248126e+03
   3.300e+01    6.6895767e+05  3.3476145e+03
   3.400e+01    6.7053721e+05  3.3688510e+03
   3.500e+01    6.7932261e+05  3.3885157e+03
   3.600e+01    6.8646372e+05  3.4068773e+03
   3.700e+01    6.8990176e+05  3.4239252e+03
   3.800e+01    6.8939968e+05  3.4398838e+03
   3.900e+01    6.9276152e+05  3.4547390e+03
   4.000e+01    6.9818253e+05  3.4686792e+03
   2.700e+01    6.3386329e+05  3.1796763e+03
   5.000e+00    3.9644007e+05  1.9869498e+03
   1.400e+01    4.7815280e+05  2.3802774e+03
