#   ncyc_cp         Intensity      Esd(Int.)
   0.000e+00    9.9945255e+05  5.0000000e+03
   1.000e+00    1.0469757e+05  5.2271446e+02
   3.000e+00    1.0699467e+05  5.3480311e+02
   5.000e+00    1.0954513e+05  5.4707057e+02
   7.000e+00    1.1159148e+05  5.6230475e+02
   9.000e+00    1.1399036e+05  5.6643308e+02
   1.100e+01    1.1732340e+05  5.8487641e+02
   1.300e+01    1.1806300e+05  5.9281024e+02
   1.500e+01    1.1942249e+05  5.9543970e+02
   1.700e+01    1.2145922e+05  6.1022231e+02
   1.900e+01    1.2950448e+05  6.4477380e+02
   2.100e+01    1.3950221e+05  6.9914651e+02
   2.300e+01    1.5433995e+05  7.7056048e+02
   2.500e+01    1.6907565e+05  8.5555629e+02
   2.700e+01    1.9024982e+05  9.5072434e+02
   2.900e+01    2.1262062e+05  1.0529494e+03
   3.100e+01    2.3095577e+05  1.1595049e+03
   3.300e+01    2.5350484e+05  1.2680880e+03
   3.500e+01    2.7835491e+05  1.3768182e+03
   3.700e+01    2.9664303e+05  1.4842116e+03
   3.900e+01    3.1850542e+05  1.5891391e+03
   4.100e+01    3.4103134e+05  1.6907764e+03
   4.300e+01    3.5724266e+05  1.7885532e+03
   4.500e+01    3.7541597e+05  1.8821045e+03
   4.700e+01    3.9459364e+05  1.9712273e+03
   4.900e+01    4.0984813e+05  2.0558437e+03
   5.100e+01    4.2772580e+05  2.1359695e+03
   5.300e+01    4.3918126e+05  2.2116893e+03
   5.500e+01    4.5646162e+05  2.2831363e+03
   5.700e+01    4.7121157e+05  2.3504768e+03
   5.900e+01    4.8136783e+05  2.4138978e+03
   6.100e+01    4.9446694e+05  2.4735978e+03
   6.300e+01    5.0789011e+05  2.5297805e+03
   6.500e+01    5.1998693e+05  2.5826492e+03
   6.700e+01    5.2477379e+05  2.6324035e+03
   6.900e+01    5.3436798e+05  2.6792365e+03
   7.100e+01    5.4668994e+05  2.7233336e+03
   7.300e+01    5.5640247e+05  2.7648712e+03
   7.500e+01    5.6401016e+05  2.8040163e+03
   7.700e+01    5.6720380e+05  2.8409259e+03
   7.900e+01    5.7357873e+05  2.8757475e+03
   7.900e+01    5.7448074e+05  2.8757475e+03
   2.300e+01    1.5481869e+05  7.7056048e+02
   6.900e+01    5.3967698e+05  2.6792365e+03
