#   ncyc_cp         Intensity      Esd(Int.)
   0.000e+00    9.9985152e+05  5.0000000e+03
   1.000e+00    3.0548194e+04  1.5296178e+02
   2.000e+00    3.1982758e+04  1.6023858e+02
   3.000e+00    3.3980922e+04  1.6813316e+02
   4.000e+00    3.4861644e+04  1.7548735e+02
   5.000e+00    3.6335817e+04  1.8162284e+02
   6.000e+00    3.8024222e+04  1.9185267e+02
   7.000e+00    4.0484455e+04  2.0263677e+02
   8.000e+00    4.2392319e+04  2.1108595e+02
   9.000e+00    4.3647702e+04  2.1951341e+02
   1.000e+01    4.6348344e+04  2.3151428e+02
   1.100e+01    4.9592334e+04  2.4954787e+02
   1.200e+01    5.5315121e+04  2.7472316e+02
   1.300e+01    6.1480960e+04  3.0743623e+02
   1.400e+01    6.9291606e+04  3.4764047e+02
   1.500e+01    7.8718230e+04  3.9497604e+02
   1.600e+01    8.9246468e+04  4.4907495e+02
   1.700e+01    1.0252488e+05  5.0914017e+02
   1.800e+01    1.1539245e+05  5.7469243e+02
   1.900e+01    1.2848257e+05  6.4464715e+02
   2.000e+01    1.4323984e+05  7.1854342e+02
   2.100e+01    1.5884544e+05  7.9517081e+02
   2.200e+01    1.7499764e+05  8.7418724e+02
   2.300e+01    1.9145832e+05  9.5439163e+02
   2.400e+01    2.0711022e+05  1.0356137e+03
   2.500e+01    2.2569614e+05  1.1167454e+03
   2.600e+01    2.4105901e+05  1.1977962e+03
   2.700e+01    2.5624986e+05  1.2777874e+03
   2.800e+01    2.6859052e+05  1.3568869e+03
   2.900e+01    2.8398519e+05  1.4342504e+03
   3.000e+01    3.0236003e+05  1.5101702e+03
   3.100e+01    3.1573132e+05  1.5839246e+03
   3.200e+01    3.3235936e+05  1.6558941e+03
   3.300e+01    3.4451628e+05  1.7254619e+03
   3.400e+01    3.5770883e+05  1.7930643e+03
   3.500e+01    3.7258455e+05  1.8581707e+03
   3.600e+01    3.8479988e+05  1.9212479e+03
   3.700e+01    3.9439679e+05  1.9818341e+03
   3.800e+01    4.0737761e+05  2.0404074e+03
   3.900e+01    4.1919775e+05  2.0965612e+03
   4.000e+01    4.2994671e+05  2.1507707e+03
   8.000e+00    4.2211748e+04  2.1108595e+02
   7.000e+00    4.0716890e+04  2.0263677e+02
   6.000e+00    3.8453936e+04  1.9185267e+02
