#   ncyc_cp         Intensity      Esd(Int.)
   0.000e+00    9.9544239e+05  5.0000000e+03
   1.000e+00    1.8663384e+05  9.2606728e+02
   2.000e+00    1.9322288e+05  9.6132451e+02
   3.000e+00    1.9934282e+05  9.9707015e+02
   4.000e+00    2.1155991e+05  1.0539796e+03
   5.000e+00    2.2329996e+05  1.1097569e+03
   6.000e+00    2.4032566e+05  1.2029884e+03
   7.000e+00    2.6954985e+05  1.3365315e+03
   8.000e+00    3.0046043e+05  1.4957920e+03
   9.000e+00    3.3284990e+05  1.6659668e+03
   1.000e+01    3.6804017e+05  1.8363991e+03
   1.100e+01    3.9892493e+05  2.0000736e+03
   1.200e+01    4.2874494e+05  2.1533172e+03
   1.300e+01    4.5262046e+05  2.2941565e+03
   1.400e+01    4.7888620e+05  2.4223262e+03
   1.500e+01    5.0792997e+05  2.5379699e+03
   1.600e+01    5.2868079e+05  2.6420337e+03
   1.700e+01    5.4287571e+05  2.7353134e+03
   1.800e+01    5.6516146e+05  2.8190024e+03
   1.900e+01    5.7415768e+05  2.8939634e+03
   2.000e+01    5.9259839e+05  2.9612914e+03
   2.100e+01    6.0452526e+05  3.0217276e+03
   2.200e+01    6.1313625e+05  3.0761790e+03
   2.300e+01    6.2423192e+05  3.1252296e+03
   2.400e+01    6.2960253e+05  3.1696016e+03
   2.500e+01    6.4040444e+05  3.2097379e+03
   2.600e+01    6.5219975e+05  3.2462053e+03
   2.700e+01    6.5421003e+05  3.2793339e+03
   2.800e+01    6.6511401e+05  3.3095677e+03
   2.900e+01    6.6770978e+05  3.3371505e+03
   3.000e+01    6.6218102e+05  3.3624319e+03
   3.100e+01    6.8302887e+05  3.3855911e+03
   3.200e+01    6.8213679e+05  3.4069054e+03
   3.300e+01    6.8509308e+05  3.4265063e+03
   3.400e+01    6.9731290e+05  3.4446160e+03
   3.500e+01    6.8904415e+05  3.4613305e+03
   3.600e+01    6.8976379e+05  3.4768297e+03
   3.700e+01    6.9818616e+05  3.4911835e+03
   3.800e+01    6.9391838e+05  3.5045389e+03
   3.900e+01    6.9807239e+05  3.5169466e+03
   4.000e+01    7.0740555e+05  3.5285279e+03
   2.800e+01    6.6128369e+05  3.3095677e+03
   2.200e+01    6.2074934e+05  3.0761790e+03
   3.100e+01    6.7641510e+05  3.3855911e+03
