#   ncyc_cp         Intensity      Esd(Int.)
   0.000e+00    9.9607296e+05  5.0000000e+03
   1.000e+00    6.6513825e+04  3.3228705e+02
   3.000e+00    6.8107020e+04  3.4245003e+02
   5.000e+00    7.0625228e+04  3.5283238e+02
   7.000e+00    7.3189878e+04  3.6437115e+02
   9.000e+00    7.5298768e+04  3.7465656e+02
   1.100e+01    7.6993012e+04  3.8407721e+02
   1.300e+01    7.9624024e+04  3.9748583e+02
   1.500e+01    8.2246460e+04  4.0924134e+02
   1.700e+01    8.3343407e+04  4.1718470e+02
   1.900e+01    8.4835270e+04  4.2544687e+02
   2.100e+01    8.7533200e+04  4.3887289e+02
   2.300e+01    9.1932998e+04  4.6031889e+02
   2.500e+01    9.9471527e+04  4.9079106e+02
   2.700e+01    1.0556908e+05  5.3021125e+02
   2.900e+01    1.1579215e+05  5.7796411e+02
   3.100e+01    1.2644346e+05  6.3318212e+02
   3.300e+01    1.3947670e+05  6.9488273e+02
   3.500e+01    1.5246129e+05  7.6203988e+02
   3.700e+01    1.6774361e+05  8.3362884e+02
   3.900e+01    1.8182867e+05  9.0865881e+02
   4.100e+01    1.9659646e+05  9.8619778e+02
   4.300e+01    2.1318537e+05  1.0653903e+03
   4.500e+01    2.3061084e+05  1.1454689e+03
   4.700e+01    2.4730445e+05  1.2257596e+03
   4.900e+01    2.6094403e+05  1.3056825e+03
   5.100e+01    2.7642397e+05  1.3847488e+03
   5.300e+01    2.9503734e+05  1.4625550e+03
   5.500e+01    3.0521971e+05  1.5387756e+03
   5.700e+01    3.2471607e+05  1.6131545e+03
   5.900e+01    3.3782593e+05  1.6854969e+03
   6.100e+01    3.5179429e+05  1.7556609e+03
   6.300e+01    3.6462463e+05  1.8235495e+03
   6.500e+01    3.7947893e+05  1.8891035e+03
   6.700e+01    3.9139095e+05  1.9522952e+03
   6.900e+01    4.0092950e+05  2.0131223e+03
   7.100e+01    4.1724954e+05  2.0716034e+03
   7.300e+01    4.2386960e+05  2.1277736e+03
   7.500e+01    4.3678457e+05  2.1816807e+03
   7.700e+01    4.5062890e+05  2.2333823e+03
   7.900e+01    4.5477031e+05  2.2829434e+03
   6.300e+01    3.6532700e+05  1.8235495e+03
   2.900e+01    1.1536002e+05  5.7796411e+02
   1.000e+00    6.6256943e+04  3.3228705e+02
