#   ncyc_cp         Intensity      Esd(Int.)
   0.000e+00    1.0025365e+06  5.0000000e+03
   1.000e+00    1.1939269e+05  5.9868588e+02
   3.000e+00    1.2288700e+05  6.1108357e+02
   5.000e+00    1.2526798e+05  6.2437631e+02
   7.000e+00    1.2785432e+05  6.3329055e+02
   9.000e+00    1.2776773e+05  6.3959035e+02
   1.100e+01    1.3126264e+05  6.5620414e+02
   1.300e+01    1.3052736e+05  6.5518663e+02
   1.500e+01    1.3184569e+05  6.6257594e+02
   1.700e+01    1.3923669e+05  6.9563624e+02
   1.900e+01    1.5115552e+05  7.5568776e+02
   2.100e+01    1.6851151e+05  8.3822178e+02
   2.300e+01    1.8796029e+05  9.3768410e+02
   2.500e+01    2.0943607e+05  1.0488633e+03
   2.700e+01    2.3305363e+05  1.1672487e+03
   2.900e+01    2.5787454e+05  1.2891151e+03
   3.100e+01    2.8268297e+05  1.4115089e+03
   3.300e+01    3.0795449e+05  1.5321839e+03
   3.500e+01    3.3085278e+05  1.6495069e+03
   3.700e+01    3.5256969e+05  1.7623527e+03
   3.900e+01    3.7340679e+05  1.8700021e+03
   4.100e+01    3.9460568e+05  1.9720489e+03
   4.300e+01    4.1443897e+05  2.0683220e+03
   4.500e+01    4.3276795e+05  2.1588207e+03
   4.700e+01    4.4811413e+05  2.2436645e+03
   4.900e+01    4.6508711e+05  2.3230538e+03
   5.100e+01    4.7864177e+05  2.3972404e+03
   5.300e+01    4.8934034e+05  2.4665060e+03
   5.500e+01    5.0391878e+05  2.5311463e+03
   5.700e+01    5.1605870e+05  2.5914597e+03
   5.900e+01    5.3260557e+05  2.6477397e+03
   6.100e+01    5.3919330e+05  2.7002700e+03
   6.300e+01    5.5055614e+05  2.7493209e+03
   6.500e+01    5.5936395e+05  2.7951475e+03
   6.700e+01    5.7113826e+05  2.8379890e+03
   6.900e+01    5.7065489e+05  2.8780683e+03
   7.100e+01    5.8467836e+05  2.9155923e+03
   7.300e+01    5.9029842e+05  2.9507524e+03
   7.500e+01    5.9597413e+05  2.9837252e+03
   7.700e+01    6.0279744e+05  3.0146736e+03
   7.900e+01    6.1200767e+05  3.0437474e+03
   1.300e+01    1.3056309e+05  6.5518663e+02
   2.100e+01    1.6921034e+05  8.3822178e+02
   6.900e+01    5.7535139e+05  2.8780683e+03
