#   ncyc_cp         Intensity      Esd(Int.)
   0.000e+00    1.0027761e+06  5.0000000e+03
   1.000e+00    3.5594645e+05  1.7932223e+03
   2.000e+00    3.6980680e+05  1.8652686e+03
   3.000e+00    3.8710196e+05  1.9406721e+03
   4.000e+00    4.0551727e+05  2.0197010e+03
   5.000e+00    4.2162561e+05  2.1025493e+03
   6.000e+00    4.3589681e+05  2.1896292e+03
   7.000e+00    4.5664352e+05  2.2803316e+03
   8.000e+00    4.7737945e+05  2.3729742e+03
   9.000e+00    4.9301286e+05  2.4654707e+03
   1.000e+01    5.1162177e+05  2.5558881e+03
   1.100e+01    5.2531961e+05  2.6427124e+03
   1.200e+01    5.4654495e+05  2.7249065e+03
   1.300e+01    5.5817006e+05  2.8018625e+03
   1.400e+01    5.8150176e+05  2.8733144e+03
   1.500e+01    5.8986883e+05  2.9392472e+03
   1.600e+01    6.0192559e+05  2.9998177e+03
   1.700e+01    6.1039491e+05  3.0552922e+03
   1.800e+01    6.2369809e+05  3.1059992e+03
   1.900e+01    6.2956172e+05  3.1522961e+03
   2.000e+01    6.3149177e+05  3.1945467e+03
   2.100e+01    6.4338961e+05  3.2331064e+03
   2.200e+01    6.5777405e+05  3.2683132e+03
   2.300e+01    6.5883940e+05  3.3004826e+03
   2.400e+01    6.6627592e+05  3.3299052e+03
   2.500e+01    6.6882876e+05  3.3568464e+03
   2.600e+01    6.7597911e+05  3.3815468e+03
   2.700e+01    6.8606642e+05  3.4042238e+03
   2.800e+01    6.8947378e+05  3.4250726e+03
   2.900e+01    6.8850035e+05  3.4442688e+03
   3.000e+01    6.9633565e+05  3.4619695e+03
   3.100e+01    6.9080068e+05  3.4783156e+03
   3.200e+01    6.9957336e+05  3.4934334e+03
   3.300e+01    7.0083519e+05  3.5074356e+03
   3.400e+01    7.0948512e+05  3.5204237e+03
   3.500e+01    7.0495121e+05  3.5324883e+03
   3.600e+01    7.1514214e+05  3.5437109e+03
   3.700e+01    7.1761766e+05  3.5541647e+03
   3.800e+01    7.1291969e+05  3.5639156e+03
   3.900e+01    7.1337207e+05  3.5730227e+03
   4.000e+01    7.1814156e+05  3.5815396e+03
   3.000e+01    6.8984204e+05  3.4619695e+03
   1.200e+01    5.4595100e+05  2.7249065e+03
   2.300e+01    6.6231133e+05  3.3004826e+03
