#   ncyc_cp         Intensity      Esd(Int.)
   0.000e+00    9.9871691e+05  5.0000000e+03
   1.000e+00    2.5929147e+04  1.2893612e+02
   2.000e+00    2.7493652e+04  1.3652085e+02
   3.000e+00    2.8951287e+04  1.4462809e+02
   4.000e+00    3.0720120e+04  1.5279930e+02
   5.000e+00    3.2063801e+04  1.6078593e+02
   6.000e+00    3.3969358e+04  1.7081276e+02
   7.000e+00    3.6510789e+04  1.8204495e+02
   8.000e+00    3.8341018e+04  1.9288735e+02
   9.000e+00    4.0721438e+04  2.0389570e+02
   1.000e+01    4.3648627e+04  2.1687078e+02
   1.100e+01    4.6492244e+04  2.3357784e+02
   1.200e+01    5.0832187e+04  2.5515009e+02
   1.300e+01    5.6021422e+04  2.8222493e+02
   1.400e+01    6.3272295e+04  3.1506726e+02
   1.500e+01    7.0850391e+04  3.5364296e+02
   1.600e+01    7.9660987e+04  3.9786277e+02
   1.700e+01    8.9610489e+04  4.4730049e+02
   1.800e+01    1.0084852e+05  5.0170880e+02
   1.900e+01    1.1149915e+05  5.6039050e+02
   2.000e+01    1.2462548e+05  6.2304116e+02
   2.100e+01    1.3820311e+05  6.8880198e+02
   2.200e+01    1.5061688e+05  7.5739189e+02
   2.300e+01    1.6563097e+05  8.2789332e+02
   2.400e+01    1.7995298e+05  9.0010612e+02
   2.500e+01    1.9512302e+05  9.7313212e+02
   2.600e+01    2.0773216e+05  1.0468813e+03
   2.700e+01    2.2488444e+05  1.1205224e+03
   2.800e+01    2.3728449e+05  1.1940803e+03
   2.900e+01    2.5444627e+05  1.2668121e+03
   3.000e+01    2.6638302e+05  1.3388461e+03
   3.100e+01    2.8205897e+05  1.4095318e+03
   3.200e+01    2.9433482e+05  1.4790817e+03
   3.300e+01    3.0974851e+05  1.5469312e+03
   3.400e+01    3.2043712e+05  1.6133559e+03
   3.500e+01    3.3475463e+05  1.6778666e+03
   3.600e+01    3.4885564e+05  1.7407817e+03
   3.700e+01    3.6196027e+05  1.8016758e+03
   3.800e+01    3.7040660e+05  1.8608936e+03
   3.900e+01    3.8089569e+05  1.9180622e+03
   4.000e+01    3.9627725e+05  1.9735392e+03
   5.000e+00    3.2142144e+04  1.6078593e+02
   2.100e+01    1.3733108e+05  6.8880198e+02
   6.000e+00    3.4116567e+04  1.7081276e+02
