#   ncyc_cp         Intensity      Esd(Int.)
   0.000e+00    1.0100478e+06  5.0000000e+03
   1.000e+00    1.7255482e+05  8.5685063e+02
   2.000e+00    1.7417791e+05  8.7203100e+02
   3.000e+00    1.7833414e+05  8.9108739e+02
   4.000e+00    1.7865120e+05  8.9443454e+02
   5.000e+00    1.8504208e+05  9.2624283e+02
   6.000e+00    1.8775039e+05  9.3795236e+02
   7.000e+00    1.9046644e+05  9.5302710e+02
   8.000e+00    1.9930380e+05  9.9588438e+02
   9.000e+00    2.1439389e+05  1.0694062e+03
   1.000e+01    2.3427505e+05  1.1673285e+03
   1.100e+01    2.5921869e+05  1.2819081e+03
   1.200e+01    2.8028066e+05  1.4063802e+03
   1.300e+01    3.0728437e+05  1.5350968e+03
   1.400e+01    3.3428660e+05  1.6642080e+03
   1.500e+01    3.5730418e+05  1.7904728e+03
   1.600e+01    3.8018674e+05  1.9122683e+03
   1.700e+01    4.0290829e+05  2.0279766e+03
   1.800e+01    4.2853511e+05  2.1372992e+03
   1.900e+01    4.5030080e+05  2.2395480e+03
   2.000e+01    4.6426656e+05  2.3350960e+03
   2.100e+01    4.8361826e+05  2.4237285e+03
   2.200e+01    5.0456224e+05  2.5061004e+03
   2.300e+01    5.2162636e+05  2.5822102e+03
   2.400e+01    5.3170533e+05  2.6527881e+03
   2.500e+01    5.4307056e+05  2.7179110e+03
   2.600e+01    5.5427704e+05  2.7782858e+03
   2.700e+01    5.6721021e+05  2.8340037e+03
   2.800e+01    5.7438741e+05  2.8857073e+03
   2.900e+01    5.8712029e+05  2.9334752e+03
   3.000e+01    5.9415400e+05  2.9778740e+03
   3.100e+01    6.0501759e+05  3.0189602e+03
   3.200e+01    6.1571036e+05  3.0572263e+03
   3.300e+01    6.1096282e+05  3.0927062e+03
   3.400e+01    6.2477846e+05  3.1258250e+03
   3.500e+01    6.3136230e+05  3.1565966e+03
   3.600e+01    6.3540528e+05  3.1853876e+03
   3.700e+01    6.4147082e+05  3.2121956e+03
   3.800e+01    6.4755162e+05  3.2373372e+03
   3.900e+01    6.4836672e+05  3.2607973e+03
   4.000e+01    6.5515892e+05  3.2828503e+03
   2.500e+01    5.4404927e+05  2.7179110e+03
   2.700e+01    5.6795014e+05  2.8340037e+03
   1.700e+01    4.0666181e+05  2.0279766e+03
