#   ncyc_cp         Intensity      Esd(Int.)
   0.000e+00    1.0070724e+06  5.0000000e+03
   1.000e+00    1.1032914e+05  5.5467228e+02
   2.000e+00    1.1329064e+05  5.6545074e+02
   3.000e+00    1.1611468e+05  5.7675866e+02
   4.000e+00    1.1680574e+05  5.8652209e+02
   5.000e+00    1.1777788e+05  5.8524179e+02
   6.000e+00    1.2104971e+05  6.0495773e+02
   7.000e+00    1.2361790e+05  6.1883150e+02
   8.000e+00    1.2338369e+05  6.2056471e+02
   9.000e+00    1.2522974e+05  6.2476935e+02
   1.000e+01    1.2846299e+05  6.4246829e+02
   1.100e+01    1.3495300e+05  6.7705262e+02
   1.200e+01    1.4519909e+05  7.2768595e+02
   1.300e+01    1.5761501e+05  7.9220640e+02
   1.400e+01    1.7259289e+05  8.6800423e+02
   1.500e+01    1.8974971e+05  9.5245680e+02
   1.600e+01    2.0965121e+05  1.0433870e+03
   1.700e+01    2.2876628e+05  1.1384345e+03
   1.800e+01    2.4749142e+05  1.2361391e+03
   1.900e+01    2.6825569e+05  1.3345525e+03
   2.000e+01    2.8787856e+05  1.4328979e+03
   2.100e+01    3.0987213e+05  1.5296567e+03
   2.200e+01    3.2677427e+05  1.6245989e+03
   2.300e+01    3.4345091e+05  1.7165788e+03
   2.400e+01    3.6246298e+05  1.8057521e+03
   2.500e+01    3.7943242e+05  1.8912628e+03
   2.600e+01    3.8995295e+05  1.9735101e+03
   2.700e+01    4.1311168e+05  2.0518474e+03
   2.800e+01    4.2144928e+05  2.1268097e+03
   2.900e+01    4.4296542e+05  2.1978963e+03
   3.000e+01    4.5541223e+05  2.2657031e+03
   3.100e+01    4.6439929e+05  2.3298292e+03
   3.200e+01    4.7596060e+05  2.3908839e+03
   3.300e+01    4.9036224e+05  2.4485340e+03
   3.400e+01    4.9629958e+05  2.5033737e+03
   3.500e+01    5.0910888e+05  2.5551164e+03
   3.600e+01    5.2310880e+05  2.6043257e+03
   3.700e+01    5.2674865e+05  2.6507477e+03
   3.800e+01    5.3770338e+05  2.6949077e+03
   3.900e+01    5.4786926e+05  2.7365758e+03
   4.000e+01    5.5851770e+05  2.7762364e+03
   3.200e+01    4.8053951e+05  2.3908839e+03
   3.000e+01    4.4978574e+05  2.2657031e+03
   3.800e+01    5.3145696e+05  2.6949077e+03
