#   ncyc_cp         Intensity      Esd(Int.)
   0.000e+00    9.9933093e+05  5.0000000e+03
   1.000e+00    1.9304721e+05  9.6948207e+02
   2.000e+00    2.0920774e+05  1.0396561e+03
   3.000e+00    2.2345952e+05  1.1158344e+03
   4.000e+00    2.4020621e+05  1.1991934e+03
   5.000e+00    2.5994737e+05  1.2910688e+03
   6.000e+00    2.8053284e+05  1.3939415e+03
   7.000e+00    3.0378402e+05  1.5077746e+03
   8.000e+00    3.2239175e+05  1.6298896e+03
   9.000e+00    3.5499381e+05  1.7565135e+03
   1.000e+01    3.7968669e+05  1.8839530e+03
   1.100e+01    4.0155608e+05  2.0091491e+03
   1.200e+01    4.2613836e+05  2.1298347e+03
   1.300e+01    4.5008714e+05  2.2444910e+03
   1.400e+01    4.6900393e+05  2.3522225e+03
   1.500e+01    4.8860745e+05  2.4526139e+03
   1.600e+01    5.1123102e+05  2.5455975e+03
   1.700e+01    5.2834909e+05  2.6313437e+03
   1.800e+01    5.4383651e+05  2.7101760e+03
   1.900e+01    5.5566519e+05  2.7825076e+03
   2.000e+01    5.7068303e+05  2.8487967e+03
   2.100e+01    5.7905195e+05  2.9095153e+03
   2.200e+01    5.9316973e+05  2.9651291e+03
   2.300e+01    6.0429117e+05  3.0160844e+03
   2.400e+01    6.1107248e+05  3.0628010e+03
   2.500e+01    6.2267607e+05  3.1056682e+03
   2.600e+01    6.3305592e+05  3.1450436e+03
   2.700e+01    6.2903400e+05  3.1812532e+03
   2.800e+01    6.4124836e+05  3.2145930e+03
   2.900e+01    6.4830951e+05  3.2453305e+03
   3.000e+01    6.6104931e+05  3.2737072e+03
   3.100e+01    6.5694139e+05  3.2999404e+03
   3.200e+01    6.6182975e+05  3.3242255e+03
   3.300e+01    6.6640358e+05  3.3467385e+03
   3.400e+01    6.7244961e+05  3.3676374e+03
   3.500e+01    6.7901154e+05  3.3870645e+03
   3.600e+01    6.8049784e+05  3.4051478e+03
   3.700e+01    6.8386796e+05  3.4220025e+03
   3.800e+01    6.8436192e+05  3.4377326e+03
   3.900e+01    6.8474594e+05  3.4524318e+03
   4.000e+01    6.9340038e+05  3.4661847e+03
   1.400e+01    4.7344142e+05  2.3522225e+03
   2.800e+01    6.4238482e+05  3.2145930e+03
   1.300e+01    4.4855357e+05  2.2444910e+03
