#   ncyc_cp         Intensity      Esd(Int.)
   0.000e+00    1.0095174e+06  5.0000000e+03
   1.000e+00    5.7928395e+04  2.8949511e+02
   3.000e+00    6.3145539e+04  3.1270401e+02
   5.000e+00    6.7283148e+04  3.3778609e+02
   7.000e+00    7.2887917e+04  3.6458671e+02
   9.000e+00    7.8671309e+04  3.9453626e+02
   1.100e+01    8.4973742e+04  4.2712746e+02
   1.300e+01    9.1674592e+04  4.6372806e+02
   1.500e+01    1.0087794e+05  5.0776520e+02
   1.700e+01    1.1292164e+05  5.6178917e+02
   1.900e+01    1.2484789e+05  6.2662109e+02
   2.100e+01    1.4040150e+05  7.0176314e+02
   2.300e+01    1.5644572e+05  7.8593881e+02
   2.500e+01    1.7409038e+05  8.7748028e+02
   2.700e+01    1.9478046e+05  9.7458083e+02
   2.900e+01    2.1542082e+05  1.0754592e+03
   3.100e+01    2.3611138e+05  1.1784648e+03
   3.300e+01    2.5632212e+05  1.2821385e+03
   3.500e+01    2.7750622e+05  1.3852421e+03
   3.700e+01    2.9847152e+05  1.4867626e+03
   3.900e+01    3.1653064e+05  1.5859018e+03
   4.100e+01    3.3697827e+05  1.6820557e+03
   4.300e+01    3.5133722e+05  1.7747896e+03
   4.500e+01    3.7592650e+05  1.8638114e+03
   4.700e+01    3.9070875e+05  1.9489465e+03
   4.900e+01    4.0541964e+05  2.0301144e+03
   5.100e+01    4.2320956e+05  2.1073087e+03
   5.300e+01    4.3695793e+05  2.1805793e+03
   5.500e+01    4.4584202e+05  2.2500182e+03
   5.700e+01    4.6525370e+05  2.3157477e+03
   5.900e+01    4.7360319e+05  2.3779111e+03
   6.100e+01    4.8900662e+05  2.4366647e+03
   6.300e+01    4.9738684e+05  2.4921725e+03
   6.500e+01    5.0819018e+05  2.5446015e+03
   6.700e+01    5.2062919e+05  2.5941184e+03
   6.900e+01    5.2941967e+05  2.6408868e+03
   7.100e+01    5.3734929e+05  2.6850660e+03
   7.300e+01    5.4794844e+05  2.7268094e+03
   7.500e+01    5.4986764e+05  2.7662636e+03
   7.700e+01    5.5902028e+05  2.8035682e+03
   7.900e+01    5.6510170e+05  2.8388553e+03
   3.300e+01    2.5629265e+05  1.2821385e+03
   6.100e+01    4.8612274e+05  2.4366647e+03
   4.300e+01    3.5388110e+05  1.7747896e+03
