#   ncyc_cp         Intensity      Esd(Int.)
   0.000e+00    1.0068272e+06  5.0000000e+03
   1.000e+00    1.2090775e+05  6.1217745e+02
   2.000e+00    1.2489837e+05  6.2060693e+02
   3.000e+00    1.2576180e+05  6.2406982e+02
   4.000e+00    1.2949048e+05  6.4436102e+02
   5.000e+00    1.2663445e+05  6.3173299e+02
   6.000e+00    1.2869737e+05  6.4379297e+02
   7.000e+00    1.3048712e+05  6.5639316e+02
   8.000e+00    1.2971878e+05  6.5123511e+02
   9.000e+00    1.2917203e+05  6.4487561e+02
   1.000e+01    1.3100130e+05  6.5216121e+02
   1.100e+01    1.3499031e+05  6.7795083e+02
   1.200e+01    1.4497928e+05  7.2163694e+02
   1.300e+01    1.5649600e+05  7.8073924e+02
   1.400e+01    1.7023835e+05  8.5238478e+02
   1.500e+01    1.8781883e+05  9.3379251e+02
   1.600e+01    2.0419458e+05  1.0224211e+03
   1.700e+01    2.2090742e+05  1.1160174e+03
   1.800e+01    2.4465988e+05  1.2126334e+03
   1.900e+01    2.6380440e+05  1.3106252e+03
   2.000e+01    2.8272217e+05  1.4086406e+03
   2.100e+01    3.0240406e+05  1.5055961e+03
   2.200e+01    3.2070595e+05  1.6006480e+03
   2.300e+01    3.4112862e+05  1.6931602e+03
   2.400e+01    3.5455332e+05  1.7826724e+03
   2.500e+01    3.7318521e+05  1.8688699e+03
   2.600e+01    3.9264857e+05  1.9515554e+03
   2.700e+01    4.0485467e+05  2.0306255e+03
   2.800e+01    4.2125688e+05  2.1060503e+03
   2.900e+01    4.3564975e+05  2.1778554e+03
   3.000e+01    4.5011629e+05  2.2461088e+03
   3.100e+01    4.6090621e+05  2.3109086e+03
   3.200e+01    4.7426059e+05  2.3723746e+03
   3.300e+01    4.8433651e+05  2.4306406e+03
   3.400e+01    4.9351049e+05  2.4858491e+03
   3.500e+01    5.0289998e+05  2.5381469e+03
   3.600e+01    5.1921484e+05  2.5876817e+03
   3.700e+01    5.2589065e+05  2.6345999e+03
   3.800e+01    5.3111367e+05  2.6790446e+03
   3.900e+01    5.3886445e+05  2.7211546e+03
   4.000e+01    5.5519089e+05  2.7610632e+03
   1.600e+01    2.0475402e+05  1.0224211e+03
   2.600e+01    3.9059523e+05  1.9515554e+03
   7.000e+00    1.3251826e+05  6.5639316e+02
