#   ncyc_cp         Intensity      Esd(Int.)
   0.000e+00    1.0047971e+06  5.0000000e+03
   1.000e+00    1.2053490e+05  6.0015313e+02
   3.000e+00    1.2876665e+05  6.4354501e+02
   5.000e+00    1.3815815e+05  6.8983514e+02
   7.000e+00    1.4809584e+05  7.4036387e+02
   9.000e+00    1.6023260e+05  7.9600792e+02
   1.100e+01    1.7119700e+05  8.5794199e+02
   1.300e+01    1.8776177e+05  9.3084081e+02
   1.500e+01    2.0134380e+05  1.0174112e+03
   1.700e+01    2.2479426e+05  1.1169869e+03
   1.900e+01    2.4486528e+05  1.2268790e+03
   2.100e+01    2.6922149e+05  1.3437004e+03
   2.300e+01    2.8967208e+05  1.4641340e+03
   2.500e+01    3.1687841e+05  1.5852970e+03
   2.700e+01    3.4342117e+05  1.7048718e+03
   2.900e+01    3.6627640e+05  1.8211112e+03
   3.100e+01    3.9010823e+05  1.9327815e+03
   3.300e+01    4.0759766e+05  2.0390795e+03
   3.500e+01    4.2825013e+05  2.1395450e+03
   3.700e+01    4.4953075e+05  2.2339803e+03
   3.900e+01    4.6259984e+05  2.3223802e+03
   4.100e+01    4.8592294e+05  2.4048759e+03
   4.300e+01    4.9518144e+05  2.4816903e+03
   4.500e+01    5.0690913e+05  2.5531042e+03
   4.700e+01    5.2690091e+05  2.6194312e+03
   4.900e+01    5.3333501e+05  2.6809993e+03
   5.100e+01    5.5023860e+05  2.7381384e+03
   5.300e+01    5.5830610e+05  2.7911711e+03
   5.500e+01    5.7249210e+05  2.8404076e+03
   5.700e+01    5.7669252e+05  2.8861415e+03
   5.900e+01    5.8599790e+05  2.9286485e+03
   6.100e+01    5.9845611e+05  2.9681851e+03
   6.300e+01    6.0320558e+05  3.0049890e+03
   6.500e+01    6.1002489e+05  3.0392793e+03
   6.700e+01    6.1306535e+05  3.0712573e+03
   6.900e+01    6.2040331e+05  3.1011079e+03
   7.100e+01    6.2737437e+05  3.1290000e+03
   7.300e+01    6.3516155e+05  3.1550883e+03
   7.500e+01    6.3196302e+05  3.1795142e+03
   7.700e+01    6.4120009e+05  3.2024068e+03
   7.900e+01    6.4144783e+05  3.2238840e+03
   7.100e+01    6.2819081e+05  3.1290000e+03
   3.700e+01    4.4554283e+05  2.2339803e+03
   4.500e+01    5.0770814e+05  2.5531042e+03
