#   ncyc_cp         Intensity      Esd(Int.)
   0.000e+00    1.0114349e+06  5.0000000e+03
   1.000e+00    4.4735795e+05  2.2283039e+03
   3.000e+00    4.6215726e+05  2.2872512e+03
   5.000e+00    4.6483022e+05  2.3479689e+03
   7.000e+00    4.8326619e+05  2.4104468e+03
   9.000e+00    4.9193294e+05  2.4745480e+03
   1.100e+01    5.1047804e+05  2.5402009e+03
   1.300e+01    5.1635977e+05  2.6071183e+03
   1.500e+01    5.3311238e+05  2.6745522e+03
   1.700e+01    5.5068931e+05  2.7414588e+03
   1.900e+01    5.6079206e+05  2.8067701e+03
   2.100e+01    5.7524299e+05  2.8695793e+03
   2.300e+01    5.8563349e+05  2.9292196e+03
   2.500e+01    5.9545364e+05  2.9852683e+03
   2.700e+01    6.0626109e+05  3.0375140e+03
   2.900e+01    6.1779086e+05  3.0859113e+03
   3.100e+01    6.2906846e+05  3.1305352e+03
   3.300e+01    6.3317583e+05  3.1715419e+03
   3.500e+01    6.3807739e+05  3.2091381e+03
   3.700e+01    6.5015510e+05  3.2435572e+03
   3.900e+01    6.5930134e+05  3.2750433e+03
   4.100e+01    6.5909624e+05  3.3038393e+03
   4.300e+01    6.6644997e+05  3.3301796e+03
   4.500e+01    6.7400824e+05  3.3542858e+03
   4.700e+01    6.7479701e+05  3.3763644e+03
   4.900e+01    6.7747356e+05  3.3966051e+03
   5.100e+01    6.7978836e+05  3.4151815e+03
   5.300e+01    6.8535597e+05  3.4322511e+03
   5.500e+01    6.9012335e+05  3.4479565e+03
   5.700e+01    6.9096206e+05  3.4624263e+03
   5.900e+01    6.9469329e+05  3.4757760e+03
   6.100e+01    6.9695883e+05  3.4881097e+03
   6.300e+01    7.0225113e+05  3.4995208e+03
   6.500e+01    7.0284608e+05  3.5100933e+03
   6.700e+01    7.0357050e+05  3.5199024e+03
   6.900e+01    7.0239168e+05  3.5290160e+03
   7.100e+01    7.0770669e+05  3.5374948e+03
   7.300e+01    7.1004027e+05  3.5453937e+03
   7.500e+01    7.0788252e+05  3.5527620e+03
   7.700e+01    7.1030832e+05  3.5596443e+03
   7.900e+01    7.1931067e+05  3.5660806e+03
   2.100e+01    5.7187189e+05  2.8695793e+03
   3.100e+01    6.2826880e+05  3.1305352e+03
   4.500e+01    6.7486157e+05  3.3542858e+03
