#   ncyc_cp         Intensity      Esd(Int.)
   0.000e+00    1.0045617e+06  5.0000000e+03
   1.000e+00    3.1001121e+05  1.5638840e+03
   2.000e+00    3.1754486e+05  1.5917291e+03
   3.000e+00    3.2382799e+05  1.6139725e+03
   4.000e+00    3.2964401e+05  1.6590759e+03
   5.000e+00    3.4227437e+05  1.7054919e+03
   6.000e+00    3.6433295e+05  1.8055300e+03
   7.000e+00    3.8904560e+05  1.9482963e+03
   8.000e+00    4.1847815e+05  2.1092570e+03
   9.000e+00    4.5221868e+05  2.2708728e+03
   1.000e+01    4.8472988e+05  2.4235279e+03
   1.100e+01    5.0856988e+05  2.5627109e+03
   1.200e+01    5.3869158e+05  2.6872432e+03
   1.300e+01    5.6000620e+05  2.7973129e+03
   1.400e+01    5.7939814e+05  2.8941624e+03
   1.500e+01    5.9113034e+05  2.9790575e+03
   1.600e+01    6.0904059e+05  3.0535655e+03
   1.700e+01    6.2499185e+05  3.1189282e+03
   1.800e+01    6.3525172e+05  3.1764795e+03
   1.900e+01    6.4005805e+05  3.2271946e+03
   2.000e+01    6.5887649e+05  3.2720973e+03
   2.100e+01    6.5922572e+05  3.3119007e+03
   2.200e+01    6.6991560e+05  3.3473657e+03
   2.300e+01    6.7509399e+05  3.3790008e+03
   2.400e+01    6.7979350e+05  3.4073684e+03
   2.500e+01    6.9278385e+05  3.4328284e+03
   2.600e+01    6.9436667e+05  3.4557992e+03
   2.700e+01    6.9348382e+05  3.4765358e+03
   2.800e+01    6.9565776e+05  3.4953530e+03
   2.900e+01    7.0317718e+05  3.5124320e+03
   3.000e+01    7.0529872e+05  3.5280130e+03
   3.100e+01    7.0831472e+05  3.5422255e+03
   3.200e+01    7.1644264e+05  3.5552550e+03
   3.300e+01    7.1120174e+05  3.5671947e+03
   3.400e+01    7.1236075e+05  3.5781900e+03
   3.500e+01    7.1970861e+05  3.5883079e+03
   3.600e+01    7.2010891e+05  3.5976642e+03
   3.700e+01    7.2518633e+05  3.6063070e+03
   3.800e+01    7.2674211e+05  3.6143297e+03
   3.900e+01    7.2344803e+05  3.6217668e+03
   4.000e+01    7.2328993e+05  3.6286945e+03
   1.300e+01    5.5817490e+05  2.7973129e+03
   3.000e+01    7.0643717e+05  3.5280130e+03
   5.000e+00    3.3980798e+05  1.7054919e+03
