#   ncyc_cp         Intensity      Esd(Int.)
   0.000e+00    9.9992284e+05  5.0000000e+03
   1.000e+00    9.8768872e+04  4.9304931e+02
   3.000e+00    1.0471628e+05  5.2607341e+02
   5.000e+00    1.1275136e+05  5.6089170e+02
   7.000e+00    1.2033971e+05  5.9811018e+02
   9.000e+00    1.2892961e+05  6.3973267e+02
   1.100e+01    1.3794446e+05  6.8502099e+02
   1.300e+01    1.4840099e+05  7.4202752e+02
   1.500e+01    1.6290898e+05  8.1649407e+02
   1.700e+01    1.8126481e+05  9.0859017e+02
   1.900e+01    2.0358284e+05  1.0153295e+03
   2.100e+01    2.2553607e+05  1.1326497e+03
   2.300e+01    2.5005768e+05  1.2564774e+03
   2.500e+01    2.7502147e+05  1.3832056e+03
   2.700e+01    3.0325278e+05  1.5098753e+03
   2.900e+01    3.2768508e+05  1.6342024e+03
   3.100e+01    3.5104056e+05  1.7545240e+03
   3.300e+01    3.7428315e+05  1.8697077e+03
   3.500e+01    3.9647438e+05  1.9790506e+03
   3.700e+01    4.1187308e+05  2.0821825e+03
   3.900e+01    4.3702750e+05  2.1789819e+03
   4.100e+01    4.5284760e+05  2.2695058e+03
   4.300e+01    4.7411733e+05  2.3539348e+03
   4.500e+01    4.8712346e+05  2.4325300e+03
   4.700e+01    5.0026964e+05  2.5056016e+03
   4.900e+01    5.1236834e+05  2.5734854e+03
   5.100e+01    5.3252475e+05  2.6365258e+03
   5.300e+01    5.3820598e+05  2.6950651e+03
   5.500e+01    5.4997410e+05  2.7494352e+03
   5.700e+01    5.5823194e+05  2.7999530e+03
   5.900e+01    5.6970875e+05  2.8469173e+03
   6.100e+01    5.7757729e+05  2.8906077e+03
   6.300e+01    5.9005788e+05  2.9312837e+03
   6.500e+01    5.9739761e+05  2.9691853e+03
   6.700e+01    5.9998052e+05  3.0045337e+03
   6.900e+01    6.0362907e+05  3.0375319e+03
   7.100e+01    6.1212180e+05  3.0683660e+03
   7.300e+01    6.1736111e+05  3.0972065e+03
   7.500e+01    6.2605440e+05  3.1242091e+03
   7.700e+01    6.3121747e+05  3.1495165e+03
   7.900e+01    6.3810665e+05  3.1732588e+03
   3.300e+01    3.7552525e+05  1.8697077e+03
   4.900e+01    5.1524361e+05  2.5734854e+03
   5.300e+01    5.3440212e+05  2.6950651e+03
