#   ncyc_cp         Intensity      Esd(Int.)
   0.000e+00    9.9825398e+05  5.0000000e+03
   1.000e+00    5.8161747e+05  2.8986083e+03
   3.000e+00    5.8408046e+05  2.9337875e+03
   5.000e+00    5.9421151e+05  2.9695179e+03
   7.000e+00    6.0478239e+05  3.0056875e+03
   9.000e+00    6.0756603e+05  3.0421874e+03
   1.100e+01    6.1687007e+05  3.0789094e+03
   1.300e+01    6.2334878e+05  3.1156732e+03
   1.500e+01    6.3008501e+05  3.1521593e+03
   1.700e+01    6.3554952e+05  3.1879548e+03
   1.900e+01    6.4646712e+05  3.2226406e+03
   2.100e+01    6.5151974e+05  3.2558576e+03
   2.300e+01    6.5549984e+05  3.2873395e+03
   2.500e+01    6.6342374e+05  3.3169179e+03
   2.700e+01    6.6976091e+05  3.3445124e+03
   2.900e+01    6.7080268e+05  3.3701135e+03
   3.100e+01    6.7621897e+05  3.3937650e+03
   3.300e+01    6.7922127e+05  3.4155472e+03
   3.500e+01    6.8855865e+05  3.4355639e+03
   3.700e+01    6.9422138e+05  3.4539319e+03
   3.900e+01    6.9598595e+05  3.4707733e+03
   4.100e+01    6.9046751e+05  3.4862100e+03
   4.300e+01    7.0476122e+05  3.5003603e+03
   4.500e+01    6.9885777e+05  3.5133367e+03
   4.700e+01    7.0718164e+05  3.5252443e+03
   4.900e+01    7.0653977e+05  3.5361803e+03
   5.100e+01    7.1450058e+05  3.5462339e+03
   5.300e+01    7.1142068e+05  3.5554867e+03
   5.500e+01    7.0743280e+05  3.5640125e+03
   5.700e+01    7.1397868e+05  3.5718783e+03
   5.900e+01    7.1437426e+05  3.5791447e+03
   6.100e+01    7.1885221e+05  3.5858661e+03
   6.300e+01    7.1926236e+05  3.5920916e+03
   6.500e+01    7.1911472e+05  3.5978657e+03
   6.700e+01    7.1447958e+05  3.6032282e+03
   6.900e+01    7.2074095e+05  3.6082149e+03
   7.100e+01    7.2452490e+05  3.6128584e+03
   7.300e+01    7.2605168e+05  3.6171877e+03
   7.500e+01    7.2576580e+05  3.6212293e+03
   7.700e+01    7.3174705e+05  3.6250070e+03
   7.900e+01    7.2894403e+05  3.6285423e+03
   2.700e+01    6.6963884e+05  3.3445124e+03
   1.100e+01    6.1230379e+05  3.0789094e+03
   1.300e+01    6.1958573e+05  3.1156732e+03
