#   ncyc_cp         Intensity      Esd(Int.)
   0.000e+00    9.9917574e+05  5.0000000e+03
   1.000e+00    5.0368636e+04  2.5208706e+02
   2.000e+00    5.2813316e+04  2.6435375e+02
   3.000e+00    5.5834893e+04  2.7765083e+02
   4.000e+00    5.8064754e+04  2.9001282e+02
   5.000e+00    6.0528702e+04  3.0365044e+02
   6.000e+00    6.3480863e+04  3.1902240e+02
   7.000e+00    6.6409985e+04  3.3247541e+02
   8.000e+00    6.8987426e+04  3.4657147e+02
   9.000e+00    7.3330862e+04  3.6630140e+02
   1.000e+01    7.8746205e+04  3.9495583e+02
   1.100e+01    8.6792921e+04  4.3378397e+02
   1.200e+01    9.6390332e+04  4.8278010e+02
   1.300e+01    1.0875230e+05  5.4128166e+02
   1.400e+01    1.2161050e+05  6.0827922e+02
   1.500e+01    1.3564351e+05  6.8257527e+02
   1.600e+01    1.5124822e+05  7.6288249e+02
   1.700e+01    1.7102534e+05  8.4789714e+02
   1.800e+01    1.8667531e+05  9.3635686e+02
   1.900e+01    2.0592872e+05  1.0270842e+03
   2.000e+01    2.2274809e+05  1.1190160e+03
   2.100e+01    2.4388801e+05  1.2112200e+03
   2.200e+01    2.5959936e+05  1.3029004e+03
   2.300e+01    2.7889606e+05  1.3933954e+03
   2.400e+01    2.9568362e+05  1.4821695e+03
   2.500e+01    3.1310243e+05  1.5688013e+03
   2.600e+01    3.3175067e+05  1.6529707e+03
   2.700e+01    3.4482676e+05  1.7344452e+03
   2.800e+01    3.6482310e+05  1.8130660e+03
   2.900e+01    3.8131181e+05  1.8887363e+03
   3.000e+01    3.9467756e+05  1.9614096e+03
   3.100e+01    4.0689810e+05  2.0310803e+03
   3.200e+01    4.1880378e+05  2.0977748e+03
   3.300e+01    4.3216949e+05  2.1615447e+03
   3.400e+01    4.4183555e+05  2.2224606e+03
   3.500e+01    4.5388744e+05  2.2806069e+03
   3.600e+01    4.6585508e+05  2.3360782e+03
   3.700e+01    4.7484723e+05  2.3889756e+03
   3.800e+01    4.8990427e+05  2.4394041e+03
   3.900e+01    5.0061134e+05  2.4874706e+03
   4.000e+01    5.0845356e+05  2.5332822e+03
   1.600e+01    1.5240759e+05  7.6288249e+02
   2.600e+01    3.2953731e+05  1.6529707e+03
   3.200e+01    4.1836313e+05  2.0977748e+03
