#   ncyc_cp         Intensity      Esd(Int.)
   0.000e+00    1.0019885e+06  5.0000000e+03
   1.000e+00    9.5483199e+04  4.7497537e+02
   2.000e+00    1.0266358e+05  5.1060477e+02
   3.000e+00    1.0932686e+05  5.4798162e+02
   4.000e+00    1.1933343e+05  5.9245968e+02
   5.000e+00    1.2736501e+05  6.4212746e+02
   6.000e+00    1.3972507e+05  6.9627841e+02
   7.000e+00    1.5145269e+05  7.5949820e+02
   8.000e+00    1.6573101e+05  8.3510879e+02
   9.000e+00    1.8611480e+05  9.2343996e+02
   1.000e+01    2.0620576e+05  1.0228412e+03
   1.100e+01    2.2614798e+05  1.1306666e+03
   1.200e+01    2.4908675e+05  1.2441989e+03
   1.300e+01    2.7175788e+05  1.3606956e+03
   1.400e+01    2.9653752e+05  1.4779856e+03
   1.500e+01    3.1847395e+05  1.5940549e+03
   1.600e+01    3.4092952e+05  1.7075830e+03
   1.700e+01    3.6394433e+05  1.8173396e+03
   1.800e+01    3.8566101e+05  1.9227227e+03
   1.900e+01    4.0914953e+05  2.0231014e+03
   2.000e+01    4.2172861e+05  2.1183607e+03
   2.100e+01    4.4357755e+05  2.2082584e+03
   2.200e+01    4.5826567e+05  2.2929643e+03
   2.300e+01    4.7534929e+05  2.3724595e+03
   2.400e+01    4.9130330e+05  2.4470569e+03
   2.500e+01    5.0738870e+05  2.5168508e+03
   2.600e+01    5.1384044e+05  2.5822089e+03
   2.700e+01    5.2377594e+05  2.6432726e+03
   2.800e+01    5.4242703e+05  2.7004146e+03
   2.900e+01    5.5010664e+05  2.7537865e+03
   3.000e+01    5.6062367e+05  2.8037404e+03
   3.100e+01    5.6951254e+05  2.8504192e+03
   3.200e+01    5.8304157e+05  2.8941435e+03
   3.300e+01    5.8617100e+05  2.9350394e+03
   3.400e+01    5.8911150e+05  2.9733921e+03
   3.500e+01    6.0375413e+05  3.0093085e+03
   3.600e+01    6.0767554e+05  3.0430397e+03
   3.700e+01    6.1187917e+05  3.0746736e+03
   3.800e+01    6.1929389e+05  3.1044297e+03
   3.900e+01    6.2900532e+05  3.1323789e+03
   4.000e+01    6.3266677e+05  3.1587127e+03
   3.000e+01    5.6285930e+05  2.8037404e+03
   9.000e+00    1.8418806e+05  9.2343996e+02
   3.000e+00    1.0946648e+05  5.4798162e+02
