#   ncyc_cp         Intensity      Esd(Int.)
   0.000e+00    1.0095782e+06  5.0000000e+03
   1.000e+00    1.3030612e+05  6.5003456e+02
   3.000e+00    1.3861146e+05  6.9245531e+02
   5.000e+00    1.4765249e+05  7.3768416e+02
   7.000e+00    1.5633788e+05  7.8606000e+02
   9.000e+00    1.6833777e+05  8.3815724e+02
   1.100e+01    1.7910573e+05  8.9419548e+02
   1.300e+01    1.9097557e+05  9.5503729e+02
   1.500e+01    2.0197731e+05  1.0218902e+03
   1.700e+01    2.1828886e+05  1.0953981e+03
   1.900e+01    2.3615532e+05  1.1753497e+03
   2.100e+01    2.5152822e+05  1.2608569e+03
   2.300e+01    2.7115260e+05  1.3506470e+03
   2.500e+01    2.8837577e+05  1.4433081e+03
   2.700e+01    3.0781375e+05  1.5374554e+03
   2.900e+01    3.2602244e+05  1.6318302e+03
   3.100e+01    3.4426603e+05  1.7253501e+03
   3.300e+01    3.6445818e+05  1.8171259e+03
   3.500e+01    3.7950973e+05  1.9064590e+03
   3.700e+01    3.9853982e+05  1.9928254e+03
   3.900e+01    4.1515489e+05  2.0758543e+03
   4.100e+01    4.3020090e+05  2.1553050e+03
   4.300e+01    4.4832331e+05  2.2310433e+03
   4.500e+01    4.6299487e+05  2.3030203e+03
   4.700e+01    4.7300725e+05  2.3712534e+03
   4.900e+01    4.8930112e+05  2.4358103e+03
   5.100e+01    4.9924676e+05  2.4967957e+03
   5.300e+01    5.1307008e+05  2.5543401e+03
   5.500e+01    5.1944051e+05  2.6085913e+03
   5.700e+01    5.3169635e+05  2.6597076e+03
   5.900e+01    5.4306601e+05  2.7078521e+03
   6.100e+01    5.4481350e+05  2.7531891e+03
   6.300e+01    5.6290287e+05  2.7958811e+03
   6.500e+01    5.6792596e+05  2.8360865e+03
   6.700e+01    5.7400775e+05  2.8739580e+03
   6.900e+01    5.8625538e+05  2.9096418e+03
   7.100e+01    5.8666446e+05  2.9432769e+03
   7.300e+01    5.9655359e+05  2.9749950e+03
   7.500e+01    5.9669875e+05  3.0049199e+03
   7.700e+01    6.0790050e+05  3.0331681e+03
   7.900e+01    6.0829958e+05  3.0598485e+03
   4.700e+01    4.7957312e+05  2.3712534e+03
   4.500e+01    4.6033558e+05  2.3030203e+03
   4.100e+01    4.2997721e+05  2.1553050e+03
