#   ncyc_cp         Intensity      Esd(Int.)
   0.000e+00    9.9245209e+05  5.0000000e+03
   1.000e+00    3.2142398e+05  1.5973631e+03
   3.000e+00    3.2441907e+05  1.6166682e+03
   5.000e+00    3.2184599e+05  1.6045314e+03
   7.000e+00    3.2275005e+05  1.6216298e+03
   9.000e+00    3.2474602e+05  1.6406993e+03
   1.100e+01    3.4767455e+05  1.7365204e+03
   1.300e+01    3.7825036e+05  1.8942705e+03
   1.500e+01    4.1761551e+05  2.0753346e+03
   1.700e+01    4.5337455e+05  2.2548612e+03
   1.900e+01    4.8181673e+05  2.4208057e+03
   2.100e+01    5.1278690e+05  2.5687330e+03
   2.300e+01    5.4033477e+05  2.6981215e+03
   2.500e+01    5.5890585e+05  2.8102379e+03
   2.700e+01    5.8241415e+05  2.9070192e+03
   2.900e+01    5.9640738e+05  2.9905236e+03
   3.100e+01    6.1206236e+05  3.0626832e+03
   3.300e+01    6.2216086e+05  3.1252105e+03
   3.500e+01    6.4000989e+05  3.1795776e+03
   3.700e+01    6.4164259e+05  3.2270302e+03
   3.900e+01    6.5347707e+05  3.2686134e+03
   4.100e+01    6.5530717e+05  3.3052003e+03
   4.300e+01    6.6359733e+05  3.3375202e+03
   4.500e+01    6.7193117e+05  3.3661823e+03
   4.700e+01    6.7908332e+05  3.3916969e+03
   4.900e+01    6.7759011e+05  3.4144923e+03
   5.100e+01    6.8635797e+05  3.4349296e+03
   5.300e+01    6.9759524e+05  3.4533139e+03
   5.500e+01    6.8638957e+05  3.4699042e+03
   5.700e+01    6.9359022e+05  3.4849209e+03
   5.900e+01    6.9761076e+05  3.4985527e+03
   6.100e+01    7.0153062e+05  3.5109614e+03
   6.300e+01    7.0652010e+05  3.5222863e+03
   6.500e+01    7.0109061e+05  3.5326481e+03
   6.700e+01    7.0600590e+05  3.5421512e+03
   6.900e+01    7.1354305e+05  3.5508865e+03
   7.100e+01    7.0708524e+05  3.5589335e+03
   7.300e+01    7.1717649e+05  3.5663618e+03
   7.500e+01    7.1082108e+05  3.5732324e+03
   7.700e+01    7.1896475e+05  3.5795992e+03
   7.900e+01    7.1316148e+05  3.5855099e+03
   1.300e+01    3.8146422e+05  1.8942705e+03
   6.900e+01    7.0869796e+05  3.5508865e+03
   2.700e+01    5.8272932e+05  2.9070192e+03
