#   ncyc_cp         Intensity      Esd(Int.)
   0.000e+00    9.9575631e+05  5.0000000e+03
   1.000e+00    4.3012773e+05  2.1355320e+03
   2.000e+00    4.3859015e+05  2.2008274e+03
   3.000e+00    4.5312372e+05  2.2683035e+03
   4.000e+00    4.6339346e+05  2.3379010e+03
   5.000e+00    4.8081338e+05  2.4095026e+03
   6.000e+00    4.9324952e+05  2.4829654e+03
   7.000e+00    5.1255729e+05  2.5577004e+03
   8.000e+00    5.2094372e+05  2.6326615e+03
   9.000e+00    5.4022341e+05  2.7066262e+03
   1.000e+01    5.5676801e+05  2.7784578e+03
   1.100e+01    5.6641506e+05  2.8472498e+03
   1.200e+01    5.8214530e+05  2.9123682e+03
   1.300e+01    5.9192834e+05  2.9734353e+03
   1.400e+01    6.0651585e+05  3.0302859e+03
   1.500e+01    6.1538658e+05  3.0829171e+03
   1.600e+01    6.2700236e+05  3.1314412e+03
   1.700e+01    6.3811893e+05  3.1760472e+03
   1.800e+01    6.4498122e+05  3.2169697e+03
   1.900e+01    6.4699272e+05  3.2544670e+03
   2.000e+01    6.5578070e+05  3.2888048e+03
   2.100e+01    6.6281324e+05  3.3202451e+03
   2.200e+01    6.7207224e+05  3.3490399e+03
   2.300e+01    6.7698210e+05  3.3754262e+03
   2.400e+01    6.8095386e+05  3.3996246e+03
   2.500e+01    6.8968762e+05  3.4218378e+03
   2.600e+01    6.8836929e+05  3.4422511e+03
   2.700e+01    6.9509579e+05  3.4610329e+03
   2.800e+01    6.9850446e+05  3.4783356e+03
   2.900e+01    6.9484631e+05  3.4942966e+03
   3.000e+01    7.0239727e+05  3.5090399e+03
   3.100e+01    7.0518925e+05  3.5226771e+03
   3.200e+01    7.1036625e+05  3.5353086e+03
   3.300e+01    7.0905775e+05  3.5470246e+03
   3.400e+01    7.1320623e+05  3.5579062e+03
   3.500e+01    7.0489933e+05  3.5680266e+03
   3.600e+01    7.1134350e+05  3.5774514e+03
   3.700e+01    7.1791513e+05  3.5862400e+03
   3.800e+01    7.2307725e+05  3.5944458e+03
   3.900e+01    7.2151475e+05  3.6021171e+03
   4.000e+01    7.2629570e+05  3.6092975e+03
   3.300e+01    7.1008140e+05  3.5470246e+03
   7.000e+00    5.1186291e+05  2.5577004e+03
   4.000e+01    7.1690917e+05  3.6092975e+03
