#   ncyc_cp         Intensity      Esd(Int.)
   0.000e+00    9.9826916e+05  5.0000000e+03
   1.000e+00    1.5080098e+05  7.5623933e+02
   2.000e+00    1.5641024e+05  7.8713640e+02
   3.000e+00    1.6243832e+05  8.0285738e+02
   4.000e+00    1.6551778e+05  8.3338654e+02
   5.000e+00    1.7023933e+05  8.5647486e+02
   6.000e+00    1.8190449e+05  9.1060681e+02
   7.000e+00    2.0246384e+05  1.0093663e+03
   8.000e+00    2.2860777e+05  1.1429810e+03
   9.000e+00    2.5893465e+05  1.2978216e+03
   1.000e+01    2.9373998e+05  1.4623071e+03
   1.100e+01    3.2520006e+05  1.6278897e+03
   1.200e+01    3.5873671e+05  1.7887990e+03
   1.300e+01    3.9071752e+05  1.9414781e+03
   1.400e+01    4.1976134e+05  2.0839977e+03
   1.500e+01    4.3987993e+05  2.2155533e+03
   1.600e+01    4.6885878e+05  2.3360746e+03
   1.700e+01    4.8955346e+05  2.4459424e+03
   1.800e+01    5.1244432e+05  2.5457926e+03
   1.900e+01    5.2401681e+05  2.6363859e+03
   2.000e+01    5.4311310e+05  2.7185248e+03
   2.100e+01    5.5416881e+05  2.7930026e+03
   2.200e+01    5.6987892e+05  2.8605739e+03
   2.300e+01    5.8448935e+05  2.9219393e+03
   2.400e+01    5.9684942e+05  2.9777393e+03
   2.500e+01    6.0706744e+05  3.0285525e+03
   2.600e+01    6.1761861e+05  3.0748982e+03
   2.700e+01    6.2252022e+05  3.1172404e+03
   2.800e+01    6.3008788e+05  3.1559919e+03
   2.900e+01    6.3216977e+05  3.1915196e+03
   3.000e+01    6.4540481e+05  3.2241491e+03
   3.100e+01    6.5366478e+05  3.2541696e+03
   3.200e+01    6.5601651e+05  3.2818374e+03
   3.300e+01    6.6396110e+05  3.3073807e+03
   3.400e+01    6.7286647e+05  3.3310018e+03
   3.500e+01    6.7190735e+05  3.3528813e+03
   3.600e+01    6.7732429e+05  3.3731798e+03
   3.700e+01    6.7982829e+05  3.3920407e+03
   3.800e+01    6.8649627e+05  3.4095924e+03
   3.900e+01    6.8883632e+05  3.4259495e+03
   4.000e+01    6.8940717e+05  3.4412151e+03
   2.600e+01    6.1503037e+05  3.0748982e+03
   1.500e+01    4.4250986e+05  2.2155533e+03
   2.800e+01    6.3190261e+05  3.1559919e+03
