#   ncyc_cp         Intensity      Esd(Int.)
   0.000e+00    9.9661816e+05  5.0000000e+03
   1.000e+00    1.4415139e+05  7.2483753e+02
   2.000e+00    1.4626995e+05  7.3525110e+02
   3.000e+00    1.4851187e+05  7.4350976e+02
   4.000e+00    1.5229356e+05  7.6094257e+02
   5.000e+00    1.5130172e+05  7.5801373e+02
   6.000e+00    1.5505810e+05  7.7125561e+02
   7.000e+00    1.5727314e+05  7.8614660e+02
   8.000e+00    1.5699255e+05  7.8601537e+02
   9.000e+00    1.5660569e+05  7.8281521e+02
   1.000e+01    1.5779582e+05  7.9045635e+02
   1.100e+01    1.6154157e+05  8.1480968e+02
   1.200e+01    1.7268141e+05  8.5615227e+02
   1.300e+01    1.8227143e+05  9.1241674e+02
   1.400e+01    1.9615725e+05  9.8086631e+02
   1.500e+01    2.1147371e+05  1.0587582e+03
   1.600e+01    2.2709001e+05  1.1435775e+03
   1.700e+01    2.4769695e+05  1.2331128e+03
   1.800e+01    2.6369942e+05  1.3254734e+03
   1.900e+01    2.8537534e+05  1.4190809e+03
   2.000e+01    3.0485901e+05  1.5126491e+03
   2.100e+01    3.2171840e+05  1.6051549e+03
   2.200e+01    3.3804686e+05  1.6958062e+03
   2.300e+01    3.5678179e+05  1.7840093e+03
   2.400e+01    3.7347814e+05  1.8693362e+03
   2.500e+01    3.8723514e+05  1.9514955e+03
   2.600e+01    4.0969230e+05  2.0303062e+03
   2.700e+01    4.2318575e+05  2.1056746e+03
   2.800e+01    4.4026698e+05  2.1775751e+03
   2.900e+01    4.5079476e+05  2.2460345e+03
   3.000e+01    4.6519682e+05  2.3111183e+03
   3.100e+01    4.7108663e+05  2.3729205e+03
   3.200e+01    4.8878291e+05  2.4315549e+03
   3.300e+01    4.9492131e+05  2.4871486e+03
   3.400e+01    5.1298410e+05  2.5398366e+03
   3.500e+01    5.1558494e+05  2.5897579e+03
   3.600e+01    5.2858543e+05  2.6370524e+03
   3.700e+01    5.3870233e+05  2.6818586e+03
   3.800e+01    5.4694008e+05  2.7243120e+03
   3.900e+01    5.5631541e+05  2.7645440e+03
   4.000e+01    5.5939394e+05  2.8026809e+03
   3.100e+01    4.7322011e+05  2.3729205e+03
   2.000e+01    3.0245945e+05  1.5126491e+03
   1.000e+00    1.4607015e+05  7.2483753e+02
