#   ncyc_cp         Intensity      Esd(Int.)
   0.000e+00    1.0006298e+06  5.0000000e+03
   1.000e+00    2.3494054e+05  1.1762737e+03
   2.000e+00    2.3744716e+05  1.1847784e+03
   3.000e+00    2.4132464e+05  1.2065983e+03
   4.000e+00    2.3994554e+05  1.1973150e+03
   5.000e+00    2.4724646e+05  1.2287088e+03
   6.000e+00    2.4427432e+05  1.2299472e+03
   7.000e+00    2.4760085e+05  1.2416656e+03
   8.000e+00    2.5815368e+05  1.2910938e+03
   9.000e+00    2.7697286e+05  1.3762545e+03
   1.000e+01    2.9397422e+05  1.4863135e+03
   1.100e+01    3.2146852e+05  1.6107842e+03
   1.200e+01    3.4778942e+05  1.7416172e+03
   1.300e+01    3.7812144e+05  1.8727692e+03
   1.400e+01    3.9855407e+05  2.0007067e+03
   1.500e+01    4.2536298e+05  2.1226261e+03
   1.600e+01    4.4989090e+05  2.2376149e+03
   1.700e+01    4.7066915e+05  2.3445881e+03
   1.800e+01    4.9008402e+05  2.4438699e+03
   1.900e+01    5.0272487e+05  2.5351708e+03
   2.000e+01    5.2233941e+05  2.6192927e+03
   2.100e+01    5.3516800e+05  2.6962664e+03
   2.200e+01    5.5375792e+05  2.7670068e+03
   2.300e+01    5.6832791e+05  2.8316446e+03
   2.400e+01    5.7623199e+05  2.8910519e+03
   2.500e+01    5.8733050e+05  2.9453658e+03
   2.600e+01    5.9644807e+05  2.9953609e+03
   2.700e+01    6.0274566e+05  3.0411469e+03
   2.800e+01    6.1778339e+05  3.0833900e+03
   2.900e+01    6.3161139e+05  3.1221653e+03
   3.000e+01    6.3089285e+05  3.1580378e+03
   3.100e+01    6.3691480e+05  3.1910505e+03
   3.200e+01    6.4254667e+05  3.2216807e+03
   3.300e+01    6.4894734e+05  3.2499448e+03
   3.400e+01    6.5554828e+05  3.2762467e+03
   3.500e+01    6.5800626e+05  3.3005821e+03
   3.600e+01    6.6310415e+05  3.3232941e+03
   3.700e+01    6.6545290e+05  3.3443633e+03
   3.800e+01    6.7357428e+05  3.3640826e+03
   3.900e+01    6.7279944e+05  3.3824221e+03
   4.000e+01    6.8438139e+05  3.3996332e+03
   2.000e+00    2.3682447e+05  1.1847784e+03
   3.700e+01    6.7209358e+05  3.3443633e+03
   1.600e+01    4.4681034e+05  2.2376149e+03
