#   ncyc_cp         Intensity      Esd(Int.)
   0.000e+00    9.9865482e+05  5.0000000e+03
   1.000e+00    1.2255035e+05  6.2152931e+02
   2.000e+00    1.2829936e+05  6.3884561e+02
   3.000e+00    1.3247681e+05  6.5964149e+02
   4.000e+00    1.3352628e+05  6.7095319e+02
   5.000e+00    1.3775790e+05  6.9340421e+02
   6.000e+00    1.4057986e+05  7.0494607e+02
   7.000e+00    1.4418352e+05  7.2071952e+02
   8.000e+00    1.5124035e+05  7.5836774e+02
   9.000e+00    1.6349021e+05  8.2158374e+02
   1.000e+01    1.8313705e+05  9.0699234e+02
   1.100e+01    2.0095608e+05  1.0093362e+03
   1.200e+01    2.2369732e+05  1.1233853e+03
   1.300e+01    2.4832364e+05  1.2445313e+03
   1.400e+01    2.7258146e+05  1.3689560e+03
   1.500e+01    2.9881720e+05  1.4936409e+03
   1.600e+01    3.2371354e+05  1.6163043e+03
   1.700e+01    3.4518501e+05  1.7353015e+03
   1.800e+01    3.7042199e+05  1.8495139e+03
   1.900e+01    3.9484561e+05  1.9582403e+03
   2.000e+01    4.1024210e+05  2.0610996e+03
   2.100e+01    4.3047719e+05  2.1579488e+03
   2.200e+01    4.4989193e+05  2.2488165e+03
   2.300e+01    4.7036959e+05  2.3338505e+03
   2.400e+01    4.8162054e+05  2.4132777e+03
   2.500e+01    4.9528994e+05  2.4873741e+03
   2.600e+01    5.1190369e+05  2.5564432e+03
   2.700e+01    5.2162562e+05  2.6207996e+03
   2.800e+01    5.3704575e+05  2.6807583e+03
   2.900e+01    5.4290360e+05  2.7366274e+03
   3.000e+01    5.5560143e+05  2.7887025e+03
   3.100e+01    5.7210707e+05  2.8372645e+03
   3.200e+01    5.7896250e+05  2.8825772e+03
   3.300e+01    5.8356260e+05  2.9248872e+03
   3.400e+01    5.8977749e+05  2.9644235e+03
   3.500e+01    5.9666064e+05  3.0013981e+03
   3.600e+01    6.0527717e+05  3.0360066e+03
   3.700e+01    6.1341508e+05  3.0684290e+03
   3.800e+01    6.1382273e+05  3.0988311e+03
   3.900e+01    6.2427724e+05  3.1273648e+03
   4.000e+01    6.3160604e+05  3.1541698e+03
   1.200e+01    2.2427589e+05  1.1233853e+03
   7.000e+00    1.4365456e+05  7.2071952e+02
   3.000e+01    5.6087137e+05  2.7887025e+03
