#   ncyc_cp         Intensity      Esd(Int.)
   0.000e+00    1.0063648e+06  5.0000000e+03
   1.000e+00    2.0933187e+05  1.0499644e+03
   2.000e+00    2.1838978e+05  1.0884043e+03
   3.000e+00    2.2531112e+05  1.1188445e+03
   4.000e+00    2.3066324e+05  1.1579211e+03
   5.000e+00    2.4326389e+05  1.2073156e+03
   6.000e+00    2.6053512e+05  1.3029934e+03
   7.000e+00    2.8901006e+05  1.4411215e+03
   8.000e+00    3.2220879e+05  1.6038762e+03
   9.000e+00    3.5394667e+05  1.7754719e+03
   1.000e+01    3.8946264e+05  1.9450884e+03
   1.100e+01    4.2163474e+05  2.1062415e+03
   1.200e+01    4.5287413e+05  2.2555648e+03
   1.300e+01    4.8030468e+05  2.3917324e+03
   1.400e+01    5.0570629e+05  2.5146589e+03
   1.500e+01    5.2491323e+05  2.6249570e+03
   1.600e+01    5.4381533e+05  2.7235893e+03
   1.700e+01    5.6034950e+05  2.8116562e+03
   1.800e+01    5.8091958e+05  2.8902728e+03
   1.900e+01    5.9401156e+05  2.9605015e+03
   2.000e+01    5.9979373e+05  3.0233195e+03
   2.100e+01    6.1351479e+05  3.0796061e+03
   2.200e+01    6.2636278e+05  3.1301423e+03
   2.300e+01    6.3435837e+05  3.1756149e+03
   2.400e+01    6.4272842e+05  3.2166255e+03
   2.500e+01    6.5568469e+05  3.2536988e+03
   2.600e+01    6.5673559e+05  3.2872920e+03
   2.700e+01    6.6414819e+05  3.3178033e+03
   2.800e+01    6.7404208e+05  3.3455796e+03
   2.900e+01    6.7511308e+05  3.3709235e+03
   3.000e+01    6.8097902e+05  3.3940991e+03
   3.100e+01    6.8300834e+05  3.4153376e+03
   3.200e+01    6.8623975e+05  3.4348414e+03
   3.300e+01    6.9207795e+05  3.4527883e+03
   3.400e+01    7.0015877e+05  3.4693347e+03
   3.500e+01    6.9691082e+05  3.4846188e+03
   3.600e+01    7.0789220e+05  3.4987624e+03
   3.700e+01    7.0659881e+05  3.5118734e+03
   3.800e+01    7.1200463e+05  3.5240479e+03
   3.900e+01    7.0338168e+05  3.5353710e+03
   4.000e+01    7.1221916e+05  3.5459188e+03
   1.300e+01    4.7632702e+05  2.3917324e+03
   3.000e+00    2.2352236e+05  1.1188445e+03
   3.700e+01    7.0110265e+05  3.5118734e+03
