#   ncyc_cp         Intensity      Esd(Int.)
   0.000e+00    1.0038097e+06  5.0000000e+03
   1.000e+00    2.2470815e+05  1.1236557e+03
   3.000e+00    2.3896715e+05  1.1890642e+03
   5.000e+00    2.5310135e+05  1.2584649e+03
   7.000e+00    2.6640293e+05  1.3327934e+03
   9.000e+00    2.8371764e+05  1.4123756e+03
   1.100e+01    2.9839312e+05  1.4982206e+03
   1.300e+01    3.2071227e+05  1.5914600e+03
   1.500e+01    3.4094913e+05  1.6916529e+03
   1.700e+01    3.6055778e+05  1.7969062e+03
   1.900e+01    3.8037235e+05  1.9047066e+03
   2.100e+01    3.9997958e+05  2.0125796e+03
   2.300e+01    4.2041187e+05  2.1184319e+03
   2.500e+01    4.4338105e+05  2.2206676e+03
   2.700e+01    4.6515256e+05  2.3181780e+03
   2.900e+01    4.8523864e+05  2.4102752e+03
   3.100e+01    5.0397635e+05  2.4966070e+03
   3.300e+01    5.1584989e+05  2.5770737e+03
   3.500e+01    5.3347137e+05  2.6517564e+03
   3.700e+01    5.4208521e+05  2.7208586e+03
   3.900e+01    5.5658737e+05  2.7846612e+03
   4.100e+01    5.6701225e+05  2.8434893e+03
   4.300e+01    5.7869976e+05  2.8976879e+03
   4.500e+01    5.9375757e+05  2.9476055e+03
   4.700e+01    5.9557558e+05  2.9935828e+03
   4.900e+01    6.0848416e+05  3.0359455e+03
   5.100e+01    6.1370432e+05  3.0750005e+03
   5.300e+01    6.2028687e+05  3.1110332e+03
   5.500e+01    6.2658188e+05  3.1443074e+03
   5.700e+01    6.4039196e+05  3.1750650e+03
   5.900e+01    6.3586327e+05  3.2035268e+03
   6.100e+01    6.4738863e+05  3.2298941e+03
   6.300e+01    6.5349346e+05  3.2543497e+03
   6.500e+01    6.6243999e+05  3.2770594e+03
   6.700e+01    6.6245848e+05  3.2981732e+03
   6.900e+01    6.6536347e+05  3.3178273e+03
   7.100e+01    6.6761726e+05  3.3361447e+03
   7.300e+01    6.7431674e+05  3.3532369e+03
   7.500e+01    6.7951286e+05  3.3692048e+03
   7.700e+01    6.7722361e+05  3.3841401e+03
   7.900e+01    6.7447277e+05  3.3981255e+03
   3.500e+01    5.3113321e+05  2.6517564e+03
   4.100e+01    5.7185136e+05  2.8434893e+03
   3.100e+01    5.0028171e+05  2.4966070e+03
