#   ncyc_cp         Intensity      Esd(Int.)
   0.000e+00    9.9776320e+05  5.0000000e+03
   1.000e+00    1.1437188e+05  5.7054153e+02
   2.000e+00    1.2156282e+05  6.0771334e+02
   3.000e+00    1.2936801e+05  6.4521723e+02
   4.000e+00    1.3890852e+05  6.9260613e+02
   5.000e+00    1.4836905e+05  7.4439366e+02
   6.000e+00    1.6074301e+05  8.0107376e+02
   7.000e+00    1.7250696e+05  8.7051325e+02
   8.000e+00    1.9007330e+05  9.5637343e+02
   9.000e+00    2.1182537e+05  1.0575632e+03
   1.000e+01    2.3430794e+05  1.1707374e+03
   1.100e+01    2.6002326e+05  1.2918438e+03
   1.200e+01    2.8559939e+05  1.4172123e+03
   1.300e+01    3.0889780e+05  1.5435282e+03
   1.400e+01    3.3042095e+05  1.6683903e+03
   1.500e+01    3.5556030e+05  1.7897659e+03
   1.600e+01    3.8122233e+05  1.9064825e+03
   1.700e+01    4.0163122e+05  2.0175314e+03
   1.800e+01    4.2500957e+05  2.1225789e+03
   1.900e+01    4.4505753e+05  2.2212652e+03
   2.000e+01    4.6405729e+05  2.3137337e+03
   2.100e+01    4.8006053e+05  2.3999787e+03
   2.200e+01    4.9211398e+05  2.4803724e+03
   2.300e+01    5.1114163e+05  2.5550755e+03
   2.400e+01    5.3293095e+05  2.6245423e+03
   2.500e+01    5.3762589e+05  2.6889934e+03
   2.600e+01    5.4567722e+05  2.7488875e+03
   2.700e+01    5.5808625e+05  2.8044504e+03
   2.800e+01    5.6984198e+05  2.8561088e+03
   2.900e+01    5.8026859e+05  2.9040685e+03
   3.000e+01    5.8805373e+05  2.9487102e+03
   3.100e+01    6.0609092e+05  2.9902106e+03
   3.200e+01    6.0608479e+05  3.0289018e+03
   3.300e+01    6.1505665e+05  3.0649301e+03
   3.400e+01    6.1799723e+05  3.0985819e+03
   3.500e+01    6.2501839e+05  3.1299757e+03
   3.600e+01    6.3088839e+05  3.1593569e+03
   3.700e+01    6.3764834e+05  3.1868199e+03
   3.800e+01    6.4443376e+05  3.2125749e+03
   3.900e+01    6.4438952e+05  3.2366957e+03
   4.000e+01    6.4571192e+05  3.2593629e+03
   6.000e+00    1.6067088e+05  8.0107376e+02
   1.700e+01    4.0094607e+05  2.0175314e+03
   3.800e+01    6.3387588e+05  3.2125749e+03
