#   ncyc_cp         Intensity      Esd(Int.)
   0.000e+00    1.0058366e+06  5.0000000e+03
   1.000e+00    4.7267253e+05  2.3489146e+03
   3.000e+00    4.9151344e+05  2.4510651e+03
   5.000e+00    5.3296054e+05  2.6495400e+03
   7.000e+00    5.7911352e+05  2.8981558e+03
   9.000e+00    6.2278476e+05  3.1028815e+03
   1.100e+01    6.5431089e+05  3.2505271e+03
   1.300e+01    6.6764704e+05  3.3545803e+03
   1.500e+01    6.8496106e+05  3.4286940e+03
   1.700e+01    6.9533405e+05  3.4825787e+03
   1.900e+01    7.0827794e+05  3.5226446e+03
   2.100e+01    7.1439490e+05  3.5530832e+03
   2.300e+01    7.1852775e+05  3.5766675e+03
   2.500e+01    7.1756004e+05  3.5952667e+03
   2.700e+01    7.2190444e+05  3.6101677e+03
   2.900e+01    7.2385453e+05  3.6222748e+03
   3.100e+01    7.2833527e+05  3.6322361e+03
   3.300e+01    7.3084498e+05  3.6405245e+03
   3.500e+01    7.3337340e+05  3.6474910e+03
   3.700e+01    7.3953040e+05  3.6533998e+03
   3.900e+01    7.2574830e+05  3.6584531e+03
   4.100e+01    7.2936538e+05  3.6628072e+03
   4.300e+01    7.3537702e+05  3.6665847e+03
   4.500e+01    7.3656855e+05  3.6698824e+03
   4.700e+01    7.4046055e+05  3.6727779e+03
   4.900e+01    7.3308624e+05  3.6753337e+03
   5.100e+01    7.3276410e+05  3.6776008e+03
   5.300e+01    7.3529680e+05  3.6796209e+03
   5.500e+01    7.3611801e+05  3.6814285e+03
   5.700e+01    7.4052158e+05  3.6830524e+03
   5.900e+01    7.3572118e+05  3.6845165e+03
   6.100e+01    7.3206377e+05  3.6858411e+03
   6.300e+01    7.4105209e+05  3.6870434e+03
   6.500e+01    7.3605283e+05  3.6881380e+03
   6.700e+01    7.3685334e+05  3.6891373e+03
   6.900e+01    7.4185949e+05  3.6900520e+03
   7.100e+01    7.3617589e+05  3.6908916e+03
   7.300e+01    7.4122844e+05  3.6916639e+03
   7.500e+01    7.4179512e+05  3.6923760e+03
   7.700e+01    7.3765106e+05  3.6930341e+03
   7.900e+01    7.3653703e+05  3.6936433e+03
   3.100e+01    7.2335962e+05  3.6322361e+03
   1.700e+01    6.9551129e+05  3.4825787e+03
   3.300e+01    7.3148940e+05  3.6405245e+03
