#   ncyc_cp         Intensity      Esd(Int.)
   0.000e+00    1.0099162e+06  5.0000000e+03
   1.000e+00    4.4510299e+05  2.2421588e+03
   2.000e+00    4.6344941e+05  2.3169411e+03
   3.000e+00    4.7526135e+05  2.3947805e+03
   4.000e+00    4.9394867e+05  2.4755472e+03
   5.000e+00    5.1478934e+05  2.5592974e+03
   6.000e+00    5.3640120e+05  2.6453896e+03
   7.000e+00    5.4163577e+05  2.7319354e+03
   8.000e+00    5.6166424e+05  2.8166322e+03
   9.000e+00    5.7725924e+05  2.8975146e+03
   1.000e+01    5.9560834e+05  2.9732433e+03
   1.100e+01    6.1082629e+05  3.0430942e+03
   1.200e+01    6.2311911e+05  3.1068287e+03
   1.300e+01    6.3021678e+05  3.1645443e+03
   1.400e+01    6.4228138e+05  3.2165482e+03
   1.500e+01    6.5660900e+05  3.2632616e+03
   1.600e+01    6.6773469e+05  3.3051549e+03
   1.700e+01    6.7079745e+05  3.3427058e+03
   1.800e+01    6.7562973e+05  3.3763740e+03
   1.900e+01    6.8445819e+05  3.4065872e+03
   2.000e+01    6.8854878e+05  3.4337356e+03
   2.100e+01    6.9234557e+05  3.4581694e+03
   2.200e+01    6.9783476e+05  3.4802003e+03
   2.300e+01    7.0693471e+05  3.5001037e+03
   2.400e+01    7.0272839e+05  3.5181220e+03
   2.500e+01    7.0681843e+05  3.5344683e+03
   2.600e+01    7.1065874e+05  3.5493292e+03
   2.700e+01    7.1256003e+05  3.5628683e+03
   2.800e+01    7.1384841e+05  3.5752291e+03
   2.900e+01    7.2365791e+05  3.5865375e+03
   3.000e+01    7.2173502e+05  3.5969040e+03
   3.100e+01    7.1819254e+05  3.6064258e+03
   3.200e+01    7.2899207e+05  3.6151887e+03
   3.300e+01    7.2979814e+05  3.6232680e+03
   3.400e+01    7.3078963e+05  3.6307308e+03
   3.500e+01    7.2817614e+05  3.6376360e+03
   3.600e+01    7.3546356e+05  3.6440363e+03
   3.700e+01    7.2964766e+05  3.6499782e+03
   3.800e+01    7.2532333e+05  3.6555035e+03
   3.900e+01    7.3324169e+05  3.6606491e+03
   4.000e+01    7.3264767e+05  3.6654483e+03
   1.400e+01    6.4370937e+05  3.2165482e+03
   3.500e+01    7.2863936e+05  3.6376360e+03
   2.000e+00    4.6660767e+05  2.3169411e+03
