#   ncyc_cp         Intensity      Esd(Int.)
   0.000e+00    1.0032239e+06  5.0000000e+03
   1.000e+00    3.2322308e+04  1.5973474e+02
   3.000e+00    3.3463679e+04  1.6893169e+02
   5.000e+00    3.5871343e+04  1.7868190e+02
   7.000e+00    3.7692515e+04  1.8910616e+02
   9.000e+00    3.9598957e+04  1.9947177e+02
   1.100e+01    4.2314310e+04  2.1097237e+02
   1.300e+01    4.4709695e+04  2.2349374e+02
   1.500e+01    4.7130282e+04  2.3573829e+02
   1.700e+01    4.9341973e+04  2.4845541e+02
   1.900e+01    5.2465401e+04  2.6378498e+02
   2.100e+01    5.6560258e+04  2.8369289e+02
   2.300e+01    6.1639261e+04  3.0940950e+02
   2.500e+01    6.8781698e+04  3.4151359e+02
   2.700e+01    7.6381278e+04  3.8014032e+02
   2.900e+01    8.4864281e+04  4.2513426e+02
   3.100e+01    9.5466254e+04  4.7614021e+02
   3.300e+01    1.0642315e+05  5.3265926e+02
   3.500e+01    1.1881303e+05  5.9409022e+02
   3.700e+01    1.3249238e+05  6.5976519e+02
   3.900e+01    1.4496434e+05  7.2898169e+02
   4.100e+01    1.5935597e+05  8.0103113e+02
   4.300e+01    1.7538232e+05  8.7522264e+02
   4.500e+01    1.8980835e+05  9.5090169e+02
   4.700e+01    2.0823015e+05  1.0274635e+03
   4.900e+01    2.2313962e+05  1.1043618e+03
   5.100e+01    2.3482300e+05  1.1811128e+03
   5.300e+01    2.5058185e+05  1.2572965e+03
   5.500e+01    2.6730046e+05  1.3325551e+03
   5.700e+01    2.8179705e+05  1.4065899e+03
   5.900e+01    2.9262494e+05  1.4791564e+03
   6.100e+01    3.1116868e+05  1.5500592e+03
   6.300e+01    3.2438569e+05  1.6191473e+03
   6.500e+01    3.4135601e+05  1.6863075e+03
   6.700e+01    3.5201508e+05  1.7514605e+03
   6.900e+01    3.6456789e+05  1.8145552e+03
   7.100e+01    3.7491745e+05  1.8755645e+03
   7.300e+01    3.8526965e+05  1.9344818e+03
   7.500e+01    3.9656814e+05  1.9913166e+03
   7.700e+01    4.1417958e+05  2.0460923e+03
   7.900e+01    4.1905952e+05  2.0988431e+03
   5.000e+00    3.5349903e+04  1.7868190e+02
   4.500e+01    1.8948890e+05  9.5090169e+02
   6.100e+01    3.1184339e+05  1.5500592e+03
