#   ncyc_cp         Intensity      Esd(Int.)
   0.000e+00    1.0059715e+06  5.0000000e+03
   1.000e+00    2.7543011e+05  1.3811280e+03
   3.000e+00    2.8440583e+05  1.4314229e+03
   5.000e+00    2.9364793e+05  1.4722363e+03
   7.000e+00    3.0512463e+05  1.5334791e+03
   9.000e+00    3.2941440e+05  1.6578857e+03
   1.100e+01    3.6819645e+05  1.8473105e+03
   1.300e+01    4.1205288e+05  2.0588307e+03
   1.500e+01    4.5069569e+05  2.2634576e+03
   1.700e+01    4.9100872e+05  2.4481099e+03
   1.900e+01    5.2056867e+05  2.6089809e+03
   2.100e+01    5.4845167e+05  2.7467149e+03
   2.300e+01    5.7488220e+05  2.8637438e+03
   2.500e+01    5.9412399e+05  2.9629783e+03
   2.700e+01    6.1532221e+05  3.0472260e+03
   2.900e+01    6.2527297e+05  3.1189716e+03
   3.100e+01    6.3529046e+05  3.1803237e+03
   3.300e+01    6.4341709e+05  3.2330347e+03
   3.500e+01    6.5712773e+05  3.2785454e+03
   3.700e+01    6.6277481e+05  3.3180355e+03
   3.900e+01    6.6803484e+05  3.3524701e+03
   4.100e+01    6.7891774e+05  3.3826401e+03
   4.300e+01    6.8129106e+05  3.4091952e+03
   4.500e+01    6.8728699e+05  3.4326715e+03
   4.700e+01    6.9087214e+05  3.4535130e+03
   4.900e+01    7.0000385e+05  3.4720892e+03
   5.100e+01    7.0069018e+05  3.4887088e+03
   5.300e+01    7.0495305e+05  3.5036313e+03
   5.500e+01    7.0423443e+05  3.5170753e+03
   5.700e+01    7.1266248e+05  3.5292263e+03
   5.900e+01    7.0780571e+05  3.5402422e+03
   6.100e+01    7.1590948e+05  3.5502578e+03
   6.300e+01    7.1213525e+05  3.5593889e+03
   6.500e+01    7.1203365e+05  3.5677353e+03
   6.700e+01    7.1983759e+05  3.5753833e+03
   6.900e+01    7.1387824e+05  3.5824078e+03
   7.100e+01    7.2627716e+05  3.5888740e+03
   7.300e+01    7.2002472e+05  3.5948391e+03
   7.500e+01    7.2345627e+05  3.6003529e+03
   7.700e+01    7.2427699e+05  3.6054596e+03
   7.900e+01    7.2024348e+05  3.6101979e+03
   3.700e+01    6.5927052e+05  3.3180355e+03
   2.500e+01    5.9443570e+05  2.9629783e+03
   2.300e+01    5.7355808e+05  2.8637438e+03
