#   ncyc_cp         Intensity      Esd(Int.)
   0.000e+00    9.9291808e+05  5.0000000e+03
   1.000e+00    1.0957925e+05  5.5054829e+02
   3.000e+00    1.1436996e+05  5.7027060e+02
   5.000e+00    1.1968048e+05  5.9163368e+02
   7.000e+00    1.2161790e+05  6.0913888e+02
   9.000e+00    1.2801955e+05  6.3073889e+02
   1.100e+01    1.3115883e+05  6.5285939e+02
   1.300e+01    1.3303758e+05  6.7035285e+02
   1.500e+01    1.3957113e+05  6.9675276e+02
   1.700e+01    1.4759038e+05  7.4154084e+02
   1.900e+01    1.6162789e+05  8.0619220e+02
   2.100e+01    1.7708957e+05  8.8818264e+02
   2.300e+01    1.9648866e+05  9.8373191e+02
   2.500e+01    2.1718649e+05  1.0889619e+03
   2.700e+01    2.4067487e+05  1.2003397e+03
   2.900e+01    2.6435262e+05  1.3148425e+03
   3.100e+01    2.8413708e+05  1.4300012e+03
   3.300e+01    3.0698763e+05  1.5438816e+03
   3.500e+01    3.3188028e+05  1.6550312e+03
   3.700e+01    3.5437927e+05  1.7624101e+03
   3.900e+01    3.7301957e+05  1.8653184e+03
   4.100e+01    3.9203374e+05  1.9633266e+03
   4.300e+01    4.1290223e+05  2.0562150e+03
   4.500e+01    4.3157007e+05  2.1439211e+03
   4.700e+01    4.4473880e+05  2.2264978e+03
   4.900e+01    4.5856359e+05  2.3040790e+03
   5.100e+01    4.7521829e+05  2.3768538e+03
   5.300e+01    4.9002825e+05  2.4450463e+03
   5.500e+01    5.0502872e+05  2.5089006e+03
   5.700e+01    5.1826962e+05  2.5686695e+03
   5.900e+01    5.2439389e+05  2.6246071e+03
   6.100e+01    5.2952002e+05  2.6769626e+03
   6.300e+01    5.4583640e+05  2.7259772e+03
   6.500e+01    5.5697086e+05  2.7718810e+03
   6.700e+01    5.6749403e+05  2.8148920e+03
   6.900e+01    5.6826617e+05  2.8552152e+03
   7.100e+01    5.7563306e+05  2.8930426e+03
   7.300e+01    5.9093812e+05  2.9285528e+03
   7.500e+01    5.9279005e+05  2.9619121e+03
   7.700e+01    5.9800197e+05  2.9932744e+03
   7.900e+01    6.0586883e+05  3.0227822e+03
   7.300e+01    5.7639960e+05  2.9285528e+03
   1.900e+01    1.6173780e+05  8.0619220e+02
   1.700e+01    1.4874644e+05  7.4154084e+02
