#   ncyc_cp         Intensity      Esd(Int.)
   0.000e+00    1.0040170e+06  5.0000000e+03
   1.000e+00    6.2760291e+04  3.1489730e+02
   3.000e+00    6.7838666e+04  3.3921910e+02
   5.000e+00    7.2553019e+04  3.6543494e+02
   7.000e+00    7.8610436e+04  3.9336494e+02
   9.000e+00    8.4980712e+04  4.2448301e+02
   1.100e+01    9.1939896e+04  4.5825591e+02
   1.300e+01    9.9419783e+04  4.9603783e+02
   1.500e+01    1.0786810e+05  5.4131449e+02
   1.700e+01    1.1929926e+05  5.9666710e+02
   1.900e+01    1.3246588e+05  6.6288334e+02
   2.100e+01    1.4675883e+05  7.3939106e+02
   2.300e+01    1.6426055e+05  8.2483054e+02
   2.500e+01    1.8340706e+05  9.1746270e+02
   2.700e+01    2.0279146e+05  1.0154308e+03
   2.900e+01    2.2446591e+05  1.1169261e+03
   3.100e+01    2.4312760e+05  1.2202906e+03
   3.300e+01    2.6173700e+05  1.3240732e+03
   3.500e+01    2.8496889e+05  1.4270543e+03
   3.700e+01    3.0547897e+05  1.5282461e+03
   3.900e+01    3.2625628e+05  1.6268789e+03
   4.100e+01    3.4382265e+05  1.7223776e+03
   4.300e+01    3.6340635e+05  1.8143353e+03
   4.500e+01    3.7912859e+05  1.9024857e+03
   4.700e+01    3.9711784e+05  1.9866774e+03
   4.900e+01    4.1189964e+05  2.0668500e+03
   5.100e+01    4.2657942e+05  2.1430144e+03
   5.300e+01    4.4210092e+05  2.2152352e+03
   5.500e+01    4.5784718e+05  2.2836163e+03
   5.700e+01    4.6772360e+05  2.3482900e+03
   5.900e+01    4.8321121e+05  2.4094073e+03
   6.100e+01    4.9215990e+05  2.4671309e+03
   6.300e+01    5.0343257e+05  2.5216298e+03
   6.500e+01    5.1682094e+05  2.5730743e+03
   6.700e+01    5.2307525e+05  2.6216340e+03
   6.900e+01    5.3193464e+05  2.6674744e+03
   7.100e+01    5.4006178e+05  2.7107560e+03
   7.300e+01    5.5010186e+05  2.7516328e+03
   7.500e+01    5.5763461e+05  2.7902516e+03
   7.700e+01    5.6689752e+05  2.8267521e+03
   7.900e+01    5.7649097e+05  2.8612660e+03
   3.000e+00    6.7974684e+04  3.3921910e+02
   7.700e+01    5.6373415e+05  2.8267521e+03
   6.300e+01    5.0364899e+05  2.5216298e+03
