#   ncyc_cp         Intensity      Esd(Int.)
   0.000e+00    1.0010432e+06  5.0000000e+03
   1.000e+00    7.0283614e+04  3.5410235e+02
   3.000e+00    7.2712732e+04  3.6463126e+02
   5.000e+00    7.5023970e+04  3.7520627e+02
   7.000e+00    7.7503620e+04  3.8795490e+02
   9.000e+00    7.9985230e+04  3.9664528e+02
   1.100e+01    8.2475957e+04  4.0745573e+02
   1.300e+01    8.3472030e+04  4.2176826e+02
   1.500e+01    8.5881748e+04  4.3085534e+02
   1.700e+01    8.6850243e+04  4.3710136e+02
   1.900e+01    9.0230438e+04  4.4788389e+02
   2.100e+01    9.2477194e+04  4.6814663e+02
   2.300e+01    9.9957116e+04  4.9964913e+02
   2.500e+01    1.0790965e+05  5.4230327e+02
   2.700e+01    1.1856776e+05  5.9519050e+02
   2.900e+01    1.3132126e+05  6.5705462e+02
   3.100e+01    1.4643326e+05  7.2651411e+02
   3.300e+01    1.6053924e+05  8.0216279e+02
   3.500e+01    1.7658825e+05  8.8262991e+02
   3.700e+01    1.9369746e+05  9.6662271e+02
   3.900e+01    2.1015807e+05  1.0529570e+03
   4.100e+01    2.2882708e+05  1.1405767e+03
   4.300e+01    2.4464666e+05  1.2285634e+03
   4.500e+01    2.6258861e+05  1.3161378e+03
   4.700e+01    2.7948548e+05  1.4026541e+03
   4.900e+01    2.9855756e+05  1.4875902e+03
   5.100e+01    3.1418260e+05  1.5705359e+03
   5.300e+01    3.3098640e+05  1.6511787e+03
   5.500e+01    3.4842364e+05  1.7292908e+03
   5.700e+01    3.6079391e+05  1.8047155e+03
   5.900e+01    3.7630141e+05  1.8773557e+03
   6.100e+01    3.8358939e+05  1.9471627e+03
   6.300e+01    4.0401335e+05  2.0141271e+03
   6.500e+01    4.1832320e+05  2.0782704e+03
   6.700e+01    4.2675489e+05  2.1396383e+03
   6.900e+01    4.4397409e+05  2.1982950e+03
   7.100e+01    4.4905630e+05  2.2543184e+03
   7.300e+01    4.5971959e+05  2.3077959e+03
   7.500e+01    4.7019894e+05  2.3588216e+03
   7.700e+01    4.8094945e+05  2.4074937e+03
   7.900e+01    4.9177365e+05  2.4539122e+03
   1.300e+01    8.4463751e+04  4.2176826e+02
   3.100e+01    1.4550256e+05  7.2651411e+02
   7.900e+01    4.8981463e+05  2.4539122e+03
