#   ncyc_cp         Intensity      Esd(Int.)
   0.000e+00    9.9451255e+05  5.0000000e+03
   1.000e+00    5.8795489e+05  2.9633230e+03
   2.000e+00    5.9870018e+05  3.0030094e+03
   3.000e+00    6.1116325e+05  3.0432729e+03
   4.000e+00    6.1506675e+05  3.0839866e+03
   5.000e+00    6.2756191e+05  3.1250056e+03
   6.000e+00    6.3258093e+05  3.1661170e+03
   7.000e+00    6.4280884e+05  3.2069024e+03
   8.000e+00    6.5191333e+05  3.2467994e+03
   9.000e+00    6.5893604e+05  3.2852445e+03
   1.000e+01    6.6434201e+05  3.3217768e+03
   1.100e+01    6.7723242e+05  3.3560799e+03
   1.200e+01    6.7789063e+05  3.3879802e+03
   1.300e+01    6.9053947e+05  3.4174237e+03
   1.400e+01    6.8338551e+05  3.4444465e+03
   1.500e+01    7.0135338e+05  3.4691467e+03
   1.600e+01    6.9629545e+05  3.4916608e+03
   1.700e+01    6.9945095e+05  3.5121462e+03
   1.800e+01    7.0721531e+05  3.5307682e+03
   1.900e+01    7.0994753e+05  3.5476912e+03
   2.000e+01    7.1004592e+05  3.5630735e+03
   2.100e+01    7.1394633e+05  3.5770638e+03
   2.200e+01    7.1770669e+05  3.5897995e+03
   2.300e+01    7.2454896e+05  3.6014062e+03
   2.400e+01    7.2355786e+05  3.6119977e+03
   2.500e+01    7.1947099e+05  3.6216766e+03
   2.600e+01    7.2620397e+05  3.6305347e+03
   2.700e+01    7.3130197e+05  3.6386542e+03
   2.800e+01    7.3288501e+05  3.6461088e+03
   2.900e+01    7.3521978e+05  3.6529637e+03
   3.000e+01    7.3392251e+05  3.6592775e+03
   3.100e+01    7.3162810e+05  3.6651022e+03
   3.200e+01    7.3430653e+05  3.6704841e+03
   3.300e+01    7.3433842e+05  3.6754648e+03
   3.400e+01    7.2626836e+05  3.6800812e+03
   3.500e+01    7.3863863e+05  3.6843664e+03
   3.600e+01    7.3351786e+05  3.6883500e+03
   3.700e+01    7.4036751e+05  3.6920585e+03
   3.800e+01    7.3691472e+05  3.6955159e+03
   3.900e+01    7.3889179e+05  3.6987434e+03
   4.000e+01    7.3986683e+05  3.7017603e+03
   1.300e+01    6.7975348e+05  3.4174237e+03
   7.000e+00    6.4036294e+05  3.2069024e+03
   3.900e+01    7.4398290e+05  3.6987434e+03
