#   ncyc_cp         Intensity      Esd(Int.)
   0.000e+00    9.9316407e+05  5.0000000e+03
   1.000e+00    3.7397571e+05  1.8565658e+03
   3.000e+00    3.8708468e+05  1.9377242e+03
   5.000e+00    4.0674159e+05  2.0229210e+03
   7.000e+00    4.2151760e+05  2.1123657e+03
   9.000e+00    4.4357124e+05  2.2059702e+03
   1.100e+01    4.6270741e+05  2.3036014e+03
   1.300e+01    4.8126767e+05  2.4036846e+03
   1.500e+01    4.9960098e+05  2.5036161e+03
   1.700e+01    5.1786980e+05  2.6007869e+03
   1.900e+01    5.3608685e+05  2.6931687e+03
   2.100e+01    5.5637264e+05  2.7794594e+03
   2.300e+01    5.6889716e+05  2.8590018e+03
   2.500e+01    5.9214379e+05  2.9316261e+03
   2.700e+01    5.9980399e+05  2.9974939e+03
   2.900e+01    6.0844959e+05  3.0569707e+03
   3.100e+01    6.1755446e+05  3.1105319e+03
   3.300e+01    6.2791946e+05  3.1586984e+03
   3.500e+01    6.4349457e+05  3.2019952e+03
   3.700e+01    6.4360774e+05  3.2409266e+03
   3.900e+01    6.5347483e+05  3.2759623e+03
   4.100e+01    6.5604558e+05  3.3075314e+03
   4.300e+01    6.6490120e+05  3.3360203e+03
   4.500e+01    6.7590656e+05  3.3617739e+03
   4.700e+01    6.7915833e+05  3.3850982e+03
   4.900e+01    6.7343028e+05  3.4062634e+03
   5.100e+01    6.8253286e+05  3.4255077e+03
   5.300e+01    6.9578533e+05  3.4430407e+03
   5.500e+01    6.9589444e+05  3.4590468e+03
   5.700e+01    6.9542733e+05  3.4736881e+03
   5.900e+01    6.9842982e+05  3.4871074e+03
   6.100e+01    6.9259879e+05  3.4994303e+03
   6.300e+01    6.9482953e+05  3.5107679e+03
   6.500e+01    7.0389912e+05  3.5212181e+03
   6.700e+01    7.0365721e+05  3.5308676e+03
   6.900e+01    7.0229490e+05  3.5397933e+03
   7.100e+01    7.1572057e+05  3.5480633e+03
   7.300e+01    7.1073707e+05  3.5557384e+03
   7.500e+01    7.1501393e+05  3.5628725e+03
   7.700e+01    7.1039003e+05  3.5695141e+03
   7.900e+01    7.1738920e+05  3.5757062e+03
   3.100e+01    6.2291428e+05  3.1105319e+03
   2.100e+01    5.5528534e+05  2.7794594e+03
   5.900e+01    7.0011815e+05  3.4871074e+03
