#   ncyc_cp         Intensity      Esd(Int.)
   0.000e+00    9.9861811e+05  5.0000000e+03
   1.000e+00    1.8936811e+05  9.4118911e+02
   3.000e+00    1.9000227e+05  9.5658195e+02
   5.000e+00    1.9404406e+05  9.7545566e+02
   7.000e+00    1.9172521e+05  9.6478174e+02
   9.000e+00    1.9506649e+05  9.8031458e+02
   1.100e+01    1.9692436e+05  9.8573922e+02
   1.300e+01    1.9753020e+05  9.8378480e+02
   1.500e+01    2.0332651e+05  1.0146707e+03
   1.700e+01    2.1538457e+05  1.0848569e+03
   1.900e+01    2.3705983e+05  1.1856557e+03
   2.100e+01    2.5919420e+05  1.3064288e+03
   2.300e+01    2.8801097e+05  1.4381712e+03
   2.500e+01    3.1492562e+05  1.5740446e+03
   2.700e+01    3.4441947e+05  1.7091695e+03
   2.900e+01    3.6735793e+05  1.8402588e+03
   3.100e+01    3.9524490e+05  1.9652458e+03
   3.300e+01    4.1637701e+05  2.0829600e+03
   3.500e+01    4.3636346e+05  2.1928635e+03
   3.700e+01    4.5943736e+05  2.2948482e+03
   3.900e+01    4.7904750e+05  2.3890860e+03
   4.100e+01    4.9372925e+05  2.4759214e+03
   4.300e+01    5.1261200e+05  2.5557963e+03
   4.500e+01    5.2620330e+05  2.6291991e+03
   4.700e+01    5.4063016e+05  2.6966313e+03
   4.900e+01    5.5125473e+05  2.7585860e+03
   5.100e+01    5.6387156e+05  2.8155343e+03
   5.300e+01    5.7284031e+05  2.8679186e+03
   5.500e+01    5.8570945e+05  2.9161491e+03
   5.700e+01    5.9182169e+05  2.9606020e+03
   5.900e+01    6.0149801e+05  3.0016210e+03
   6.100e+01    6.0695332e+05  3.0395181e+03
   6.300e+01    6.1482282e+05  3.0745759e+03
   6.500e+01    6.1834238e+05  3.1070497e+03
   6.700e+01    6.2501267e+05  3.1371699e+03
   6.900e+01    6.3618157e+05  3.1651445e+03
   7.100e+01    6.4290807e+05  3.1911606e+03
   7.300e+01    6.3952223e+05  3.2153874e+03
   7.500e+01    6.4608895e+05  3.2379771e+03
   7.700e+01    6.5197885e+05  3.2590674e+03
   7.900e+01    6.5541393e+05  3.2787824e+03
   1.700e+01    2.1817222e+05  1.0848569e+03
   1.000e+00    1.8708343e+05  9.4118911e+02
   5.900e+01    6.0163079e+05  3.0016210e+03
