#   ncyc_cp         Intensity      Esd(Int.)
   0.000e+00    9.8709753e+05  5.0000000e+03
   1.000e+00    1.3031735e+05  6.5183561e+02
   2.000e+00    1.3683892e+05  6.8829178e+02
   3.000e+00    1.4573820e+05  7.2638376e+02
   4.000e+00    1.5477181e+05  7.6760138e+02
   5.000e+00    1.6412113e+05  8.1342997e+02
   6.000e+00    1.7193060e+05  8.6229527e+02
   7.000e+00    1.8083107e+05  9.1476052e+02
   8.000e+00    1.9446206e+05  9.7305206e+02
   9.000e+00    2.0818664e+05  1.0388798e+03
   1.000e+01    2.1942974e+05  1.1126131e+03
   1.100e+01    2.3822175e+05  1.1935308e+03
   1.200e+01    2.5729438e+05  1.2803392e+03
   1.300e+01    2.7654520e+05  1.3714196e+03
   1.400e+01    2.9170307e+05  1.4652467e+03
   1.500e+01    3.1258270e+05  1.5602855e+03
   1.600e+01    3.2923904e+05  1.6553428e+03
   1.700e+01    3.5281310e+05  1.7492690e+03
   1.800e+01    3.6885068e+05  1.8413095e+03
   1.900e+01    3.8853655e+05  1.9307157e+03
   2.000e+01    3.9844170e+05  2.0171095e+03
   2.100e+01    4.2060603e+05  2.1000622e+03
   2.200e+01    4.3545436e+05  2.1794674e+03
   2.300e+01    4.5121013e+05  2.2551201e+03
   2.400e+01    4.6507967e+05  2.3270884e+03
   2.500e+01    4.7883606e+05  2.3953098e+03
   2.600e+01    4.8890232e+05  2.4599528e+03
   2.700e+01    5.0506641e+05  2.5210378e+03
   2.800e+01    5.1400435e+05  2.5787833e+03
   2.900e+01    5.2743112e+05  2.6332530e+03
   3.000e+01    5.4044604e+05  2.6846827e+03
   3.100e+01    5.4771666e+05  2.7331547e+03
   3.200e+01    5.5566110e+05  2.7789032e+03
   3.300e+01    5.6567362e+05  2.8220142e+03
   3.400e+01    5.7137892e+05  2.8627097e+03
   3.500e+01    5.8237412e+05  2.9010715e+03
   3.600e+01    5.9380798e+05  2.9373044e+03
   3.700e+01    5.9224159e+05  2.9714820e+03
   3.800e+01    6.0060683e+05  3.0037899e+03
   3.900e+01    6.0230930e+05  3.0342922e+03
   4.000e+01    6.1095540e+05  3.0631554e+03
   5.000e+00    1.6313484e+05  8.1342997e+02
   1.500e+01    3.1094910e+05  1.5602855e+03
   3.700e+01    5.9175689e+05  2.9714820e+03
