#   ncyc_cp         Intensity      Esd(Int.)
   0.000e+00    1.0036824e+06  5.0000000e+03
   1.000e+00    6.1124082e+04  3.0688772e+02
   2.000e+00    6.3053121e+04  3.1565125e+02
   3.000e+00    6.5240273e+04  3.2446002e+02
   4.000e+00    6.7418607e+04  3.3444909e+02
   5.000e+00    6.8182663e+04  3.3831359e+02
   6.000e+00    6.9997696e+04  3.5078031e+02
   7.000e+00    7.2183645e+04  3.5951641e+02
   8.000e+00    7.3109665e+04  3.6150464e+02
   9.000e+00    7.3624201e+04  3.6572746e+02
   1.000e+01    7.5982686e+04  3.7939084e+02
   1.100e+01    8.1111695e+04  4.0520945e+02
   1.200e+01    8.8025641e+04  4.4335026e+02
   1.300e+01    9.9170070e+04  4.9295874e+02
   1.400e+01    1.1064276e+05  5.5280259e+02
   1.500e+01    1.2393052e+05  6.2149488e+02
   1.600e+01    1.3972178e+05  6.9758290e+02
   1.700e+01    1.5694489e+05  7.7960610e+02
   1.800e+01    1.7140740e+05  8.6614680e+02
   1.900e+01    1.9233153e+05  9.5587388e+02
   2.000e+01    2.0884427e+05  1.0475757e+03
   2.100e+01    2.2737132e+05  1.1401809e+03
   2.200e+01    2.4629927e+05  1.2327673e+03
   2.300e+01    2.6420069e+05  1.3245616e+03
   2.400e+01    2.8347943e+05  1.4149317e+03
   2.500e+01    2.9858259e+05  1.5033750e+03
   2.600e+01    3.1646084e+05  1.5895040e+03
   2.700e+01    3.3466083e+05  1.6730313e+03
   2.800e+01    3.4987874e+05  1.7537540e+03
   2.900e+01    3.6487414e+05  1.8315408e+03
   3.000e+01    3.7956667e+05  1.9063184e+03
   3.100e+01    3.9653649e+05  1.9780606e+03
   3.200e+01    4.0886418e+05  2.0467789e+03
   3.300e+01    4.2364027e+05  2.1125140e+03
   3.400e+01    4.3626868e+05  2.1753289e+03
   3.500e+01    4.4251390e+05  2.2353034e+03
   3.600e+01    4.6281519e+05  2.2925292e+03
   3.700e+01    4.6678658e+05  2.3471064e+03
   3.800e+01    4.7972068e+05  2.3991400e+03
   3.900e+01    4.8912575e+05  2.4487381e+03
   4.000e+01    4.9905567e+05  2.4960094e+03
   3.000e+01    3.8120542e+05  1.9063184e+03
   1.000e+00    6.1103256e+04  3.0688772e+02
   4.000e+00    6.7393412e+04  3.3444909e+02
