#   ncyc_cp         Intensity      Esd(Int.)
   0.000e+00    1.0008857e+06  5.0000000e+03
   1.000e+00    9.5189079e+04  4.7172013e+02
   2.000e+00    1.0000226e+05  5.0320624e+02
   3.000e+00    1.0721568e+05  5.3604465e+02
   4.000e+00    1.1364031e+05  5.7278070e+02
   5.000e+00    1.2318812e+05  6.1465544e+02
   6.000e+00    1.3131279e+05  6.5943982e+02
   7.000e+00    1.4139314e+05  7.0893361e+02
   8.000e+00    1.5371161e+05  7.6646988e+02
   9.000e+00    1.6563821e+05  8.3398166e+02
   1.000e+01    1.8310165e+05  9.1156150e+02
   1.100e+01    1.9849556e+05  9.9804318e+02
   1.200e+01    2.1780468e+05  1.0917309e+03
   1.300e+01    2.3612319e+05  1.1905998e+03
   1.400e+01    2.5929390e+05  1.2928342e+03
   1.500e+01    2.7870985e+05  1.3965863e+03
   1.600e+01    2.9995943e+05  1.5004814e+03
   1.700e+01    3.2236214e+05  1.6031477e+03
   1.800e+01    3.4195468e+05  1.7037423e+03
   1.900e+01    3.6244487e+05  1.8013720e+03
   2.000e+01    3.7879344e+05  1.8956396e+03
   2.100e+01    3.9809211e+05  1.9860293e+03
   2.200e+01    4.1419906e+05  2.0724594e+03
   2.300e+01    4.2942412e+05  2.1546750e+03
   2.400e+01    4.4473630e+05  2.2327926e+03
   2.500e+01    4.6201589e+05  2.3067215e+03
   2.600e+01    4.7668767e+05  2.3766885e+03
   2.700e+01    4.8719341e+05  2.4426974e+03
   2.800e+01    5.0312627e+05  2.5050266e+03
   2.900e+01    5.0817891e+05  2.5637287e+03
   3.000e+01    5.2857286e+05  2.6190968e+03
   3.100e+01    5.3707185e+05  2.6712043e+03
   3.200e+01    5.4420914e+05  2.7203381e+03
   3.300e+01    5.4942989e+05  2.7665758e+03
   3.400e+01    5.6490141e+05  2.8101869e+03
   3.500e+01    5.7325377e+05  2.8512448e+03
   3.600e+01    5.7403269e+05  2.8899963e+03
   3.700e+01    5.7872724e+05  2.9265062e+03
   3.800e+01    5.9277303e+05  2.9609977e+03
   3.900e+01    5.9201360e+05  2.9935255e+03
   4.000e+01    6.0648847e+05  3.0242894e+03
   2.000e+01    3.7629112e+05  1.8956396e+03
   1.600e+01    2.9816797e+05  1.5004814e+03
   2.400e+01    4.4807897e+05  2.2327926e+03
