#   ncyc_cp         Intensity      Esd(Int.)
   0.000e+00    1.0016897e+06  5.0000000e+03
   1.000e+00    3.6456799e+05  1.8178379e+03
   2.000e+00    3.6649362e+05  1.8358313e+03
   3.000e+00    3.6377776e+05  1.8227242e+03
   4.000e+00    3.7207366e+05  1.8570087e+03
   5.000e+00    3.6535416e+05  1.8121377e+03
   6.000e+00    3.6428153e+05  1.8231600e+03
   7.000e+00    3.6464670e+05  1.8242144e+03
   8.000e+00    3.6511343e+05  1.8166764e+03
   9.000e+00    3.6759406e+05  1.8253947e+03
   1.000e+01    3.6822922e+05  1.8594107e+03
   1.100e+01    3.8283552e+05  1.9162555e+03
   1.200e+01    3.9843712e+05  1.9897228e+03
   1.300e+01    4.1013752e+05  2.0735591e+03
   1.400e+01    4.3134865e+05  2.1626523e+03
   1.500e+01    4.5378261e+05  2.2532043e+03
   1.600e+01    4.7320560e+05  2.3425646e+03
   1.700e+01    4.8891871e+05  2.4289847e+03
   1.800e+01    5.0352863e+05  2.5113878e+03
   1.900e+01    5.1534376e+05  2.5891783e+03
   2.000e+01    5.3274778e+05  2.6620953e+03
   2.100e+01    5.4716230e+05  2.7301034e+03
   2.200e+01    5.5674240e+05  2.7933146e+03
   2.300e+01    5.7007543e+05  2.8519318e+03
   2.400e+01    5.8157955e+05  2.9062106e+03
   2.500e+01    5.9736544e+05  2.9564322e+03
   2.600e+01    6.0124563e+05  3.0028863e+03
   2.700e+01    6.0949598e+05  3.0458590e+03
   2.800e+01    6.1824812e+05  3.0856260e+03
   2.900e+01    6.2301050e+05  3.1224483e+03
   3.000e+01    6.2745359e+05  3.1565696e+03
   3.100e+01    6.3441529e+05  3.1882160e+03
   3.200e+01    6.4159565e+05  3.2175955e+03
   3.300e+01    6.4903095e+05  3.2448989e+03
   3.400e+01    6.4926551e+05  3.2703003e+03
   3.500e+01    6.5479300e+05  3.2939586e+03
   3.600e+01    6.6868311e+05  3.3160185e+03
   3.700e+01    6.6597307e+05  3.3366113e+03
   3.800e+01    6.7105542e+05  3.3558565e+03
   3.900e+01    6.7281810e+05  3.3738628e+03
   4.000e+01    6.7744287e+05  3.3907289e+03
   5.000e+00    3.6372433e+05  1.8121377e+03
   3.700e+01    6.6804344e+05  3.3366113e+03
   3.500e+01    6.6230833e+05  3.2939586e+03
