#   ncyc_cp         Intensity      Esd(Int.)
   0.000e+00    1.0051634e+06  5.0000000e+03
   1.000e+00    5.9098138e+04  2.9637160e+02
   2.000e+00    6.0191590e+04  3.0398834e+02
   3.000e+00    6.2096894e+04  3.1105102e+02
   4.000e+00    6.4399648e+04  3.2170278e+02
   5.000e+00    6.4917843e+04  3.2366158e+02
   6.000e+00    6.6220287e+04  3.3313330e+02
   7.000e+00    6.8111187e+04  3.4368953e+02
   8.000e+00    6.9544331e+04  3.4621425e+02
   9.000e+00    6.9478767e+04  3.4656982e+02
   1.000e+01    7.0373391e+04  3.5291434e+02
   1.100e+01    7.4319029e+04  3.6943899e+02
   1.200e+01    7.9926664e+04  3.9722678e+02
   1.300e+01    8.7068477e+04  4.3594424e+02
   1.400e+01    9.7093982e+04  4.8472383e+02
   1.500e+01    1.0852195e+05  5.4249045e+02
   1.600e+01    1.2139798e+05  6.0807080e+02
   1.700e+01    1.3585767e+05  6.8024284e+02
   1.800e+01    1.5162114e+05  7.5777540e+02
   1.900e+01    1.6789922e+05  8.3946669e+02
   2.000e+01    1.8354752e+05  9.2417885e+02
   2.100e+01    2.0123711e+05  1.0108652e+03
   2.200e+01    2.1827471e+05  1.0985885e+03
   2.300e+01    2.3608363e+05  1.1865299e+03
   2.400e+01    2.5579565e+05  1.2739910e+03
   2.500e+01    2.7143342e+05  1.3603900e+03
   2.600e+01    2.9068272e+05  1.4452534e+03
   2.700e+01    3.0625515e+05  1.5282056e+03
   2.800e+01    3.2266747e+05  1.6089583e+03
   2.900e+01    3.3401206e+05  1.6872979e+03
   3.000e+01    3.4883852e+05  1.7630752e+03
   3.100e+01    3.6797836e+05  1.8361945e+03
   3.200e+01    3.8172993e+05  1.9066044e+03
   3.300e+01    3.9553731e+05  1.9742897e+03
   3.400e+01    4.1035931e+05  2.0392641e+03
   3.500e+01    4.2301874e+05  2.1015642e+03
   3.600e+01    4.2655862e+05  2.1612441e+03
   3.700e+01    4.4178917e+05  2.2183715e+03
   3.800e+01    4.5801867e+05  2.2730237e+03
   3.900e+01    4.6401929e+05  2.3252849e+03
   4.000e+01    4.7507056e+05  2.3752439e+03
   2.800e+01    3.2026117e+05  1.6089583e+03
   2.300e+01    2.3949626e+05  1.1865299e+03
   2.600e+01    2.8635361e+05  1.4452534e+03
