#   ncyc_cp         Intensity      Esd(Int.)
   0.000e+00    9.9568525e+05  5.0000000e+03
   1.000e+00    4.7583979e+05  2.3822279e+03
   2.000e+00    4.9338609e+05  2.4882143e+03
   3.000e+00    5.1552823e+05  2.5972633e+03
   4.000e+00    5.4049607e+05  2.7052422e+03
   5.000e+00    5.5993506e+05  2.8119205e+03
   6.000e+00    5.8444572e+05  2.9148601e+03
   7.000e+00    6.0419844e+05  3.0109480e+03
   8.000e+00    6.1849259e+05  3.0981190e+03
   9.000e+00    6.3277391e+05  3.1755780e+03
   1.000e+01    6.5168141e+05  3.2434933e+03
   1.100e+01    6.5882983e+05  3.3025601e+03
   1.200e+01    6.7667141e+05  3.3537304e+03
   1.300e+01    6.7936511e+05  3.3979973e+03
   1.400e+01    6.8914017e+05  3.4363201e+03
   1.500e+01    6.9105198e+05  3.4695541e+03
   1.600e+01    7.0105751e+05  3.4984565e+03
   1.700e+01    7.0676735e+05  3.5236686e+03
   1.800e+01    7.0949103e+05  3.5457422e+03
   1.900e+01    7.1529230e+05  3.5651354e+03
   2.000e+01    7.1297523e+05  3.5822400e+03
   2.100e+01    7.1574621e+05  3.5973792e+03
   2.200e+01    7.2636906e+05  3.6108298e+03
   2.300e+01    7.2732078e+05  3.6228203e+03
   2.400e+01    7.2408684e+05  3.6335479e+03
   2.500e+01    7.2805681e+05  3.6431754e+03
   2.600e+01    7.3598938e+05  3.6518448e+03
   2.700e+01    7.3296083e+05  3.6596734e+03
   2.800e+01    7.2898490e+05  3.6667650e+03
   2.900e+01    7.3346783e+05  3.6732054e+03
   3.000e+01    7.3907744e+05  3.6790713e+03
   3.100e+01    7.2934119e+05  3.6844262e+03
   3.200e+01    7.4149661e+05  3.6893277e+03
   3.300e+01    7.3823673e+05  3.6938234e+03
   3.400e+01    7.3683555e+05  3.6979572e+03
   3.500e+01    7.3921192e+05  3.7017652e+03
   3.600e+01    7.4243537e+05  3.7052812e+03
   3.700e+01    7.4006504e+05  3.7085328e+03
   3.800e+01    7.4108638e+05  3.7115465e+03
   3.900e+01    7.4141012e+05  3.7143438e+03
   4.000e+01    7.4406621e+05  3.7169453e+03
   1.700e+01    7.0735192e+05  3.5236686e+03
   1.900e+01    7.1359040e+05  3.5651354e+03
   3.100e+01    7.3469197e+05  3.6844262e+03
