#   ncyc_cp         Intensity      Esd(Int.)
   0.000e+00    9.9482962e+05  5.0000000e+03
   1.000e+00    3.5727004e+05  1.7986756e+03
   2.000e+00    3.8133473e+05  1.9108064e+03
   3.000e+00    4.0664162e+05  2.0336019e+03
   4.000e+00    4.2954950e+05  2.1600893e+03
   5.000e+00    4.5788125e+05  2.2913737e+03
   6.000e+00    4.8543093e+05  2.4252464e+03
   7.000e+00    5.0996267e+05  2.5564817e+03
   8.000e+00    5.3488865e+05  2.6804467e+03
   9.000e+00    5.5941107e+05  2.7942692e+03
   1.000e+01    5.7567006e+05  2.8967767e+03
   1.100e+01    5.9392175e+05  2.9879055e+03
   1.200e+01    6.1622216e+05  3.0683057e+03
   1.300e+01    6.2692655e+05  3.1389207e+03
   1.400e+01    6.3873499e+05  3.2008438e+03
   1.500e+01    6.4901094e+05  3.2551258e+03
   1.600e+01    6.6477455e+05  3.3027739e+03
   1.700e+01    6.6729952e+05  3.3446663e+03
   1.800e+01    6.7251005e+05  3.3815978e+03
   1.900e+01    6.7767252e+05  3.4142359e+03
   2.000e+01    6.8973426e+05  3.4431738e+03
   2.100e+01    6.9647064e+05  3.4689013e+03
   2.200e+01    7.0042368e+05  3.4918528e+03
   2.300e+01    7.0543105e+05  3.5123837e+03
   2.400e+01    7.0721493e+05  3.5308117e+03
   2.500e+01    7.0803641e+05  3.5473950e+03
   2.600e+01    7.0495407e+05  3.5623669e+03
   2.700e+01    7.1057215e+05  3.5759163e+03
   2.800e+01    7.1898870e+05  3.5882163e+03
   2.900e+01    7.1932335e+05  3.5994063e+03
   3.000e+01    7.1861326e+05  3.6096162e+03
   3.100e+01    7.2612661e+05  3.6189500e+03
   3.200e+01    7.2859556e+05  3.6275063e+03
   3.300e+01    7.3617675e+05  3.6353635e+03
   3.400e+01    7.3456231e+05  3.6425972e+03
   3.500e+01    7.3043566e+05  3.6492673e+03
   3.600e+01    7.2721231e+05  3.6554326e+03
   3.700e+01    7.2825962e+05  3.6611390e+03
   3.800e+01    7.3099254e+05  3.6664329e+03
   3.900e+01    7.3242423e+05  3.6713499e+03
   4.000e+01    7.3648886e+05  3.6759267e+03
   1.700e+01    6.6928586e+05  3.3446663e+03
   1.300e+01    6.3217176e+05  3.1389207e+03
   2.500e+01    7.1295296e+05  3.5473950e+03
