#   ncyc_cp         Intensity      Esd(Int.)
   0.000e+00    1.0063312e+06  5.0000000e+03
   1.000e+00    1.1630925e+05  5.8010671e+02
   3.000e+00    1.1948606e+05  5.9505367e+02
   5.000e+00    1.2287143e+05  6.1110175e+02
   7.000e+00    1.2491340e+05  6.2427710e+02
   9.000e+00    1.2705305e+05  6.3586672e+02
   1.100e+01    1.3028021e+05  6.5498386e+02
   1.300e+01    1.3103689e+05  6.6181380e+02
   1.500e+01    1.3524306e+05  6.7262941e+02
   1.700e+01    1.4095567e+05  7.0285185e+02
   1.900e+01    1.5219611e+05  7.5594952e+02
   2.100e+01    1.6694591e+05  8.2941159e+02
   2.300e+01    1.8277117e+05  9.1901322e+02
   2.500e+01    2.0359912e+05  1.0204150e+03
   2.700e+01    2.2634842e+05  1.1296767e+03
   2.900e+01    2.4878592e+05  1.2434210e+03
   3.100e+01    2.7104950e+05  1.3588722e+03
   3.300e+01    2.9565674e+05  1.4738356e+03
   3.500e+01    3.1600690e+05  1.5866421e+03
   3.700e+01    3.3999423e+05  1.6960769e+03
   3.900e+01    3.6041602e+05  1.8013012e+03
   4.100e+01    3.7871791e+05  1.9017787e+03
   4.300e+01    4.0004746e+05  1.9972084e+03
   4.500e+01    4.1395572e+05  2.0874680e+03
   4.700e+01    4.3700448e+05  2.1725669e+03
   4.900e+01    4.5087522e+05  2.2526087e+03
   5.100e+01    4.6234018e+05  2.3277619e+03
   5.300e+01    4.7676699e+05  2.3982373e+03
   5.500e+01    4.9188197e+05  2.4642716e+03
   5.700e+01    5.0238009e+05  2.5261140e+03
   5.900e+01    5.1632805e+05  2.5840179e+03
   6.100e+01    5.2746719e+05  2.6382341e+03
   6.300e+01    5.3964958e+05  2.6890066e+03
   6.500e+01    5.4644282e+05  2.7365693e+03
   6.700e+01    5.5938844e+05  2.7811447e+03
   6.900e+01    5.6811026e+05  2.8229425e+03
   7.100e+01    5.6845800e+05  2.8621595e+03
   7.300e+01    5.8356014e+05  2.8989794e+03
   7.500e+01    5.8931341e+05  2.9335729e+03
   7.700e+01    5.9496320e+05  2.9660989e+03
   7.900e+01    6.0058491e+05  2.9967042e+03
   6.900e+01    5.6615818e+05  2.8229425e+03
   1.700e+01    1.4067272e+05  7.0285185e+02
   1.100e+01    1.3031212e+05  6.5498386e+02
