#   ncyc_cp         Intensity      Esd(Int.)
   0.000e+00    9.9845913e+05  5.0000000e+03
   1.000e+00    2.4916711e+05  1.2502381e+03
   3.000e+00    2.6556266e+05  1.3342775e+03
   5.000e+00    2.8539442e+05  1.4249217e+03
   7.000e+00    3.0565039e+05  1.5239419e+03
   9.000e+00    3.2532978e+05  1.6325301e+03
   1.100e+01    3.4890027e+05  1.7527320e+03
   1.300e+01    3.7767465e+05  1.8824625e+03
   1.500e+01    4.0429150e+05  2.0167280e+03
   1.700e+01    4.3237275e+05  2.1503211e+03
   1.900e+01    4.5278540e+05  2.2791516e+03
   2.100e+01    4.8132230e+05  2.4005269e+03
   2.300e+01    5.0381171e+05  2.5129694e+03
   2.500e+01    5.2686939e+05  2.6159077e+03
   2.700e+01    5.4201994e+05  2.7093812e+03
   2.900e+01    5.6092430e+05  2.7938068e+03
   3.100e+01    5.7680807e+05  2.8698094e+03
   3.300e+01    5.8793228e+05  2.9381088e+03
   3.500e+01    5.9944095e+05  2.9994466e+03
   3.700e+01    6.1165645e+05  3.0545429e+03
   3.900e+01    6.1555982e+05  3.1040723e+03
   4.100e+01    6.3138274e+05  3.1486524e+03
   4.300e+01    6.4198879e+05  3.1888397e+03
   4.500e+01    6.4713321e+05  3.2251310e+03
   4.700e+01    6.4846051e+05  3.2579665e+03
   4.900e+01    6.5723119e+05  3.2877347e+03
   5.100e+01    6.6442308e+05  3.3147774e+03
   5.300e+01    6.6867646e+05  3.3393949e+03
   5.500e+01    6.6906545e+05  3.3618511e+03
   5.700e+01    6.7839602e+05  3.3823777e+03
   5.900e+01    6.7643191e+05  3.4011782e+03
   6.100e+01    6.8120484e+05  3.4184319e+03
   6.300e+01    6.8931290e+05  3.4342966e+03
   6.500e+01    6.8760866e+05  3.4489115e+03
   6.700e+01    6.9191090e+05  3.4623997e+03
   6.900e+01    6.9087703e+05  3.4748700e+03
   7.100e+01    6.9053401e+05  3.4864191e+03
   7.300e+01    6.9835689e+05  3.4971328e+03
   7.500e+01    7.0040919e+05  3.5070875e+03
   7.700e+01    7.0472538e+05  3.5163515e+03
   7.900e+01    7.0683224e+05  3.5249855e+03
   7.700e+01    7.0016101e+05  3.5163515e+03
   2.100e+01    4.7779472e+05  2.4005269e+03
   6.100e+01    6.7928904e+05  3.4184319e+03
