#   ncyc_cp         Intensity      Esd(Int.)
   0.000e+00    9.9399602e+05  5.0000000e+03
   1.000e+00    6.7769135e+04  3.3839361e+02
   2.000e+00    7.0730869e+04  3.5371257e+02
   3.000e+00    7.3512304e+04  3.7049584e+02
   4.000e+00    7.6913132e+04  3.8328679e+02
   5.000e+00    8.0998551e+04  4.0354992e+02
   6.000e+00    8.5455430e+04  4.2536080e+02
   7.000e+00    8.8579363e+04  4.4421368e+02
   8.000e+00    9.3849421e+04  4.6667364e+02
   9.000e+00    1.0033631e+05  4.9942073e+02
   1.000e+01    1.0913868e+05  5.4523035e+02
   1.100e+01    1.2240375e+05  6.0420104e+02
   1.200e+01    1.3590995e+05  6.7510279e+02
   1.300e+01    1.5166780e+05  7.5606494e+02
   1.400e+01    1.6848126e+05  8.4519937e+02
   1.500e+01    1.8804777e+05  9.4033098e+02
   1.600e+01    2.0644115e+05  1.0397757e+03
   1.700e+01    2.2933596e+05  1.1415627e+03
   1.800e+01    2.4780971e+05  1.2444822e+03
   1.900e+01    2.6880508e+05  1.3469620e+03
   2.000e+01    2.8871894e+05  1.4483029e+03
   2.100e+01    3.1162378e+05  1.5473512e+03
   2.200e+01    3.3043518e+05  1.6438367e+03
   2.300e+01    3.4897556e+05  1.7369574e+03
   2.400e+01    3.6559444e+05  1.8267529e+03
   2.500e+01    3.8409301e+05  1.9126833e+03
   2.600e+01    3.9967040e+05  1.9949879e+03
   2.700e+01    4.1575531e+05  2.0733070e+03
   2.800e+01    4.2958882e+05  2.1479942e+03
   2.900e+01    4.4675944e+05  2.2188074e+03
   3.000e+01    4.5525826e+05  2.2861552e+03
   3.100e+01    4.7428213e+05  2.3498688e+03
   3.200e+01    4.8110946e+05  2.4103732e+03
   3.300e+01    4.9459802e+05  2.4675439e+03
   3.400e+01    5.0249031e+05  2.5217989e+03
   3.500e+01    5.1201775e+05  2.5730396e+03
   3.600e+01    5.2251265e+05  2.6216636e+03
   3.700e+01    5.3501208e+05  2.6675870e+03
   3.800e+01    5.4095648e+05  2.7111807e+03
   3.900e+01    5.5130688e+05  2.7523685e+03
   4.000e+01    5.6276603e+05  2.7914923e+03
   3.900e+01    5.4741120e+05  2.7523685e+03
   9.000e+00    9.9899541e+04  4.9942073e+02
   2.000e+01    2.9162251e+05  1.4483029e+03
