#   ncyc_cp         Intensity      Esd(Int.)
   0.000e+00    1.0059077e+06  5.0000000e+03
   1.000e+00    2.3784828e+05  1.1916821e+03
   2.000e+00    2.4393453e+05  1.2236792e+03
   3.000e+00    2.4640991e+05  1.2189518e+03
   4.000e+00    2.5306519e+05  1.2635449e+03
   5.000e+00    2.5753521e+05  1.2848886e+03
   6.000e+00    2.7027923e+05  1.3444711e+03
   7.000e+00    2.8940722e+05  1.4571843e+03
   8.000e+00    3.2075494e+05  1.6048683e+03
   9.000e+00    3.5311578e+05  1.7683342e+03
   1.000e+01    3.8572243e+05  1.9341314e+03
   1.100e+01    4.1940242e+05  2.0938219e+03
   1.200e+01    4.4736071e+05  2.2431855e+03
   1.300e+01    4.7672258e+05  2.3799799e+03
   1.400e+01    4.9726140e+05  2.5040220e+03
   1.500e+01    5.2361733e+05  2.6154281e+03
   1.600e+01    5.4239414e+05  2.7153150e+03
   1.700e+01    5.6441988e+05  2.8044600e+03
   1.800e+01    5.7996448e+05  2.8841943e+03
   1.900e+01    6.0008899e+05  2.9553385e+03
   2.000e+01    6.0605973e+05  3.0190834e+03
   2.100e+01    6.1709687e+05  3.0761128e+03
   2.200e+01    6.2344480e+05  3.1273997e+03
   2.300e+01    6.3649139e+05  3.1734664e+03
   2.400e+01    6.4294576e+05  3.2150819e+03
   2.500e+01    6.4258907e+05  3.2526297e+03
   2.600e+01    6.5925780e+05  3.2867118e+03
   2.700e+01    6.6766047e+05  3.3176039e+03
   2.800e+01    6.7206662e+05  3.3457781e+03
   2.900e+01    6.7095609e+05  3.3714296e+03
   3.000e+01    6.8023567e+05  3.3949317e+03
   3.100e+01    6.8368289e+05  3.4164207e+03
   3.200e+01    6.8417967e+05  3.4361945e+03
   3.300e+01    6.8969300e+05  3.4543472e+03
   3.400e+01    6.8750884e+05  3.4711190e+03
   3.500e+01    7.0344198e+05  3.4865734e+03
   3.600e+01    7.0135020e+05  3.5009063e+03
   3.700e+01    7.0529007e+05  3.5141594e+03
   3.800e+01    7.0887805e+05  3.5264943e+03
   3.900e+01    7.0794325e+05  3.5379366e+03
   4.000e+01    7.0764594e+05  3.5486213e+03
   2.800e+01    6.6835902e+05  3.3457781e+03
   3.100e+01    6.8608525e+05  3.4164207e+03
   3.000e+00    2.4371519e+05  1.2189518e+03
