#   ncyc_cp         Intensity      Esd(Int.)
   0.000e+00    1.0012326e+06  5.0000000e+03
   1.000e+00    7.8253815e+04  3.8988115e+02
   2.000e+00    7.9960359e+04  4.0419693e+02
   3.000e+00    8.4365618e+04  4.1973438e+02
   4.000e+00    8.6465781e+04  4.3317159e+02
   5.000e+00    8.9528123e+04  4.4707081e+02
   6.000e+00    9.3838536e+04  4.6683890e+02
   7.000e+00    9.8029337e+04  4.8581680e+02
   8.000e+00    1.0080876e+05  5.0222623e+02
   9.000e+00    1.0406404e+05  5.2085694e+02
   1.000e+01    1.0885159e+05  5.4662453e+02
   1.100e+01    1.1524157e+05  5.8215096e+02
   1.200e+01    1.2520660e+05  6.2800530e+02
   1.300e+01    1.3735084e+05  6.8365743e+02
   1.400e+01    1.4980601e+05  7.4804031e+02
   1.500e+01    1.6330965e+05  8.1976206e+02
   1.600e+01    1.8099489e+05  8.9752776e+02
   1.700e+01    1.9619158e+05  9.7981244e+02
   1.800e+01    2.1216044e+05  1.0654999e+03
   1.900e+01    2.3046816e+05  1.1531876e+03
   2.000e+01    2.4769318e+05  1.2420685e+03
   2.100e+01    2.6727514e+05  1.3309676e+03
   2.200e+01    2.8280504e+05  1.4194025e+03
   2.300e+01    2.9878678e+05  1.5064470e+03
   2.400e+01    3.1723275e+05  1.5919002e+03
   2.500e+01    3.3742507e+05  1.6750594e+03
   2.600e+01    3.5073811e+05  1.7559397e+03
   2.700e+01    3.6552507e+05  1.8340182e+03
   2.800e+01    3.8312263e+05  1.9094610e+03
   2.900e+01    3.9898216e+05  1.9818803e+03
   3.000e+01    4.1313762e+05  2.0515383e+03
   3.100e+01    4.2180512e+05  2.1181441e+03
   3.200e+01    4.3818886e+05  2.1820147e+03
   3.300e+01    4.4464279e+05  2.2429265e+03
   3.400e+01    4.5998785e+05  2.3012218e+03
   3.500e+01    4.7291631e+05  2.3567229e+03
   3.600e+01    4.8602961e+05  2.4097777e+03
   3.700e+01    4.9005678e+05  2.4602395e+03
   3.800e+01    4.9863866e+05  2.5084488e+03
   3.900e+01    5.1689916e+05  2.5542801e+03
   4.000e+01    5.1892268e+05  2.5980593e+03
   5.000e+00    8.9082571e+04  4.4707081e+02
   3.100e+01    4.2457620e+05  2.1181441e+03
   2.000e+01    2.4792210e+05  1.2420685e+03
