#   ncyc_cp         Intensity      Esd(Int.)
   0.000e+00    1.0032055e+06  5.0000000e+03
   1.000e+00    4.2812355e+05  2.1270632e+03
   2.000e+00    4.6725832e+05  2.3338979e+03
   3.000e+00    5.0570734e+05  2.5345078e+03
   4.000e+00    5.4682314e+05  2.7430844e+03
   5.000e+00    5.8814427e+05  2.9335309e+03
   6.000e+00    6.2210666e+05  3.0909682e+03
   7.000e+00    6.4297733e+05  3.2156104e+03
   8.000e+00    6.6170329e+05  3.3129331e+03
   9.000e+00    6.7773772e+05  3.3889550e+03
   1.000e+01    6.8837367e+05  3.4487640e+03
   1.100e+01    6.9948743e+05  3.4962853e+03
   1.200e+01    7.1092782e+05  3.5344653e+03
   1.300e+01    7.1333893e+05  3.5654773e+03
   1.400e+01    7.1561915e+05  3.5909414e+03
   1.500e+01    7.2304495e+05  3.6120582e+03
   1.600e+01    7.2239060e+05  3.6297384e+03
   1.700e+01    7.2733885e+05  3.6446678e+03
   1.800e+01    7.3115322e+05  3.6573790e+03
   1.900e+01    7.2537815e+05  3.6682796e+03
   2.000e+01    7.3261810e+05  3.6776942e+03
   2.100e+01    7.3597374e+05  3.6858748e+03
   2.200e+01    7.3763856e+05  3.6930270e+03
   2.300e+01    7.3921281e+05  3.6993121e+03
   2.400e+01    7.4434176e+05  3.7048649e+03
   2.500e+01    7.4502266e+05  3.7097922e+03
   2.600e+01    7.4082779e+05  3.7141849e+03
   2.700e+01    7.4651264e+05  3.7181157e+03
   2.800e+01    7.3741571e+05  3.7216479e+03
   2.900e+01    7.4586595e+05  3.7248319e+03
   3.000e+01    7.4573412e+05  3.7277129e+03
   3.100e+01    7.4706995e+05  3.7303269e+03
   3.200e+01    7.4454733e+05  3.7327065e+03
   3.300e+01    7.4089879e+05  3.7348780e+03
   3.400e+01    7.4783542e+05  3.7368656e+03
   3.500e+01    7.4874628e+05  3.7386886e+03
   3.600e+01    7.4231948e+05  3.7403654e+03
   3.700e+01    7.5125740e+05  3.7419104e+03
   3.800e+01    7.5161478e+05  3.7433378e+03
   3.900e+01    7.4999305e+05  3.7446584e+03
   4.000e+01    7.4518586e+05  3.7458832e+03
   1.200e+01    7.0685789e+05  3.5344653e+03
   3.900e+01    7.4888769e+05  3.7446584e+03
   1.300e+01    7.1205443e+05  3.5654773e+03
