#   ncyc_cp         Intensity      Esd(Int.)
   0.000e+00    1.0050501e+06  5.0000000e+03
   1.000e+00    3.3100878e+05  1.6582140e+03
   3.000e+00    3.3526850e+05  1.6703478e+03
   5.000e+00    3.4305135e+05  1.7054299e+03
   7.000e+00    3.3107071e+05  1.6577223e+03
   9.000e+00    3.3155100e+05  1.6722519e+03
   1.100e+01    3.3428060e+05  1.6684867e+03
   1.300e+01    3.4108685e+05  1.6935833e+03
   1.500e+01    3.5317037e+05  1.7679628e+03
   1.700e+01    3.7691273e+05  1.8780605e+03
   1.900e+01    4.0094892e+05  2.0063624e+03
   2.100e+01    4.2845401e+05  2.1398995e+03
   2.300e+01    4.5454750e+05  2.2705862e+03
   2.500e+01    4.7623953e+05  2.3939370e+03
   2.700e+01    5.0223736e+05  2.5078183e+03
   2.900e+01    5.2612129e+05  2.6115319e+03
   3.100e+01    5.3996012e+05  2.7052043e+03
   3.300e+01    5.5989497e+05  2.7894019e+03
   3.500e+01    5.7197060e+05  2.8648962e+03
   3.700e+01    5.8306924e+05  2.9325271e+03
   3.900e+01    6.0073134e+05  2.9931258e+03
   4.100e+01    6.1340197e+05  3.0474750e+03
   4.300e+01    6.2243648e+05  3.0962899e+03
   4.500e+01    6.2648877e+05  3.1402123e+03
   4.700e+01    6.2971067e+05  3.1798121e+03
   4.900e+01    6.4253692e+05  3.2155912e+03
   5.100e+01    6.5125987e+05  3.2479899e+03
   5.300e+01    6.5349831e+05  3.2773936e+03
   5.500e+01    6.5862908e+05  3.3041391e+03
   5.700e+01    6.7073092e+05  3.3285210e+03
   5.900e+01    6.6754082e+05  3.3507967e+03
   6.100e+01    6.7169394e+05  3.3711917e+03
   6.300e+01    6.7812552e+05  3.3899038e+03
   6.500e+01    6.7602256e+05  3.4071065e+03
   6.700e+01    6.8228304e+05  3.4229527e+03
   6.900e+01    6.8670360e+05  3.4375770e+03
   7.100e+01    6.8520866e+05  3.4510985e+03
   7.300e+01    6.9463090e+05  3.4636223e+03
   7.500e+01    6.8934071e+05  3.4752420e+03
   7.700e+01    6.9054990e+05  3.4860407e+03
   7.900e+01    6.9567627e+05  3.4960921e+03
   5.900e+01    6.7809131e+05  3.3507967e+03
   1.700e+01    3.7393707e+05  1.8780605e+03
   3.000e+00    3.3329485e+05  1.6703478e+03
