#   ncyc_cp         Intensity      Esd(Int.)
   0.000e+00    9.9457985e+05  5.0000000e+03
   1.000e+00    2.7019900e+05  1.3507769e+03
   3.000e+00    2.7607819e+05  1.3666072e+03
   5.000e+00    2.8084426e+05  1.3944431e+03
   7.000e+00    2.7404391e+05  1.3797997e+03
   9.000e+00    2.8339666e+05  1.4030150e+03
   1.100e+01    2.7897814e+05  1.4028873e+03
   1.300e+01    2.8521041e+05  1.4194754e+03
   1.500e+01    2.9804897e+05  1.4803481e+03
   1.700e+01    3.1281742e+05  1.5789461e+03
   1.900e+01    3.4498386e+05  1.7008141e+03
   2.100e+01    3.6732852e+05  1.8335343e+03
   2.300e+01    3.9237851e+05  1.9683518e+03
   2.500e+01    4.2110133e+05  2.0996680e+03
   2.700e+01    4.4328294e+05  2.2242048e+03
   2.900e+01    4.6604025e+05  2.3402716e+03
   3.100e+01    4.8702489e+05  2.4472112e+03
   3.300e+01    5.0556160e+05  2.5450076e+03
   3.500e+01    5.2795110e+05  2.6340214e+03
   3.700e+01    5.4573836e+05  2.7148156e+03
   3.900e+01    5.5806584e+05  2.7880454e+03
   4.100e+01    5.7145582e+05  2.8543901e+03
   4.300e+01    5.8555562e+05  2.9145135e+03
   4.500e+01    5.9497580e+05  2.9690411e+03
   4.700e+01    5.9856156e+05  3.0185500e+03
   4.900e+01    6.1243749e+05  3.0635647e+03
   5.100e+01    6.1974348e+05  3.1045570e+03
   5.300e+01    6.2546715e+05  3.1419492e+03
   5.500e+01    6.3207896e+05  3.1761172e+03
   5.700e+01    6.4217750e+05  3.2073947e+03
   5.900e+01    6.4626791e+05  3.2360782e+03
   6.100e+01    6.5484459e+05  3.2624299e+03
   6.300e+01    6.5282906e+05  3.2866828e+03
   6.500e+01    6.6363056e+05  3.3090433e+03
   6.700e+01    6.6607068e+05  3.3296944e+03
   6.900e+01    6.6670975e+05  3.3487991e+03
   7.100e+01    6.7743682e+05  3.3665023e+03
   7.300e+01    6.7668478e+05  3.3829328e+03
   7.500e+01    6.7936230e+05  3.3982061e+03
   7.700e+01    6.8797061e+05  3.4124250e+03
   7.900e+01    6.8117663e+05  3.4256816e+03
   3.000e+00    2.7462591e+05  1.3666072e+03
   1.100e+01    2.8085579e+05  1.4028873e+03
   1.700e+01    3.1465463e+05  1.5789461e+03
