#   ncyc_cp         Intensity      Esd(Int.)
   0.000e+00    1.0016795e+06  5.0000000e+03
   1.000e+00    8.9245493e+04  4.4398227e+02
   2.000e+00    9.1622587e+04  4.6171539e+02
   3.000e+00    9.6281966e+04  4.8103912e+02
   4.000e+00    9.9769390e+04  4.9582058e+02
   5.000e+00    1.0377986e+05  5.1872429e+02
   6.000e+00    1.0878920e+05  5.4349893e+02
   7.000e+00    1.1362152e+05  5.6488895e+02
   8.000e+00    1.1815153e+05  5.8991515e+02
   9.000e+00    1.2435079e+05  6.2586576e+02
   1.000e+01    1.3514791e+05  6.7566477e+02
   1.100e+01    1.4735876e+05  7.3917403e+02
   1.200e+01    1.6450412e+05  8.1476366e+02
   1.300e+01    1.7953469e+05  9.0018023e+02
   1.400e+01    1.9811519e+05  9.9320397e+02
   1.500e+01    2.1621767e+05  1.0914718e+03
   1.600e+01    2.3932239e+05  1.1931538e+03
   1.700e+01    2.5784087e+05  1.2962821e+03
   1.800e+01    2.7924470e+05  1.3996293e+03
   1.900e+01    2.9985417e+05  1.5017360e+03
   2.000e+01    3.1836940e+05  1.6019411e+03
   2.100e+01    3.3771870e+05  1.6992449e+03
   2.200e+01    3.5797119e+05  1.7934236e+03
   2.300e+01    3.7285224e+05  1.8838305e+03
   2.400e+01    3.9212225e+05  1.9705388e+03
   2.500e+01    4.0948522e+05  2.0531471e+03
   2.600e+01    4.2649012e+05  2.1319089e+03
   2.700e+01    4.4463064e+05  2.2065820e+03
   2.800e+01    4.5707672e+05  2.2775162e+03
   2.900e+01    4.6787177e+05  2.3445665e+03
   3.000e+01    4.8287561e+05  2.4081239e+03
   3.100e+01    4.9831279e+05  2.4680994e+03
   3.200e+01    5.0437950e+05  2.5248908e+03
   3.300e+01    5.1335694e+05  2.5784398e+03
   3.400e+01    5.2843514e+05  2.6291310e+03
   3.500e+01    5.3581431e+05  2.6769213e+03
   3.600e+01    5.4600386e+05  2.7221719e+03
   3.700e+01    5.5376277e+05  2.7648459e+03
   3.800e+01    5.5792726e+05  2.8052767e+03
   3.900e+01    5.7051482e+05  2.8434287e+03
   4.000e+01    5.7984409e+05  2.8796062e+03
   5.000e+00    1.0331833e+05  5.1872429e+02
   2.000e+00    9.2650387e+04  4.6171539e+02
   4.000e+00    9.9640038e+04  4.9582058e+02
