#   ncyc_cp         Intensity      Esd(Int.)
   0.000e+00    9.9972935e+05  5.0000000e+03
   1.000e+00    1.1555960e+05  5.8197874e+02
   3.000e+00    1.2212570e+05  6.1498431e+02
   5.000e+00    1.3077150e+05  6.4899179e+02
   7.000e+00    1.3697262e+05  6.8496154e+02
   9.000e+00    1.4573968e+05  7.2496339e+02
   1.100e+01    1.5225400e+05  7.6851641e+02
   1.300e+01    1.6671371e+05  8.2975929e+02
   1.500e+01    1.8465219e+05  9.1494079e+02
   1.700e+01    2.0484574e+05  1.0216779e+03
   1.900e+01    2.2890274e+05  1.1443095e+03
   2.100e+01    2.5709071e+05  1.2767963e+03
   2.300e+01    2.8148970e+05  1.4138307e+03
   2.500e+01    3.1146561e+05  1.5511781e+03
   2.700e+01    3.3823843e+05  1.6856916e+03
   2.900e+01    3.6293362e+05  1.8151868e+03
   3.100e+01    3.8699667e+05  1.9382666e+03
   3.300e+01    4.1325598e+05  2.0541414e+03
   3.500e+01    4.3372820e+05  2.1624696e+03
   3.700e+01    4.5454903e+05  2.2632260e+03
   3.900e+01    4.7569948e+05  2.3565986e+03
   4.100e+01    4.8784042e+05  2.4429116e+03
   4.300e+01    5.0475447e+05  2.5225687e+03
   4.500e+01    5.2028887e+05  2.5960139e+03
   4.700e+01    5.3234939e+05  2.6637037e+03
   4.900e+01    5.4710031e+05  2.7260891e+03
   5.100e+01    5.5837482e+05  2.7836045e+03
   5.300e+01    5.6621718e+05  2.8366600e+03
   5.500e+01    5.7953430e+05  2.8856387e+03
   5.700e+01    5.8540575e+05  2.9308945e+03
   5.900e+01    5.9566065e+05  2.9727527e+03
   6.100e+01    6.0241420e+05  3.0115105e+03
   6.300e+01    6.0593649e+05  3.0474385e+03
   6.500e+01    6.2268408e+05  3.0807827e+03
   6.700e+01    6.2299566e+05  3.1117662e+03
   6.900e+01    6.2974045e+05  3.1405912e+03
   7.100e+01    6.2882123e+05  3.1674408e+03
   7.300e+01    6.3911947e+05  3.1924807e+03
   7.500e+01    6.3948150e+05  3.2158611e+03
   7.700e+01    6.5420906e+05  3.2377181e+03
   7.900e+01    6.4824772e+05  3.2581748e+03
   5.300e+01    5.7333042e+05  2.8366600e+03
   3.700e+01    4.5572932e+05  2.2632260e+03
   4.100e+01    4.8740738e+05  2.4429116e+03
