#   ncyc_cp         Intensity      Esd(Int.)
   0.000e+00    9.9452910e+05  5.0000000e+03
   1.000e+00    1.9341334e+05  9.5969885e+02
   3.000e+00    1.9230182e+05  9.6490126e+02
   5.000e+00    1.9336625e+05  9.6814118e+02
   7.000e+00    1.9917097e+05  1.0013730e+03
   9.000e+00    1.9572314e+05  9.7490990e+02
   1.100e+01    1.9811554e+05  9.9108476e+02
   1.300e+01    2.0127197e+05  9.9819170e+02
   1.500e+01    1.9672253e+05  9.8793295e+02
   1.700e+01    1.9819819e+05  9.9112662e+02
   1.900e+01    2.0384998e+05  1.0215548e+03
   2.100e+01    2.1462519e+05  1.0786094e+03
   2.300e+01    2.3132392e+05  1.1568403e+03
   2.500e+01    2.5070258e+05  1.2502022e+03
   2.700e+01    2.6954554e+05  1.3533531e+03
   2.900e+01    2.9331384e+05  1.4619354e+03
   3.100e+01    3.1351878e+05  1.5725519e+03
   3.300e+01    3.3615636e+05  1.6826500e+03
   3.500e+01    3.5666323e+05  1.7903833e+03
   3.700e+01    3.8013840e+05  1.8944748e+03
   3.900e+01    3.9835922e+05  1.9940931e+03
   4.100e+01    4.1817838e+05  2.0887463e+03
   4.300e+01    4.3819127e+05  2.1781952e+03
   4.500e+01    4.5350514e+05  2.2623831e+03
   4.700e+01    4.6832846e+05  2.3413822e+03
   4.900e+01    4.8621034e+05  2.4153516e+03
   5.100e+01    4.9823571e+05  2.4845070e+03
   5.300e+01    5.1039167e+05  2.5490976e+03
   5.500e+01    5.2299203e+05  2.6093898e+03
   5.700e+01    5.3376946e+05  2.6656557e+03
   5.900e+01    5.4195027e+05  2.7181646e+03
   6.100e+01    5.5132294e+05  2.7671781e+03
   6.300e+01    5.6003786e+05  2.8129465e+03
   6.500e+01    5.7375562e+05  2.8557066e+03
   6.700e+01    5.7845482e+05  2.8956808e+03
   6.900e+01    5.8788491e+05  2.9330765e+03
   7.100e+01    5.9556553e+05  2.9680865e+03
   7.300e+01    6.0096913e+05  3.0008894e+03
   7.500e+01    6.0844581e+05  3.0316500e+03
   7.700e+01    6.1401140e+05  3.0605203e+03
   7.900e+01    6.1705900e+05  3.0876403e+03
   3.000e+00    1.9322198e+05  9.6490126e+02
   6.500e+01    5.7347578e+05  2.8557066e+03
   7.500e+01    6.0128516e+05  3.0316500e+03
