#   ncyc_cp         Intensity      Esd(Int.)
   0.000e+00    1.0035977e+06  5.0000000e+03
   1.000e+00    2.3323480e+05  1.1703315e+03
   2.000e+00    2.5043571e+05  1.2444224e+03
   3.000e+00    2.6488047e+05  1.3264271e+03
   4.000e+00    2.8403852e+05  1.4180852e+03
   5.000e+00    3.0534896e+05  1.5263179e+03
   6.000e+00    3.3450188e+05  1.6554163e+03
   7.000e+00    3.5998434e+05  1.7998916e+03
   8.000e+00    3.8830515e+05  1.9510118e+03
   9.000e+00    4.1670135e+05  2.1011577e+03
   1.000e+01    4.4308913e+05  2.2450283e+03
   1.100e+01    4.7305021e+05  2.3794880e+03
   1.200e+01    5.0044506e+05  2.5030369e+03
   1.300e+01    5.2591886e+05  2.6152791e+03
   1.400e+01    5.4360894e+05  2.7165015e+03
   1.500e+01    5.5995043e+05  2.8073746e+03
   1.600e+01    5.8015081e+05  2.8887544e+03
   1.700e+01    5.9358767e+05  2.9615584e+03
   1.800e+01    6.0648220e+05  3.0266918e+03
   1.900e+01    6.1711538e+05  3.0850078e+03
   2.000e+01    6.2957417e+05  3.1372876e+03
   2.100e+01    6.4175930e+05  3.1842342e+03
   2.200e+01    6.4742508e+05  3.2264722e+03
   2.300e+01    6.5315858e+05  3.2645529e+03
   2.400e+01    6.5849463e+05  3.2989602e+03
   2.500e+01    6.6167854e+05  3.3301176e+03
   2.600e+01    6.7717787e+05  3.3583953e+03
   2.700e+01    6.7709182e+05  3.3841170e+03
   2.800e+01    6.8353450e+05  3.4075652e+03
   2.900e+01    6.8756171e+05  3.4289874e+03
   3.000e+01    6.8964072e+05  3.4486000e+03
   3.100e+01    6.9542813e+05  3.4665929e+03
   3.200e+01    6.9741722e+05  3.4831331e+03
   3.300e+01    7.1326345e+05  3.4983673e+03
   3.400e+01    7.0056471e+05  3.5124252e+03
   3.500e+01    7.0355013e+05  3.5254211e+03
   3.600e+01    7.0321596e+05  3.5374564e+03
   3.700e+01    7.1227667e+05  3.5486211e+03
   3.800e+01    7.0931742e+05  3.5589950e+03
   3.900e+01    7.1599457e+05  3.5686495e+03
   4.000e+01    7.1233785e+05  3.5776481e+03
   3.700e+01    7.0887513e+05  3.5486211e+03
   6.000e+00    3.3197870e+05  1.6554163e+03
   3.500e+01    7.0433390e+05  3.5254211e+03
