#   ncyc_cp         Intensity      Esd(Int.)
   0.000e+00    9.9994762e+05  5.0000000e+03
   1.000e+00    8.1031259e+04  4.0569367e+02
   2.000e+00    8.5702248e+04  4.2850719e+02
   3.000e+00    9.0327291e+04  4.5260976e+02
   4.000e+00    9.5278255e+04  4.7758939e+02
   5.000e+00    1.0179201e+05  5.0475808e+02
   6.000e+00    1.0667914e+05  5.3360972e+02
   7.000e+00    1.1304174e+05  5.6402519e+02
   8.000e+00    1.1866322e+05  5.9833488e+02
   9.000e+00    1.2719651e+05  6.3929446e+02
   1.000e+01    1.3804757e+05  6.8856536e+02
   1.100e+01    1.5002745e+05  7.4656258e+02
   1.200e+01    1.6380768e+05  8.1281642e+02
   1.300e+01    1.7757416e+05  8.8634128e+02
   1.400e+01    1.9454753e+05  9.6589573e+02
   1.500e+01    2.1004089e+05  1.0501499e+03
   1.600e+01    2.2828427e+05  1.1377913e+03
   1.700e+01    2.4451725e+05  1.2275907e+03
   1.800e+01    2.6283366e+05  1.3184416e+03
   1.900e+01    2.7895906e+05  1.4093797e+03
   2.000e+01    3.0034518e+05  1.4995888e+03
   2.100e+01    3.1872609e+05  1.5883979e+03
   2.200e+01    3.3498049e+05  1.6752707e+03
   2.300e+01    3.5178214e+05  1.7597929e+03
   2.400e+01    3.6867842e+05  1.8416567e+03
   2.500e+01    3.8357307e+05  1.9206456e+03
   2.600e+01    3.9320954e+05  1.9966198e+03
   2.700e+01    4.0988445e+05  2.0695024e+03
   2.800e+01    4.3080639e+05  2.1392679e+03
   2.900e+01    4.4134654e+05  2.2059308e+03
   3.000e+01    4.5132366e+05  2.2695375e+03
   3.100e+01    4.6433689e+05  2.3301581e+03
   3.200e+01    4.7560881e+05  2.3878805e+03
   3.300e+01    4.8684095e+05  2.4428051e+03
   3.400e+01    4.9827941e+05  2.4950409e+03
   3.500e+01    5.1045348e+05  2.5447016e+03
   3.600e+01    5.1557500e+05  2.5919036e+03
   3.700e+01    5.2293092e+05  2.6367639e+03
   3.800e+01    5.3542940e+05  2.6793981e+03
   3.900e+01    5.4651576e+05  2.7199196e+03
   4.000e+01    5.5002780e+05  2.7584385e+03
   3.100e+01    4.6704687e+05  2.3301581e+03
   2.800e+01    4.2653091e+05  2.1392679e+03
   3.000e+01    4.5537362e+05  2.2695375e+03
