#   ncyc_cp         Intensity      Esd(Int.)
   0.000e+00    1.0014770e+06  5.0000000e+03
   1.000e+00    1.5326911e+05  7.6739456e+02
   3.000e+00    1.6239190e+05  8.1165256e+02
   5.000e+00    1.7124678e+05  8.5673016e+02
   7.000e+00    1.8114583e+05  9.0724969e+02
   9.000e+00    1.9267344e+05  9.6191470e+02
   1.100e+01    2.0467627e+05  1.0276637e+03
   1.300e+01    2.2477772e+05  1.1162148e+03
   1.500e+01    2.4744265e+05  1.2281411e+03
   1.700e+01    2.7008073e+05  1.3574152e+03
   1.900e+01    2.9831714e+05  1.4966757e+03
   2.100e+01    3.2829206e+05  1.6394649e+03
   2.300e+01    3.5446245e+05  1.7808504e+03
   2.500e+01    3.8539157e+05  1.9174030e+03
   2.700e+01    4.1185805e+05  2.0469506e+03
   2.900e+01    4.2922867e+05  2.1682835e+03
   3.100e+01    4.5768036e+05  2.2808849e+03
   3.300e+01    4.7510111e+05  2.3847110e+03
   3.500e+01    4.9476422e+05  2.4800230e+03
   3.700e+01    5.1328105e+05  2.5672655e+03
   3.900e+01    5.3126365e+05  2.6469820e+03
   4.100e+01    5.4321124e+05  2.7197572e+03
   4.300e+01    5.6198250e+05  2.7861804e+03
   4.500e+01    5.6967969e+05  2.8468221e+03
   4.700e+01    5.8343114e+05  2.9022208e+03
   4.900e+01    5.8732563e+05  2.9528760e+03
   5.100e+01    5.9881108e+05  2.9992458e+03
   5.300e+01    6.0978605e+05  3.0417463e+03
   5.500e+01    6.1570100e+05  3.0807539e+03
   5.700e+01    6.2355317e+05  3.1166073e+03
   5.900e+01    6.3094977e+05  3.1496103e+03
   6.100e+01    6.3873616e+05  3.1800357e+03
   6.300e+01    6.4146497e+05  3.2081272e+03
   6.500e+01    6.4441806e+05  3.2341033e+03
   6.700e+01    6.4873137e+05  3.2581594e+03
   6.900e+01    6.5202006e+05  3.2804704e+03
   7.100e+01    6.6173961e+05  3.3011934e+03
   7.300e+01    6.6381221e+05  3.3204687e+03
   7.500e+01    6.6918943e+05  3.3384228e+03
   7.700e+01    6.7008823e+05  3.3551691e+03
   7.900e+01    6.7382767e+05  3.3708097e+03
   2.500e+01    3.8587390e+05  1.9174030e+03
   1.900e+01    2.9932837e+05  1.4966757e+03
   7.900e+01    6.6091597e+05  3.3708097e+03
