#   ncyc_cp         Intensity      Esd(Int.)
   0.000e+00    1.0001225e+06  5.0000000e+03
   1.000e+00    3.2636485e+05  1.6333759e+03
   2.000e+00    3.4261108e+05  1.7161318e+03
   3.000e+00    3.6308891e+05  1.8052445e+03
   4.000e+00    3.8045799e+05  1.8993405e+03
   5.000e+00    4.0213162e+05  1.9970251e+03
   6.000e+00    4.1637756e+05  2.0989429e+03
   7.000e+00    4.4185711e+05  2.2043970e+03
   8.000e+00    4.6200938e+05  2.3111993e+03
   9.000e+00    4.8421183e+05  2.4167224e+03
   1.000e+01    5.0311854e+05  2.5187126e+03
   1.100e+01    5.2512486e+05  2.6155018e+03
   1.200e+01    5.4448262e+05  2.7060984e+03
   1.300e+01    5.6019133e+05  2.7899905e+03
   1.400e+01    5.7510990e+05  2.8671016e+03
   1.500e+01    5.8490877e+05  2.9375760e+03
   1.600e+01    6.0129919e+05  3.0017680e+03
   1.700e+01    6.1371437e+05  3.0600837e+03
   1.800e+01    6.2775624e+05  3.1130109e+03
   1.900e+01    6.3421216e+05  3.1610080e+03
   2.000e+01    6.3952107e+05  3.2045553e+03
   2.100e+01    6.4995839e+05  3.2440740e+03
   2.200e+01    6.5548411e+05  3.2799838e+03
   2.300e+01    6.6513626e+05  3.3126404e+03
   2.400e+01    6.7146948e+05  3.3423911e+03
   2.500e+01    6.7246904e+05  3.3695241e+03
   2.600e+01    6.7873947e+05  3.3943198e+03
   2.700e+01    6.8260884e+05  3.4170071e+03
   2.800e+01    6.8780798e+05  3.4378095e+03
   2.900e+01    6.9359897e+05  3.4569073e+03
   3.000e+01    7.0049383e+05  3.4744782e+03
   3.100e+01    7.0020756e+05  3.4906637e+03
   3.200e+01    7.0490829e+05  3.5056051e+03
   3.300e+01    7.0296410e+05  3.5194136e+03
   3.400e+01    7.0526250e+05  3.5322023e+03
   3.500e+01    7.0898681e+05  3.5440586e+03
   3.600e+01    7.1570785e+05  3.5550734e+03
   3.700e+01    7.1840082e+05  3.5653158e+03
   3.800e+01    7.0856238e+05  3.5748592e+03
   3.900e+01    7.1835672e+05  3.5837587e+03
   4.000e+01    7.1046703e+05  3.5920740e+03
   3.900e+01    7.1257717e+05  3.5837587e+03
   5.000e+00    4.0053425e+05  1.9970251e+03
   1.600e+01    6.0040511e+05  3.0017680e+03
