#   ncyc_cp         Intensity      Esd(Int.)
   0.000e+00    1.0114347e+06  5.0000000e+03
   1.000e+00    5.1196014e+05  2.5511371e+03
   3.000e+00    5.1984895e+05  2.6088711e+03
   5.000e+00    5.3248941e+05  2.6681126e+03
   7.000e+00    5.4369093e+05  2.7286409e+03
   9.000e+00    5.6033996e+05  2.7901679e+03
   1.100e+01    5.6877815e+05  2.8523293e+03
   1.300e+01    5.7552608e+05  2.9143367e+03
   1.500e+01    5.9688058e+05  2.9750884e+03
   1.700e+01    6.0839912e+05  3.0334964e+03
   1.900e+01    6.1762097e+05  3.0887062e+03
   2.100e+01    6.2551609e+05  3.1401685e+03
   2.300e+01    6.3971018e+05  3.1876174e+03
   2.500e+01    6.3933341e+05  3.2310105e+03
   2.700e+01    6.5808400e+05  3.2704625e+03
   2.900e+01    6.6361013e+05  3.3061881e+03
   3.100e+01    6.6698532e+05  3.3384574e+03
   3.300e+01    6.7004357e+05  3.3675644e+03
   3.500e+01    6.8146650e+05  3.3938059e+03
   3.700e+01    6.8254175e+05  3.4174681e+03
   3.900e+01    6.8490589e+05  3.4388193e+03
   4.100e+01    6.9503169e+05  3.4581057e+03
   4.300e+01    6.9485228e+05  3.4755507e+03
   4.500e+01    6.9911477e+05  3.4913546e+03
   4.700e+01    6.9558012e+05  3.5056961e+03
   4.900e+01    7.0659942e+05  3.5187339e+03
   5.100e+01    7.0480608e+05  3.5306086e+03
   5.300e+01    7.0687140e+05  3.5414441e+03
   5.500e+01    7.0883847e+05  3.5513503e+03
   5.700e+01    7.1329162e+05  3.5604239e+03
   5.900e+01    7.0906426e+05  3.5687505e+03
   6.100e+01    7.1424556e+05  3.5764055e+03
   6.300e+01    7.2069445e+05  3.5834558e+03
   6.500e+01    7.2081633e+05  3.5899606e+03
   6.700e+01    7.2207096e+05  3.5959726e+03
   6.900e+01    7.1716812e+05  3.6015382e+03
   7.100e+01    7.1882227e+05  3.6066991e+03
   7.300e+01    7.2278364e+05  3.6114922e+03
   7.500e+01    7.2229410e+05  3.6159506e+03
   7.700e+01    7.2797026e+05  3.6201037e+03
   7.900e+01    7.2454042e+05  3.6239782e+03
   4.500e+01    6.9692824e+05  3.4913546e+03
   1.000e+00    5.1132728e+05  2.5511371e+03
   4.300e+01    6.9511183e+05  3.4755507e+03
