#   ncyc_cp         Intensity      Esd(Int.)
   0.000e+00    1.0033361e+06  5.0000000e+03
   1.000e+00    2.9670189e+05  1.4797681e+03
   2.000e+00    3.1353039e+05  1.5753815e+03
   3.000e+00    3.3483080e+05  1.6858939e+03
   4.000e+00    3.6251465e+05  1.8032914e+03
   5.000e+00    3.8783856e+05  1.9297026e+03
   6.000e+00    4.1114988e+05  2.0661620e+03
   7.000e+00    4.3801150e+05  2.2074586e+03
   8.000e+00    4.6645692e+05  2.3471249e+03
   9.000e+00    4.9865537e+05  2.4801291e+03
   1.000e+01    5.2294149e+05  2.6034983e+03
   1.100e+01    5.4519625e+05  2.7158349e+03
   1.200e+01    5.6146090e+05  2.8169321e+03
   1.300e+01    5.8175911e+05  2.9071946e+03
   1.400e+01    5.9378665e+05  2.9874522e+03
   1.500e+01    6.1137642e+05  3.0586291e+03
   1.600e+01    6.2201226e+05  3.1217360e+03
   1.700e+01    6.3637947e+05  3.1776916e+03
   1.800e+01    6.4654521e+05  3.2273888e+03
   1.900e+01    6.5766631e+05  3.2715869e+03
   2.000e+01    6.6270836e+05  3.3109962e+03
   2.100e+01    6.7090637e+05  3.3462022e+03
   2.200e+01    6.7843370e+05  3.3777475e+03
   2.300e+01    6.8135318e+05  3.4060715e+03
   2.400e+01    6.8947576e+05  3.4315825e+03
   2.500e+01    6.9311586e+05  3.4546074e+03
   2.600e+01    6.9410299e+05  3.4754531e+03
   2.700e+01    6.9944989e+05  3.4943625e+03
   2.800e+01    7.0029167e+05  3.5115676e+03
   2.900e+01    7.0956053e+05  3.5272496e+03
   3.000e+01    7.0797524e+05  3.5415853e+03
   3.100e+01    7.1191394e+05  3.5547111e+03
   3.200e+01    7.1124431e+05  3.5667627e+03
   3.300e+01    7.1715150e+05  3.5778436e+03
   3.400e+01    7.1762753e+05  3.5880592e+03
   3.500e+01    7.1466862e+05  3.5974887e+03
   3.600e+01    7.2170809e+05  3.6062148e+03
   3.700e+01    7.1958277e+05  3.6142984e+03
   3.800e+01    7.2846535e+05  3.6218053e+03
   3.900e+01    7.2378797e+05  3.6287827e+03
   4.000e+01    7.3273669e+05  3.6352834e+03
   3.800e+01    7.2888219e+05  3.6218053e+03
   1.300e+01    5.8122720e+05  2.9071946e+03
   7.000e+00    4.4656411e+05  2.2074586e+03
