#   ncyc_cp         Intensity      Esd(Int.)
   0.000e+00    1.0065270e+06  5.0000000e+03
   1.000e+00    1.0800143e+05  5.4274451e+02
   3.000e+00    1.1498418e+05  5.7476011e+02
   5.000e+00    1.2241777e+05  6.0779409e+02
   7.000e+00    1.2827459e+05  6.4286241e+02
   9.000e+00    1.3668743e+05  6.8189933e+02
   1.100e+01    1.4511513e+05  7.2458020e+02
   1.300e+01    1.5699212e+05  7.8491753e+02
   1.500e+01    1.7465417e+05  8.6912517e+02
   1.700e+01    1.9409840e+05  9.7497111e+02
   1.900e+01    2.1992817e+05  1.0969785e+03
   2.100e+01    2.4565772e+05  1.2292297e+03
   2.300e+01    2.7405153e+05  1.3664593e+03
   2.500e+01    3.0012839e+05  1.5044130e+03
   2.700e+01    3.2826278e+05  1.6398875e+03
   2.900e+01    3.5170512e+05  1.7706266e+03
   3.100e+01    3.8148272e+05  1.8951595e+03
   3.300e+01    4.0443140e+05  2.0126294e+03
   3.500e+01    4.2265793e+05  2.1226379e+03
   3.700e+01    4.4271078e+05  2.2251132e+03
   3.900e+01    4.6393674e+05  2.3202077e+03
   4.100e+01    4.8376683e+05  2.4082186e+03
   4.300e+01    4.9742296e+05  2.4895303e+03
   4.500e+01    5.1138779e+05  2.5645733e+03
   4.700e+01    5.2701514e+05  2.6337955e+03
   4.900e+01    5.3817976e+05  2.6976429e+03
   5.100e+01    5.5234114e+05  2.7565473e+03
   5.300e+01    5.5958518e+05  2.8109186e+03
   5.500e+01    5.7009198e+05  2.8611408e+03
   5.700e+01    5.8282119e+05  2.9075698e+03
   5.900e+01    5.9332582e+05  2.9505335e+03
   6.100e+01    6.0200766e+05  2.9903321e+03
   6.300e+01    6.0368868e+05  3.0272396e+03
   6.500e+01    6.1741420e+05  3.0615053e+03
   6.700e+01    6.1913003e+05  3.0933557e+03
   6.900e+01    6.2553694e+05  3.1229964e+03
   7.100e+01    6.2667973e+05  3.1506135e+03
   7.300e+01    6.3267024e+05  3.1763760e+03
   7.500e+01    6.4724832e+05  3.2004370e+03
   7.700e+01    6.4945373e+05  3.2229351e+03
   7.900e+01    6.4622918e+05  3.2439964e+03
   4.100e+01    4.8149699e+05  2.4082186e+03
   3.000e+00    1.1451020e+05  5.7476011e+02
   4.700e+01    5.2714072e+05  2.6337955e+03
