#   ncyc_cp         Intensity      Esd(Int.)
   0.000e+00    1.0062921e+06  5.0000000e+03
   1.000e+00    1.8827025e+05  9.4423113e+02
   2.000e+00    1.9062277e+05  9.5487988e+02
   3.000e+00    1.9286152e+05  9.6095392e+02
   4.000e+00    1.9552820e+05  9.8040050e+02
   5.000e+00    1.9352918e+05  9.6541846e+02
   6.000e+00    1.9447115e+05  9.8180733e+02
   7.000e+00    2.0028434e+05  1.0015109e+03
   8.000e+00    1.9938086e+05  1.0005027e+03
   9.000e+00    2.0016414e+05  9.9519504e+02
   1.000e+01    2.0350501e+05  1.0031689e+03
   1.100e+01    2.0566970e+05  1.0308855e+03
   1.200e+01    2.1668976e+05  1.0778071e+03
   1.300e+01    2.2724257e+05  1.1409400e+03
   1.400e+01    2.4246826e+05  1.2165175e+03
   1.500e+01    2.5961768e+05  1.3010554e+03
   1.600e+01    2.7674348e+05  1.3916453e+03
   1.700e+01    2.9612784e+05  1.4855590e+03
   1.800e+01    3.1609677e+05  1.5810779e+03
   1.900e+01    3.3542684e+05  1.6762209e+03
   2.000e+01    3.5550111e+05  1.7702135e+03
   2.100e+01    3.7616702e+05  1.8616624e+03
   2.200e+01    3.8921326e+05  1.9504373e+03
   2.300e+01    4.0866160e+05  2.0355678e+03
   2.400e+01    4.2427267e+05  2.1173192e+03
   2.500e+01    4.3790932e+05  2.1950086e+03
   2.600e+01    4.5273005e+05  2.2691176e+03
   2.700e+01    4.6775088e+05  2.3391520e+03
   2.800e+01    4.8247545e+05  2.4056929e+03
   2.900e+01    4.9150407e+05  2.4683669e+03
   3.000e+01    5.0549232e+05  2.5277838e+03
   3.100e+01    5.1730338e+05  2.5836471e+03
   3.200e+01    5.2401841e+05  2.6365545e+03
   3.300e+01    5.3153080e+05  2.6862592e+03
   3.400e+01    5.4651191e+05  2.7333253e+03
   3.500e+01    5.5385534e+05  2.7775390e+03
   3.600e+01    5.5940998e+05  2.8194213e+03
   3.700e+01    5.7106839e+05  2.8587810e+03
   3.800e+01    5.8106864e+05  2.8960933e+03
   3.900e+01    5.8503202e+05  2.9311833e+03
   4.000e+01    5.8908898e+05  2.9644812e+03
   2.700e+01    4.6889871e+05  2.3391520e+03
   2.000e+01    3.5285709e+05  1.7702135e+03
   2.100e+01    3.7186351e+05  1.8616624e+03
