#   ncyc_cp         Intensity      Esd(Int.)
   0.000e+00    9.9502073e+05  5.0000000e+03
   1.000e+00    8.9962338e+04  4.5243272e+02
   2.000e+00    9.3801022e+04  4.6810359e+02
   3.000e+00    9.6653038e+04  4.8584294e+02
   4.000e+00    9.8901411e+04  4.9825585e+02
   5.000e+00    1.0361954e+05  5.1583179e+02
   6.000e+00    1.0732580e+05  5.3876031e+02
   7.000e+00    1.1160681e+05  5.5728890e+02
   8.000e+00    1.1497055e+05  5.7515437e+02
   9.000e+00    1.2024219e+05  6.0053850e+02
   1.000e+01    1.2825158e+05  6.3814065e+02
   1.100e+01    1.3814692e+05  6.8908852e+02
   1.200e+01    1.5188904e+05  7.5246331e+02
   1.300e+01    1.6300685e+05  8.2649081e+02
   1.400e+01    1.8303858e+05  9.0919860e+02
   1.500e+01    1.9877223e+05  9.9842411e+02
   1.600e+01    2.1706604e+05  1.0923958e+03
   1.700e+01    2.3880401e+05  1.1891737e+03
   1.800e+01    2.5737707e+05  1.2874783e+03
   1.900e+01    2.7698010e+05  1.3857669e+03
   2.000e+01    2.9654508e+05  1.4832766e+03
   2.100e+01    3.1475952e+05  1.5788721e+03
   2.200e+01    3.3310231e+05  1.6722225e+03
   2.300e+01    3.5213630e+05  1.7625342e+03
   2.400e+01    3.7050895e+05  1.8497910e+03
   2.500e+01    3.8812293e+05  1.9334551e+03
   2.600e+01    4.0072762e+05  2.0137169e+03
   2.700e+01    4.1844120e+05  2.0902158e+03
   2.800e+01    4.3345865e+05  2.1632638e+03
   2.900e+01    4.4769922e+05  2.2326174e+03
   3.000e+01    4.6223079e+05  2.2986501e+03
   3.100e+01    4.7342722e+05  2.3611924e+03
   3.200e+01    4.8462514e+05  2.4206399e+03
   3.300e+01    4.9565192e+05  2.4768684e+03
   3.400e+01    5.0698251e+05  2.5302715e+03
   3.500e+01    5.1723824e+05  2.5807516e+03
   3.600e+01    5.2360457e+05  2.6286863e+03
   3.700e+01    5.3455407e+05  2.6739932e+03
   3.800e+01    5.4491392e+05  2.7170267e+03
   3.900e+01    5.4745409e+05  2.7577125e+03
   4.000e+01    5.5823155e+05  2.7963788e+03
   2.400e+01    3.7205736e+05  1.8497910e+03
   1.000e+00    8.9917379e+04  4.5243272e+02
   1.100e+01    1.3844494e+05  6.8908852e+02
