#   ncyc_cp         Intensity      Esd(Int.)
   0.000e+00    9.9492740e+05  5.0000000e+03
   1.000e+00    9.0976191e+04  4.5644236e+02
   2.000e+00    9.2925921e+04  4.6669636e+02
   3.000e+00    9.6254757e+04  4.8060946e+02
   4.000e+00    9.7136748e+04  4.8471206e+02
   5.000e+00    9.7845643e+04  4.9066780e+02
   6.000e+00    1.0202801e+05  5.1111742e+02
   7.000e+00    1.0430139e+05  5.2002855e+02
   8.000e+00    1.0483629e+05  5.2303178e+02
   9.000e+00    1.0721829e+05  5.3512821e+02
   1.000e+01    1.1189852e+05  5.6355111e+02
   1.100e+01    1.2126471e+05  6.0927697e+02
   1.200e+01    1.3527930e+05  6.7051999e+02
   1.300e+01    1.4841982e+05  7.4480701e+02
   1.400e+01    1.6520899e+05  8.2957113e+02
   1.500e+01    1.8484539e+05  9.2211644e+02
   1.600e+01    2.0414583e+05  1.0203856e+03
   1.700e+01    2.2156453e+05  1.1219472e+03
   1.800e+01    2.4641764e+05  1.2254596e+03
   1.900e+01    2.6509561e+05  1.3289299e+03
   2.000e+01    2.8613284e+05  1.4316995e+03
   2.100e+01    3.0784832e+05  1.5322369e+03
   2.200e+01    3.2632777e+05  1.6304240e+03
   2.300e+01    3.4633793e+05  1.7251227e+03
   2.400e+01    3.6422819e+05  1.8165870e+03
   2.500e+01    3.8126452e+05  1.9039774e+03
   2.600e+01    3.9852463e+05  1.9877743e+03
   2.700e+01    4.1303983e+05  2.0673497e+03
   2.800e+01    4.2723010e+05  2.1433028e+03
   2.900e+01    4.4385613e+05  2.2151493e+03
   3.000e+01    4.5696801e+05  2.2835353e+03
   3.100e+01    4.6700182e+05  2.3480724e+03
   3.200e+01    4.8342200e+05  2.4094085e+03
   3.300e+01    4.9520217e+05  2.4672197e+03
   3.400e+01    5.0621503e+05  2.5221294e+03
   3.500e+01    5.1607814e+05  2.5738574e+03
   3.600e+01    5.2247465e+05  2.6229892e+03
   3.700e+01    5.3544451e+05  2.6692752e+03
   3.800e+01    5.4361224e+05  2.7132574e+03
   3.900e+01    5.4850052e+05  2.7547081e+03
   4.000e+01    5.5781437e+05  2.7941247e+03
   2.900e+01    4.4554523e+05  2.2151493e+03
   2.800e+01    4.3011259e+05  2.1433028e+03
   3.300e+01    4.9856749e+05  2.4672197e+03
