#   ncyc_cp         Intensity      Esd(Int.)
   0.000e+00    1.0049573e+06  5.0000000e+03
   1.000e+00    2.1071289e+05  1.0547820e+03
   2.000e+00    2.1833718e+05  1.0996246e+03
   3.000e+00    2.2963817e+05  1.1421303e+03
   4.000e+00    2.3819268e+05  1.1923571e+03
   5.000e+00    2.4815348e+05  1.2483457e+03
   6.000e+00    2.6846883e+05  1.3330485e+03
   7.000e+00    2.8956183e+05  1.4503306e+03
   8.000e+00    3.1929854e+05  1.5904285e+03
   9.000e+00    3.4978207e+05  1.7417876e+03
   1.000e+01    3.7562159e+05  1.8952037e+03
   1.100e+01    4.0929816e+05  2.0444064e+03
   1.200e+01    4.4085270e+05  2.1855907e+03
   1.300e+01    4.6244445e+05  2.3167579e+03
   1.400e+01    4.8642078e+05  2.4371316e+03
   1.500e+01    5.0822365e+05  2.5467099e+03
   1.600e+01    5.3276970e+05  2.6459494e+03
   1.700e+01    5.4605525e+05  2.7355521e+03
   1.800e+01    5.6334936e+05  2.8163289e+03
   1.900e+01    5.7434912e+05  2.8891154e+03
   2.000e+01    5.9263504e+05  2.9547225e+03
   2.100e+01    5.9912703e+05  3.0139099e+03
   2.200e+01    6.1110485e+05  3.0673734e+03
   2.300e+01    6.2054932e+05  3.1157411e+03
   2.400e+01    6.3997869e+05  3.1595745e+03
   2.500e+01    6.4360735e+05  3.1993724e+03
   2.600e+01    6.4320328e+05  3.2355762e+03
   2.700e+01    6.5359844e+05  3.2685754e+03
   2.800e+01    6.5714407e+05  3.2987132e+03
   2.900e+01    6.5754683e+05  3.3262920e+03
   3.000e+01    6.7234496e+05  3.3515784e+03
   3.100e+01    6.8038044e+05  3.3748075e+03
   3.200e+01    6.7608252e+05  3.3961867e+03
   3.300e+01    6.8618600e+05  3.4158994e+03
   3.400e+01    6.9093609e+05  3.4341080e+03
   3.500e+01    6.8958598e+05  3.4509563e+03
   3.600e+01    6.9641531e+05  3.4665722e+03
   3.700e+01    6.9499256e+05  3.4810694e+03
   3.800e+01    6.9389124e+05  3.4945494e+03
   3.900e+01    7.0531587e+05  3.5071026e+03
   4.000e+01    7.0430208e+05  3.5188100e+03
   6.000e+00    2.6640414e+05  1.3330485e+03
   1.200e+01    4.3882176e+05  2.1855907e+03
   2.300e+01    6.2549129e+05  3.1157411e+03
