#   ncyc_cp         Intensity      Esd(Int.)
   0.000e+00    9.9861595e+05  5.0000000e+03
   1.000e+00    2.8202465e+05  1.4046118e+03
   2.000e+00    2.9343654e+05  1.4692431e+03
   3.000e+00    3.0985271e+05  1.5371023e+03
   4.000e+00    3.2169402e+05  1.6086919e+03
   5.000e+00    3.3727419e+05  1.6841583e+03
   6.000e+00    3.5299781e+05  1.7641623e+03
   7.000e+00    3.7010768e+05  1.8491507e+03
   8.000e+00    3.8764572e+05  1.9385882e+03
   9.000e+00    4.0457008e+05  2.0311009e+03
   1.000e+01    4.2915573e+05  2.1249492e+03
   1.100e+01    4.4491695e+05  2.2184152e+03
   1.200e+01    4.6139285e+05  2.3100203e+03
   1.300e+01    4.7902245e+05  2.3986103e+03
   1.400e+01    4.9613129e+05  2.4833592e+03
   1.500e+01    5.1498269e+05  2.5637332e+03
   1.600e+01    5.2749508e+05  2.6394392e+03
   1.700e+01    5.4225584e+05  2.7103711e+03
   1.800e+01    5.5147682e+05  2.7765616e+03
   1.900e+01    5.6387026e+05  2.8381412e+03
   2.000e+01    5.7411626e+05  2.8953061e+03
   2.100e+01    5.9373904e+05  2.9482927e+03
   2.200e+01    6.0014494e+05  2.9973594e+03
   2.300e+01    6.0937074e+05  3.0427726e+03
   2.400e+01    6.1386910e+05  3.0847977e+03
   2.500e+01    6.2414553e+05  3.1236925e+03
   2.600e+01    6.3564371e+05  3.1597028e+03
   2.700e+01    6.4154833e+05  3.1930607e+03
   2.800e+01    6.3776003e+05  3.2239826e+03
   2.900e+01    6.4803201e+05  3.2526691e+03
   3.000e+01    6.6007898e+05  3.2793053e+03
   3.100e+01    6.6114650e+05  3.3040613e+03
   3.200e+01    6.6121613e+05  3.3270926e+03
   3.300e+01    6.6722021e+05  3.3485416e+03
   3.400e+01    6.7300289e+05  3.3685380e+03
   3.500e+01    6.8479974e+05  3.3872001e+03
   3.600e+01    6.7866992e+05  3.4046357e+03
   3.700e+01    6.9191620e+05  3.4209430e+03
   3.800e+01    6.8382438e+05  3.4362113e+03
   3.900e+01    6.9439438e+05  3.4505221e+03
   4.000e+01    6.9301248e+05  3.4639494e+03
   2.200e+01    5.9687844e+05  2.9973594e+03
   3.600e+01    6.7600842e+05  3.4046357e+03
   3.300e+01    6.6801668e+05  3.3485416e+03
