#   ncyc_cp         Intensity      Esd(Int.)
   0.000e+00    1.0011728e+06  5.0000000e+03
   1.000e+00    3.8834405e+05  1.9466197e+03
   2.000e+00    3.9110973e+05  1.9575158e+03
   3.000e+00    4.0738974e+05  2.0299676e+03
   4.000e+00    4.4370513e+05  2.2177933e+03
   5.000e+00    4.9387386e+05  2.4597934e+03
   6.000e+00    5.3721558e+05  2.6861436e+03
   7.000e+00    5.7059359e+05  2.8753559e+03
   8.000e+00    6.0533936e+05  3.0272456e+03
   9.000e+00    6.3008059e+05  3.1477583e+03
   1.000e+01    6.4977121e+05  3.2434658e+03
   1.100e+01    6.6308304e+05  3.3199771e+03
   1.200e+01    6.7666999e+05  3.3816960e+03
   1.300e+01    6.8919522e+05  3.4319748e+03
   1.400e+01    6.9163307e+05  3.4733410e+03
   1.500e+01    6.9959205e+05  3.5077008e+03
   1.600e+01    6.9989338e+05  3.5364998e+03
   1.700e+01    7.1286102e+05  3.5608429e+03
   1.800e+01    7.2025776e+05  3.5815819e+03
   1.900e+01    7.1710218e+05  3.5993795e+03
   2.000e+01    7.1856432e+05  3.6147564e+03
   2.100e+01    7.2900181e+05  3.6281252e+03
   2.200e+01    7.2847627e+05  3.6398157e+03
   2.300e+01    7.3103046e+05  3.6500936e+03
   2.400e+01    7.3708426e+05  3.6591750e+03
   2.500e+01    7.3260884e+05  3.6672365e+03
   2.600e+01    7.3617296e+05  3.6744239e+03
   2.700e+01    7.3121460e+05  3.6808579e+03
   2.800e+01    7.3723957e+05  3.6866394e+03
   2.900e+01    7.3782425e+05  3.6918529e+03
   3.000e+01    7.4150456e+05  3.6965702e+03
   3.100e+01    7.3522504e+05  3.7008517e+03
   3.200e+01    7.4175530e+05  3.7047492e+03
   3.300e+01    7.4551211e+05  3.7083071e+03
   3.400e+01    7.4290389e+05  3.7115635e+03
   3.500e+01    7.4690048e+05  3.7145515e+03
   3.600e+01    7.4205645e+05  3.7172995e+03
   3.700e+01    7.3952595e+05  3.7198326e+03
   3.800e+01    7.4527385e+05  3.7221725e+03
   3.900e+01    7.4972402e+05  3.7243384e+03
   4.000e+01    7.4878389e+05  3.7263469e+03
   2.400e+01    7.2766985e+05  3.6591750e+03
   1.400e+01    6.9650159e+05  3.4733410e+03
   3.900e+01    7.4895690e+05  3.7243384e+03
