#   ncyc_cp         Intensity      Esd(Int.)
   0.000e+00    9.9246732e+05  5.0000000e+03
   1.000e+00    1.1100657e+05  5.5512502e+02
   2.000e+00    1.1730724e+05  5.8931246e+02
   3.000e+00    1.2573278e+05  6.2521163e+02
   4.000e+00    1.3262823e+05  6.6431117e+02
   5.000e+00    1.4071828e+05  7.0800862e+02
   6.000e+00    1.5092936e+05  7.5483800e+02
   7.000e+00    1.6134505e+05  8.0544361e+02
   8.000e+00    1.7245663e+05  8.6204512e+02
   9.000e+00    1.8593296e+05  9.2635478e+02
   1.000e+01    1.9939237e+05  9.9879551e+02
   1.100e+01    2.1493145e+05  1.0787247e+03
   1.200e+01    2.3377677e+05  1.1649348e+03
   1.300e+01    2.5148879e+05  1.2558592e+03
   1.400e+01    2.7035990e+05  1.3500101e+03
   1.500e+01    2.9119318e+05  1.4458405e+03
   1.600e+01    3.0757863e+05  1.5421433e+03
   1.700e+01    3.2674732e+05  1.6377132e+03
   1.800e+01    3.4527638e+05  1.7317560e+03
   1.900e+01    3.6447226e+05  1.8234514e+03
   2.000e+01    3.8272246e+05  1.9123780e+03
   2.100e+01    4.0096441e+05  1.9980375e+03
   2.200e+01    4.1544641e+05  2.0802883e+03
   2.300e+01    4.3362434e+05  2.1588659e+03
   2.400e+01    4.4553977e+05  2.2338151e+03
   2.500e+01    4.6139881e+05  2.3050260e+03
   2.600e+01    4.7244286e+05  2.3726549e+03
   2.700e+01    4.8843465e+05  2.4366862e+03
   2.800e+01    4.9810058e+05  2.4973348e+03
   2.900e+01    5.0824703e+05  2.5546375e+03
   3.000e+01    5.2525532e+05  2.6088329e+03
   3.100e+01    5.2915440e+05  2.6599833e+03
   3.200e+01    5.3883555e+05  2.7083300e+03
   3.300e+01    5.5152791e+05  2.7539439e+03
   3.400e+01    5.5901027e+05  2.7970567e+03
   3.500e+01    5.6854821e+05  2.8377388e+03
   3.600e+01    5.7427043e+05  2.8762060e+03
   3.700e+01    5.7848300e+05  2.9125229e+03
   3.800e+01    5.8792880e+05  2.9468869e+03
   3.900e+01    5.9527859e+05  2.9793548e+03
   4.000e+01    6.0589917e+05  3.0101048e+03
   1.000e+01    1.9957283e+05  9.9879551e+02
   3.000e+00    1.2496759e+05  6.2521163e+02
   2.300e+01    4.3173496e+05  2.1588659e+03
