#   ncyc_cp         Intensity      Esd(Int.)
   0.000e+00    9.9760638e+05  5.0000000e+03
   1.000e+00    2.5208009e+05  1.2610681e+03
   3.000e+00    2.6460868e+05  1.3321053e+03
   5.000e+00    2.8137485e+05  1.4073514e+03
   7.000e+00    2.9810270e+05  1.4895234e+03
   9.000e+00    3.1500146e+05  1.5792300e+03
   1.100e+01    3.3458480e+05  1.6806251e+03
   1.300e+01    3.5724007e+05  1.7947528e+03
   1.500e+01    3.8249613e+05  1.9179365e+03
   1.700e+01    4.1217092e+05  2.0448568e+03
   1.900e+01    4.3633091e+05  2.1707007e+03
   2.100e+01    4.5741880e+05  2.2919136e+03
   2.300e+01    4.8142194e+05  2.4062249e+03
   2.500e+01    5.0490450e+05  2.5124092e+03
   2.700e+01    5.2100534e+05  2.6099997e+03
   2.900e+01    5.4236148e+05  2.6990379e+03
   3.100e+01    5.5686754e+05  2.7798797e+03
   3.300e+01    5.7326208e+05  2.8530581e+03
   3.500e+01    5.8457649e+05  2.9191895e+03
   3.700e+01    5.9668164e+05  2.9789136e+03
   3.900e+01    6.0299679e+05  3.0328563e+03
   4.100e+01    6.2090794e+05  3.0816087e+03
   4.300e+01    6.2803760e+05  3.1257167e+03
   4.500e+01    6.3089046e+05  3.1656761e+03
   4.700e+01    6.3888648e+05  3.2019333e+03
   4.900e+01    6.4543523e+05  3.2348868e+03
   5.100e+01    6.4800357e+05  3.2648911e+03
   5.300e+01    6.5943465e+05  3.2922603e+03
   5.500e+01    6.6316644e+05  3.3172723e+03
   5.700e+01    6.6717594e+05  3.3401731e+03
   5.900e+01    6.7069978e+05  3.3611797e+03
   6.100e+01    6.7210178e+05  3.3804844e+03
   6.300e+01    6.7806419e+05  3.3982571e+03
   6.500e+01    6.8417175e+05  3.4146484e+03
   6.700e+01    6.8092405e+05  3.4297919e+03
   6.900e+01    6.9462814e+05  3.4438060e+03
   7.100e+01    6.9332163e+05  3.4567964e+03
   7.300e+01    6.9340192e+05  3.4688571e+03
   7.500e+01    6.9606408e+05  3.4800717e+03
   7.700e+01    6.9944569e+05  3.4905155e+03
   7.900e+01    6.9659746e+05  3.5002554e+03
   5.700e+01    6.6730764e+05  3.3401731e+03
   4.300e+01    6.2106825e+05  3.1257167e+03
   2.100e+01    4.5798150e+05  2.2919136e+03
