#   ncyc_cp         Intensity      Esd(Int.)
   0.000e+00    1.0005936e+06  5.0000000e+03
   1.000e+00    8.9047618e+04  4.4576842e+02
   2.000e+00    9.6389845e+04  4.8021962e+02
   3.000e+00    1.0348371e+05  5.1721811e+02
   4.000e+00    1.1200746e+05  5.5794950e+02
   5.000e+00    1.2032041e+05  6.0297781e+02
   6.000e+00    1.3014554e+05  6.5180880e+02
   7.000e+00    1.4116721e+05  7.0508847e+02
   8.000e+00    1.5317165e+05  7.6409553e+02
   9.000e+00    1.6606864e+05  8.2975136e+02
   1.000e+01    1.8164340e+05  9.0223420e+02
   1.100e+01    1.9599234e+05  9.8102012e+02
   1.200e+01    2.1294684e+05  1.0652258e+03
   1.300e+01    2.3072327e+05  1.1536314e+03
   1.400e+01    2.4910461e+05  1.2450817e+03
   1.500e+01    2.6765746e+05  1.3382873e+03
   1.600e+01    2.8541648e+05  1.4322395e+03
   1.700e+01    3.0444554e+05  1.5258589e+03
   1.800e+01    3.2621088e+05  1.6184284e+03
   1.900e+01    3.4457919e+05  1.7091564e+03
   2.000e+01    3.5972710e+05  1.7976219e+03
   2.100e+01    3.7637677e+05  1.8833014e+03
   2.200e+01    3.8996758e+05  1.9660162e+03
   2.300e+01    4.0872864e+05  2.0454540e+03
   2.400e+01    4.2349421e+05  2.1216103e+03
   2.500e+01    4.4036047e+05  2.1943236e+03
   2.600e+01    4.5159919e+05  2.2637025e+03
   2.700e+01    4.6789350e+05  2.3296848e+03
   2.800e+01    4.7920909e+05  2.3924452e+03
   2.900e+01    4.9116038e+05  2.4519822e+03
   3.000e+01    5.0146659e+05  2.5085035e+03
   3.100e+01    5.1390144e+05  2.5620414e+03
   3.200e+01    5.1897207e+05  2.6128147e+03
   3.300e+01    5.3108680e+05  2.6608721e+03
   3.400e+01    5.4246321e+05  2.7064299e+03
   3.500e+01    5.4502201e+05  2.7495424e+03
   3.600e+01    5.6387631e+05  2.7904155e+03
   3.700e+01    5.6633556e+05  2.8291025e+03
   3.800e+01    5.7095518e+05  2.8657950e+03
   3.900e+01    5.8346515e+05  2.9005421e+03
   4.000e+01    5.8672182e+05  2.9335194e+03
   3.600e+01    5.5484577e+05  2.7904155e+03
   3.500e+01    5.5385535e+05  2.7495424e+03
   1.000e+01    1.8085813e+05  9.0223420e+02
