#   ncyc_cp         Intensity      Esd(Int.)
   0.000e+00    1.0036304e+06  5.0000000e+03
   1.000e+00    3.5701569e+05  1.7753986e+03
   2.000e+00    3.7330065e+05  1.8831365e+03
   3.000e+00    4.1022875e+05  2.0407596e+03
   4.000e+00    4.5645333e+05  2.2633153e+03
   5.000e+00    5.0029730e+05  2.5013278e+03
   6.000e+00    5.4302647e+05  2.7154483e+03
   7.000e+00    5.8740456e+05  2.8939571e+03
   8.000e+00    6.0547518e+05  3.0382379e+03
   9.000e+00    6.2760877e+05  3.1537233e+03
   1.000e+01    6.4208565e+05  3.2462133e+03
   1.100e+01    6.6370026e+05  3.3207024e+03
   1.200e+01    6.7273458e+05  3.3811715e+03
   1.300e+01    6.8800801e+05  3.4306963e+03
   1.400e+01    6.9755747e+05  3.4716261e+03
   1.500e+01    6.9960756e+05  3.5057531e+03
   1.600e+01    7.0999874e+05  3.5344497e+03
   1.700e+01    7.1226739e+05  3.5587731e+03
   1.800e+01    7.1817923e+05  3.5795443e+03
   1.900e+01    7.1237002e+05  3.5974060e+03
   2.000e+01    7.2557361e+05  3.6128656e+03
   2.100e+01    7.2397565e+05  3.6263271e+03
   2.200e+01    7.2640404e+05  3.6381145e+03
   2.300e+01    7.3413191e+05  3.6484901e+03
   2.400e+01    7.2799737e+05  3.6576675e+03
   2.500e+01    7.3647471e+05  3.6658219e+03
   2.600e+01    7.3611454e+05  3.6730981e+03
   2.700e+01    7.3918424e+05  3.6796165e+03
   2.800e+01    7.3449297e+05  3.6854778e+03
   2.900e+01    7.4448838e+05  3.6907666e+03
   3.000e+01    7.4404027e+05  3.6955544e+03
   3.100e+01    7.3999199e+05  3.6999022e+03
   3.200e+01    7.4072727e+05  3.7038619e+03
   3.300e+01    7.3720833e+05  3.7074780e+03
   3.400e+01    7.4174898e+05  3.7107890e+03
   3.500e+01    7.4377814e+05  3.7138280e+03
   3.600e+01    7.4216103e+05  3.7166239e+03
   3.700e+01    7.4446509e+05  3.7192018e+03
   3.800e+01    7.5081493e+05  3.7215838e+03
   3.900e+01    7.4222559e+05  3.7237891e+03
   4.000e+01    7.4459133e+05  3.7258347e+03
   3.600e+01    7.5069714e+05  3.7166239e+03
   3.100e+01    7.3960841e+05  3.6999022e+03
   6.000e+00    5.4115720e+05  2.7154483e+03
