#   ncyc_cp         Intensity      Esd(Int.)
   0.000e+00    1.0014123e+06  5.0000000e+03
   1.000e+00    5.7985555e+04  2.8843347e+02
   3.000e+00    6.0268944e+04  3.0102303e+02
   5.000e+00    6.2848598e+04  3.1416877e+02
   7.000e+00    6.5833474e+04  3.2819935e+02
   9.000e+00    6.8176282e+04  3.4136418e+02
   1.100e+01    7.1165948e+04  3.5627821e+02
   1.300e+01    7.4816170e+04  3.7236713e+02
   1.500e+01    7.7664832e+04  3.8701962e+02
   1.700e+01    7.9709733e+04  4.0192138e+02
   1.900e+01    8.4540870e+04  4.2083680e+02
   2.100e+01    8.9363211e+04  4.4666328e+02
   2.300e+01    9.6721365e+04  4.8078220e+02
   2.500e+01    1.0450895e+05  5.2345975e+02
   2.700e+01    1.1474960e+05  5.7431191e+02
   2.900e+01    1.2695746e+05  6.3260149e+02
   3.100e+01    1.3954975e+05  6.9740409e+02
   3.300e+01    1.5302261e+05  7.6770471e+02
   3.500e+01    1.6875792e+05  8.4246125e+02
   3.700e+01    1.8678200e+05  9.2065033e+02
   3.900e+01    1.9901624e+05  1.0013012e+03
   4.100e+01    2.1918189e+05  1.0835194e+03
   4.300e+01    2.3296025e+05  1.1665025e+03
   4.500e+01    2.5031161e+05  1.2495470e+03
   4.700e+01    2.6806686e+05  1.3320501e+03
   4.900e+01    2.8085933e+05  1.4135068e+03
   5.100e+01    2.9876641e+05  1.4935036e+03
   5.300e+01    3.1313262e+05  1.5717105e+03
   5.500e+01    3.2774357e+05  1.6478714e+03
   5.700e+01    3.4474061e+05  1.7217955e+03
   5.900e+01    3.5764142e+05  1.7933473e+03
   6.100e+01    3.7371943e+05  1.8624388e+03
   6.300e+01    3.8789411e+05  1.9290210e+03
   6.500e+01    3.9469549e+05  1.9930772e+03
   6.700e+01    4.1287585e+05  2.0546171e+03
   6.900e+01    4.2099626e+05  2.1136709e+03
   7.100e+01    4.3803621e+05  2.1702855e+03
   7.300e+01    4.4460020e+05  2.2245201e+03
   7.500e+01    4.5228326e+05  2.2764433e+03
   7.700e+01    4.6337429e+05  2.3261302e+03
   7.900e+01    4.7473191e+05  2.3736608e+03
   2.700e+01    1.1466150e+05  5.7431191e+02
   6.500e+01    3.9829652e+05  1.9930772e+03
   7.300e+01    4.4592447e+05  2.2245201e+03
