#   ncyc_cp         Intensity      Esd(Int.)
   0.000e+00    1.0013006e+06  5.0000000e+03
   1.000e+00    4.5464300e+05  2.2822491e+03
   2.000e+00    4.6913599e+05  2.3452755e+03
   3.000e+00    4.8358457e+05  2.4103164e+03
   4.000e+00    4.9539156e+05  2.4768864e+03
   5.000e+00    5.1006634e+05  2.5442457e+03
   6.000e+00    5.2286271e+05  2.6121639e+03
   7.000e+00    5.3714873e+05  2.6803494e+03
   8.000e+00    5.5299960e+05  2.7481623e+03
   9.000e+00    5.5729078e+05  2.8147392e+03
   1.000e+01    5.7789397e+05  2.8792295e+03
   1.100e+01    5.8726744e+05  2.9409143e+03
   1.200e+01    5.9700319e+05  2.9992905e+03
   1.300e+01    6.0853192e+05  3.0540420e+03
   1.400e+01    6.2345005e+05  3.1050418e+03
   1.500e+01    6.2449103e+05  3.1522831e+03
   1.600e+01    6.3808109e+05  3.1958728e+03
   1.700e+01    6.4648517e+05  3.2359690e+03
   1.800e+01    6.5147107e+05  3.2727846e+03
   1.900e+01    6.6897086e+05  3.3065394e+03
   2.000e+01    6.7112113e+05  3.3374738e+03
   2.100e+01    6.7371813e+05  3.3658132e+03
   2.200e+01    6.8108632e+05  3.3917858e+03
   2.300e+01    6.8806583e+05  3.4155967e+03
   2.400e+01    6.8445795e+05  3.4374467e+03
   2.500e+01    6.9246097e+05  3.4575114e+03
   2.600e+01    6.9713939e+05  3.4759604e+03
   2.700e+01    7.0310144e+05  3.4929397e+03
   2.800e+01    6.9606097e+05  3.5085894e+03
   2.900e+01    7.0215373e+05  3.5230288e+03
   3.000e+01    7.0509804e+05  3.5363724e+03
   3.100e+01    7.1049107e+05  3.5487168e+03
   3.200e+01    7.1297398e+05  3.5601554e+03
   3.300e+01    7.1628647e+05  3.5707661e+03
   3.400e+01    7.2173308e+05  3.5806247e+03
   3.500e+01    7.1451461e+05  3.5897942e+03
   3.600e+01    7.1625856e+05  3.5983364e+03
   3.700e+01    7.1408724e+05  3.6063021e+03
   3.800e+01    7.2543862e+05  3.6137419e+03
   3.900e+01    7.2705242e+05  3.6206970e+03
   4.000e+01    7.2606930e+05  3.6272089e+03
   4.000e+01    7.3209805e+05  3.6272089e+03
   1.300e+01    6.1320267e+05  3.0540420e+03
   3.700e+01    7.2108446e+05  3.6063021e+03
