#   ncyc_cp         Intensity      Esd(Int.)
   0.000e+00    1.0060932e+06  5.0000000e+03
   1.000e+00    4.6272434e+04  2.3054127e+02
   3.000e+00    4.8660895e+04  2.4283720e+02
   5.000e+00    5.1397447e+04  2.5584512e+02
   7.000e+00    5.3637037e+04  2.6952967e+02
   9.000e+00    5.6590969e+04  2.8298551e+02
   1.100e+01    5.9681882e+04  2.9852942e+02
   1.300e+01    6.2755381e+04  3.1442911e+02
   1.500e+01    6.5756789e+04  3.2977903e+02
   1.700e+01    6.9455237e+04  3.4735229e+02
   1.900e+01    7.3936872e+04  3.7052339e+02
   2.100e+01    8.0679901e+04  4.0141120e+02
   2.300e+01    8.7305150e+04  4.4084449e+02
   2.500e+01    9.7244963e+04  4.8880911e+02
   2.700e+01    1.0915287e+05  5.4480058e+02
   2.900e+01    1.2083527e+05  6.0802978e+02
   3.100e+01    1.3630117e+05  6.7754262e+02
   3.300e+01    1.4940233e+05  7.5229974e+02
   3.500e+01    1.6719441e+05  8.3123662e+02
   3.700e+01    1.8270568e+05  9.1331078e+02
   3.900e+01    1.9766649e+05  9.9753772e+02
   4.100e+01    2.1565480e+05  1.0830160e+03
   4.300e+01    2.3445637e+05  1.1689428e+03
   4.500e+01    2.4989436e+05  1.2546205e+03
   4.700e+01    2.6734280e+05  1.3394578e+03
   4.900e+01    2.8368173e+05  1.4229649e+03
   5.100e+01    2.9743043e+05  1.5047465e+03
   5.300e+01    3.1614810e+05  1.5844924e+03
   5.500e+01    3.2753399e+05  1.6619673e+03
   5.700e+01    3.4859045e+05  1.7370010e+03
   5.900e+01    3.6342678e+05  1.8094784e+03
   6.100e+01    3.7585592e+05  1.8793305e+03
   6.300e+01    3.9033564e+05  1.9465269e+03
   6.500e+01    4.0464754e+05  2.0110676e+03
   6.700e+01    4.1069218e+05  2.0729777e+03
   6.900e+01    4.2671373e+05  2.1323018e+03
   7.100e+01    4.3740211e+05  2.1890993e+03
   7.300e+01    4.4855449e+05  2.2434411e+03
   7.500e+01    4.5747786e+05  2.2954057e+03
   7.700e+01    4.6897174e+05  2.3450777e+03
   7.900e+01    4.8266188e+05  2.3925449e+03
   3.000e+00    4.8997201e+04  2.4283720e+02
   4.900e+01    2.8472149e+05  1.4229649e+03
   5.700e+01    3.4696411e+05  1.7370010e+03
