#   ncyc_cp         Intensity      Esd(Int.)
   0.000e+00    1.0023729e+06  5.0000000e+03
   1.000e+00    7.7900460e+04  3.8711687e+02
   2.000e+00    7.9492773e+04  3.9749106e+02
   3.000e+00    8.1777597e+04  4.0804976e+02
   4.000e+00    8.3581491e+04  4.1987108e+02
   5.000e+00    8.4772633e+04  4.2499038e+02
   6.000e+00    8.6999456e+04  4.3749390e+02
   7.000e+00    9.0804090e+04  4.5373790e+02
   8.000e+00    9.3056470e+04  4.6424569e+02
   9.000e+00    9.4455730e+04  4.7125429e+02
   1.000e+01    9.6104472e+04  4.8175748e+02
   1.100e+01    1.0020373e+05  5.0069719e+02
   1.200e+01    1.0622686e+05  5.3000477e+02
   1.300e+01    1.1496137e+05  5.6987284e+02
   1.400e+01    1.2430954e+05  6.1952113e+02
   1.500e+01    1.3607555e+05  6.7783130e+02
   1.600e+01    1.4834134e+05  7.4360253e+02
   1.700e+01    1.6257939e+05  8.1542769e+02
   1.800e+01    1.7784050e+05  8.9222231e+02
   1.900e+01    1.9508064e+05  9.7255339e+02
   2.000e+01    2.1015899e+05  1.0556034e+03
   2.100e+01    2.2667748e+05  1.1400467e+03
   2.200e+01    2.4497333e+05  1.2253751e+03
   2.300e+01    2.6258299e+05  1.3104392e+03
   2.400e+01    2.8023151e+05  1.3950221e+03
   2.500e+01    2.9771120e+05  1.4781672e+03
   2.600e+01    3.0925344e+05  1.5598968e+03
   2.700e+01    3.2898184e+05  1.6394323e+03
   2.800e+01    3.4419804e+05  1.7169736e+03
   2.900e+01    3.5909867e+05  1.7918902e+03
   3.000e+01    3.7085175e+05  1.8645027e+03
   3.100e+01    3.8930314e+05  1.9342974e+03
   3.200e+01    4.0242264e+05  2.0016684e+03
   3.300e+01    4.0832343e+05  2.0661913e+03
   3.400e+01    4.2122919e+05  2.1282986e+03
   3.500e+01    4.3850655e+05  2.1876328e+03
   3.600e+01    4.4897602e+05  2.2446398e+03
   3.700e+01    4.5937069e+05  2.2990120e+03
   3.800e+01    4.7168925e+05  2.3511921e+03
   3.900e+01    4.8413431e+05  2.4009101e+03
   4.000e+01    4.9253867e+05  2.4485947e+03
   1.500e+01    1.3565245e+05  6.7783130e+02
   6.000e+00    8.7552044e+04  4.3749390e+02
   2.900e+01    3.5984334e+05  1.7918902e+03
