#   ncyc_cp         Intensity      Esd(Int.)
   0.000e+00    9.9407220e+05  5.0000000e+03
   1.000e+00    3.4785147e+05  1.7503252e+03
   2.000e+00    3.5267603e+05  1.7685499e+03
   3.000e+00    3.5521840e+05  1.7662731e+03
   4.000e+00    3.5653483e+05  1.7901490e+03
   5.000e+00    3.6925785e+05  1.8361673e+03
   6.000e+00    3.9295809e+05  1.9549382e+03
   7.000e+00    4.2496840e+05  2.1175404e+03
   8.000e+00    4.5820758e+05  2.2902843e+03
   9.000e+00    4.9100936e+05  2.4561633e+03
   1.000e+01    5.1775679e+05  2.6067008e+03
   1.100e+01    5.4574228e+05  2.7397837e+03
   1.200e+01    5.7194708e+05  2.8557216e+03
   1.300e+01    5.8780299e+05  2.9560087e+03
   1.400e+01    6.0895663e+05  3.0426574e+03
   1.500e+01    6.2431029e+05  3.1174430e+03
   1.600e+01    6.3468640e+05  3.1822499e+03
   1.700e+01    6.5098185e+05  3.2384526e+03
   1.800e+01    6.5908376e+05  3.2874946e+03
   1.900e+01    6.6695449e+05  3.3303321e+03
   2.000e+01    6.7155512e+05  3.3680154e+03
   2.100e+01    6.8249646e+05  3.4011871e+03
   2.200e+01    6.8768675e+05  3.4306055e+03
   2.300e+01    6.8605414e+05  3.4566979e+03
   2.400e+01    6.9482810e+05  3.4800169e+03
   2.500e+01    6.9750933e+05  3.5008458e+03
   2.600e+01    7.0033719e+05  3.5195937e+03
   2.700e+01    7.0846148e+05  3.5364483e+03
   2.800e+01    7.0769319e+05  3.5517180e+03
   2.900e+01    7.0971674e+05  3.5655266e+03
   3.000e+01    7.1161179e+05  3.5781110e+03
   3.100e+01    7.1912878e+05  3.5895520e+03
   3.200e+01    7.1812213e+05  3.6000351e+03
   3.300e+01    7.2857542e+05  3.6096117e+03
   3.400e+01    7.2393654e+05  3.6184296e+03
   3.500e+01    7.3172422e+05  3.6265202e+03
   3.600e+01    7.2556613e+05  3.6340033e+03
   3.700e+01    7.2763344e+05  3.6408965e+03
   3.800e+01    7.3369861e+05  3.6472981e+03
   3.900e+01    7.2492211e+05  3.6532164e+03
   4.000e+01    7.3278750e+05  3.6587333e+03
   2.100e+01    6.8337461e+05  3.4011871e+03
   6.000e+00    3.9107728e+05  1.9549382e+03
   3.000e+00    3.5193080e+05  1.7662731e+03
