#   ncyc_cp         Intensity      Esd(Int.)
   0.000e+00    1.0009665e+06  5.0000000e+03
   1.000e+00    4.9602416e+04  2.4683705e+02
   3.000e+00    5.2566701e+04  2.6455207e+02
   5.000e+00    5.6214081e+04  2.8368486e+02
   7.000e+00    6.0635801e+04  3.0316698e+02
   9.000e+00    6.5076857e+04  3.2541651e+02
   1.100e+01    6.9941531e+04  3.4905249e+02
   1.300e+01    7.4710971e+04  3.7453633e+02
   1.500e+01    8.1192747e+04  4.0678260e+02
   1.700e+01    9.0064589e+04  4.4978155e+02
   1.900e+01    1.0099984e+05  5.0504704e+02
   2.100e+01    1.1449601e+05  5.7234104e+02
   2.300e+01    1.3041204e+05  6.5046107e+02
   2.500e+01    1.4771358e+05  7.3771405e+02
   2.700e+01    1.6684434e+05  8.3219487e+02
   2.900e+01    1.8704225e+05  9.3196797e+02
   3.100e+01    2.0749613e+05  1.0351919e+03
   3.300e+01    2.2805806e+05  1.1402004e+03
   3.500e+01    2.4770351e+05  1.2455482e+03
   3.700e+01    2.7104046e+05  1.3500276e+03
   3.900e+01    2.8973246e+05  1.4526658e+03
   4.100e+01    3.1088015e+05  1.5527072e+03
   4.300e+01    3.2933224e+05  1.6495895e+03
   4.500e+01    3.4816964e+05  1.7429158e+03
   4.700e+01    3.6921692e+05  1.8324273e+03
   4.900e+01    3.8686487e+05  1.9179775e+03
   5.100e+01    4.0026395e+05  1.9995088e+03
   5.300e+01    4.1397288e+05  2.0770329e+03
   5.500e+01    4.3122914e+05  2.1506138e+03
   5.700e+01    4.4166824e+05  2.2203542e+03
   5.900e+01    4.5918942e+05  2.2863839e+03
   6.100e+01    4.6782275e+05  2.3488515e+03
   6.300e+01    4.7726601e+05  2.4079170e+03
   6.500e+01    4.9549946e+05  2.4637464e+03
   6.700e+01    5.0584843e+05  2.5165077e+03
   6.900e+01    5.1354184e+05  2.5663677e+03
   7.100e+01    5.2421518e+05  2.6134898e+03
   7.300e+01    5.3156055e+05  2.6580324e+03
   7.500e+01    5.3903490e+05  2.7001478e+03
   7.700e+01    5.4424071e+05  2.7399816e+03
   7.900e+01    5.5587420e+05  2.7776719e+03
   7.700e+01    5.4951423e+05  2.7399816e+03
   3.700e+01    2.6995155e+05  1.3500276e+03
   1.100e+01    7.0177184e+04  3.4905249e+02
