#   ncyc_cp         Intensity      Esd(Int.)
   0.000e+00    1.0010148e+06  5.0000000e+03
   1.000e+00    9.4243094e+04  4.7376311e+02
   2.000e+00    9.7288873e+04  4.8356794e+02
   3.000e+00    9.8240538e+04  4.9235730e+02
   4.000e+00    1.0100150e+05  5.0449643e+02
   5.000e+00    1.0056025e+05  5.0396459e+02
   6.000e+00    1.0400396e+05  5.1946476e+02
   7.000e+00    1.0600605e+05  5.2754848e+02
   8.000e+00    1.0532943e+05  5.2534809e+02
   9.000e+00    1.0601632e+05  5.2766412e+02
   1.000e+01    1.0979411e+05  5.4414003e+02
   1.100e+01    1.1465010e+05  5.7725214e+02
   1.200e+01    1.2465846e+05  6.2604722e+02
   1.300e+01    1.3836330e+05  6.8843755e+02
   1.400e+01    1.5234141e+05  7.6207614e+02
   1.500e+01    1.6818593e+05  8.4464478e+02
   1.600e+01    1.8716298e+05  9.3396007e+02
   1.700e+01    2.0500972e+05  1.0280281e+03
   1.800e+01    2.2577012e+05  1.1250785e+03
   1.900e+01    2.4470722e+05  1.2235822e+03
   2.000e+01    2.6564498e+05  1.3222544e+03
   2.100e+01    2.8405380e+05  1.4200450e+03
   2.200e+01    3.0298271e+05  1.5161197e+03
   2.300e+01    3.2379601e+05  1.6098365e+03
   2.400e+01    3.3897586e+05  1.7007192e+03
   2.500e+01    3.5376722e+05  1.7884318e+03
   2.600e+01    3.7232615e+05  1.8727535e+03
   2.700e+01    3.8882793e+05  1.9535570e+03
   2.800e+01    4.0640238e+05  2.0307893e+03
   2.900e+01    4.2176215e+05  2.1044553e+03
   3.000e+01    4.3390766e+05  2.1746036e+03
   3.100e+01    4.4536183e+05  2.2413161e+03
   3.200e+01    4.6034278e+05  2.3046982e+03
   3.300e+01    4.7349873e+05  2.3648717e+03
   3.400e+01    4.8182437e+05  2.4219690e+03
   3.500e+01    4.9628669e+05  2.4761287e+03
   3.600e+01    5.0974003e+05  2.5274919e+03
   3.700e+01    5.1483598e+05  2.5762000e+03
   3.800e+01    5.2027042e+05  2.6223920e+03
   3.900e+01    5.3908158e+05  2.6662036e+03
   4.000e+01    5.4413649e+05  2.7077663e+03
   2.900e+01    4.2071910e+05  2.1044553e+03
   2.300e+01    3.2250727e+05  1.6098365e+03
   2.000e+00    9.7068092e+04  4.8356794e+02
