#   ncyc_cp         Intensity      Esd(Int.)
   0.000e+00    1.0042384e+06  5.0000000e+03
   1.000e+00    1.7464899e+05  8.7063682e+02
   2.000e+00    1.8578292e+05  9.2128926e+02
   3.000e+00    1.9636718e+05  9.7458541e+02
   4.000e+00    2.0642369e+05  1.0328356e+03
   5.000e+00    2.1940352e+05  1.0957821e+03
   6.000e+00    2.3310950e+05  1.1667456e+03
   7.000e+00    2.4766189e+05  1.2499175e+03
   8.000e+00    2.6886806e+05  1.3460206e+03
   9.000e+00    2.9296491e+05  1.4528436e+03
   1.000e+01    3.1347214e+05  1.5669321e+03
   1.100e+01    3.3559019e+05  1.6847333e+03
   1.200e+01    3.5962387e+05  1.8031454e+03
   1.300e+01    3.8426530e+05  1.9197080e+03
   1.400e+01    4.0487685e+05  2.0326093e+03
   1.500e+01    4.2923976e+05  2.1406111e+03
   1.600e+01    4.5066917e+05  2.2429447e+03
   1.700e+01    4.7090254e+05  2.3392059e+03
   1.800e+01    4.8547045e+05  2.4292609e+03
   1.900e+01    5.0227655e+05  2.5131687e+03
   2.000e+01    5.1863441e+05  2.5911195e+03
   2.100e+01    5.2666000e+05  2.6633876e+03
   2.200e+01    5.4801110e+05  2.7302967e+03
   2.300e+01    5.6087652e+05  2.7921950e+03
   2.400e+01    5.6579406e+05  2.8494376e+03
   2.500e+01    5.8003658e+05  2.9023743e+03
   2.600e+01    5.9155588e+05  2.9513425e+03
   2.700e+01    5.9526291e+05  2.9966616e+03
   2.800e+01    6.0887893e+05  3.0386312e+03
   2.900e+01    6.1814569e+05  3.0775296e+03
   3.000e+01    6.2611275e+05  3.1136135e+03
   3.100e+01    6.2968884e+05  3.1471188e+03
   3.200e+01    6.3901310e+05  3.1782616e+03
   3.300e+01    6.4365183e+05  3.2072391e+03
   3.400e+01    6.5019345e+05  3.2342312e+03
   3.500e+01    6.5101113e+05  3.2594017e+03
   3.600e+01    6.5727475e+05  3.2828994e+03
   3.700e+01    6.6195782e+05  3.3048599e+03
   3.800e+01    6.6183848e+05  3.3254065e+03
   3.900e+01    6.7100175e+05  3.3446513e+03
   4.000e+01    6.6676579e+05  3.3626963e+03
   3.400e+01    6.4548179e+05  3.2342312e+03
   2.700e+01    5.9443066e+05  2.9966616e+03
   2.100e+01    5.2996707e+05  2.6633876e+03
