#   ncyc_cp         Intensity      Esd(Int.)
   0.000e+00    9.9661008e+05  5.0000000e+03
   1.000e+00    1.7540302e+05  8.7858857e+02
   2.000e+00    1.8827948e+05  9.3679214e+02
   3.000e+00    1.9868794e+05  1.0051867e+03
   4.000e+00    2.1630749e+05  1.0857583e+03
   5.000e+00    2.3470014e+05  1.1735449e+03
   6.000e+00    2.5391644e+05  1.2787982e+03
   7.000e+00    2.7916795e+05  1.4038589e+03
   8.000e+00    3.1030632e+05  1.5435120e+03
   9.000e+00    3.3773575e+05  1.6905228e+03
   1.000e+01    3.6617270e+05  1.8385873e+03
   1.100e+01    3.9076941e+05  1.9828895e+03
   1.200e+01    4.2260981e+05  2.1203867e+03
   1.300e+01    4.4903766e+05  2.2491641e+03
   1.400e+01    4.7205906e+05  2.3684600e+03
   1.500e+01    4.9113894e+05  2.4779891e+03
   1.600e+01    5.1890592e+05  2.5780784e+03
   1.700e+01    5.3228356e+05  2.6691337e+03
   1.800e+01    5.4964970e+05  2.7518665e+03
   1.900e+01    5.6241913e+05  2.8268855e+03
   2.000e+01    5.7705874e+05  2.8949572e+03
   2.100e+01    5.8376619e+05  2.9566819e+03
   2.200e+01    6.0302411e+05  3.0127520e+03
   2.300e+01    6.1349561e+05  3.0636855e+03
   2.400e+01    6.2450119e+05  3.1100651e+03
   2.500e+01    6.2803373e+05  3.1523118e+03
   2.600e+01    6.4146273e+05  3.1909005e+03
   2.700e+01    6.4870622e+05  3.2261637e+03
   2.800e+01    6.5259613e+05  3.2584832e+03
   2.900e+01    6.5668739e+05  3.2881180e+03
   3.000e+01    6.6665311e+05  3.3153736e+03
   3.100e+01    6.6796656e+05  3.3404506e+03
   3.200e+01    6.6936510e+05  3.3635939e+03
   3.300e+01    6.7711043e+05  3.3849583e+03
   3.400e+01    6.8068103e+05  3.4047411e+03
   3.500e+01    6.8454529e+05  3.4230619e+03
   3.600e+01    6.8490912e+05  3.4400806e+03
   3.700e+01    6.9313453e+05  3.4558896e+03
   3.800e+01    6.9078804e+05  3.4706195e+03
   3.900e+01    6.9617381e+05  3.4843419e+03
   4.000e+01    6.9583564e+05  3.4971641e+03
   3.600e+01    6.8704068e+05  3.4400806e+03
   2.100e+01    5.9299509e+05  2.9566819e+03
   3.100e+01    6.6252242e+05  3.3404506e+03
