#   ncyc_cp         Intensity      Esd(Int.)
   0.000e+00    9.9868080e+05  5.0000000e+03
   1.000e+00    4.3223362e+05  2.1612128e+03
   2.000e+00    4.6590212e+05  2.3275967e+03
   3.000e+00    5.0345550e+05  2.5362659e+03
   4.000e+00    5.5204281e+05  2.7614983e+03
   5.000e+00    5.9651250e+05  2.9604452e+03
   6.000e+00    6.2435935e+05  3.1199433e+03
   7.000e+00    6.4525405e+05  3.2433415e+03
   8.000e+00    6.6986304e+05  3.3380805e+03
   9.000e+00    6.8266826e+05  3.4111659e+03
   1.000e+01    6.9432847e+05  3.4681228e+03
   1.100e+01    7.0587123e+05  3.5130538e+03
   1.200e+01    7.1388754e+05  3.5489469e+03
   1.300e+01    7.1898478e+05  3.5779731e+03
   1.400e+01    7.1397728e+05  3.6017189e+03
   1.500e+01    7.2764334e+05  3.6213547e+03
   1.600e+01    7.3096546e+05  3.6377537e+03
   1.700e+01    7.3216999e+05  3.6515749e+03
   1.800e+01    7.3398085e+05  3.6633213e+03
   1.900e+01    7.3134664e+05  3.6733814e+03
   2.000e+01    7.3312567e+05  3.6820584e+03
   2.100e+01    7.3246445e+05  3.6895914e+03
   2.200e+01    7.3817964e+05  3.6961705e+03
   2.300e+01    7.3981215e+05  3.7019485e+03
   2.400e+01    7.4160630e+05  3.7070490e+03
   2.500e+01    7.4019451e+05  3.7115731e+03
   2.600e+01    7.4235400e+05  3.7156037e+03
   2.700e+01    7.3693417e+05  3.7192096e+03
   2.800e+01    7.4577462e+05  3.7224479e+03
   2.900e+01    7.4075813e+05  3.7253667e+03
   3.000e+01    7.4643774e+05  3.7280065e+03
   3.100e+01    7.4304340e+05  3.7304014e+03
   3.200e+01    7.4365118e+05  3.7325808e+03
   3.300e+01    7.5002721e+05  3.7345697e+03
   3.400e+01    7.5009358e+05  3.7363895e+03
   3.500e+01    7.4288308e+05  3.7380588e+03
   3.600e+01    7.4989058e+05  3.7395937e+03
   3.700e+01    7.4407926e+05  3.7410082e+03
   3.800e+01    7.4997582e+05  3.7423147e+03
   3.900e+01    7.4580526e+05  3.7435237e+03
   4.000e+01    7.4886631e+05  3.7446447e+03
   1.800e+01    7.2942798e+05  3.6633213e+03
   3.200e+01    7.3663968e+05  3.7325808e+03
   1.900e+01    7.3591900e+05  3.6733814e+03
