#   ncyc_cp         Intensity      Esd(Int.)
   0.000e+00    1.0015866e+06  5.0000000e+03
   1.000e+00    8.5292096e+04  4.2565208e+02
   2.000e+00    8.8344427e+04  4.3633612e+02
   3.000e+00    8.9755572e+04  4.4694295e+02
   4.000e+00    9.2896375e+04  4.5987454e+02
   5.000e+00    9.3283685e+04  4.6688329e+02
   6.000e+00    9.5595319e+04  4.7894726e+02
   7.000e+00    9.9100483e+04  4.9286122e+02
   8.000e+00    1.0032889e+05  5.0033503e+02
   9.000e+00    1.0109713e+05  5.0500844e+02
   1.000e+01    1.0355661e+05  5.1440210e+02
   1.100e+01    1.0639219e+05  5.3333167e+02
   1.200e+01    1.1261721e+05  5.6347286e+02
   1.300e+01    1.2168248e+05  6.0468182e+02
   1.400e+01    1.3149036e+05  6.5599445e+02
   1.500e+01    1.4346664e+05  7.1612592e+02
   1.600e+01    1.5648260e+05  7.8369026e+02
   1.700e+01    1.7175719e+05  8.5730062e+02
   1.800e+01    1.8733203e+05  9.3562343e+02
   1.900e+01    2.0324148e+05  1.0174131e+03
   2.000e+01    2.1980777e+05  1.1015353e+03
   2.100e+01    2.3563034e+05  1.1869812e+03
   2.200e+01    2.5532414e+05  1.2728735e+03
   2.300e+01    2.6910450e+05  1.3584658e+03
   2.400e+01    2.8870788e+05  1.4431370e+03
   2.500e+01    3.0323507e+05  1.5263819e+03
   2.600e+01    3.1982865e+05  1.6077998e+03
   2.700e+01    3.3729107e+05  1.6870822e+03
   2.800e+01    3.5154671e+05  1.7640001e+03
   2.900e+01    3.6964173e+05  1.8383924e+03
   3.000e+01    3.8080108e+05  1.9101547e+03
   3.100e+01    3.9697191e+05  1.9792294e+03
   3.200e+01    4.1183980e+05  2.0455971e+03
   3.300e+01    4.2518414e+05  2.1092684e+03
   3.400e+01    4.3269451e+05  2.1702786e+03
   3.500e+01    4.4337164e+05  2.2286808e+03
   3.600e+01    4.5450685e+05  2.2845428e+03
   3.700e+01    4.6558142e+05  2.3379421e+03
   3.800e+01    4.7532892e+05  2.3889636e+03
   3.900e+01    4.8197575e+05  2.4376969e+03
   4.000e+01    4.9705279e+05  2.4842342e+03
   5.000e+00    9.3548876e+04  4.6688329e+02
   3.000e+01    3.8323729e+05  1.9101547e+03
   2.700e+01    3.4191396e+05  1.6870822e+03
