#   ncyc_cp         Intensity      Esd(Int.)
   0.000e+00    1.0058289e+06  5.0000000e+03
   1.000e+00    4.2283865e+05  2.1177050e+03
   2.000e+00    4.2279689e+05  2.1251045e+03
   3.000e+00    4.3289348e+05  2.1628707e+03
   4.000e+00    4.3601084e+05  2.1932179e+03
   5.000e+00    4.5811201e+05  2.2860946e+03
   6.000e+00    4.8551179e+05  2.4336563e+03
   7.000e+00    5.2016812e+05  2.5965192e+03
   8.000e+00    5.5018379e+05  2.7500154e+03
   9.000e+00    5.7917352e+05  2.8859600e+03
   1.000e+01    5.9940635e+05  3.0023665e+03
   1.100e+01    6.1861392e+05  3.1008845e+03
   1.200e+01    6.3766600e+05  3.1838006e+03
   1.300e+01    6.5718230e+05  3.2536476e+03
   1.400e+01    6.6170279e+05  3.3126583e+03
   1.500e+01    6.7337223e+05  3.3627233e+03
   1.600e+01    6.8163798e+05  3.4054416e+03
   1.700e+01    6.9427078e+05  3.4420616e+03
   1.800e+01    6.9021927e+05  3.4736591e+03
   1.900e+01    7.0097924e+05  3.5010378e+03
   2.000e+01    7.0145769e+05  3.5249189e+03
   2.100e+01    7.0832031e+05  3.5458212e+03
   2.200e+01    7.1693119e+05  3.5642357e+03
   2.300e+01    7.1213368e+05  3.5805017e+03
   2.400e+01    7.2227169e+05  3.5949609e+03
   2.500e+01    7.1989448e+05  3.6078382e+03
   2.600e+01    7.2139863e+05  3.6193774e+03
   2.700e+01    7.2090720e+05  3.6297296e+03
   2.800e+01    7.2082633e+05  3.6390728e+03
   2.900e+01    7.2911221e+05  3.6475097e+03
   3.000e+01    7.3711886e+05  3.6551731e+03
   3.100e+01    7.3233314e+05  3.6621336e+03
   3.200e+01    7.3222038e+05  3.6684924e+03
   3.300e+01    7.3390641e+05  3.6742982e+03
   3.400e+01    7.3597283e+05  3.6796295e+03
   3.500e+01    7.4153668e+05  3.6845201e+03
   3.600e+01    7.3507262e+05  3.6890320e+03
   3.700e+01    7.3498505e+05  3.6931884e+03
   3.800e+01    7.3986801e+05  3.6970393e+03
   3.900e+01    7.3950097e+05  3.7006004e+03
   4.000e+01    7.3709588e+05  3.7039125e+03
   2.600e+01    7.2818219e+05  3.6193774e+03
   3.200e+01    7.3956085e+05  3.6684924e+03
   3.600e+01    7.3594017e+05  3.6890320e+03
