#   ncyc_cp         Intensity      Esd(Int.)
   0.000e+00    9.9668422e+05  5.0000000e+03
   1.000e+00    2.5994511e+05  1.2967733e+03
   2.000e+00    2.7209490e+05  1.3671526e+03
   3.000e+00    2.8977182e+05  1.4471868e+03
   4.000e+00    3.0913811e+05  1.5388791e+03
   5.000e+00    3.3109542e+05  1.6574272e+03
   6.000e+00    3.5837644e+05  1.8047440e+03
   7.000e+00    3.9541579e+05  1.9680031e+03
   8.000e+00    4.2718761e+05  2.1338502e+03
   9.000e+00    4.5766190e+05  2.2930958e+03
   1.000e+01    4.9124262e+05  2.4406483e+03
   1.100e+01    5.1523787e+05  2.5743395e+03
   1.200e+01    5.3742032e+05  2.6938101e+03
   1.300e+01    5.6491138e+05  2.7997048e+03
   1.400e+01    5.7595129e+05  2.8931550e+03
   1.500e+01    5.9255027e+05  2.9754707e+03
   1.600e+01    6.0584585e+05  3.0479686e+03
   1.700e+01    6.1940151e+05  3.1118849e+03
   1.800e+01    6.3331128e+05  3.1683365e+03
   1.900e+01    6.4168880e+05  3.2183097e+03
   2.000e+01    6.5767094e+05  3.2626637e+03
   2.100e+01    6.5994566e+05  3.3021407e+03
   2.200e+01    6.6827534e+05  3.3373789e+03
   2.300e+01    6.7090877e+05  3.3689254e+03
   2.400e+01    6.7289425e+05  3.3972496e+03
   2.500e+01    6.8705444e+05  3.4227535e+03
   2.600e+01    6.8900978e+05  3.4457826e+03
   2.700e+01    6.8801572e+05  3.4666337e+03
   2.800e+01    6.9240992e+05  3.4855627e+03
   2.900e+01    7.0508136e+05  3.5027908e+03
   3.000e+01    7.0027659e+05  3.5185093e+03
   3.100e+01    7.0937677e+05  3.5328844e+03
   3.200e+01    7.0900040e+05  3.5460609e+03
   3.300e+01    7.0882476e+05  3.5581650e+03
   3.400e+01    7.1493841e+05  3.5693074e+03
   3.500e+01    7.2880434e+05  3.5795852e+03
   3.600e+01    7.1637061e+05  3.5890837e+03
   3.700e+01    7.1627956e+05  3.5978782e+03
   3.800e+01    7.3196672e+05  3.6060356e+03
   3.900e+01    7.2288792e+05  3.6136148e+03
   4.000e+01    7.2489341e+05  3.6206684e+03
   3.500e+01    7.1399955e+05  3.5795852e+03
   3.800e+01    7.2278736e+05  3.6060356e+03
   2.000e+01    6.5584703e+05  3.2626637e+03
