#   ncyc_cp         Intensity      Esd(Int.)
   0.000e+00    1.0016932e+06  5.0000000e+03
   1.000e+00    1.7355206e+05  8.6490891e+02
   2.000e+00    1.7953121e+05  8.9740932e+02
   3.000e+00    1.8263602e+05  9.1212491e+02
   4.000e+00    1.9163250e+05  9.5992680e+02
   5.000e+00    1.9885704e+05  9.9492758e+02
   6.000e+00    2.1012829e+05  1.0509890e+03
   7.000e+00    2.3040719e+05  1.1475613e+03
   8.000e+00    2.5457846e+05  1.2774744e+03
   9.000e+00    2.8582482e+05  1.4276236e+03
   1.000e+01    3.1731684e+05  1.5866967e+03
   1.100e+01    3.4941283e+05  1.7461948e+03
   1.200e+01    3.8279925e+05  1.9007934e+03
   1.300e+01    4.0891093e+05  2.0469364e+03
   1.400e+01    4.3773675e+05  2.1831261e+03
   1.500e+01    4.6283477e+05  2.3084416e+03
   1.600e+01    4.8934952e+05  2.4231473e+03
   1.700e+01    5.0092002e+05  2.5274326e+03
   1.800e+01    5.2127504e+05  2.6221857e+03
   1.900e+01    5.3988753e+05  2.7079512e+03
   2.000e+01    5.5920084e+05  2.7857283e+03
   2.100e+01    5.7415502e+05  2.8560987e+03
   2.200e+01    5.9056790e+05  2.9199776e+03
   2.300e+01    5.9568180e+05  2.9778714e+03
   2.400e+01    6.0887344e+05  3.0305562e+03
   2.500e+01    6.1581526e+05  3.0784380e+03
   2.600e+01    6.2582447e+05  3.1221536e+03
   2.700e+01    6.3760228e+05  3.1620151e+03
   2.800e+01    6.4188926e+05  3.1985390e+03
   2.900e+01    6.4750741e+05  3.2319591e+03
   3.000e+01    6.4901802e+05  3.2626934e+03
   3.100e+01    6.6191518e+05  3.2909145e+03
   3.200e+01    6.6733598e+05  3.3169617e+03
   3.300e+01    6.6935916e+05  3.3409606e+03
   3.400e+01    6.6986190e+05  3.3631882e+03
   3.500e+01    6.8188211e+05  3.3837350e+03
   3.600e+01    6.8004448e+05  3.4028287e+03
   3.700e+01    6.7965235e+05  3.4205332e+03
   3.800e+01    6.9402400e+05  3.4370378e+03
   3.900e+01    6.9709348e+05  3.4523861e+03
   4.000e+01    7.0007236e+05  3.4667368e+03
   2.900e+01    6.4750504e+05  3.2319591e+03
   7.000e+00    2.2879919e+05  1.1475613e+03
   2.400e+01    6.0984497e+05  3.0305562e+03
