#   ncyc_cp         Intensity      Esd(Int.)
   0.000e+00    1.0041476e+06  5.0000000e+03
   1.000e+00    2.5044520e+05  1.2557216e+03
   3.000e+00    2.6376768e+05  1.3094624e+03
   5.000e+00    2.7214113e+05  1.3656193e+03
   7.000e+00    2.8413724e+05  1.4244456e+03
   9.000e+00    2.9649703e+05  1.4862951e+03
   1.100e+01    3.0904055e+05  1.5513029e+03
   1.300e+01    3.1917514e+05  1.6201077e+03
   1.500e+01    3.3949392e+05  1.6933343e+03
   1.700e+01    3.5295894e+05  1.7709384e+03
   1.900e+01    3.7015784e+05  1.8521612e+03
   2.100e+01    3.8556407e+05  1.9358072e+03
   2.300e+01    4.0110074e+05  2.0205375e+03
   2.500e+01    4.2184315e+05  2.1050749e+03
   2.700e+01    4.3658314e+05  2.1883146e+03
   2.900e+01    4.5603027e+05  2.2693687e+03
   3.100e+01    4.6785492e+05  2.3475689e+03
   3.300e+01    4.7980003e+05  2.4224469e+03
   3.500e+01    5.0414695e+05  2.4937058e+03
   3.700e+01    5.1300601e+05  2.5611877e+03
   3.900e+01    5.2517516e+05  2.6248441e+03
   4.100e+01    5.3947903e+05  2.6847088e+03
   4.300e+01    5.4655283e+05  2.7408758e+03
   4.500e+01    5.5913128e+05  2.7934808e+03
   4.700e+01    5.6586339e+05  2.8426873e+03
   4.900e+01    5.8348398e+05  2.8886747e+03
   5.100e+01    5.9107781e+05  2.9316306e+03
   5.300e+01    5.9494755e+05  2.9717444e+03
   5.500e+01    5.9830424e+05  3.0092029e+03
   5.700e+01    6.0512686e+05  3.0441871e+03
   5.900e+01    6.1395156e+05  3.0768705e+03
   6.100e+01    6.2592508e+05  3.1074173e+03
   6.300e+01    6.2773485e+05  3.1359824e+03
   6.500e+01    6.3554309e+05  3.1627105e+03
   6.700e+01    6.3490104e+05  3.1877367e+03
   6.900e+01    6.4082562e+05  3.2111862e+03
   7.100e+01    6.4482495e+05  3.2331753e+03
   7.300e+01    6.5142093e+05  3.2538111e+03
   7.500e+01    6.5313572e+05  3.2731927e+03
   7.700e+01    6.5367337e+05  3.2914115e+03
   7.900e+01    6.6257270e+05  3.3085516e+03
   1.300e+01    3.2522799e+05  1.6201077e+03
   9.000e+00    2.9712548e+05  1.4862951e+03
   3.300e+01    4.8842543e+05  2.4224469e+03
