#   ncyc_cp         Intensity      Esd(Int.)
   0.000e+00    9.9801649e+05  5.0000000e+03
   1.000e+00    6.1833226e+04  3.0958352e+02
   2.000e+00    6.6390418e+04  3.3029482e+02
   3.000e+00    7.0692000e+04  3.5203012e+02
   4.000e+00    7.5277625e+04  3.7490068e+02
   5.000e+00    8.0129483e+04  4.0061762e+02
   6.000e+00    8.4938186e+04  4.2717318e+02
   7.000e+00    9.1874941e+04  4.5810317e+02
   8.000e+00    1.0044087e+05  4.9864502e+02
   9.000e+00    1.1094376e+05  5.5160387e+02
   1.000e+01    1.2278849e+05  6.1736265e+02
   1.100e+01    1.3966689e+05  6.9487932e+02
   1.200e+01    1.5539237e+05  7.8240434e+02
   1.300e+01    1.7343372e+05  8.7789084e+02
   1.400e+01    1.9598102e+05  9.7923685e+02
   1.500e+01    2.1623004e+05  1.0844376e+03
   1.600e+01    2.4085306e+05  1.1916802e+03
   1.700e+01    2.5988586e+05  1.2993946e+03
   1.800e+01    2.7950226e+05  1.4062733e+03
   1.900e+01    3.0237311e+05  1.5112661e+03
   2.000e+01    3.2235784e+05  1.6135615e+03
   2.100e+01    3.4083596e+05  1.7125587e+03
   2.200e+01    3.5925996e+05  1.8078372e+03
   2.300e+01    3.8329147e+05  1.8991256e+03
   2.400e+01    4.0293138e+05  1.9862735e+03
   2.500e+01    4.1340225e+05  2.0692256e+03
   2.600e+01    4.2635601e+05  2.1480003e+03
   2.700e+01    4.4624177e+05  2.2226710e+03
   2.800e+01    4.5909830e+05  2.2933517e+03
   2.900e+01    4.7017072e+05  2.3601843e+03
   3.000e+01    4.9030141e+05  2.4233296e+03
   3.100e+01    4.9747199e+05  2.4829596e+03
   3.200e+01    5.0744775e+05  2.5392520e+03
   3.300e+01    5.1812078e+05  2.5923857e+03
   3.400e+01    5.3051569e+05  2.6425376e+03
   3.500e+01    5.3926019e+05  2.6898804e+03
   3.600e+01    5.4888105e+05  2.7345811e+03
   3.700e+01    5.5457400e+05  2.7767997e+03
   3.800e+01    5.6157472e+05  2.8166886e+03
   3.900e+01    5.7437549e+05  2.8543924e+03
   4.000e+01    5.8062324e+05  2.8900473e+03
   1.600e+01    2.4005447e+05  1.1916802e+03
   3.000e+00    7.0526078e+04  3.5203012e+02
   2.900e+01    4.6902581e+05  2.3601843e+03
