#   ncyc_cp         Intensity      Esd(Int.)
   0.000e+00    9.9634008e+05  5.0000000e+03
   1.000e+00    2.5569318e+05  1.2792947e+03
   2.000e+00    2.5772346e+05  1.2905505e+03
   3.000e+00    2.5944612e+05  1.3012347e+03
   4.000e+00    2.6136052e+05  1.3052496e+03
   5.000e+00    2.5729622e+05  1.2963966e+03
   6.000e+00    2.6311904e+05  1.3161241e+03
   7.000e+00    2.6539046e+05  1.3106778e+03
   8.000e+00    2.6057281e+05  1.3037944e+03
   9.000e+00    2.6241454e+05  1.3204905e+03
   1.000e+01    2.7057308e+05  1.3659602e+03
   1.100e+01    2.8747449e+05  1.4357102e+03
   1.200e+01    3.0205178e+05  1.5229547e+03
   1.300e+01    3.2509462e+05  1.6213733e+03
   1.400e+01    3.4267289e+05  1.7258366e+03
   1.500e+01    3.6957212e+05  1.8324455e+03
   1.600e+01    3.8853288e+05  1.9383672e+03
   1.700e+01    4.1078764e+05  2.0416305e+03
   1.800e+01    4.2842751e+05  2.1409321e+03
   1.900e+01    4.4337563e+05  2.2354710e+03
   2.000e+01    4.6496410e+05  2.3248139e+03
   2.100e+01    4.8337207e+05  2.4087908e+03
   2.200e+01    4.9393153e+05  2.4874140e+03
   2.300e+01    5.1179985e+05  2.5608182e+03
   2.400e+01    5.3086369e+05  2.6292173e+03
   2.500e+01    5.3374758e+05  2.6928717e+03
   2.600e+01    5.5219678e+05  2.7520665e+03
   2.700e+01    5.6000337e+05  2.8070959e+03
   2.800e+01    5.7320371e+05  2.8582523e+03
   2.900e+01    5.8146771e+05  2.9058195e+03
   3.000e+01    5.9260584e+05  2.9500685e+03
   3.100e+01    5.9615555e+05  2.9912550e+03
   3.200e+01    6.0981092e+05  3.0296177e+03
   3.300e+01    6.1192903e+05  3.0653786e+03
   3.400e+01    6.2218968e+05  3.0987429e+03
   3.500e+01    6.2275939e+05  3.1298995e+03
   3.600e+01    6.3597754e+05  3.1590220e+03
   3.700e+01    6.3689863e+05  3.1862696e+03
   3.800e+01    6.3923258e+05  3.2117882e+03
   3.900e+01    6.4567859e+05  3.2357111e+03
   4.000e+01    6.5255600e+05  3.2581605e+03
   2.900e+01    5.7828889e+05  2.9058195e+03
   1.500e+01    3.6665537e+05  1.8324455e+03
   2.700e+01    5.6432012e+05  2.8070959e+03
