#   ncyc_cp         Intensity      Esd(Int.)
   0.000e+00    9.9080122e+05  5.0000000e+03
   1.000e+00    3.7840061e+04  1.8938972e+02
   2.000e+00    3.9976903e+04  1.9960448e+02
   3.000e+00    4.2116850e+04  2.1041683e+02
   4.000e+00    4.4269427e+04  2.2149998e+02
   5.000e+00    4.7094385e+04  2.3259327e+02
   6.000e+00    4.9403069e+04  2.4554117e+02
   7.000e+00    5.2346416e+04  2.6002845e+02
   8.000e+00    5.5072494e+04  2.7464372e+02
   9.000e+00    5.7839953e+04  2.8955211e+02
   1.000e+01    6.1309018e+04  3.0619509e+02
   1.100e+01    6.4497727e+04  3.2625367e+02
   1.200e+01    6.9961465e+04  3.5091909e+02
   1.300e+01    7.5954733e+04  3.8089025e+02
   1.400e+01    8.2565671e+04  4.1643690e+02
   1.500e+01    9.1298961e+04  4.5750390e+02
   1.600e+01    1.0135301e+05  5.0392162e+02
   1.700e+01    1.0998049e+05  5.5523787e+02
   1.800e+01    1.2203414e+05  6.1111195e+02
   1.900e+01    1.3378990e+05  6.7087018e+02
   2.000e+01    1.4706622e+05  7.3413036e+02
   2.100e+01    1.5854990e+05  8.0011164e+02
   2.200e+01    1.7449126e+05  8.6846995e+02
   2.300e+01    1.8659166e+05  9.3840441e+02
   2.400e+01    2.0101081e+05  1.0096576e+03
   2.500e+01    2.1757676e+05  1.0814685e+03
   2.600e+01    2.3151065e+05  1.1536879e+03
   2.700e+01    2.4405842e+05  1.2256279e+03
   2.800e+01    2.6008549e+05  1.2972485e+03
   2.900e+01    2.7300438e+05  1.3679477e+03
   3.000e+01    2.8716086e+05  1.4377823e+03
   3.100e+01    3.0057788e+05  1.5062352e+03
   3.200e+01    3.1608053e+05  1.5734421e+03
   3.300e+01    3.2736207e+05  1.6389626e+03
   3.400e+01    3.4083245e+05  1.7029917e+03
   3.500e+01    3.5429315e+05  1.7651547e+03
   3.600e+01    3.6374110e+05  1.8256880e+03
   3.700e+01    3.7529158e+05  1.8842710e+03
   3.800e+01    3.8771256e+05  1.9411665e+03
   3.900e+01    4.0257785e+05  1.9960979e+03
   4.000e+01    4.1335631e+05  2.0493421e+03
   8.000e+00    5.4893868e+04  2.7464372e+02
   2.200e+01    1.7422532e+05  8.6846995e+02
   4.000e+00    4.4389816e+04  2.2149998e+02
