#   ncyc_cp         Intensity      Esd(Int.)
   0.000e+00    1.0045913e+06  5.0000000e+03
   1.000e+00    2.0855173e+05  1.0440300e+03
   3.000e+00    2.1089331e+05  1.0510736e+03
   5.000e+00    2.1008775e+05  1.0506263e+03
   7.000e+00    2.1615971e+05  1.0820788e+03
   9.000e+00    2.1291188e+05  1.0636427e+03
   1.100e+01    2.1273366e+05  1.0663835e+03
   1.300e+01    2.1745541e+05  1.0828302e+03
   1.500e+01    2.1562674e+05  1.0755142e+03
   1.700e+01    2.1379444e+05  1.0681338e+03
   1.900e+01    2.1784645e+05  1.0813660e+03
   2.100e+01    2.2369722e+05  1.1199755e+03
   2.300e+01    2.3702087e+05  1.1809012e+03
   2.500e+01    2.5012108e+05  1.2589444e+03
   2.700e+01    2.6880073e+05  1.3489757e+03
   2.900e+01    2.8856540e+05  1.4465939e+03
   3.100e+01    3.0976603e+05  1.5482451e+03
   3.300e+01    3.3086276e+05  1.6511698e+03
   3.500e+01    3.5043403e+05  1.7532959e+03
   3.700e+01    3.6710804e+05  1.8531218e+03
   3.900e+01    3.8650072e+05  1.9496045e+03
   4.100e+01    4.0617744e+05  2.0420603e+03
   4.300e+01    4.2684576e+05  2.1300808e+03
   4.500e+01    4.4368528e+05  2.2134636e+03
   4.700e+01    4.5739634e+05  2.2921569e+03
   4.900e+01    4.7328226e+05  2.3662162e+03
   5.100e+01    4.8813460e+05  2.4357714e+03
   5.300e+01    5.0333343e+05  2.5010009e+03
   5.500e+01    5.0961559e+05  2.5621136e+03
   5.700e+01    5.2863868e+05  2.6193348e+03
   5.900e+01    5.3391426e+05  2.6728961e+03
   6.100e+01    5.4218896e+05  2.7230291e+03
   6.300e+01    5.5270258e+05  2.7699598e+03
   6.500e+01    5.6531926e+05  2.8139060e+03
   6.700e+01    5.7113818e+05  2.8550750e+03
   6.900e+01    5.7543262e+05  2.8936627e+03
   7.100e+01    5.8489599e+05  2.9298526e+03
   7.300e+01    5.9190781e+05  2.9638166e+03
   7.500e+01    5.9810937e+05  2.9957141e+03
   7.700e+01    6.0264952e+05  3.0256935e+03
   7.900e+01    6.1439891e+05  3.0538920e+03
   5.900e+01    5.3334319e+05  2.6728961e+03
   1.000e+00    2.0783738e+05  1.0440300e+03
   5.500e+01    5.1152262e+05  2.5621136e+03
