#   ncyc_cp         Intensity      Esd(Int.)
   0.000e+00    9.9864319e+05  5.0000000e+03
   1.000e+00    6.8185460e+04  3.3820850e+02
   3.000e+00    6.9633227e+04  3.4973105e+02
   5.000e+00    7.1960611e+04  3.6150213e+02
   7.000e+00    7.4937636e+04  3.7507001e+02
   9.000e+00    7.7034884e+04  3.8446572e+02
   1.100e+01    7.9559986e+04  3.9833267e+02
   1.300e+01    8.2044171e+04  4.1242209e+02
   1.500e+01    8.5019962e+04  4.2152980e+02
   1.700e+01    8.6169587e+04  4.3144411e+02
   1.900e+01    8.9224361e+04  4.4916481e+02
   2.100e+01    9.5614570e+04  4.7819232e+02
   2.300e+01    1.0443475e+05  5.1924341e+02
   2.500e+01    1.1438090e+05  5.7164929e+02
   2.700e+01    1.2663961e+05  6.3415296e+02
   2.900e+01    1.4068290e+05  7.0526317e+02
   3.100e+01    1.5763862e+05  7.8341475e+02
   3.300e+01    1.7302554e+05  8.6705783e+02
   3.500e+01    1.9084625e+05  9.5471838e+02
   3.700e+01    2.0850913e+05  1.0450411e+03
   3.900e+01    2.2716659e+05  1.1368172e+03
   4.100e+01    2.4527384e+05  1.2289985e+03
   4.300e+01    2.6339974e+05  1.3207002e+03
   4.500e+01    2.8189138e+05  1.4111949e+03
   4.700e+01    2.9808130e+05  1.4999008e+03
   4.900e+01    3.1728385e+05  1.5863663e+03
   5.100e+01    3.3536803e+05  1.6702538e+03
   5.300e+01    3.4718459e+05  1.7513227e+03
   5.500e+01    3.6801744e+05  1.8294138e+03
   5.700e+01    3.8311146e+05  1.9044345e+03
   5.900e+01    3.9263714e+05  1.9763461e+03
   6.100e+01    4.1051600e+05  2.0451530e+03
   6.300e+01    4.1989308e+05  2.1108930e+03
   6.500e+01    4.3269812e+05  2.1736291e+03
   6.700e+01    4.4961273e+05  2.2334435e+03
   6.900e+01    4.5604782e+05  2.2904319e+03
   7.100e+01    4.6801512e+05  2.3446995e+03
   7.300e+01    4.7850723e+05  2.3963571e+03
   7.500e+01    4.8820495e+05  2.4455185e+03
   7.700e+01    5.0219662e+05  2.4922987e+03
   7.900e+01    5.0843698e+05  2.5368120e+03
   6.700e+01    4.4739204e+05  2.2334435e+03
   4.500e+01    2.8208853e+05  1.4111949e+03
   5.500e+01    3.6602647e+05  1.8294138e+03
