#   ncyc_cp         Intensity      Esd(Int.)
   0.000e+00    1.0034257e+06  5.0000000e+03
   1.000e+00    5.6535920e+04  2.8335679e+02
   2.000e+00    5.9149515e+04  2.9507511e+02
   3.000e+00    6.1757414e+04  3.0759595e+02
   4.000e+00    6.4437846e+04  3.1969723e+02
   5.000e+00    6.6468831e+04  3.3143386e+02
   6.000e+00    6.8459400e+04  3.4617159e+02
   7.000e+00    7.1482366e+04  3.5912882e+02
   8.000e+00    7.3487649e+04  3.7031160e+02
   9.000e+00    7.6635575e+04  3.8460081e+02
   1.000e+01    8.1813530e+04  4.0627995e+02
   1.100e+01    8.6254747e+04  4.3742462e+02
   1.200e+01    9.6607197e+04  4.7849615e+02
   1.300e+01    1.0533016e+05  5.2908782e+02
   1.400e+01    1.1726590e+05  5.8835892e+02
   1.500e+01    1.3229648e+05  6.5524758e+02
   1.600e+01    1.4602024e+05  7.2858251e+02
   1.700e+01    1.6125914e+05  8.0715483e+02
   1.800e+01    1.7826695e+05  8.8977207e+02
   1.900e+01    1.9399416e+05  9.7530006e+02
   2.000e+01    2.1208425e+05  1.0626935e+03
   2.100e+01    2.2977268e+05  1.1510159e+03
   2.200e+01    2.4941036e+05  1.2394493e+03
   2.300e+01    2.6451262e+05  1.3272970e+03
   2.400e+01    2.8428038e+05  1.4139793e+03
   2.500e+01    2.9824105e+05  1.4990260e+03
   2.600e+01    3.1827854e+05  1.5820658e+03
   2.700e+01    3.3064838e+05  1.6628148e+03
   2.800e+01    3.4695967e+05  1.7410651e+03
   2.900e+01    3.6326646e+05  1.8166732e+03
   3.000e+01    3.7436820e+05  1.8895496e+03
   3.100e+01    3.9073506e+05  1.9596492e+03
   3.200e+01    4.0211746e+05  2.0269631e+03
   3.300e+01    4.1972726e+05  2.0915112e+03
   3.400e+01    4.3014228e+05  2.1533362e+03
   3.500e+01    4.4034803e+05  2.2124981e+03
   3.600e+01    4.5145251e+05  2.2690699e+03
   3.700e+01    4.6389451e+05  2.3231342e+03
   3.800e+01    4.7105128e+05  2.3747802e+03
   3.900e+01    4.8722059e+05  2.4241009e+03
   4.000e+01    4.9594765e+05  2.4711917e+03
   2.900e+01    3.6130046e+05  1.8166732e+03
   1.600e+01    1.4637392e+05  7.2858251e+02
   9.000e+00    7.6757610e+04  3.8460081e+02
