#   ncyc_cp         Intensity      Esd(Int.)
   0.000e+00    1.0137275e+06  5.0000000e+03
   1.000e+00    3.3242818e+05  1.6532789e+03
   2.000e+00    3.4202109e+05  1.7124280e+03
   3.000e+00    3.5551663e+05  1.7738395e+03
   4.000e+00    3.6686144e+05  1.8378077e+03
   5.000e+00    3.8042279e+05  1.9043824e+03
   6.000e+00    3.9255114e+05  1.9738363e+03
   7.000e+00    4.0951194e+05  2.0464926e+03
   8.000e+00    4.2641537e+05  2.1221779e+03
   9.000e+00    4.3731505e+05  2.2001353e+03
   1.000e+01    4.5840653e+05  2.2792532e+03
   1.100e+01    4.7086820e+05  2.3583286e+03
   1.200e+01    4.8700806e+05  2.4362503e+03
   1.300e+01    5.0044313e+05  2.5120940e+03
   1.400e+01    5.1917470e+05  2.5851523e+03
   1.500e+01    5.2800014e+05  2.6549287e+03
   1.600e+01    5.4403856e+05  2.7211109e+03
   1.700e+01    5.5170938e+05  2.7835379e+03
   1.800e+01    5.6913819e+05  2.8421675e+03
   1.900e+01    5.8238767e+05  2.8970457e+03
   2.000e+01    5.8631785e+05  2.9482818e+03
   2.100e+01    5.9727961e+05  2.9960282e+03
   2.200e+01    6.1097505e+05  3.0404640e+03
   2.300e+01    6.1983867e+05  3.0817833e+03
   2.400e+01    6.2460422e+05  3.1201861e+03
   2.500e+01    6.3605859e+05  3.1558718e+03
   2.600e+01    6.3699027e+05  3.1890351e+03
   2.700e+01    6.4140407e+05  3.2198627e+03
   2.800e+01    6.4890255e+05  3.2485316e+03
   2.900e+01    6.5807869e+05  3.2752080e+03
   3.000e+01    6.6768650e+05  3.3000472e+03
   3.100e+01    6.7356584e+05  3.3231930e+03
   3.200e+01    6.6750987e+05  3.3447787e+03
   3.300e+01    6.7623839e+05  3.3649268e+03
   3.400e+01    6.7641821e+05  3.3837501e+03
   3.500e+01    6.8038492e+05  3.4013520e+03
   3.600e+01    6.8253988e+05  3.4178274e+03
   3.700e+01    6.8613563e+05  3.4332631e+03
   3.800e+01    6.8854951e+05  3.4477388e+03
   3.900e+01    7.0278628e+05  3.4613271e+03
   4.000e+01    6.9523832e+05  3.4740947e+03
   5.000e+00    3.8154845e+05  1.9043824e+03
   1.000e+01    4.5821516e+05  2.2792532e+03
   3.100e+01    6.6222001e+05  3.3231930e+03
