#   ncyc_cp         Intensity      Esd(Int.)
   0.000e+00    9.9796734e+05  5.0000000e+03
   1.000e+00    2.2084626e+05  1.1036914e+03
   2.000e+00    2.2125960e+05  1.1099434e+03
   3.000e+00    2.2606852e+05  1.1380824e+03
   4.000e+00    2.2141541e+05  1.1182961e+03
   5.000e+00    2.2681200e+05  1.1338288e+03
   6.000e+00    2.3035670e+05  1.1529349e+03
   7.000e+00    2.3080407e+05  1.1465176e+03
   8.000e+00    2.2956480e+05  1.1510489e+03
   9.000e+00    2.3851734e+05  1.1855952e+03
   1.000e+01    2.5123123e+05  1.2498328e+03
   1.100e+01    2.6769220e+05  1.3370875e+03
   1.200e+01    2.9034273e+05  1.4398170e+03
   1.300e+01    3.1145879e+05  1.5515641e+03
   1.400e+01    3.3387525e+05  1.6675799e+03
   1.500e+01    3.5876411e+05  1.7838184e+03
   1.600e+01    3.8203127e+05  1.8981379e+03
   1.700e+01    3.9968100e+05  2.0082382e+03
   1.800e+01    4.2134311e+05  2.1135941e+03
   1.900e+01    4.4260766e+05  2.2129624e+03
   2.000e+01    4.6215022e+05  2.3066726e+03
   2.100e+01    4.7905688e+05  2.3940670e+03
   2.200e+01    4.9491141e+05  2.4758598e+03
   2.300e+01    5.1287407e+05  2.5516967e+03
   2.400e+01    5.2372492e+05  2.6224182e+03
   2.500e+01    5.3811841e+05  2.6878182e+03
   2.600e+01    5.4665497e+05  2.7487341e+03
   2.700e+01    5.6192483e+05  2.8050271e+03
   2.800e+01    5.6965915e+05  2.8574744e+03
   2.900e+01    5.8483523e+05  2.9059646e+03
   3.000e+01    5.8517351e+05  2.9511938e+03
   3.100e+01    5.9683987e+05  2.9930598e+03
   3.200e+01    5.9948496e+05  3.0321757e+03
   3.300e+01    6.1472321e+05  3.0684407e+03
   3.400e+01    6.2492764e+05  3.1023903e+03
   3.500e+01    6.3094786e+05  3.1339230e+03
   3.600e+01    6.3087781e+05  3.1635053e+03
   3.700e+01    6.3690967e+05  3.1910348e+03
   3.800e+01    6.3501423e+05  3.2169181e+03
   3.900e+01    6.4995956e+05  3.2410528e+03
   4.000e+01    6.5701927e+05  3.2637941e+03
   3.000e+01    5.9168379e+05  2.9511938e+03
   2.400e+01    5.2544526e+05  2.6224182e+03
   2.300e+01    5.1476945e+05  2.5516967e+03
