#   ncyc_cp         Intensity      Esd(Int.)
   0.000e+00    1.0072267e+06  5.0000000e+03
   1.000e+00    2.5099534e+05  1.2531448e+03
   2.000e+00    2.6031446e+05  1.2907610e+03
   3.000e+00    2.6732728e+05  1.3276842e+03
   4.000e+00    2.7529539e+05  1.3866771e+03
   5.000e+00    2.9100169e+05  1.4432276e+03
   6.000e+00    3.0858414e+05  1.5346012e+03
   7.000e+00    3.3170460e+05  1.6633755e+03
   8.000e+00    3.6208942e+05  1.8144676e+03
   9.000e+00    3.9729226e+05  1.9731767e+03
   1.000e+01    4.2698145e+05  2.1294787e+03
   1.100e+01    4.5705564e+05  2.2773257e+03
   1.200e+01    4.8481107e+05  2.4138631e+03
   1.300e+01    5.1117532e+05  2.5378893e+03
   1.400e+01    5.2936051e+05  2.6495840e+03
   1.500e+01    5.4874643e+05  2.7494888e+03
   1.600e+01    5.7072472e+05  2.8386835e+03
   1.700e+01    5.8389391e+05  2.9181192e+03
   1.800e+01    5.9418743e+05  2.9889607e+03
   1.900e+01    6.0901212e+05  3.0521072e+03
   2.000e+01    6.2339673e+05  3.1085604e+03
   2.100e+01    6.3290394e+05  3.1590491e+03
   2.200e+01    6.3492777e+05  3.2043711e+03
   2.300e+01    6.5498230e+05  3.2450830e+03
   2.400e+01    6.4967642e+05  3.2818028e+03
   2.500e+01    6.6803141e+05  3.3149452e+03
   2.600e+01    6.6996874e+05  3.3449849e+03
   2.700e+01    6.7212541e+05  3.3722280e+03
   2.800e+01    6.7956311e+05  3.3970402e+03
   2.900e+01    6.8201202e+05  3.4196469e+03
   3.000e+01    6.8860149e+05  3.4403315e+03
   3.100e+01    6.8880747e+05  3.4592602e+03
   3.200e+01    6.9317524e+05  3.4766550e+03
   3.300e+01    7.0577245e+05  3.4926387e+03
   3.400e+01    6.9645334e+05  3.5073869e+03
   3.500e+01    7.0390510e+05  3.5209905e+03
   3.600e+01    7.0781540e+05  3.5335902e+03
   3.700e+01    7.0455467e+05  3.5452534e+03
   3.800e+01    7.0555176e+05  3.5560939e+03
   3.900e+01    7.0732424e+05  3.5661616e+03
   4.000e+01    7.1497610e+05  3.5755497e+03
   3.500e+01    7.0447291e+05  3.5209905e+03
   2.000e+01    6.1638756e+05  3.1085604e+03
   2.800e+01    6.8494260e+05  3.3970402e+03
