#   ncyc_cp         Intensity      Esd(Int.)
   0.000e+00    1.0046233e+06  5.0000000e+03
   1.000e+00    1.4259135e+05  7.0905652e+02
   2.000e+00    1.4316508e+05  7.1987917e+02
   3.000e+00    1.4701417e+05  7.2922302e+02
   4.000e+00    1.4815961e+05  7.3956241e+02
   5.000e+00    1.4638425e+05  7.3029744e+02
   6.000e+00    1.5095218e+05  7.5304194e+02
   7.000e+00    1.5293704e+05  7.6454741e+02
   8.000e+00    1.5321201e+05  7.6037328e+02
   9.000e+00    1.5117533e+05  7.6180168e+02
   1.000e+01    1.5684450e+05  7.8163316e+02
   1.100e+01    1.6413052e+05  8.2229288e+02
   1.200e+01    1.7564444e+05  8.8142905e+02
   1.300e+01    1.9130579e+05  9.5561010e+02
   1.400e+01    2.0868811e+05  1.0412212e+03
   1.500e+01    2.2671494e+05  1.1348741e+03
   1.600e+01    2.4432050e+05  1.2339787e+03
   1.700e+01    2.6721296e+05  1.3357877e+03
   1.800e+01    2.8765703e+05  1.4388294e+03
   1.900e+01    3.0812109e+05  1.5410122e+03
   2.000e+01    3.2741817e+05  1.6417580e+03
   2.100e+01    3.4750882e+05  1.7395333e+03
   2.200e+01    3.6951786e+05  1.8343785e+03
   2.300e+01    3.8390815e+05  1.9251846e+03
   2.400e+01    4.0483799e+05  2.0123722e+03
   2.500e+01    4.2423776e+05  2.0951317e+03
   2.600e+01    4.3234463e+05  2.1740885e+03
   2.700e+01    4.4850031e+05  2.2486350e+03
   2.800e+01    4.5928307e+05  2.3194850e+03
   2.900e+01    4.7966564e+05  2.3861644e+03
   3.000e+01    4.8587988e+05  2.4494044e+03
   3.100e+01    5.0086610e+05  2.5088191e+03
   3.200e+01    5.0839990e+05  2.5651165e+03
   3.300e+01    5.2411107e+05  2.6179697e+03
   3.400e+01    5.3686871e+05  2.6680432e+03
   3.500e+01    5.4241148e+05  2.7150504e+03
   3.600e+01    5.5396220e+05  2.7596037e+03
   3.700e+01    5.6080149e+05  2.8014457e+03
   3.800e+01    5.6894441e+05  2.8411342e+03
   3.900e+01    5.7621330e+05  2.8784342e+03
   4.000e+01    5.7921582e+05  2.9138507e+03
   3.000e+01    4.8913277e+05  2.4494044e+03
   6.000e+00    1.5062663e+05  7.5304194e+02
   3.400e+01    5.3006425e+05  2.6680432e+03
