#   ncyc_cp         Intensity      Esd(Int.)
   0.000e+00    9.9701877e+05  5.0000000e+03
   1.000e+00    1.9727849e+05  9.9840928e+02
   2.000e+00    2.0202945e+05  1.0106366e+03
   3.000e+00    2.0283263e+05  1.0149534e+03
   4.000e+00    2.0498219e+05  1.0293432e+03
   5.000e+00    2.0074576e+05  1.0079106e+03
   6.000e+00    2.0577183e+05  1.0333695e+03
   7.000e+00    2.0963402e+05  1.0415472e+03
   8.000e+00    2.0697710e+05  1.0317416e+03
   9.000e+00    2.0859511e+05  1.0320338e+03
   1.000e+01    2.1278795e+05  1.0561736e+03
   1.100e+01    2.2198197e+05  1.1050020e+03
   1.200e+01    2.3554339e+05  1.1741169e+03
   1.300e+01    2.5103540e+05  1.2584866e+03
   1.400e+01    2.7033943e+05  1.3533214e+03
   1.500e+01    2.9040030e+05  1.4544101e+03
   1.600e+01    3.1002621e+05  1.5588883e+03
   1.700e+01    3.3087012e+05  1.6637447e+03
   1.800e+01    3.5437564e+05  1.7677292e+03
   1.900e+01    3.7275364e+05  1.8687821e+03
   2.000e+01    3.9482589e+05  1.9667130e+03
   2.100e+01    4.1129345e+05  2.0601343e+03
   2.200e+01    4.3076616e+05  2.1494618e+03
   2.300e+01    4.4660068e+05  2.2337514e+03
   2.400e+01    4.6318503e+05  2.3137191e+03
   2.500e+01    4.7702452e+05  2.3887016e+03
   2.600e+01    4.9172260e+05  2.4595286e+03
   2.700e+01    5.0318469e+05  2.5257118e+03
   2.800e+01    5.1772151e+05  2.5880904e+03
   2.900e+01    5.2760994e+05  2.6462850e+03
   3.000e+01    5.4225981e+05  2.7010920e+03
   3.100e+01    5.5336996e+05  2.7522007e+03
   3.200e+01    5.5797578e+05  2.8003416e+03
   3.300e+01    5.7332658e+05  2.8452490e+03
   3.400e+01    5.8309286e+05  2.8875803e+03
   3.500e+01    5.8533924e+05  2.9271012e+03
   3.600e+01    5.9239699e+05  2.9643972e+03
   3.700e+01    6.0241078e+05  2.9992569e+03
   3.800e+01    6.1063071e+05  3.0321994e+03
   3.900e+01    6.1455071e+05  3.0630310e+03
   4.000e+01    6.2337721e+05  3.0922111e+03
   1.800e+01    3.5108883e+05  1.7677292e+03
   6.000e+00    2.0651797e+05  1.0333695e+03
   3.100e+01    5.5148366e+05  2.7522007e+03
