#   ncyc_cp         Intensity      Esd(Int.)
   0.000e+00    1.0002335e+06  5.0000000e+03
   1.000e+00    1.6063589e+05  8.0250074e+02
   2.000e+00    1.6693506e+05  8.3766683e+02
   3.000e+00    1.7291297e+05  8.6675847e+02
   4.000e+00    1.8041386e+05  9.0499467e+02
   5.000e+00    1.8896694e+05  9.4052613e+02
   6.000e+00    1.9623742e+05  9.9410764e+02
   7.000e+00    2.1761487e+05  1.0803567e+03
   8.000e+00    2.3944100e+05  1.1959996e+03
   9.000e+00    2.6688329e+05  1.3317376e+03
   1.000e+01    2.9629862e+05  1.4783343e+03
   1.100e+01    3.2648394e+05  1.6283678e+03
   1.200e+01    3.5477521e+05  1.7764562e+03
   1.300e+01    3.8009306e+05  1.9190017e+03
   1.400e+01    4.1124723e+05  2.0538115e+03
   1.500e+01    4.3760469e+05  2.1797267e+03
   1.600e+01    4.6175990e+05  2.2963096e+03
   1.700e+01    4.7773736e+05  2.4036012e+03
   1.800e+01    5.0141618e+05  2.5019425e+03
   1.900e+01    5.1771249e+05  2.5918482e+03
   2.000e+01    5.3052539e+05  2.6739208e+03
   2.100e+01    5.4834219e+05  2.7487944e+03
   2.200e+01    5.5802409e+05  2.8170985e+03
   2.300e+01    5.7812738e+05  2.8794365e+03
   2.400e+01    5.8719640e+05  2.9363736e+03
   2.500e+01    6.0073450e+05  2.9884313e+03
   2.600e+01    6.0784203e+05  3.0360856e+03
   2.700e+01    6.1749863e+05  3.0797675e+03
   2.800e+01    6.2341952e+05  3.1198655e+03
   2.900e+01    6.2702057e+05  3.1567288e+03
   3.000e+01    6.4171773e+05  3.1906700e+03
   3.100e+01    6.4474022e+05  3.2219690e+03
   3.200e+01    6.4281909e+05  3.2508762e+03
   3.300e+01    6.5613249e+05  3.2776153e+03
   3.400e+01    6.5574650e+05  3.3023866e+03
   3.500e+01    6.6568876e+05  3.3253692e+03
   3.600e+01    6.6689986e+05  3.3467237e+03
   3.700e+01    6.7077819e+05  3.3665940e+03
   3.800e+01    6.7851447e+05  3.3851091e+03
   3.900e+01    6.8256168e+05  3.4023853e+03
   4.000e+01    6.8985040e+05  3.4185268e+03
   2.100e+01    5.5103118e+05  2.7487944e+03
   3.900e+01    6.8354292e+05  3.4023853e+03
   3.000e+00    1.7351434e+05  8.6675847e+02
