#   ncyc_cp         Intensity      Esd(Int.)
   0.000e+00    9.9576646e+05  5.0000000e+03
   1.000e+00    1.4922931e+05  7.4163841e+02
   2.000e+00    1.6002710e+05  7.9663888e+02
   3.000e+00    1.6988763e+05  8.5597650e+02
   4.000e+00    1.8358488e+05  9.2088075e+02
   5.000e+00    1.9778152e+05  9.9183471e+02
   6.000e+00    2.1450630e+05  1.0708585e+03
   7.000e+00    2.3270099e+05  1.1597925e+03
   8.000e+00    2.5450060e+05  1.2585632e+03
   9.000e+00    2.7361749e+05  1.3654544e+03
   1.000e+01    2.9713651e+05  1.4779500e+03
   1.100e+01    3.1746046e+05  1.5933921e+03
   1.200e+01    3.4442729e+05  1.7093573e+03
   1.300e+01    3.6269648e+05  1.8238272e+03
   1.400e+01    3.8779880e+05  1.9352352e+03
   1.500e+01    4.0633848e+05  2.0424435e+03
   1.600e+01    4.2908686e+05  2.1446881e+03
   1.700e+01    4.4843224e+05  2.2415113e+03
   1.800e+01    4.6928580e+05  2.3326963e+03
   1.900e+01    4.8204624e+05  2.4182074e+03
   2.000e+01    4.9385658e+05  2.4981400e+03
   2.100e+01    5.1215526e+05  2.5726806e+03
   2.200e+01    5.2744856e+05  2.6420750e+03
   2.300e+01    5.4423773e+05  2.7066046e+03
   2.400e+01    5.5337907e+05  2.7665685e+03
   2.500e+01    5.6350611e+05  2.8222711e+03
   2.600e+01    5.7610666e+05  2.8740132e+03
   2.700e+01    5.8989256e+05  2.9220855e+03
   2.800e+01    5.9681330e+05  2.9667654e+03
   2.900e+01    6.0544793e+05  3.0083145e+03
   3.000e+01    6.0512567e+05  3.0469773e+03
   3.100e+01    6.1462299e+05  3.0829812e+03
   3.200e+01    6.2527001e+05  3.1165365e+03
   3.300e+01    6.2584580e+05  3.1478370e+03
   3.400e+01    6.3597816e+05  3.1770610e+03
   3.500e+01    6.4263659e+05  3.2043721e+03
   3.600e+01    6.4974685e+05  3.2299200e+03
   3.700e+01    6.5601301e+05  3.2538419e+03
   3.800e+01    6.5807513e+05  3.2762634e+03
   3.900e+01    6.5744500e+05  3.2972992e+03
   4.000e+01    6.6545981e+05  3.3170543e+03
   1.800e+01    4.6852548e+05  2.3326963e+03
   3.900e+01    6.6083169e+05  3.2972992e+03
   2.300e+01    5.4633292e+05  2.7066046e+03
