#   ncyc_cp         Intensity      Esd(Int.)
   0.000e+00    9.9919906e+05  5.0000000e+03
   1.000e+00    3.8680235e+05  1.9342992e+03
   2.000e+00    3.8899429e+05  1.9363558e+03
   3.000e+00    3.9108505e+05  1.9690168e+03
   4.000e+00    3.8818958e+05  1.9387566e+03
   5.000e+00    3.9135645e+05  1.9460138e+03
   6.000e+00    3.8920233e+05  1.9585823e+03
   7.000e+00    3.9177713e+05  1.9496072e+03
   8.000e+00    3.8886174e+05  1.9563272e+03
   9.000e+00    3.9736797e+05  1.9944616e+03
   1.000e+01    4.1291345e+05  2.0594265e+03
   1.100e+01    4.3160022e+05  2.1429120e+03
   1.200e+01    4.4465153e+05  2.2361169e+03
   1.300e+01    4.6869853e+05  2.3328623e+03
   1.400e+01    4.8790148e+05  2.4290507e+03
   1.500e+01    5.0809678e+05  2.5216362e+03
   1.600e+01    5.1976160e+05  2.6095474e+03
   1.700e+01    5.3713100e+05  2.6914621e+03
   1.800e+01    5.5771749e+05  2.7676653e+03
   1.900e+01    5.7026887e+05  2.8376424e+03
   2.000e+01    5.8551836e+05  2.9021591e+03
   2.100e+01    5.8612898e+05  2.9610478e+03
   2.200e+01    6.0326922e+05  3.0151670e+03
   2.300e+01    6.1501133e+05  3.0644837e+03
   2.400e+01    6.2021871e+05  3.1097975e+03
   2.500e+01    6.3053866e+05  3.1511182e+03
   2.600e+01    6.3591767e+05  3.1891398e+03
   2.700e+01    6.4412985e+05  3.2238773e+03
   2.800e+01    6.4728429e+05  3.2559149e+03
   2.900e+01    6.6067748e+05  3.2852599e+03
   3.000e+01    6.5749286e+05  3.3123983e+03
   3.100e+01    6.6502956e+05  3.3373265e+03
   3.200e+01    6.7160275e+05  3.3604476e+03
   3.300e+01    6.7650796e+05  3.3817481e+03
   3.400e+01    6.8086924e+05  3.4015630e+03
   3.500e+01    6.8487257e+05  3.4198711e+03
   3.600e+01    6.9185043e+05  3.4369518e+03
   3.700e+01    6.8090713e+05  3.4527784e+03
   3.800e+01    6.9818390e+05  3.4675858e+03
   3.900e+01    6.9121611e+05  3.4813434e+03
   4.000e+01    7.0217342e+05  3.4942498e+03
   1.400e+01    4.8350382e+05  2.4290507e+03
   3.400e+01    6.7620611e+05  3.4015630e+03
   1.300e+01    4.6705921e+05  2.3328623e+03
