#   ncyc_cp         Intensity      Esd(Int.)
   0.000e+00    1.0024697e+06  5.0000000e+03
   1.000e+00    8.1317951e+04  4.0567074e+02
   2.000e+00    8.3201579e+04  4.2258818e+02
   3.000e+00    8.8796088e+04  4.4105638e+02
   4.000e+00    9.0813155e+04  4.5516615e+02
   5.000e+00    9.5697734e+04  4.7719002e+02
   6.000e+00    1.0007999e+05  5.0097519e+02
   7.000e+00    1.0414197e+05  5.2151837e+02
   8.000e+00    1.0921476e+05  5.4569710e+02
   9.000e+00    1.1633007e+05  5.8060211e+02
   1.000e+01    1.2650551e+05  6.2911044e+02
   1.100e+01    1.3818501e+05  6.9116492e+02
   1.200e+01    1.5284174e+05  7.6527001e+02
   1.300e+01    1.6865654e+05  8.4929930e+02
   1.400e+01    1.8867463e+05  9.4114135e+02
   1.500e+01    2.0804980e+05  1.0384922e+03
   1.600e+01    2.2666683e+05  1.1395665e+03
   1.700e+01    2.4917144e+05  1.2423912e+03
   1.800e+01    2.7043020e+05  1.3457411e+03
   1.900e+01    2.9102529e+05  1.4481162e+03
   2.000e+01    3.1021083e+05  1.5488401e+03
   2.100e+01    3.3015146e+05  1.6468600e+03
   2.200e+01    3.4797257e+05  1.7419354e+03
   2.300e+01    3.6876734e+05  1.8333672e+03
   2.400e+01    3.8330243e+05  1.9212169e+03
   2.500e+01    4.0018724e+05  2.0050369e+03
   2.600e+01    4.2165134e+05  2.0850762e+03
   2.700e+01    4.2816281e+05  2.1610536e+03
   2.800e+01    4.4446551e+05  2.2333206e+03
   2.900e+01    4.5972839e+05  2.3017003e+03
   3.000e+01    4.7324281e+05  2.3665899e+03
   3.100e+01    4.9065615e+05  2.4278746e+03
   3.200e+01    4.9458342e+05  2.4859612e+03
   3.300e+01    5.0474175e+05  2.5407704e+03
   3.400e+01    5.1809252e+05  2.5926978e+03
   3.500e+01    5.2337227e+05  2.6416826e+03
   3.600e+01    5.3436444e+05  2.6880982e+03
   3.700e+01    5.4652449e+05  2.7318925e+03
   3.800e+01    5.5405640e+05  2.7734117e+03
   3.900e+01    5.6547434e+05  2.8126070e+03
   4.000e+01    5.7074132e+05  2.8497954e+03
   2.800e+01    4.4618079e+05  2.2333206e+03
   1.700e+01    2.4684600e+05  1.2423912e+03
   4.000e+01    5.6710344e+05  2.8497954e+03
