#   ncyc_cp         Intensity      Esd(Int.)
   0.000e+00    9.9594757e+05  5.0000000e+03
   1.000e+00    1.5014219e+05  7.5834940e+02
   2.000e+00    1.5793049e+05  7.8839454e+02
   3.000e+00    1.6190950e+05  8.0776346e+02
   4.000e+00    1.6804820e+05  8.4494711e+02
   5.000e+00    1.7684463e+05  8.8271827e+02
   6.000e+00    1.8407357e+05  9.1920186e+02
   7.000e+00    1.9610624e+05  9.7689686e+02
   8.000e+00    2.1305337e+05  1.0626078e+03
   9.000e+00    2.3404646e+05  1.1719692e+03
   1.000e+01    2.5954372e+05  1.2976114e+03
   1.100e+01    2.8720533e+05  1.4323821e+03
   1.200e+01    3.1433964e+05  1.5706458e+03
   1.300e+01    3.4392995e+05  1.7079104e+03
   1.400e+01    3.6712592e+05  1.8413359e+03
   1.500e+01    3.9106877e+05  1.9687250e+03
   1.600e+01    4.1659265e+05  2.0891264e+03
   1.700e+01    4.4027627e+05  2.2017312e+03
   1.800e+01    4.5812296e+05  2.3066012e+03
   1.900e+01    4.8465567e+05  2.4036327e+03
   2.000e+01    5.0111449e+05  2.4933378e+03
   2.100e+01    5.1756635e+05  2.5759156e+03
   2.200e+01    5.2704843e+05  2.6520246e+03
   2.300e+01    5.4483150e+05  2.7219600e+03
   2.400e+01    5.5661398e+05  2.7863812e+03
   2.500e+01    5.6565229e+05  2.8455847e+03
   2.600e+01    5.8195848e+05  2.9001706e+03
   2.700e+01    5.9157554e+05  2.9503991e+03
   2.800e+01    5.9979305e+05  2.9967926e+03
   2.900e+01    6.0316327e+05  3.0395645e+03
   3.000e+01    6.1903441e+05  3.0791602e+03
   3.100e+01    6.2374244e+05  3.1157478e+03
   3.200e+01    6.2869053e+05  3.1497033e+03
   3.300e+01    6.3741120e+05  3.1811557e+03
   3.400e+01    6.4240874e+05  3.2104215e+03
   3.500e+01    6.4910648e+05  3.2375973e+03
   3.600e+01    6.5015429e+05  3.2629500e+03
   3.700e+01    6.5610217e+05  3.2865502e+03
   3.800e+01    6.6324884e+05  3.3086239e+03
   3.900e+01    6.6524123e+05  3.3292211e+03
   4.000e+01    6.6459345e+05  3.3485339e+03
   2.700e+01    5.8948146e+05  2.9503991e+03
   2.500e+01    5.7110011e+05  2.8455847e+03
   3.500e+01    6.4730286e+05  3.2375973e+03
