#   ncyc_cp         Intensity      Esd(Int.)
   0.000e+00    9.9879479e+05  5.0000000e+03
   1.000e+00    5.7954948e+04  2.9096723e+02
   3.000e+00    6.1378513e+04  3.0687973e+02
   5.000e+00    6.4634264e+04  3.2376763e+02
   7.000e+00    6.7958520e+04  3.4122176e+02
   9.000e+00    7.1221551e+04  3.5923938e+02
   1.100e+01    7.5722431e+04  3.7952226e+02
   1.300e+01    7.9749696e+04  3.9994256e+02
   1.500e+01    8.4071766e+04  4.2119236e+02
   1.700e+01    9.0167324e+04  4.4693075e+02
   1.900e+01    9.5542949e+04  4.8036041e+02
   2.100e+01    1.0521708e+05  5.2304651e+02
   2.300e+01    1.1585543e+05  5.7522915e+02
   2.500e+01    1.2786892e+05  6.3634772e+02
   2.700e+01    1.4022540e+05  7.0540478e+02
   2.900e+01    1.5492076e+05  7.8118243e+02
   3.100e+01    1.7256883e+05  8.6237502e+02
   3.300e+01    1.9098004e+05  9.4767734e+02
   3.500e+01    2.0651414e+05  1.0358455e+03
   3.700e+01    2.2428248e+05  1.1257380e+03
   3.900e+01    2.4344231e+05  1.2163399e+03
   4.100e+01    2.5817525e+05  1.3067750e+03
   4.300e+01    2.7954449e+05  1.3963065e+03
   4.500e+01    2.9679229e+05  1.4843321e+03
   4.700e+01    3.1235173e+05  1.5703726e+03
   4.900e+01    3.2915863e+05  1.6540596e+03
   5.100e+01    3.4844173e+05  1.7351209e+03
   5.300e+01    3.6277063e+05  1.8133665e+03
   5.500e+01    3.8074330e+05  1.8886751e+03
   5.700e+01    3.9385160e+05  1.9609822e+03
   5.900e+01    4.0276524e+05  2.0302690e+03
   6.100e+01    4.2033751e+05  2.0965529e+03
   6.300e+01    4.3319159e+05  2.1598800e+03
   6.500e+01    4.4176237e+05  2.2203177e+03
   6.700e+01    4.5703804e+05  2.2779495e+03
   6.900e+01    4.6844409e+05  2.3328704e+03
   7.100e+01    4.7431033e+05  2.3851829e+03
   7.300e+01    4.8770740e+05  2.4349945e+03
   7.500e+01    4.9635002e+05  2.4824147e+03
   7.700e+01    5.0520676e+05  2.5275537e+03
   7.900e+01    5.1715447e+05  2.5705208e+03
   7.000e+00    6.8857231e+04  3.4122176e+02
   5.100e+01    3.4769752e+05  1.7351209e+03
   3.100e+01    1.7088070e+05  8.6237502e+02
