#   ncyc_cp         Intensity      Esd(Int.)
   0.000e+00    9.9914394e+05  5.0000000e+03
   1.000e+00    6.4176477e+04  3.1842473e+02
   2.000e+00    6.6619551e+04  3.3669773e+02
   3.000e+00    7.1175065e+04  3.5608070e+02
   4.000e+00    7.4991122e+04  3.7525784e+02
   5.000e+00    7.9831512e+04  3.9740710e+02
   6.000e+00    8.4761415e+04  4.1967542e+02
   7.000e+00    8.8241207e+04  4.4320258e+02
   8.000e+00    9.4197355e+04  4.7346952e+02
   9.000e+00    1.0226268e+05  5.1454383e+02
   1.000e+01    1.1510396e+05  5.6784345e+02
   1.100e+01    1.2613371e+05  6.3301601e+02
   1.200e+01    1.4149932e+05  7.0878744e+02
   1.300e+01    1.5887263e+05  7.9345308e+02
   1.400e+01    1.7607511e+05  8.8514820e+02
   1.500e+01    1.9844608e+05  9.8201097e+02
   1.600e+01    2.1637906e+05  1.0822874e+03
   1.700e+01    2.3890244e+05  1.1843974e+03
   1.800e+01    2.5850209e+05  1.2869704e+03
   1.900e+01    2.7599217e+05  1.3888574e+03
   2.000e+01    2.9685984e+05  1.4891270e+03
   2.100e+01    3.1849657e+05  1.5870490e+03
   2.200e+01    3.3972289e+05  1.6820726e+03
   2.300e+01    3.5438117e+05  1.7738018e+03
   2.400e+01    3.7155608e+05  1.8619702e+03
   2.500e+01    3.9256236e+05  1.9464181e+03
   2.600e+01    4.0270596e+05  2.0270709e+03
   2.700e+01    4.1980096e+05  2.1039213e+03
   2.800e+01    4.3536530e+05  2.1770136e+03
   2.900e+01    4.4853440e+05  2.2464303e+03
   3.000e+01    4.6034245e+05  2.3122826e+03
   3.100e+01    4.7325965e+05  2.3747006e+03
   3.200e+01    4.8288805e+05  2.4338277e+03
   3.300e+01    4.9829601e+05  2.4898144e+03
   3.400e+01    5.0804257e+05  2.5428147e+03
   3.500e+01    5.1826347e+05  2.5929831e+03
   3.600e+01    5.3085493e+05  2.6404718e+03
   3.700e+01    5.3491301e+05  2.6854294e+03
   3.800e+01    5.3837485e+05  2.7279994e+03
   3.900e+01    5.5643070e+05  2.7683198e+03
   4.000e+01    5.5855004e+05  2.8065223e+03
   3.000e+01    4.6194300e+05  2.3122826e+03
   2.900e+01    4.4831510e+05  2.2464303e+03
   1.600e+01    2.1655357e+05  1.0822874e+03
