#   ncyc_cp         Intensity      Esd(Int.)
   0.000e+00    9.9720000e+05  5.0000000e+03
   1.000e+00    1.2474611e+05  6.2294613e+02
   2.000e+00    1.3238364e+05  6.6508924e+02
   3.000e+00    1.4130442e+05  7.0852763e+02
   4.000e+00    1.5118150e+05  7.5875401e+02
   5.000e+00    1.6341850e+05  8.1493497e+02
   6.000e+00    1.7716341e+05  8.9019062e+02
   7.000e+00    1.9792378e+05  9.9068719e+02
   8.000e+00    2.2438711e+05  1.1132410e+03
   9.000e+00    2.5060324e+05  1.2511447e+03
   1.000e+01    2.7911503e+05  1.3974895e+03
   1.100e+01    3.0928403e+05  1.5464183e+03
   1.200e+01    3.3863655e+05  1.6934575e+03
   1.300e+01    3.6603470e+05  1.8354606e+03
   1.400e+01    3.9324345e+05  1.9703995e+03
   1.500e+01    4.1936499e+05  2.0971173e+03
   1.600e+01    4.4195221e+05  2.2150968e+03
   1.700e+01    4.6381392e+05  2.3242670e+03
   1.800e+01    4.8097555e+05  2.4248521e+03
   1.900e+01    4.9911960e+05  2.5172598e+03
   2.000e+01    5.1942701e+05  2.6020007e+03
   2.100e+01    5.3792618e+05  2.6796339e+03
   2.200e+01    5.5127697e+05  2.7507298e+03
   2.300e+01    5.5763025e+05  2.8158465e+03
   2.400e+01    5.7354432e+05  2.8755155e+03
   2.500e+01    5.8905213e+05  2.9302341e+03
   2.600e+01    6.0000622e+05  2.9804614e+03
   2.700e+01    6.0493168e+05  3.0266176e+03
   2.800e+01    6.1498409e+05  3.0690848e+03
   2.900e+01    6.2145039e+05  3.1082090e+03
   3.000e+01    6.2833903e+05  3.1443022e+03
   3.100e+01    6.3443556e+05  3.1776456e+03
   3.200e+01    6.3696318e+05  3.2084921e+03
   3.300e+01    6.4330847e+05  3.2370688e+03
   3.400e+01    6.4915307e+05  3.2635801e+03
   3.500e+01    6.5723170e+05  3.2882095e+03
   3.600e+01    6.6509460e+05  3.3111220e+03
   3.700e+01    6.6938107e+05  3.3324662e+03
   3.800e+01    6.7436381e+05  3.3523757e+03
   3.900e+01    6.7672127e+05  3.3709712e+03
   4.000e+01    6.8475350e+05  3.3883613e+03
   3.500e+01    6.6117218e+05  3.2882095e+03
   1.500e+01    4.1754051e+05  2.0971173e+03
   2.100e+01    5.3930799e+05  2.6796339e+03
