#   ncyc_cp         Intensity      Esd(Int.)
   0.000e+00    1.0017383e+06  5.0000000e+03
   1.000e+00    2.6050057e+05  1.3099377e+03
   2.000e+00    2.7446991e+05  1.3726569e+03
   3.000e+00    2.8960465e+05  1.4387059e+03
   4.000e+00    3.0075710e+05  1.5086124e+03
   5.000e+00    3.1596197e+05  1.5818241e+03
   6.000e+00    3.3205033e+05  1.6580644e+03
   7.000e+00    3.4627904e+05  1.7375655e+03
   8.000e+00    3.6605350e+05  1.8203027e+03
   9.000e+00    3.8175040e+05  1.9056946e+03
   1.000e+01    3.9931518e+05  1.9927655e+03
   1.100e+01    4.1276806e+05  2.0803311e+03
   1.200e+01    4.3315660e+05  2.1672672e+03
   1.300e+01    4.5338975e+05  2.2525362e+03
   1.400e+01    4.6550201e+05  2.3353439e+03
   1.500e+01    4.8631390e+05  2.4150388e+03
   1.600e+01    5.0198025e+05  2.4912179e+03
   1.700e+01    5.1376021e+05  2.5635796e+03
   1.800e+01    5.2255311e+05  2.6320181e+03
   1.900e+01    5.3780529e+05  2.6964729e+03
   2.000e+01    5.5239606e+05  2.7570232e+03
   2.100e+01    5.5845776e+05  2.8137485e+03
   2.200e+01    5.7418568e+05  2.8668254e+03
   2.300e+01    5.8118276e+05  2.9164022e+03
   2.400e+01    5.9269702e+05  2.9626949e+03
   2.500e+01    6.0132762e+05  3.0058762e+03
   2.600e+01    6.1248555e+05  3.0461676e+03
   2.700e+01    6.1325873e+05  3.0837414e+03
   2.800e+01    6.2883590e+05  3.1188071e+03
   2.900e+01    6.2918957e+05  3.1515239e+03
   3.000e+01    6.4640427e+05  3.1820810e+03
   3.100e+01    6.4436115e+05  3.2106196e+03
   3.200e+01    6.4220281e+05  3.2373065e+03
   3.300e+01    6.5862871e+05  3.2622634e+03
   3.400e+01    6.5852263e+05  3.2856351e+03
   3.500e+01    6.5900051e+05  3.3075250e+03
   3.600e+01    6.7033584e+05  3.3280577e+03
   3.700e+01    6.7262071e+05  3.3473203e+03
   3.800e+01    6.7343483e+05  3.3654193e+03
   3.900e+01    6.8447334e+05  3.3824276e+03
   4.000e+01    6.8035216e+05  3.3984363e+03
   4.000e+01    6.8257251e+05  3.3984363e+03
   3.300e+01    6.5105965e+05  3.2622634e+03
   2.700e+01    6.1366845e+05  3.0837414e+03
