#   ncyc_cp         Intensity      Esd(Int.)
   0.000e+00    9.9753927e+05  5.0000000e+03
   1.000e+00    6.7419895e+04  3.3925319e+02
   3.000e+00    6.9465448e+04  3.4845618e+02
   5.000e+00    7.1311584e+04  3.5767856e+02
   7.000e+00    7.4052999e+04  3.6865632e+02
   9.000e+00    7.4924706e+04  3.7729049e+02
   1.100e+01    7.7576959e+04  3.8459793e+02
   1.300e+01    7.9638691e+04  3.9776940e+02
   1.500e+01    8.0976448e+04  4.0756217e+02
   1.700e+01    8.2761110e+04  4.1205341e+02
   1.900e+01    8.3552972e+04  4.1755220e+02
   2.100e+01    8.5553007e+04  4.2997901e+02
   2.300e+01    9.1068405e+04  4.5218500e+02
   2.500e+01    9.6112478e+04  4.8481005e+02
   2.700e+01    1.0476310e+05  5.2740348e+02
   2.900e+01    1.1581351e+05  5.7904917e+02
   3.100e+01    1.2836658e+05  6.3864006e+02
   3.300e+01    1.4106102e+05  7.0499549e+02
   3.500e+01    1.5476718e+05  7.7692145e+02
   3.700e+01    1.6882765e+05  8.5325137e+02
   3.900e+01    1.8542735e+05  9.3287794e+02
   4.100e+01    2.0414095e+05  1.0147775e+03
   4.300e+01    2.2073205e+05  1.0980270e+03
   4.500e+01    2.3656823e+05  1.1818131e+03
   4.700e+01    2.5149144e+05  1.2654349e+03
   4.900e+01    2.6920668e+05  1.3483018e+03
   5.100e+01    2.8608601e+05  1.4299266e+03
   5.300e+01    3.0205320e+05  1.5099172e+03
   5.500e+01    3.1727509e+05  1.5879662e+03
   5.700e+01    3.3289683e+05  1.6638406e+03
   5.900e+01    3.4936243e+05  1.7373711e+03
   6.100e+01    3.6347908e+05  1.8084429e+03
   6.300e+01    3.7658986e+05  1.8769861e+03
   6.500e+01    3.8545853e+05  1.9429682e+03
   6.700e+01    4.0099271e+05  2.0063869e+03
   6.900e+01    4.1512539e+05  2.0672640e+03
   7.100e+01    4.2635213e+05  2.1256403e+03
   7.300e+01    4.3531361e+05  2.1815713e+03
   7.500e+01    4.4866871e+05  2.2351235e+03
   7.700e+01    4.5817368e+05  2.2863713e+03
   7.900e+01    4.6455786e+05  2.3353947e+03
   3.500e+01    1.5474695e+05  7.7692145e+02
   9.000e+00    7.5080703e+04  3.7729049e+02
   5.000e+00    7.0918177e+04  3.5767856e+02
