#   ncyc_cp         Intensity      Esd(Int.)
   0.000e+00    9.9386423e+05  5.0000000e+03
   1.000e+00    3.0227626e+04  1.5058600e+02
   2.000e+00    3.1756975e+04  1.5862927e+02
   3.000e+00    3.3480122e+04  1.6756699e+02
   4.000e+00    3.4966710e+04  1.7511883e+02
   5.000e+00    3.6782097e+04  1.8334289e+02
   6.000e+00    3.9207433e+04  1.9536267e+02
   7.000e+00    4.0856282e+04  2.0669475e+02
   8.000e+00    4.3270311e+04  2.1656310e+02
   9.000e+00    4.5599129e+04  2.2837901e+02
   1.000e+01    4.8620852e+04  2.4548656e+02
   1.100e+01    5.4199115e+04  2.6982945e+02
   1.200e+01    6.0708601e+04  3.0215272e+02
   1.300e+01    6.8632043e+04  3.4257974e+02
   1.400e+01    7.7828312e+04  3.9090674e+02
   1.500e+01    9.0276237e+04  4.4654112e+02
   1.600e+01    1.0220321e+05  5.0896954e+02
   1.700e+01    1.1535714e+05  5.7716867e+02
   1.800e+01    1.2943179e+05  6.5052898e+02
   1.900e+01    1.4430805e+05  7.2779710e+02
   2.000e+01    1.6221738e+05  8.0842481e+02
   2.100e+01    1.7796204e+05  8.9111511e+02
   2.200e+01    1.9478584e+05  9.7548549e+02
   2.300e+01    2.1118812e+05  1.0603237e+03
   2.400e+01    2.3048060e+05  1.1454532e+03
   2.500e+01    2.4570036e+05  1.2298090e+03
   2.600e+01    2.6217094e+05  1.3134119e+03
   2.700e+01    2.7867304e+05  1.3953590e+03
   2.800e+01    2.9468567e+05  1.4758336e+03
   2.900e+01    3.0935588e+05  1.5540830e+03
   3.000e+01    3.2658044e+05  1.6304107e+03
   3.100e+01    3.4150034e+05  1.7041909e+03
   3.200e+01    3.5670537e+05  1.7758078e+03
   3.300e+01    3.6978104e+05  1.8447375e+03
   3.400e+01    3.8240196e+05  1.9114118e+03
   3.500e+01    3.9392531e+05  1.9753870e+03
   3.600e+01    4.0530799e+05  2.0371171e+03
   3.700e+01    4.2086481e+05  2.0962203e+03
   3.800e+01    4.3364812e+05  2.1531550e+03
   3.900e+01    4.4332842e+05  2.2075871e+03
   4.000e+01    4.5592045e+05  2.2599670e+03
   1.600e+01    1.0154766e+05  5.0896954e+02
   8.000e+00    4.3261000e+04  2.1656310e+02
   2.900e+01    3.1133336e+05  1.5540830e+03
