#   ncyc_cp         Intensity      Esd(Int.)
   0.000e+00    1.0007073e+06  5.0000000e+03
   1.000e+00    3.9681656e+05  1.9953689e+03
   2.000e+00    4.0444934e+05  2.0128250e+03
   3.000e+00    3.9785769e+05  2.0111912e+03
   4.000e+00    4.0221088e+05  2.0342328e+03
   5.000e+00    4.1506351e+05  2.0765399e+03
   6.000e+00    4.3429585e+05  2.1851995e+03
   7.000e+00    4.6461063e+05  2.3328829e+03
   8.000e+00    4.9653349e+05  2.4884470e+03
   9.000e+00    5.2646353e+05  2.6364955e+03
   1.000e+01    5.5701362e+05  2.7697715e+03
   1.100e+01    5.7476014e+05  2.8867918e+03
   1.200e+01    5.9768514e+05  2.9881243e+03
   1.300e+01    6.2102972e+05  3.0753623e+03
   1.400e+01    6.3285065e+05  3.1504088e+03
   1.500e+01    6.3739275e+05  3.2149696e+03
   1.600e+01    6.5841901e+05  3.2707368e+03
   1.700e+01    6.6978139e+05  3.3189908e+03
   1.800e+01    6.7528040e+05  3.3609944e+03
   1.900e+01    6.7954860e+05  3.3976264e+03
   2.000e+01    6.8940962e+05  3.4297893e+03
   2.100e+01    6.8936839e+05  3.4580705e+03
   2.200e+01    6.9432237e+05  3.4831129e+03
   2.300e+01    6.9992391e+05  3.5053074e+03
   2.400e+01    7.1126874e+05  3.5251171e+03
   2.500e+01    7.0739664e+05  3.5428025e+03
   2.600e+01    7.1107902e+05  3.5587033e+03
   2.700e+01    7.1994183e+05  3.5729938e+03
   2.800e+01    7.2276921e+05  3.5859278e+03
   2.900e+01    7.1886815e+05  3.5976222e+03
   3.000e+01    7.2248132e+05  3.6082704e+03
   3.100e+01    7.2520933e+05  3.6179506e+03
   3.200e+01    7.2695213e+05  3.6268131e+03
   3.300e+01    7.2361050e+05  3.6349096e+03
   3.400e+01    7.2621382e+05  3.6423588e+03
   3.500e+01    7.2752707e+05  3.6491946e+03
   3.600e+01    7.3220776e+05  3.6555123e+03
   3.700e+01    7.3719859e+05  3.6613332e+03
   3.800e+01    7.3447314e+05  3.6667351e+03
   3.900e+01    7.3336777e+05  3.6717304e+03
   4.000e+01    7.3435109e+05  3.6763837e+03
   1.900e+01    6.7671787e+05  3.3976264e+03
   3.400e+01    7.2212497e+05  3.6423588e+03
   2.700e+01    7.0801768e+05  3.5729938e+03
