#   ncyc_cp         Intensity      Esd(Int.)
   0.000e+00    1.0006886e+06  5.0000000e+03
   1.000e+00    1.7754665e+05  8.8937045e+02
   2.000e+00    1.8729080e+05  9.4023020e+02
   3.000e+00    1.9789951e+05  9.9406949e+02
   4.000e+00    2.1071559e+05  1.0528736e+03
   5.000e+00    2.2481312e+05  1.1162750e+03
   6.000e+00    2.3662224e+05  1.1836501e+03
   7.000e+00    2.5192911e+05  1.2562459e+03
   8.000e+00    2.6823807e+05  1.3352800e+03
   9.000e+00    2.8516782e+05  1.4208445e+03
   1.000e+01    2.9905724e+05  1.5119979e+03
   1.100e+01    3.2223675e+05  1.6071761e+03
   1.200e+01    3.3986543e+05  1.7046955e+03
   1.300e+01    3.5715149e+05  1.8028706e+03
   1.400e+01    3.8235972e+05  1.9003217e+03
   1.500e+01    3.9818765e+05  1.9958265e+03
   1.600e+01    4.2122558e+05  2.0885450e+03
   1.700e+01    4.3099105e+05  2.1777636e+03
   1.800e+01    4.5053179e+05  2.2631040e+03
   1.900e+01    4.7132390e+05  2.3442392e+03
   2.000e+01    4.8322229e+05  2.4211057e+03
   2.100e+01    4.9995666e+05  2.4936255e+03
   2.200e+01    5.1204974e+05  2.5619203e+03
   2.300e+01    5.2874253e+05  2.6260536e+03
   2.400e+01    5.3866799e+05  2.6862409e+03
   2.500e+01    5.5175805e+05  2.7426150e+03
   2.600e+01    5.6440674e+05  2.7954275e+03
   2.700e+01    5.6640299e+05  2.8448370e+03
   2.800e+01    5.7213718e+05  2.8910981e+03
   2.900e+01    5.8721574e+05  2.9343705e+03
   3.000e+01    5.9494526e+05  2.9748947e+03
   3.100e+01    6.0219212e+05  3.0128188e+03
   3.200e+01    6.0911636e+05  3.0483617e+03
   3.300e+01    6.1267062e+05  3.0816547e+03
   3.400e+01    6.2434238e+05  3.1128923e+03
   3.500e+01    6.2533438e+05  3.1421879e+03
   3.600e+01    6.3184621e+05  3.1697120e+03
   3.700e+01    6.4319582e+05  3.1955611e+03
   3.800e+01    6.4376427e+05  3.2198833e+03
   3.900e+01    6.4758514e+05  3.2427595e+03
   4.000e+01    6.5461049e+05  3.2643184e+03
   1.100e+01    3.2279961e+05  1.6071761e+03
   1.500e+01    3.9913803e+05  1.9958265e+03
   2.000e+01    4.8057713e+05  2.4211057e+03
