#   ncyc_cp         Intensity      Esd(Int.)
   0.000e+00    9.9324289e+05  5.0000000e+03
   1.000e+00    1.1761769e+05  5.8462941e+02
   2.000e+00    1.2554139e+05  6.2569006e+02
   3.000e+00    1.3532778e+05  6.6812909e+02
   4.000e+00    1.4298635e+05  7.1731715e+02
   5.000e+00    1.5419919e+05  7.7256426e+02
   6.000e+00    1.6888252e+05  8.4693845e+02
   7.000e+00    1.8947392e+05  9.4659031e+02
   8.000e+00    2.1320843e+05  1.0684823e+03
   9.000e+00    2.4156723e+05  1.2060685e+03
   1.000e+01    2.7195308e+05  1.3525274e+03
   1.100e+01    2.9791066e+05  1.5020093e+03
   1.200e+01    3.3162676e+05  1.6499918e+03
   1.300e+01    3.5521265e+05  1.7932524e+03
   1.400e+01    3.8786684e+05  1.9296799e+03
   1.500e+01    4.0927944e+05  2.0580404e+03
   1.600e+01    4.3706177e+05  2.1777507e+03
   1.700e+01    4.6193355e+05  2.2886871e+03
   1.800e+01    4.7396962e+05  2.3910337e+03
   1.900e+01    4.9298742e+05  2.4851686e+03
   2.000e+01    5.1265542e+05  2.5715822e+03
   2.100e+01    5.3255986e+05  2.6508202e+03
   2.200e+01    5.4233165e+05  2.7234448e+03
   2.300e+01    5.6038803e+05  2.7900099e+03
   2.400e+01    5.6996848e+05  2.8510459e+03
   2.500e+01    5.8472002e+05  2.9070509e+03
   2.600e+01    5.9259148e+05  2.9584861e+03
   2.700e+01    5.9693513e+05  3.0057749e+03
   2.800e+01    6.1123522e+05  3.0493030e+03
   2.900e+01    6.1541845e+05  3.0894202e+03
   3.000e+01    6.2343998e+05  3.1264428e+03
   3.100e+01    6.3408475e+05  3.1606560e+03
   3.200e+01    6.3606979e+05  3.1923166e+03
   3.300e+01    6.4011418e+05  3.2216556e+03
   3.400e+01    6.5450129e+05  3.2488809e+03
   3.500e+01    6.5145071e+05  3.2741794e+03
   3.600e+01    6.6271395e+05  3.2977195e+03
   3.700e+01    6.6275941e+05  3.3196526e+03
   3.800e+01    6.6210379e+05  3.3401153e+03
   3.900e+01    6.7384103e+05  3.3592306e+03
   4.000e+01    6.7466293e+05  3.3771098e+03
   2.100e+01    5.2827137e+05  2.6508202e+03
   2.700e+01    6.0782617e+05  3.0057749e+03
   1.400e+01    3.8519496e+05  1.9296799e+03
