#   ncyc_cp         Intensity      Esd(Int.)
   0.000e+00    1.0014270e+06  5.0000000e+03
   1.000e+00    8.1653570e+04  4.0748839e+02
   2.000e+00    8.5932198e+04  4.2720204e+02
   3.000e+00    8.9814789e+04  4.4729184e+02
   4.000e+00    9.3934698e+04  4.6597085e+02
   5.000e+00    9.8810153e+04  4.9312785e+02
   6.000e+00    1.0422073e+05  5.1973833e+02
   7.000e+00    1.0935400e+05  5.4611065e+02
   8.000e+00    1.1558201e+05  5.8044039e+02
   9.000e+00    1.2603551e+05  6.2818046e+02
   1.000e+01    1.3833052e+05  6.9055776e+02
   1.100e+01    1.5192481e+05  7.6642003e+02
   1.200e+01    1.7027083e+05  8.5363739e+02
   1.300e+01    1.9046491e+05  9.4961887e+02
   1.400e+01    2.0958175e+05  1.0520064e+03
   1.500e+01    2.3155995e+05  1.1583238e+03
   1.600e+01    2.5247218e+05  1.2667516e+03
   1.700e+01    2.7482201e+05  1.3753470e+03
   1.800e+01    2.9886354e+05  1.4829729e+03
   1.900e+01    3.1886182e+05  1.5882732e+03
   2.000e+01    3.4054634e+05  1.6907036e+03
   2.100e+01    3.5821364e+05  1.7893954e+03
   2.200e+01    3.7382523e+05  1.8842335e+03
   2.300e+01    3.9686708e+05  1.9746997e+03
   2.400e+01    4.0929423e+05  2.0609522e+03
   2.500e+01    4.2965228e+05  2.1427018e+03
   2.600e+01    4.4505051e+05  2.2202612e+03
   2.700e+01    4.6028477e+05  2.2934804e+03
   2.800e+01    4.7578090e+05  2.3627455e+03
   2.900e+01    4.8794978e+05  2.4279856e+03
   3.000e+01    5.0234559e+05  2.4896096e+03
   3.100e+01    5.0834600e+05  2.5475879e+03
   3.200e+01    5.1802669e+05  2.6023228e+03
   3.300e+01    5.3006538e+05  2.6538035e+03
   3.400e+01    5.3961041e+05  2.7024104e+03
   3.500e+01    5.4498093e+05  2.7481383e+03
   3.600e+01    5.5420615e+05  2.7913385e+03
   3.700e+01    5.6519115e+05  2.8320053e+03
   3.800e+01    5.7468352e+05  2.8704582e+03
   3.900e+01    5.8533395e+05  2.9066877e+03
   4.000e+01    5.8790702e+05  2.9409825e+03
   2.900e+01    4.8452468e+05  2.4279856e+03
   1.600e+01    2.4903363e+05  1.2667516e+03
   1.000e+00    8.1315769e+04  4.0748839e+02
