#   ncyc_cp         Intensity      Esd(Int.)
   0.000e+00    1.0019313e+06  5.0000000e+03
   1.000e+00    1.6648134e+05  8.2678931e+02
   2.000e+00    1.6706767e+05  8.3623067e+02
   3.000e+00    1.6849293e+05  8.4044511e+02
   4.000e+00    1.7215430e+05  8.6262854e+02
   5.000e+00    1.6710495e+05  8.4945410e+02
   6.000e+00    1.7294750e+05  8.6260634e+02
   7.000e+00    1.7427510e+05  8.7673362e+02
   8.000e+00    1.7362688e+05  8.7152652e+02
   9.000e+00    1.7188031e+05  8.6468900e+02
   1.000e+01    1.7433176e+05  8.7254650e+02
   1.100e+01    1.8061141e+05  9.0047403e+02
   1.200e+01    1.9004157e+05  9.4757209e+02
   1.300e+01    2.0281474e+05  1.0107257e+03
   1.400e+01    2.1707249e+05  1.0864057e+03
   1.500e+01    2.3581051e+05  1.1713017e+03
   1.600e+01    2.5439946e+05  1.2625130e+03
   1.700e+01    2.7254664e+05  1.3575875e+03
   1.800e+01    2.9138981e+05  1.4545073e+03
   1.900e+01    3.1014763e+05  1.5516532e+03
   2.000e+01    3.2900923e+05  1.6477591e+03
   2.100e+01    3.4696935e+05  1.7418634e+03
   2.200e+01    3.6717667e+05  1.8332601e+03
   2.300e+01    3.8523429e+05  1.9214537e+03
   2.400e+01    3.9600742e+05  2.0061185e+03
   2.500e+01    4.1637012e+05  2.0870626e+03
   2.600e+01    4.3399894e+05  2.1641981e+03
   2.700e+01    4.5066290e+05  2.2375166e+03
   2.800e+01    4.5901280e+05  2.3070684e+03
   2.900e+01    4.7349471e+05  2.3729467e+03
   3.000e+01    4.8863253e+05  2.4352743e+03
   3.100e+01    4.9550069e+05  2.4941945e+03
   3.200e+01    5.1174252e+05  2.5498623e+03
   3.300e+01    5.2295620e+05  2.6024394e+03
   3.400e+01    5.2889403e+05  2.6520894e+03
   3.500e+01    5.4071456e+05  2.6989749e+03
   3.600e+01    5.4622868e+05  2.7432548e+03
   3.700e+01    5.5855813e+05  2.7850830e+03
   3.800e+01    5.6559987e+05  2.8246070e+03
   3.900e+01    5.6885567e+05  2.8619676e+03
   4.000e+01    5.7593287e+05  2.8972983e+03
   3.200e+01    5.1194080e+05  2.5498623e+03
   1.500e+01    2.3417719e+05  1.1713017e+03
   1.700e+01    2.7079093e+05  1.3575875e+03
