#   ncyc_cp         Intensity      Esd(Int.)
   0.000e+00    1.0001147e+06  5.0000000e+03
   1.000e+00    2.7919426e+05  1.3862120e+03
   3.000e+00    2.9052771e+05  1.4515741e+03
   5.000e+00    3.0364993e+05  1.5201869e+03
   7.000e+00    3.1654657e+05  1.5928849e+03
   9.000e+00    3.3405634e+05  1.6699081e+03
   1.100e+01    3.5108502e+05  1.7521012e+03
   1.300e+01    3.6718153e+05  1.8404991e+03
   1.500e+01    3.8943738e+05  1.9346584e+03
   1.700e+01    4.0656726e+05  2.0327641e+03
   1.900e+01    4.2683550e+05  2.1324515e+03
   2.100e+01    4.4671942e+05  2.2314463e+03
   2.300e+01    4.6147739e+05  2.3278803e+03
   2.500e+01    4.8292549e+05  2.4203814e+03
   2.700e+01    5.0416228e+05  2.5080448e+03
   2.900e+01    5.1722475e+05  2.5903548e+03
   3.100e+01    5.3615398e+05  2.6670966e+03
   3.300e+01    5.4993847e+05  2.7382737e+03
   3.500e+01    5.5935305e+05  2.8040397e+03
   3.700e+01    5.7174823e+05  2.8646450e+03
   3.900e+01    5.8392277e+05  2.9203970e+03
   4.100e+01    5.9471545e+05  2.9716309e+03
   4.300e+01    6.0205774e+05  3.0186905e+03
   4.500e+01    6.1251102e+05  3.0619142e+03
   4.700e+01    6.1941739e+05  3.1016267e+03
   4.900e+01    6.2871186e+05  3.1381342e+03
   5.100e+01    6.3199971e+05  3.1717216e+03
   5.300e+01    6.4329288e+05  3.2026513e+03
   5.500e+01    6.5243123e+05  3.2311639e+03
   5.700e+01    6.5002152e+05  3.2574783e+03
   5.900e+01    6.5169208e+05  3.2817933e+03
   6.100e+01    6.5898029e+05  3.3042890e+03
   6.300e+01    6.6440727e+05  3.3251280e+03
   6.500e+01    6.7359220e+05  3.3444574e+03
   6.700e+01    6.7271391e+05  3.3624097e+03
   6.900e+01    6.7340637e+05  3.3791047e+03
   7.100e+01    6.8240660e+05  3.3946503e+03
   7.300e+01    6.7700774e+05  3.4091440e+03
   7.500e+01    6.8642788e+05  3.4226739e+03
   7.700e+01    6.8878871e+05  3.4353197e+03
   7.900e+01    6.8696939e+05  3.4471534e+03
   4.700e+01    6.2464429e+05  3.1016267e+03
   4.500e+01    6.1281276e+05  3.0619142e+03
   6.700e+01    6.7549444e+05  3.3624097e+03
