#   ncyc_cp         Intensity      Esd(Int.)
   0.000e+00    1.0057973e+06  5.0000000e+03
   1.000e+00    2.5259635e+05  1.2676502e+03
   3.000e+00    2.6991144e+05  1.3553382e+03
   5.000e+00    2.8809079e+05  1.4510300e+03
   7.000e+00    3.1087792e+05  1.5576307e+03
   9.000e+00    3.3265894e+05  1.6785978e+03
   1.100e+01    3.6396951e+05  1.8164575e+03
   1.300e+01    3.9483635e+05  1.9653840e+03
   1.500e+01    4.2468329e+05  2.1168169e+03
   1.700e+01    4.5692681e+05  2.2636859e+03
   1.900e+01    4.7943161e+05  2.4014514e+03
   2.100e+01    5.0648875e+05  2.5277777e+03
   2.300e+01    5.2640612e+05  2.6418869e+03
   2.500e+01    5.4618940e+05  2.7439742e+03
   2.700e+01    5.6712414e+05  2.8347773e+03
   2.900e+01    5.8214835e+05  2.9152912e+03
   3.100e+01    5.9719722e+05  2.9865935e+03
   3.300e+01    6.1004309e+05  3.0497430e+03
   3.500e+01    6.1834756e+05  3.1057279e+03
   3.700e+01    6.2619733e+05  3.1554425e+03
   3.900e+01    6.3938895e+05  3.1996801e+03
   4.100e+01    6.5412606e+05  3.2391364e+03
   4.300e+01    6.5440796e+05  3.2744169e+03
   4.500e+01    6.6252875e+05  3.3060458e+03
   4.700e+01    6.6968609e+05  3.3344764e+03
   4.900e+01    6.7482684e+05  3.3600998e+03
   5.100e+01    6.7609990e+05  3.3832538e+03
   5.300e+01    6.7815234e+05  3.4042303e+03
   5.500e+01    6.8368932e+05  3.4232818e+03
   5.700e+01    6.8588426e+05  3.4406272e+03
   5.900e+01    6.9671913e+05  3.4564568e+03
   6.100e+01    6.9424402e+05  3.4709360e+03
   6.300e+01    6.9339632e+05  3.4842094e+03
   6.500e+01    6.9776411e+05  3.4964032e+03
   6.700e+01    7.0002132e+05  3.5076281e+03
   6.900e+01    7.0416415e+05  3.5179817e+03
   7.100e+01    7.0860990e+05  3.5275496e+03
   7.300e+01    7.0508867e+05  3.5364076e+03
   7.500e+01    7.0829508e+05  3.5446229e+03
   7.700e+01    7.1304957e+05  3.5522548e+03
   7.900e+01    7.1342044e+05  3.5593564e+03
   6.300e+01    6.9803792e+05  3.4842094e+03
   3.100e+01    5.9754429e+05  2.9865935e+03
   5.100e+01    6.7686030e+05  3.3832538e+03
