#   ncyc_cp         Intensity      Esd(Int.)
   0.000e+00    9.9828547e+05  5.0000000e+03
   1.000e+00    1.6128652e+05  8.0987601e+02
   2.000e+00    1.7097218e+05  8.5142849e+02
   3.000e+00    1.7860349e+05  8.9531337e+02
   4.000e+00    1.9067293e+05  9.5728491e+02
   5.000e+00    2.0273104e+05  1.0198796e+03
   6.000e+00    2.1989297e+05  1.1046052e+03
   7.000e+00    2.4208368e+05  1.2194654e+03
   8.000e+00    2.7226259e+05  1.3579248e+03
   9.000e+00    3.0369406e+05  1.5099521e+03
   1.000e+01    3.3212254e+05  1.6668287e+03
   1.100e+01    3.6536928e+05  1.8219130e+03
   1.200e+01    3.9493908e+05  1.9709981e+03
   1.300e+01    4.1887631e+05  2.1113400e+03
   1.400e+01    4.4794056e+05  2.2417770e+03
   1.500e+01    4.6880496e+05  2.3617142e+03
   1.600e+01    4.9171251e+05  2.4714275e+03
   1.700e+01    5.1417331e+05  2.5712363e+03
   1.800e+01    5.3149663e+05  2.6619315e+03
   1.900e+01    5.4665850e+05  2.7441166e+03
   2.000e+01    5.6638024e+05  2.8186709e+03
   2.100e+01    5.8005179e+05  2.8862127e+03
   2.200e+01    5.8532051e+05  2.9475442e+03
   2.300e+01    5.9655018e+05  3.0032025e+03
   2.400e+01    6.1195676e+05  3.0538660e+03
   2.500e+01    6.1443361e+05  3.0999698e+03
   2.600e+01    6.2689394e+05  3.1420686e+03
   2.700e+01    6.3458049e+05  3.1805031e+03
   2.800e+01    6.4552200e+05  3.2157211e+03
   2.900e+01    6.5034142e+05  3.2479844e+03
   3.000e+01    6.5924939e+05  3.2776530e+03
   3.100e+01    6.6420146e+05  3.3049266e+03
   3.200e+01    6.6944829e+05  3.3300952e+03
   3.300e+01    6.7087215e+05  3.3533102e+03
   3.400e+01    6.7556491e+05  3.3748066e+03
   3.500e+01    6.8648421e+05  3.3946985e+03
   3.600e+01    6.8020123e+05  3.4131779e+03
   3.700e+01    6.8849006e+05  3.4303306e+03
   3.800e+01    6.9269765e+05  3.4463145e+03
   3.900e+01    6.8936911e+05  3.4611940e+03
   4.000e+01    6.9495225e+05  3.4750999e+03
   1.300e+01    4.2126307e+05  2.1113400e+03
   1.500e+01    4.7720139e+05  2.3617142e+03
   3.400e+01    6.7665022e+05  3.3748066e+03
