#   ncyc_cp         Intensity      Esd(Int.)
   0.000e+00    1.0054367e+06  5.0000000e+03
   1.000e+00    7.0975988e+04  3.5472360e+02
   3.000e+00    7.3376051e+04  3.6387271e+02
   5.000e+00    7.4134102e+04  3.7266213e+02
   7.000e+00    7.7044823e+04  3.8522386e+02
   9.000e+00    7.7872667e+04  3.9045995e+02
   1.100e+01    8.0329719e+04  3.9962801e+02
   1.300e+01    8.2586584e+04  4.1312300e+02
   1.500e+01    8.3610845e+04  4.1842110e+02
   1.700e+01    8.3262157e+04  4.2064154e+02
   1.900e+01    8.5611262e+04  4.2949690e+02
   2.100e+01    9.0455345e+04  4.5017269e+02
   2.300e+01    9.6998763e+04  4.8388931e+02
   2.500e+01    1.0520078e+05  5.3001080e+02
   2.700e+01    1.1644623e+05  5.8721071e+02
   2.900e+01    1.3077515e+05  6.5392911e+02
   3.100e+01    1.4551818e+05  7.2854198e+02
   3.300e+01    1.6333957e+05  8.0944079e+02
   3.500e+01    1.7936300e+05  8.9508645e+02
   3.700e+01    1.9697937e+05  9.8405113e+02
   3.900e+01    2.1519147e+05  1.0750484e+03
   4.100e+01    2.3258122e+05  1.1669512e+03
   4.300e+01    2.5192874e+05  1.2587974e+03
   4.500e+01    2.7001312e+05  1.3497874e+03
   4.700e+01    2.8886960e+05  1.4392734e+03
   4.900e+01    3.0515679e+05  1.5267453e+03
   5.100e+01    3.2278692e+05  1.6118145e+03
   5.300e+01    3.3815640e+05  1.6941970e+03
   5.500e+01    3.5433808e+05  1.7736965e+03
   5.700e+01    3.7214658e+05  1.8501900e+03
   5.900e+01    3.8365288e+05  1.9236139e+03
   6.100e+01    3.9683733e+05  1.9939520e+03
   6.300e+01    4.1555741e+05  2.0612256e+03
   6.500e+01    4.2619976e+05  2.1254851e+03
   6.700e+01    4.3401966e+05  2.1868023e+03
   6.900e+01    4.4513735e+05  2.2452652e+03
   7.100e+01    4.5730524e+05  2.3009731e+03
   7.300e+01    4.7190887e+05  2.3540326e+03
   7.500e+01    4.8256690e+05  2.4045545e+03
   7.700e+01    4.8972998e+05  2.4526519e+03
   7.900e+01    4.9577010e+05  2.4984379e+03
   4.500e+01    2.6759814e+05  1.3497874e+03
   2.100e+01    9.0018437e+04  4.5017269e+02
   1.700e+01    8.3929079e+04  4.2064154e+02
