#   ncyc_cp         Intensity      Esd(Int.)
   0.000e+00    9.9518798e+05  5.0000000e+03
   1.000e+00    5.7438321e+05  2.8653236e+03
   2.000e+00    5.8493523e+05  2.9139458e+03
   3.000e+00    6.0128519e+05  2.9634603e+03
   4.000e+00    6.0205546e+05  3.0136523e+03
   5.000e+00    6.1385616e+05  3.0643030e+03
   6.000e+00    6.1557519e+05  3.1149812e+03
   7.000e+00    6.3283581e+05  3.1649079e+03
   8.000e+00    6.4759335e+05  3.2131836e+03
   9.000e+00    6.5727752e+05  3.2590303e+03
   1.000e+01    6.6212716e+05  3.3019061e+03
   1.100e+01    6.6800538e+05  3.3415161e+03
   1.200e+01    6.7623826e+05  3.3777714e+03
   1.300e+01    6.8318563e+05  3.4107337e+03
   1.400e+01    6.9337816e+05  3.4405630e+03
   1.500e+01    6.9339454e+05  3.4674762e+03
   1.600e+01    7.0518060e+05  3.4917167e+03
   1.700e+01    7.0122868e+05  3.5135342e+03
   1.800e+01    7.0492539e+05  3.5331717e+03
   1.900e+01    7.0678659e+05  3.5508577e+03
   2.000e+01    7.1391360e+05  3.5668029e+03
   2.100e+01    7.1218127e+05  3.5811979e+03
   2.200e+01    7.1316212e+05  3.5942141e+03
   2.300e+01    7.1791001e+05  3.6060039e+03
   2.400e+01    7.2152631e+05  3.6167026e+03
   2.500e+01    7.2989400e+05  3.6264298e+03
   2.600e+01    7.3224036e+05  3.6352908e+03
   2.700e+01    7.2951554e+05  3.6433787e+03
   2.800e+01    7.3066842e+05  3.6507753e+03
   2.900e+01    7.3509366e+05  3.6575527e+03
   3.000e+01    7.3764769e+05  3.6637746e+03
   3.100e+01    7.3352723e+05  3.6694971e+03
   3.200e+01    7.3828314e+05  3.6747700e+03
   3.300e+01    7.3927597e+05  3.6796372e+03
   3.400e+01    7.3592480e+05  3.6841377e+03
   3.500e+01    7.3483592e+05  3.6883061e+03
   3.600e+01    7.4008819e+05  3.6921732e+03
   3.700e+01    7.3974579e+05  3.6957664e+03
   3.800e+01    7.4043676e+05  3.6991103e+03
   3.900e+01    7.3479456e+05  3.7022268e+03
   4.000e+01    7.3950580e+05  3.7051354e+03
   3.000e+00    5.9095965e+05  2.9634603e+03
   3.200e+01    7.3508407e+05  3.6747700e+03
   2.700e+01    7.2703538e+05  3.6433787e+03
