#   ncyc_cp         Intensity      Esd(Int.)
   0.000e+00    1.0019857e+06  5.0000000e+03
   1.000e+00    1.9383130e+05  9.8008473e+02
   2.000e+00    2.0675381e+05  1.0397262e+03
   3.000e+00    2.2017671e+05  1.1091917e+03
   4.000e+00    2.3605215e+05  1.1907234e+03
   5.000e+00    2.5698377e+05  1.2789141e+03
   6.000e+00    2.7609557e+05  1.3838378e+03
   7.000e+00    3.0139550e+05  1.5077821e+03
   8.000e+00    3.3200116e+05  1.6454645e+03
   9.000e+00    3.5702499e+05  1.7896677e+03
   1.000e+01    3.8738602e+05  1.9341922e+03
   1.100e+01    4.1371665e+05  2.0744069e+03
   1.200e+01    4.4536188e+05  2.2074510e+03
   1.300e+01    4.6473731e+05  2.3315975e+03
   1.400e+01    4.9008107e+05  2.4462187e+03
   1.500e+01    5.1353076e+05  2.5511513e+03
   1.600e+01    5.2793257e+05  2.6467886e+03
   1.700e+01    5.4823838e+05  2.7335984e+03
   1.800e+01    5.6333423e+05  2.8123118e+03
   1.900e+01    5.7412136e+05  2.8835617e+03
   2.000e+01    5.8735798e+05  2.9481085e+03
   2.100e+01    6.0055485e+05  3.0065569e+03
   2.200e+01    6.1247688e+05  3.0595823e+03
   2.300e+01    6.2289333e+05  3.1076980e+03
   2.400e+01    6.2855473e+05  3.1514658e+03
   2.500e+01    6.3550942e+05  3.1912993e+03
   2.600e+01    6.4411318e+05  3.2276523e+03
   2.700e+01    6.5083144e+05  3.2608498e+03
   2.800e+01    6.5429967e+05  3.2912541e+03
   2.900e+01    6.5996363e+05  3.3191172e+03
   3.000e+01    6.6982560e+05  3.3447280e+03
   3.100e+01    6.7919321e+05  3.3682809e+03
   3.200e+01    6.7670797e+05  3.3900065e+03
   3.300e+01    6.8098468e+05  3.4100547e+03
   3.400e+01    6.8367972e+05  3.4286105e+03
   3.500e+01    6.9367700e+05  3.4457898e+03
   3.600e+01    6.9322683e+05  3.4617419e+03
   3.700e+01    6.9272950e+05  3.4765564e+03
   3.800e+01    6.9790781e+05  3.4903549e+03
   3.900e+01    6.9830748e+05  3.5032070e+03
   4.000e+01    6.9670618e+05  3.5152124e+03
   3.000e+01    6.6804863e+05  3.3447280e+03
   3.500e+01    6.9473048e+05  3.4457898e+03
   3.000e+00    2.2091430e+05  1.1091917e+03
